[0.000000 0.000000] linkv2 summary phase=periodic now=565419 submit_accepted=0 submit_rejected=0 submit_no_slot=0 submit_faulted=0 custody_transferred=0 local_tx_not_attempted=0 custody_busy_expired=0 custody_rejected=0 retry_exhausted=0 radio_fault_terminal=0 service_fault_terminal=0 final_deliveries=100 final_duplicates=9 scheduler_radio_fault=0 scheduler_service_fault=0 hook_rx_blocked=0 hook_hack_suppressed=0 hook_busy_forced=0 diagnostic_dropped=0 diag_queue=0 delivery_queue=0 delivery_provisional=0 fault_latched=0 link_hack_enqueue_failed=0
[0.050971 0.050971] linkv2 rf phase=periodic now=565419 channels=37,38,39 e_rreq=0/0/0 e_rrep=0/0/0 e_rerr=0/0/0 hello=0/0/0 sync_offer=0/0/0 sync_pull=0/0/0 sync_data=0/0/0 tc_update=0/0/0 e_rrep_ack=0/0/0 data=42/34/33 hack=0/0/0 flood=0/0/0 rx_ok=1017 tx_ok=109 rx_crc_or_empty=32086 queue_drop=0 relay_drop=0 relay_rate_limited=0 tx_len_drop=0
[0.596999 0.546028]
[0.597034 0.000035]
[0.597043 0.000009] microT-Kernel Version 3.00
[0.599996 0.002953]
[0.600005 0.000009] tron_ble profile=BALANCED target=ble_link_v2_testbed behavior=LINK_V2_HARNESS candidate=ON identity=dc:4b:0a:06:03:f8 identity_source=CONFIGURED_OVERRIDE role=leaf
[0.614972 0.014967] linkv2 identity field=runtime_ficr adva=dc:4b:0a:06:03:f8
[0.620007 0.005035] linkv2 identity field=effective_local adva=dc:4b:0a:06:03:f8
[0.625044 0.005037] linkv2 identity field=scheduler_copy adva=dc:4b:0a:06:03:f8
[0.630961 0.005917] linkv2 startup poc=link_v2_harness behavior=LINK_V2_HARNESS candidate=ON timer_profile=BALANCED network=1 role=leaf identity_source=CONFIGURED_OVERRIDE configured_override=dc:4b:0a:06:03:f8 target_uid=99063602000528205539bee7957c8dea000000006e052820 inventory_records=2 inventory_full_adva_unique=yes inventory_sid16_unique=yes inventory_sid16_nonreserved=yes inventory_sid8_unique=yes inventory_sid8_nonreserved=yes peer=18:42:de:52:4a:dd initiator=OFF interval_ms=1000 transaction_target=0 runtime_ficr=dc:4b:0a:06:03:f8 effective_local=dc:4b:0a:06:03:f8 scheduler_adva=dc:4b:0a:06:03:f8 configured_runtime_equal=yes effective_runtime_equal=yes effective_scheduler_equal=yes sid16=19420 sid8=220 fixed_k=disabled mesh_yield_max_ms=1 mesh_yield_policy=remaining_slack hook.enabled=0 hook.rx_block_adva=NOT_CONFIGURED hook.hack_drop_adva=NOT_CONFIGURED hook.hack_drop_count=0 hook.busy_admission_count=0 hook.collision_peer_adva=NOT_IMPLEMENTED  timer.scheduler_dwell_ms=50 timer.scheduler_relay_spacing_ms=200 timer.scheduler_custody_bypass_max=2 timer.scheduler_poll_max_ms=2 timer.radio_state_timeout_ms=2 timer.radio_tx_event_bound_ms=8 timer.legacy_relay_min_ms=20 timer.legacy_relay_max_ms=120 timer.legacy_dedupe_ms=10000 timer.legacy_ping_interval_ms=2000 timer.legacy_ping_timeout_ms=1500 timer.link_hack_timeout_ms=250 timer.link_max_attempts=3 timer.link_retry_backoff_ms=0 timer.link_tx_scheduler_attempt_bound_ms=30 timer.link_response_window_sum_ms=750 timer.link_no_response_wall_bound_ms=840 timer.link_candidate_resolve_ms=10 timer.link_busy_backoff_ms=500 timer.link_busy_max_responses=3 timer.link_data_deadline_ms=5000 timer.link_data_dedupe_ms=10000 timer.link_flood_dedupe_ms=10000 timer.link_flood_jitter_min_ms=20 timer.link_flood_jitter_max_ms=120 timer.aodv_node_traversal_ms=40 timer.aodv_net_diameter=15 timer.aodv_net_traversal_ms=1200 timer.aodv_path_discovery_ms=2400 timer.aodv_rreq_seen_ms=10000 timer.aodv_rreq_retries=2 timer.aodv_rreq_rate=10 timer.aodv_rerr_rate=10 timer.aodv_active_route_ms=360000 timer.aodv_pending_data_ms=30000 timer.aodv_blacklist_ms=2400 timer.aodv_rrep_dedupe_ms=10000 timer.aodv_rerr_dedupe_ms=10000 timer.aodv_rrep_ack_wait_ms=250 timer.gtt_soft_expiry_ms=150000 timer.gtt_hard_expiry_ms=300000 timer.gtt_departed_ms=600000 timer.gtt_maintenance_ms=25000 timer.hello_change_ms=24000 timer.hello_stable_ms=120000 timer.hello_alpha=0.8 timer.hello_snap_ratio=0.95 timer.hello_dedupe_ms=10000 timer.router_reboot_announce_ms=3000 timer.verification_window_ms=8400 timer.verification_new_cap=4 timer.verification_active_cap=4 timer.mentor_offer_window_ms=2000 timer.mentor_page_timeout_ms=2400 timer.mentor_page_attempts=3 timer.mentor_self_bootstrap_ms=3000 timer.mentor_sync_dedupe_ms=10000 timer.mentor_rssi_weak_magnitude_db=90 timer.mentor_rssi_strong_magnitude_db=30 timer.mentor_rssi_weak_delay_ms=500 timer.mentor_rssi_strong_delay_ms=10 timer.mentor_jitter_min_ms=0 timer.mentor_jitter_max_ms=50 timer.mentor_offer_suppression_ms=10000 timer.metadata_cooldown_ms=5000 timer.tc_uuid_ms=30000 timer.tc_subject_ms=1000 timer.repair_timeout_ms=5300 timer.repair_cooldown_ms=1000 timer.stats_ms=5000 timer.loop_delay_ms=2
[0.909078 0.278116] linkv2 diag now=312 kind=0 value=0
[1.722016 0.812938] linkv2 diag now=1124 kind=5 value=0
[1.726984 0.004968] linkv2 diag now=1124 kind=3 value=1
[1.733956 0.006972] linkv2 final_delivery now=1124 origin=0x4218 destination=0x4bdc seq=1 app_kind=0x7f app_source=0 app_len=4 peer=18:42:de:52:4a:dd
[2.721018 0.987061] linkv2 diag now=2124 kind=5 value=0
[2.725983 0.004965] linkv2 diag now=2124 kind=3 value=2
[2.732978 0.006995] linkv2 final_delivery now=2124 origin=0x4218 destination=0x4bdc seq=2 app_kind=0x7f app_source=0 app_len=4 peer=18:42:de:52:4a:dd
[3.725033 0.992055] linkv2 diag now=3127 kind=5 value=0
[3.729971 0.004938] linkv2 diag now=3127 kind=3 value=3
[3.737023 0.007052] linkv2 final_delivery now=3127 origin=0x4218 destination=0x4bdc seq=3 app_kind=0x7f app_source=0 app_len=4 peer=18:42:de:52:4a:dd
[4.723057 0.986034] linkv2 diag now=4126 kind=5 value=0
[4.727986 0.004929] linkv2 diag now=4126 kind=3 value=4
[4.735119 0.007133] linkv2 final_delivery now=4126 origin=0x4218 destination=0x4bdc seq=4 app_kind=0x7f app_source=0 app_len=4 peer=18:42:de:52:4a:dd
[5.725032 0.989913] linkv2 diag now=5127 kind=5 value=0
[5.729995 0.004964] linkv2 diag now=5127 kind=3 value=5
[5.736989 0.006993] linkv2 final_delivery now=5127 origin=0x4218 destination=0x4bdc seq=5 app_kind=0x7f app_source=0 app_len=4 peer=18:42:de:52:4a:dd
[5.909028 0.172039] linkv2 summary phase=periodic now=5312 submit_accepted=0 submit_rejected=0 submit_no_slot=0 submit_faulted=0 custody_transferred=0 local_tx_not_attempted=0 custody_busy_expired=0 custody_rejected=0 retry_exhausted=0 radio_fault_terminal=0 service_fault_terminal=0 final_deliveries=5 final_duplicates=1 scheduler_radio_fault=0 scheduler_service_fault=0 hook_rx_blocked=0 hook_hack_suppressed=0 hook_busy_forced=0 diagnostic_dropped=0 diag_queue=0 delivery_queue=0 delivery_provisional=0 fault_latched=0 link_hack_enqueue_failed=0
[5.958998 0.049970] linkv2 rf phase=periodic now=5312 channels=37,38,39 e_rreq=0/0/0 e_rrep=0/0/0 e_rerr=0/0/0 hello=0/0/0 sync_offer=0/0/0 sync_pull=0/0/0 sync_data=0/0/0 tc_update=0/0/0 e_rrep_ack=0/0/0 data=3/2/1 hack=0/0/0 flood=0/0/0 rx_ok=14 tx_ok=6 rx_crc_or_empty=357 queue_drop=0 relay_drop=0 relay_rate_limited=0 tx_len_drop=0
[6.979017 1.020019] linkv2 diag now=6382 kind=5 value=0
[6.983986 0.004969] linkv2 diag now=6382 kind=3 value=6
[6.990992 0.007006] linkv2 final_delivery now=6382 origin=0x4218 destination=0x4bdc seq=6 app_kind=0x7f app_source=0 app_len=4 peer=18:42:de:52:4a:dd
[7.727054 0.736062] linkv2 diag now=7129 kind=5 value=0
[7.732001 0.004947] linkv2 diag now=7129 kind=3 value=7
[7.738994 0.006994] linkv2 final_delivery now=7129 origin=0x4218 destination=0x4bdc seq=7 app_kind=0x7f app_source=0 app_len=4 peer=18:42:de:52:4a:dd
[8.727000 0.988006] linkv2 diag now=8130 kind=5 value=0
[8.732000 0.005000] linkv2 diag now=8130 kind=3 value=8
[8.739086 0.007086] linkv2 final_delivery now=8130 origin=0x4218 destination=0x4bdc seq=8 app_kind=0x7f app_source=0 app_len=4 peer=18:42:de:52:4a:dd
[9.729018 0.989932] linkv2 diag now=9131 kind=5 value=0
[9.734033 0.005015] linkv2 diag now=9131 kind=3 value=9
[9.741030 0.006996] linkv2 final_delivery now=9131 origin=0x4218 destination=0x4bdc seq=9 app_kind=0x7f app_source=0 app_len=4 peer=18:42:de:52:4a:dd
[10.729021 0.987991] linkv2 diag now=10132 kind=5 value=0
[10.735007 0.005986] linkv2 diag now=10132 kind=3 value=10
[10.742032 0.007025] linkv2 final_delivery now=10132 origin=0x4218 destination=0x4bdc seq=10 app_kind=0x7f app_source=0 app_len=4 peer=18:42:de:52:4a:dd
[10.910046 0.168014] linkv2 summary phase=periodic now=10313 submit_accepted=0 submit_rejected=0 submit_no_slot=0 submit_faulted=0 custody_transferred=0 local_tx_not_attempted=0 custody_busy_expired=0 custody_rejected=0 retry_exhausted=0 radio_fault_terminal=0 service_fault_terminal=0 final_deliveries=10 final_duplicates=1 scheduler_radio_fault=0 scheduler_service_fault=0 hook_rx_blocked=0 hook_hack_suppressed=0 hook_busy_forced=0 diagnostic_dropped=0 diag_queue=0 delivery_queue=0 delivery_provisional=0 fault_latched=0 link_hack_enqueue_failed=0
[10.960047 0.050001] linkv2 rf phase=periodic now=10313 channels=37,38,39 e_rreq=0/0/0 e_rrep=0/0/0 e_rerr=0/0/0 hello=0/0/0 sync_offer=0/0/0 sync_pull=0/0/0 sync_data=0/0/0 tc_update=0/0/0 e_rrep_ack=0/0/0 data=4/5/2 hack=0/0/0 flood=0/0/0 rx_ok=30 tx_ok=11 rx_crc_or_empty=715 queue_drop=0 relay_drop=0 relay_rate_limited=0 tx_len_drop=0
[11.982056 1.022009] linkv2 diag now=11385 kind=5 value=0
[11.988019 0.005963] linkv2 diag now=11385 kind=3 value=11
[11.995023 0.007004] linkv2 final_delivery now=11385 origin=0x4218 destination=0x4bdc seq=11 app_kind=0x7f app_source=0 app_len=4 peer=18:42:de:52:4a:dd
[12.729033 0.734010] linkv2 diag now=12132 kind=5 value=0
[12.735017 0.005984] linkv2 diag now=12132 kind=3 value=12
[12.742025 0.007009] linkv2 final_delivery now=12132 origin=0x4218 destination=0x4bdc seq=12 app_kind=0x7f app_source=0 app_len=4 peer=18:42:de:52:4a:dd
[13.730037 0.988011] linkv2 diag now=13133 kind=5 value=0
[13.736023 0.005986] linkv2 diag now=13133 kind=3 value=13
[13.743003 0.006980] linkv2 final_delivery now=13133 origin=0x4218 destination=0x4bdc seq=13 app_kind=0x7f app_source=0 app_len=4 peer=18:42:de:52:4a:dd
[14.731031 0.988028] linkv2 diag now=14134 kind=5 value=0
[14.737037 0.006006] linkv2 diag now=14134 kind=3 value=14
[14.744062 0.007025] linkv2 final_delivery now=14134 origin=0x4218 destination=0x4bdc seq=14 app_kind=0x7f app_source=0 app_len=4 peer=18:42:de:52:4a:dd
[15.732051 0.987988] linkv2 diag now=15135 kind=5 value=0
[15.738035 0.005985] linkv2 diag now=15135 kind=3 value=15
[15.745031 0.006996] linkv2 final_delivery now=15135 origin=0x4218 destination=0x4bdc seq=15 app_kind=0x7f app_source=0 app_len=4 peer=18:42:de:52:4a:dd
[15.911073 0.166042] linkv2 summary phase=periodic now=15314 submit_accepted=0 submit_rejected=0 submit_no_slot=0 submit_faulted=0 custody_transferred=0 local_tx_not_attempted=0 custody_busy_expired=0 custody_rejected=0 retry_exhausted=0 radio_fault_terminal=0 service_fault_terminal=0 final_deliveries=15 final_duplicates=1 scheduler_radio_fault=0 scheduler_service_fault=0 hook_rx_blocked=0 hook_hack_suppressed=0 hook_busy_forced=0 diagnostic_dropped=0 diag_queue=0 delivery_queue=0 delivery_provisional=0 fault_latched=0 link_hack_enqueue_failed=0
[15.961049 0.049977] linkv2 rf phase=periodic now=15314 channels=37,38,39 e_rreq=0/0/0 e_rrep=0/0/0 e_rerr=0/0/0 hello=0/0/0 sync_offer=0/0/0 sync_pull=0/0/0 sync_data=0/0/0 tc_update=0/0/0 e_rrep_ack=0/0/0 data=5/6/5 hack=0/0/0 flood=0/0/0 rx_ok=42 tx_ok=16 rx_crc_or_empty=1062 queue_drop=0 relay_drop=0 relay_rate_limited=0 tx_len_drop=0
[16.733051 0.772002] linkv2 diag now=16136 kind=5 value=0
[16.739053 0.006002] linkv2 diag now=16136 kind=3 value=16
[16.746028 0.006975] linkv2 final_delivery now=16136 origin=0x4218 destination=0x4bdc seq=16 app_kind=0x7f app_source=0 app_len=4 peer=18:42:de:52:4a:dd
[17.734130 0.988102] linkv2 diag now=17137 kind=5 value=0
[17.740036 0.005905] linkv2 diag now=17137 kind=3 value=17
[17.747102 0.007066] linkv2 final_delivery now=17137 origin=0x4218 destination=0x4bdc seq=17 app_kind=0x7f app_source=0 app_len=4 peer=18:42:de:52:4a:dd
[18.989080 1.241978] linkv2 diag now=18392 kind=5 value=0
[18.995057 0.005977] linkv2 diag now=18392 kind=3 value=18
[19.002050 0.006993] linkv2 final_delivery now=18392 origin=0x4218 destination=0x4bdc seq=18 app_kind=0x7f app_source=0 app_len=4 peer=18:42:de:52:4a:dd
[19.736089 0.734039] linkv2 diag now=19139 kind=5 value=0
[19.742092 0.006003] linkv2 diag now=19139 kind=3 value=19
[19.749074 0.006982] linkv2 final_delivery now=19139 origin=0x4218 destination=0x4bdc seq=19 app_kind=0x7f app_source=0 app_len=4 peer=18:42:de:52:4a:dd
[20.735100 0.986026] linkv2 diag now=20138 kind=5 value=0
[20.741061 0.005961] linkv2 diag now=20138 kind=3 value=20
[20.748088 0.007026] linkv2 final_delivery now=20138 origin=0x4218 destination=0x4bdc seq=20 app_kind=0x7f app_source=0 app_len=4 peer=18:42:de:52:4a:dd
[20.912105 0.164017] linkv2 summary phase=periodic now=20315 submit_accepted=0 submit_rejected=0 submit_no_slot=0 submit_faulted=0 custody_transferred=0 local_tx_not_attempted=0 custody_busy_expired=0 custody_rejected=0 retry_exhausted=0 radio_fault_terminal=0 service_fault_terminal=0 final_deliveries=20 final_duplicates=1 scheduler_radio_fault=0 scheduler_service_fault=0 hook_rx_blocked=0 hook_hack_suppressed=0 hook_busy_forced=0 diagnostic_dropped=0 diag_queue=0 delivery_queue=0 delivery_provisional=0 fault_latched=0 link_hack_enqueue_failed=0
[20.962096 0.049991] linkv2 rf phase=periodic now=20315 channels=37,38,39 e_rreq=0/0/0 e_rrep=0/0/0 e_rerr=0/0/0 hello=0/0/0 sync_offer=0/0/0 sync_pull=0/0/0 sync_data=0/0/0 tc_update=0/0/0 e_rrep_ack=0/0/0 data=7/9/5 hack=0/0/0 flood=0/0/0 rx_ok=56 tx_ok=21 rx_crc_or_empty=1414 queue_drop=0 relay_drop=0 relay_rate_limited=0 tx_len_drop=0
[21.737080 0.774983] linkv2 diag now=21140 kind=5 value=0
[21.743052 0.005972] linkv2 diag now=21140 kind=3 value=21
[21.750089 0.007038] linkv2 final_delivery now=21140 origin=0x4218 destination=0x4bdc seq=21 app_kind=0x7f app_source=0 app_len=4 peer=18:42:de:52:4a:dd
[22.738077 0.987988] linkv2 diag now=22141 kind=5 value=0
[22.744059 0.005982] linkv2 diag now=22141 kind=3 value=22
[22.751066 0.007007] linkv2 final_delivery now=22141 origin=0x4218 destination=0x4bdc seq=22 app_kind=0x7f app_source=0 app_len=4 peer=18:42:de:52:4a:dd
[23.737089 0.986023] linkv2 diag now=23140 kind=5 value=0
[23.742048 0.004960] linkv2 diag now=23140 kind=3 value=23
[23.749063 0.007015] linkv2 final_delivery now=23140 origin=0x4218 destination=0x4bdc seq=23 app_kind=0x7f app_source=0 app_len=4 peer=18:42:de:52:4a:dd
[24.740090 0.991027] linkv2 diag now=24143 kind=5 value=0
[24.745065 0.004975] linkv2 diag now=24143 kind=3 value=24
[24.752070 0.007005] linkv2 final_delivery now=24143 origin=0x4218 destination=0x4bdc seq=24 app_kind=0x7f app_source=0 app_len=4 peer=18:42:de:52:4a:dd
[25.739118 0.987048] linkv2 diag now=25142 kind=5 value=0
[25.744074 0.004956] linkv2 diag now=25142 kind=3 value=25
[25.751083 0.007009] linkv2 final_delivery now=25142 origin=0x4218 destination=0x4bdc seq=25 app_kind=0x7f app_source=0 app_len=4 peer=18:42:de:52:4a:dd
[25.911104 0.160021] linkv2 summary phase=periodic now=25315 submit_accepted=0 submit_rejected=0 submit_no_slot=0 submit_faulted=0 custody_transferred=0 local_tx_not_attempted=0 custody_busy_expired=0 custody_rejected=0 retry_exhausted=0 radio_fault_terminal=0 service_fault_terminal=0 final_deliveries=25 final_duplicates=2 scheduler_radio_fault=0 scheduler_service_fault=0 hook_rx_blocked=0 hook_hack_suppressed=0 hook_busy_forced=0 diagnostic_dropped=0 diag_queue=0 delivery_queue=0 delivery_provisional=0 fault_latched=0 link_hack_enqueue_failed=0
[25.961145 0.050041] linkv2 rf phase=periodic now=25315 channels=37,38,39 e_rreq=0/0/0 e_rrep=0/0/0 e_rerr=0/0/0 hello=0/0/0 sync_offer=0/0/0 sync_pull=0/0/0 sync_data=0/0/0 tc_update=0/0/0 e_rrep_ack=0/0/0 data=8/11/8 hack=0/0/0 flood=0/0/0 rx_ok=69 tx_ok=27 rx_crc_or_empty=1776 queue_drop=0 relay_drop=0 relay_rate_limited=0 tx_len_drop=0
[26.740110 0.778965] linkv2 diag now=26143 kind=5 value=0
[26.745106 0.004996] linkv2 diag now=26143 kind=3 value=26
[26.752071 0.006965] linkv2 final_delivery now=26143 origin=0x4218 destination=0x4bdc seq=26 app_kind=0x7f app_source=0 app_len=4 peer=18:42:de:52:4a:dd
[27.743123 0.991052] linkv2 diag now=27146 kind=5 value=0
[27.748090 0.004967] linkv2 diag now=27146 kind=3 value=27
[27.755091 0.007001] linkv2 final_delivery now=27146 origin=0x4218 destination=0x4bdc seq=27 app_kind=0x7f app_source=0 app_len=4 peer=18:42:de:52:4a:dd
[28.742098 0.987008] linkv2 diag now=28145 kind=5 value=0
[28.747100 0.005002] linkv2 diag now=28145 kind=3 value=28
[28.754081 0.006981] linkv2 final_delivery now=28145 origin=0x4218 destination=0x4bdc seq=28 app_kind=0x7f app_source=0 app_len=4 peer=18:42:de:52:4a:dd
[29.743119 0.989038] linkv2 diag now=29146 kind=5 value=0
[29.748101 0.004982] linkv2 diag now=29146 kind=3 value=29
[29.755082 0.006981] linkv2 final_delivery now=29146 origin=0x4218 destination=0x4bdc seq=29 app_kind=0x7f app_source=0 app_len=4 peer=18:42:de:52:4a:dd
[30.911130 1.156049] linkv2 summary phase=periodic now=30315 submit_accepted=0 submit_rejected=0 submit_no_slot=0 submit_faulted=0 custody_transferred=0 local_tx_not_attempted=0 custody_busy_expired=0 custody_rejected=0 retry_exhausted=0 radio_fault_terminal=0 service_fault_terminal=0 final_deliveries=29 final_duplicates=2 scheduler_radio_fault=0 scheduler_service_fault=0 hook_rx_blocked=0 hook_hack_suppressed=0 hook_busy_forced=0 diagnostic_dropped=0 diag_queue=0 delivery_queue=0 delivery_provisional=0 fault_latched=0 link_hack_enqueue_failed=0
[30.961141 0.050011] linkv2 rf phase=periodic now=30315 channels=37,38,39 e_rreq=0/0/0 e_rrep=0/0/0 e_rerr=0/0/0 hello=0/0/0 sync_offer=0/0/0 sync_pull=0/0/0 sync_data=0/0/0 tc_update=0/0/0 e_rrep_ack=0/0/0 data=10/12/9 hack=0/0/0 flood=0/0/0 rx_ok=83 tx_ok=31 rx_crc_or_empty=2125 queue_drop=0 relay_drop=0 relay_rate_limited=0 tx_len_drop=0
[30.998134 0.036993] linkv2 diag now=30401 kind=5 value=0
[31.003112 0.004978] linkv2 diag now=30401 kind=3 value=30
[31.010091 0.006979] linkv2 final_delivery now=30401 origin=0x4218 destination=0x4bdc seq=30 app_kind=0x7f app_source=0 app_len=4 peer=18:42:de:52:4a:dd
[31.745126 0.735035] linkv2 diag now=31148 kind=5 value=0
[31.750104 0.004978] linkv2 diag now=31148 kind=3 value=31
[31.757133 0.007030] linkv2 final_delivery now=31148 origin=0x4218 destination=0x4bdc seq=31 app_kind=0x7f app_source=0 app_len=4 peer=18:42:de:52:4a:dd
[32.999148 1.242014] linkv2 diag now=32402 kind=5 value=0
[33.004095 0.004947] linkv2 diag now=32402 kind=3 value=32
[33.011113 0.007018] linkv2 final_delivery now=32402 origin=0x4218 destination=0x4bdc seq=32 app_kind=0x7f app_source=0 app_len=4 peer=18:42:de:52:4a:dd
[33.998150 0.987036] linkv2 diag now=33401 kind=5 value=0
[34.003118 0.004969] linkv2 diag now=33401 kind=3 value=33
[34.010099 0.006980] linkv2 final_delivery now=33401 origin=0x4218 destination=0x4bdc seq=33 app_kind=0x7f app_source=0 app_len=4 peer=18:42:de:52:4a:dd
[34.745165 0.735066] linkv2 diag now=34148 kind=5 value=0
[34.750118 0.004953] linkv2 diag now=34148 kind=3 value=34
[34.757144 0.007026] linkv2 final_delivery now=34148 origin=0x4218 destination=0x4bdc seq=34 app_kind=0x7f app_source=0 app_len=4 peer=18:42:de:52:4a:dd
[35.746133 0.988990] linkv2 diag now=35149 kind=5 value=0
[35.751120 0.004986] linkv2 diag now=35149 kind=3 value=35
[35.758123 0.007003] linkv2 final_delivery now=35149 origin=0x4218 destination=0x4bdc seq=35 app_kind=0x7f app_source=0 app_len=4 peer=18:42:de:52:4a:dd
[35.912163 0.154040] linkv2 summary phase=periodic now=35316 submit_accepted=0 submit_rejected=0 submit_no_slot=0 submit_faulted=0 custody_transferred=0 local_tx_not_attempted=0 custody_busy_expired=0 custody_rejected=0 retry_exhausted=0 radio_fault_terminal=0 service_fault_terminal=0 final_deliveries=35 final_duplicates=3 scheduler_radio_fault=0 scheduler_service_fault=0 hook_rx_blocked=0 hook_hack_suppressed=0 hook_busy_forced=0 diagnostic_dropped=0 diag_queue=0 delivery_queue=0 delivery_provisional=0 fault_latched=0 link_hack_enqueue_failed=0
[35.962227 0.050064] linkv2 rf phase=periodic now=35316 channels=37,38,39 e_rreq=0/0/0 e_rrep=0/0/0 e_rerr=0/0/0 hello=0/0/0 sync_offer=0/0/0 sync_pull=0/0/0 sync_data=0/0/0 tc_update=0/0/0 e_rrep_ack=0/0/0 data=12/15/11 hack=0/0/0 flood=0/0/0 rx_ok=99 tx_ok=38 rx_crc_or_empty=2487 queue_drop=0 relay_drop=0 relay_rate_limited=0 tx_len_drop=0
[36.747164 0.784937] linkv2 diag now=36150 kind=5 value=0
[36.752137 0.004972] linkv2 diag now=36150 kind=3 value=36
[36.759121 0.006985] linkv2 final_delivery now=36150 origin=0x4218 destination=0x4bdc seq=36 app_kind=0x7f app_source=0 app_len=4 peer=18:42:de:52:4a:dd
[37.748254 0.989132] linkv2 diag now=37151 kind=5 value=0
[37.753137 0.004883] linkv2 diag now=37151 kind=3 value=37
[37.760125 0.006989] linkv2 final_delivery now=37151 origin=0x4218 destination=0x4bdc seq=37 app_kind=0x7f app_source=0 app_len=4 peer=18:42:de:52:4a:dd
[38.749171 0.989045] linkv2 diag now=38152 kind=5 value=0
[38.754140 0.004970] linkv2 diag now=38152 kind=3 value=38
[38.761132 0.006991] linkv2 final_delivery now=38152 origin=0x4218 destination=0x4bdc seq=38 app_kind=0x7f app_source=0 app_len=4 peer=18:42:de:52:4a:dd
[40.002232 1.241101] linkv2 diag now=39405 kind=5 value=0
[40.007152 0.004920] linkv2 diag now=39405 kind=3 value=39
[40.014156 0.007004] linkv2 final_delivery now=39405 origin=0x4218 destination=0x4bdc seq=39 app_kind=0x7f app_source=0 app_len=4 peer=18:42:de:52:4a:dd
[40.750180 0.736024] linkv2 diag now=40153 kind=5 value=0
[40.755155 0.004975] linkv2 diag now=40153 kind=3 value=40
[40.762172 0.007017] linkv2 final_delivery now=40153 origin=0x4218 destination=0x4bdc seq=40 app_kind=0x7f app_source=0 app_len=4 peer=18:42:de:52:4a:dd
[40.912181 0.150009] linkv2 summary phase=periodic now=40316 submit_accepted=0 submit_rejected=0 submit_no_slot=0 submit_faulted=0 custody_transferred=0 local_tx_not_attempted=0 custody_busy_expired=0 custody_rejected=0 retry_exhausted=0 radio_fault_terminal=0 service_fault_terminal=0 final_deliveries=40 final_duplicates=6 scheduler_radio_fault=0 scheduler_service_fault=0 hook_rx_blocked=0 hook_hack_suppressed=0 hook_busy_forced=0 diagnostic_dropped=0 diag_queue=0 delivery_queue=0 delivery_provisional=0 fault_latched=0 link_hack_enqueue_failed=0
[40.962188 0.050008] linkv2 rf phase=periodic now=40316 channels=37,38,39 e_rreq=0/0/0 e_rrep=0/0/0 e_rerr=0/0/0 hello=0/0/0 sync_offer=0/0/0 sync_pull=0/0/0 sync_data=0/0/0 tc_update=0/0/0 e_rrep_ack=0/0/0 data=16/17/13 hack=0/0/0 flood=0/0/0 rx_ok=116 tx_ok=46 rx_crc_or_empty=2838 queue_drop=0 relay_drop=0 relay_rate_limited=0 tx_len_drop=0
[41.751208 0.789020] linkv2 diag now=41154 kind=5 value=0
[41.756150 0.004941] linkv2 diag now=41154 kind=3 value=41
[41.763195 0.007045] linkv2 final_delivery now=41154 origin=0x4218 destination=0x4bdc seq=41 app_kind=0x7f app_source=0 app_len=4 peer=18:42:de:52:4a:dd
[42.753183 0.989988] linkv2 diag now=42156 kind=5 value=0
[42.758162 0.004980] linkv2 diag now=42156 kind=3 value=42
[42.765162 0.006999] linkv2 final_delivery now=42156 origin=0x4218 destination=0x4bdc seq=42 app_kind=0x7f app_source=0 app_len=4 peer=18:42:de:52:4a:dd
[43.752183 0.987021] linkv2 diag now=43155 kind=5 value=0
[43.757151 0.004968] linkv2 diag now=43155 kind=3 value=43
[43.764189 0.007038] linkv2 final_delivery now=43155 origin=0x4218 destination=0x4bdc seq=43 app_kind=0x7f app_source=0 app_len=4 peer=18:42:de:52:4a:dd
[44.754220 0.990031] linkv2 diag now=44158 kind=5 value=0
[44.760170 0.005949] linkv2 diag now=44158 kind=3 value=44
[44.767187 0.007018] linkv2 final_delivery now=44158 origin=0x4218 destination=0x4bdc seq=44 app_kind=0x7f app_source=0 app_len=4 peer=18:42:de:52:4a:dd
[45.913213 1.146025] linkv2 summary phase=periodic now=45317 submit_accepted=0 submit_rejected=0 submit_no_slot=0 submit_faulted=0 custody_transferred=0 local_tx_not_attempted=0 custody_busy_expired=0 custody_rejected=0 retry_exhausted=0 radio_fault_terminal=0 service_fault_terminal=0 final_deliveries=44 final_duplicates=7 scheduler_radio_fault=0 scheduler_service_fault=0 hook_rx_blocked=0 hook_hack_suppressed=0 hook_busy_forced=0 diagnostic_dropped=0 diag_queue=0 delivery_queue=0 delivery_provisional=0 fault_latched=0 link_hack_enqueue_failed=0
[45.963220 0.050007] linkv2 rf phase=periodic now=45317 channels=37,38,39 e_rreq=0/0/0 e_rrep=0/0/0 e_rerr=0/0/0 hello=0/0/0 sync_offer=0/0/0 sync_pull=0/0/0 sync_data=0/0/0 tc_update=0/0/0 e_rrep_ack=0/0/0 data=18/18/15 hack=0/0/0 flood=0/0/0 rx_ok=129 tx_ok=51 rx_crc_or_empty=3186 queue_drop=0 relay_drop=0 relay_rate_limited=0 tx_len_drop=0
[46.008246 0.045027] linkv2 diag now=45411 kind=5 value=0
[46.013165 0.004919] linkv2 diag now=45411 kind=3 value=45
[46.020169 0.007004] linkv2 final_delivery now=45411 origin=0x4218 destination=0x4bdc seq=45 app_kind=0x7f app_source=0 app_len=4 peer=18:42:de:52:4a:dd
[46.754189 0.734020] linkv2 diag now=46158 kind=5 value=0
[46.760168 0.005978] linkv2 diag now=46158 kind=3 value=46
[46.767162 0.006994] linkv2 final_delivery now=46158 origin=0x4218 destination=0x4bdc seq=46 app_kind=0x7f app_source=0 app_len=4 peer=18:42:de:52:4a:dd
[48.009220 1.242058] linkv2 diag now=47413 kind=5 value=0
[48.015199 0.005978] linkv2 diag now=47413 kind=3 value=47
[48.022205 0.007006] linkv2 final_delivery now=47413 origin=0x4218 destination=0x4bdc seq=47 app_kind=0x7f app_source=0 app_len=4 peer=18:42:de:52:4a:dd
[48.756200 0.733995] linkv2 diag now=48160 kind=5 value=0
[48.762187 0.005987] linkv2 diag now=48160 kind=3 value=48
[48.769186 0.006999] linkv2 final_delivery now=48160 origin=0x4218 destination=0x4bdc seq=48 app_kind=0x7f app_source=0 app_len=4 peer=18:42:de:52:4a:dd
[49.756206 0.987020] linkv2 diag now=49160 kind=5 value=0
[49.762197 0.005991] linkv2 diag now=49160 kind=3 value=49
[49.769178 0.006981] linkv2 final_delivery now=49160 origin=0x4218 destination=0x4bdc seq=49 app_kind=0x7f app_source=0 app_len=4 peer=18:42:de:52:4a:dd
[50.757207 0.988028] linkv2 diag now=50161 kind=5 value=0
[50.763189 0.005982] linkv2 diag now=50161 kind=3 value=50
[50.770197 0.007008] linkv2 final_delivery now=50161 origin=0x4218 destination=0x4bdc seq=50 app_kind=0x7f app_source=0 app_len=4 peer=18:42:de:52:4a:dd
[50.914230 0.144033] linkv2 summary phase=periodic now=50318 submit_accepted=0 submit_rejected=0 submit_no_slot=0 submit_faulted=0 custody_transferred=0 local_tx_not_attempted=0 custody_busy_expired=0 custody_rejected=0 retry_exhausted=0 radio_fault_terminal=0 service_fault_terminal=0 final_deliveries=50 final_duplicates=8 scheduler_radio_fault=0 scheduler_service_fault=0 hook_rx_blocked=0 hook_hack_suppressed=0 hook_busy_forced=0 diagnostic_dropped=0 diag_queue=0 delivery_queue=0 delivery_provisional=0 fault_latched=0 link_hack_enqueue_failed=0
[50.964213 0.049984] linkv2 rf phase=periodic now=50318 channels=37,38,39 e_rreq=0/0/0 e_rrep=0/0/0 e_rerr=0/0/0 hello=0/0/0 sync_offer=0/0/0 sync_pull=0/0/0 sync_data=0/0/0 tc_update=0/0/0 e_rrep_ack=0/0/0 data=22/20/16 hack=0/0/0 flood=0/0/0 rx_ok=142 tx_ok=58 rx_crc_or_empty=3548 queue_drop=0 relay_drop=0 relay_rate_limited=0 tx_len_drop=0
[52.011245 1.047031] linkv2 diag now=51414 kind=5 value=0
[52.016234 0.004989] linkv2 diag now=51414 kind=3 value=51
[52.023225 0.006991] linkv2 final_delivery now=51414 origin=0x4218 destination=0x4bdc seq=51 app_kind=0x7f app_source=0 app_len=4 peer=18:42:de:52:4a:dd
[52.757237 0.734012] linkv2 diag now=52161 kind=5 value=0
[52.763212 0.005975] linkv2 diag now=52161 kind=3 value=52
[52.770242 0.007030] linkv2 final_delivery now=52161 origin=0x4218 destination=0x4bdc seq=52 app_kind=0x7f app_source=0 app_len=4 peer=18:42:de:52:4a:dd
[53.760214 0.989971] linkv2 diag now=53164 kind=5 value=0
[53.766212 0.005998] linkv2 diag now=53164 kind=3 value=53
[53.773231 0.007019] linkv2 final_delivery now=53164 origin=0x4218 destination=0x4bdc seq=53 app_kind=0x7f app_source=0 app_len=4 peer=18:42:de:52:4a:dd
[54.759229 0.985998] linkv2 diag now=54163 kind=5 value=0
[54.765219 0.005990] linkv2 diag now=54163 kind=3 value=54
[54.772213 0.006994] linkv2 final_delivery now=54163 origin=0x4218 destination=0x4bdc seq=54 app_kind=0x7f app_source=0 app_len=4 peer=18:42:de:52:4a:dd
[55.759243 0.987030] linkv2 diag now=55163 kind=5 value=0
[55.765250 0.006007] linkv2 diag now=55163 kind=3 value=55
[55.772214 0.006965] linkv2 final_delivery now=55163 origin=0x4218 destination=0x4bdc seq=55 app_kind=0x7f app_source=0 app_len=4 peer=18:42:de:52:4a:dd
[55.914254 0.142040] linkv2 summary phase=periodic now=55318 submit_accepted=0 submit_rejected=0 submit_no_slot=0 submit_faulted=0 custody_transferred=0 local_tx_not_attempted=0 custody_busy_expired=0 custody_rejected=0 retry_exhausted=0 radio_fault_terminal=0 service_fault_terminal=0 final_deliveries=55 final_duplicates=9 scheduler_radio_fault=0 scheduler_service_fault=0 hook_rx_blocked=0 hook_hack_suppressed=0 hook_busy_forced=0 diagnostic_dropped=0 diag_queue=0 delivery_queue=0 delivery_provisional=0 fault_latched=0 link_hack_enqueue_failed=0
[55.964260 0.050006] linkv2 rf phase=periodic now=55318 channels=37,38,39 e_rreq=0/0/0 e_rrep=0/0/0 e_rerr=0/0/0 hello=0/0/0 sync_offer=0/0/0 sync_pull=0/0/0 sync_data=0/0/0 tc_update=0/0/0 e_rrep_ack=0/0/0 data=26/21/17 hack=0/0/0 flood=0/0/0 rx_ok=155 tx_ok=64 rx_crc_or_empty=3894 queue_drop=0 relay_drop=0 relay_rate_limited=0 tx_len_drop=0
[56.763255 0.798995] linkv2 diag now=56166 kind=5 value=0
[56.768217 0.004962] linkv2 diag now=56166 kind=3 value=56
[56.775260 0.007043] linkv2 final_delivery now=56166 origin=0x4218 destination=0x4bdc seq=56 app_kind=0x7f app_source=0 app_len=4 peer=18:42:de:52:4a:dd
[57.761310 0.986050] linkv2 diag now=57165 kind=5 value=0
[57.767230 0.005920] linkv2 diag now=57165 kind=3 value=57
[57.774258 0.007028] linkv2 final_delivery now=57165 origin=0x4218 destination=0x4bdc seq=57 app_kind=0x7f app_source=0 app_len=4 peer=18:42:de:52:4a:dd
[59.016269 1.242011] linkv2 diag now=58420 kind=5 value=0
[59.022240 0.005971] linkv2 diag now=58420 kind=3 value=58
[59.029276 0.007036] linkv2 final_delivery now=58420 origin=0x4218 destination=0x4bdc seq=58 app_kind=0x7f app_source=0 app_len=4 peer=18:42:de:52:4a:dd
[59.763253 0.733977] linkv2 diag now=59167 kind=5 value=0
[59.769267 0.006014] linkv2 diag now=59167 kind=3 value=59
[59.776258 0.006991] linkv2 final_delivery now=59167 origin=0x4218 destination=0x4bdc seq=59 app_kind=0x7f app_source=0 app_len=4 peer=18:42:de:52:4a:dd
[60.764269 0.988011] linkv2 diag now=60168 kind=5 value=0
[60.770260 0.005991] linkv2 diag now=60168 kind=3 value=60
[60.777270 0.007010] linkv2 final_delivery now=60168 origin=0x4218 destination=0x4bdc seq=60 app_kind=0x7f app_source=0 app_len=4 peer=18:42:de:52:4a:dd
[60.915282 0.138012] linkv2 summary phase=periodic now=60319 submit_accepted=0 submit_rejected=0 submit_no_slot=0 submit_faulted=0 custody_transferred=0 local_tx_not_attempted=0 custody_busy_expired=0 custody_rejected=0 retry_exhausted=0 radio_fault_terminal=0 service_fault_terminal=0 final_deliveries=60 final_duplicates=9 scheduler_radio_fault=0 scheduler_service_fault=0 hook_rx_blocked=0 hook_hack_suppressed=0 hook_busy_forced=0 diagnostic_dropped=0 diag_queue=0 delivery_queue=0 delivery_provisional=0 fault_latched=0 link_hack_enqueue_failed=0
[60.965258 0.049977] linkv2 rf phase=periodic now=60319 channels=37,38,39 e_rreq=0/0/0 e_rrep=0/0/0 e_rerr=0/0/0 hello=0/0/0 sync_offer=0/0/0 sync_pull=0/0/0 sync_data=0/0/0 tc_update=0/0/0 e_rrep_ack=0/0/0 data=26/23/20 hack=0/0/0 flood=0/0/0 rx_ok=170 tx_ok=69 rx_crc_or_empty=4232 queue_drop=0 relay_drop=0 relay_rate_limited=0 tx_len_drop=0
[61.766370 0.801112] linkv2 diag now=61169 kind=5 value=0
[61.771257 0.004887] linkv2 diag now=61169 kind=3 value=61
[61.778286 0.007029] linkv2 final_delivery now=61169 origin=0x4218 destination=0x4bdc seq=61 app_kind=0x7f app_source=0 app_len=4 peer=18:42:de:52:4a:dd
[63.018286 1.239999] linkv2 diag now=62422 kind=5 value=0
[63.024252 0.005966] linkv2 diag now=62422 kind=3 value=62
[63.031271 0.007020] linkv2 final_delivery now=62422 origin=0x4218 destination=0x4bdc seq=62 app_kind=0x7f app_source=0 app_len=4 peer=18:42:de:52:4a:dd
[63.765270 0.733999] linkv2 diag now=63169 kind=5 value=0
[63.771273 0.006003] linkv2 diag now=63169 kind=3 value=63
[63.778274 0.007001] linkv2 final_delivery now=63169 origin=0x4218 destination=0x4bdc seq=63 app_kind=0x7f app_source=0 app_len=4 peer=18:42:de:52:4a:dd
[64.767285 0.989011] linkv2 diag now=64171 kind=5 value=0
[64.773280 0.005996] linkv2 diag now=64171 kind=3 value=64
[64.780258 0.006978] linkv2 final_delivery now=64171 origin=0x4218 destination=0x4bdc seq=64 app_kind=0x7f app_source=0 app_len=4 peer=18:42:de:52:4a:dd
[65.916313 1.136055] linkv2 summary phase=periodic now=65320 submit_accepted=0 submit_rejected=0 submit_no_slot=0 submit_faulted=0 custody_transferred=0 local_tx_not_attempted=0 custody_busy_expired=0 custody_rejected=0 retry_exhausted=0 radio_fault_terminal=0 service_fault_terminal=0 final_deliveries=64 final_duplicates=10 scheduler_radio_fault=0 scheduler_service_fault=0 hook_rx_blocked=0 hook_hack_suppressed=0 hook_busy_forced=0 diagnostic_dropped=0 diag_queue=0 delivery_queue=0 delivery_provisional=0 fault_latched=0 link_hack_enqueue_failed=0
[65.966287 0.049974] linkv2 rf phase=periodic now=65320 channels=37,38,39 e_rreq=0/0/0 e_rrep=0/0/0 e_rerr=0/0/0 hello=0/0/0 sync_offer=0/0/0 sync_pull=0/0/0 sync_data=0/0/0 tc_update=0/0/0 e_rrep_ack=0/0/0 data=28/25/21 hack=0/0/0 flood=0/0/0 rx_ok=181 tx_ok=74 rx_crc_or_empty=4584 queue_drop=0 relay_drop=0 relay_rate_limited=0 tx_len_drop=0
[66.020308 0.054021] linkv2 diag now=65424 kind=5 value=0
[66.026280 0.005971] linkv2 diag now=65424 kind=3 value=65
[66.033294 0.007014] linkv2 final_delivery now=65424 origin=0x4218 destination=0x4bdc seq=65 app_kind=0x7f app_source=0 app_len=4 peer=18:42:de:52:4a:dd
[66.767302 0.734008] linkv2 diag now=66171 kind=5 value=0
[66.773306 0.006004] linkv2 diag now=66171 kind=3 value=66
[66.780272 0.006965] linkv2 final_delivery now=66171 origin=0x4218 destination=0x4bdc seq=66 app_kind=0x7f app_source=0 app_len=4 peer=18:42:de:52:4a:dd
[67.768305 0.988034] linkv2 diag now=67172 kind=5 value=0
[67.774297 0.005991] linkv2 diag now=67172 kind=3 value=67
[67.781290 0.006993] linkv2 final_delivery now=67172 origin=0x4218 destination=0x4bdc seq=67 app_kind=0x7f app_source=0 app_len=4 peer=18:42:de:52:4a:dd
[68.768302 0.987013] linkv2 diag now=68172 kind=5 value=0
[68.774313 0.006011] linkv2 diag now=68172 kind=3 value=68
[68.781281 0.006968] linkv2 final_delivery now=68172 origin=0x4218 destination=0x4bdc seq=68 app_kind=0x7f app_source=0 app_len=4 peer=18:42:de:52:4a:dd
[69.769341 0.988060] linkv2 diag now=69173 kind=5 value=0
[69.775303 0.005962] linkv2 diag now=69173 kind=3 value=69
[69.782315 0.007013] linkv2 final_delivery now=69173 origin=0x4218 destination=0x4bdc seq=69 app_kind=0x7f app_source=0 app_len=4 peer=18:42:de:52:4a:dd
[70.770343 0.988028] linkv2 diag now=70174 kind=5 value=0
[70.776351 0.006008] linkv2 diag now=70174 kind=3 value=70
[70.783320 0.006969] linkv2 final_delivery now=70174 origin=0x4218 destination=0x4bdc seq=70 app_kind=0x7f app_source=0 app_len=4 peer=18:42:de:52:4a:dd
[70.917336 0.134016] linkv2 summary phase=periodic now=70321 submit_accepted=0 submit_rejected=0 submit_no_slot=0 submit_faulted=0 custody_transferred=0 local_tx_not_attempted=0 custody_busy_expired=0 custody_rejected=0 retry_exhausted=0 radio_fault_terminal=0 service_fault_terminal=0 final_deliveries=70 final_duplicates=11 scheduler_radio_fault=0 scheduler_service_fault=0 hook_rx_blocked=0 hook_hack_suppressed=0 hook_busy_forced=0 diagnostic_dropped=0 diag_queue=0 delivery_queue=0 delivery_provisional=0 fault_latched=0 link_hack_enqueue_failed=0
[70.967280 0.049944] linkv2 rf phase=periodic now=70321 channels=37,38,39 e_rreq=0/0/0 e_rrep=0/0/0 e_rerr=0/0/0 hello=0/0/0 sync_offer=0/0/0 sync_pull=0/0/0 sync_data=0/0/0 tc_update=0/0/0 e_rrep_ack=0/0/0 data=30/28/23 hack=0/0/0 flood=0/0/0 rx_ok=197 tx_ok=81 rx_crc_or_empty=4931 queue_drop=0 relay_drop=0 relay_rate_limited=0 tx_len_drop=0
[71.771312 0.804032] linkv2 diag now=71175 kind=5 value=0
[71.777331 0.006019] linkv2 diag now=71175 kind=3 value=71
[71.784294 0.006963] linkv2 final_delivery now=71175 origin=0x4218 destination=0x4bdc seq=71 app_kind=0x7f app_source=0 app_len=4 peer=18:42:de:52:4a:dd
[72.772322 0.988028] linkv2 diag now=72176 kind=5 value=0
[72.778338 0.006016] linkv2 diag now=72176 kind=3 value=72
[72.785304 0.006966] linkv2 final_delivery now=72176 origin=0x4218 destination=0x4bdc seq=72 app_kind=0x7f app_source=0 app_len=4 peer=18:42:de:52:4a:dd
[73.773327 0.988023] linkv2 diag now=73177 kind=5 value=0
[73.778321 0.004994] linkv2 diag now=73177 kind=3 value=73
[73.785297 0.006977] linkv2 final_delivery now=73177 origin=0x4218 destination=0x4bdc seq=73 app_kind=0x7f app_source=0 app_len=4 peer=18:42:de:52:4a:dd
[74.773363 0.988065] linkv2 diag now=74177 kind=5 value=0
[74.778320 0.004958] linkv2 diag now=74177 kind=3 value=74
[74.785299 0.006979] linkv2 final_delivery now=74177 origin=0x4218 destination=0x4bdc seq=74 app_kind=0x7f app_source=0 app_len=4 peer=18:42:de:52:4a:dd
[75.774368 0.989069] linkv2 diag now=75178 kind=5 value=0
[75.779317 0.004950] linkv2 diag now=75178 kind=3 value=75
[75.786302 0.006985] linkv2 final_delivery now=75178 origin=0x4218 destination=0x4bdc seq=75 app_kind=0x7f app_source=0 app_len=4 peer=18:42:de:52:4a:dd
[75.916339 0.130037] linkv2 summary phase=periodic now=75321 submit_accepted=0 submit_rejected=0 submit_no_slot=0 submit_faulted=0 custody_transferred=0 local_tx_not_attempted=0 custody_busy_expired=0 custody_rejected=0 retry_exhausted=0 radio_fault_terminal=0 service_fault_terminal=0 final_deliveries=75 final_duplicates=14 scheduler_radio_fault=0 scheduler_service_fault=0 hook_rx_blocked=0 hook_hack_suppressed=0 hook_busy_forced=0 diagnostic_dropped=0 diag_queue=0 delivery_queue=0 delivery_provisional=0 fault_latched=0 link_hack_enqueue_failed=0
[75.967332 0.050993] linkv2 rf phase=periodic now=75321 channels=37,38,39 e_rreq=0/0/0 e_rrep=0/0/0 e_rerr=0/0/0 hello=0/0/0 sync_offer=0/0/0 sync_pull=0/0/0 sync_data=0/0/0 tc_update=0/0/0 e_rrep_ack=0/0/0 data=32/31/26 hack=0/0/0 flood=0/0/0 rx_ok=211 tx_ok=89 rx_crc_or_empty=5290 queue_drop=0 relay_drop=0 relay_rate_limited=0 tx_len_drop=0
[76.775379 0.808047] linkv2 diag now=76179 kind=5 value=0
[76.780317 0.004937] linkv2 diag now=76179 kind=3 value=76
[76.787359 0.007043] linkv2 final_delivery now=76179 origin=0x4218 destination=0x4bdc seq=76 app_kind=0x7f app_source=0 app_len=4 peer=18:42:de:52:4a:dd
[78.029392 1.242032] linkv2 diag now=77433 kind=5 value=0
[78.034354 0.004962] linkv2 diag now=77433 kind=3 value=77
[78.041347 0.006993] linkv2 final_delivery now=77433 origin=0x4218 destination=0x4bdc seq=77 app_kind=0x7f app_source=0 app_len=4 peer=18:42:de:52:4a:dd
[78.776388 0.735041] linkv2 diag now=78180 kind=5 value=0
[78.781324 0.004936] linkv2 diag now=78180 kind=3 value=78
[78.788336 0.007012] linkv2 final_delivery now=78180 origin=0x4218 destination=0x4bdc seq=78 app_kind=0x7f app_source=0 app_len=4 peer=18:42:de:52:4a:dd
[79.775387 0.987051] linkv2 diag now=79179 kind=5 value=0
[79.780331 0.004944] linkv2 diag now=79179 kind=3 value=79
[79.787329 0.006998] linkv2 final_delivery now=79179 origin=0x4218 destination=0x4bdc seq=79 app_kind=0x7f app_source=0 app_len=4 peer=18:42:de:52:4a:dd
[80.778389 0.991060] linkv2 diag now=80182 kind=5 value=0
[80.783380 0.004991] linkv2 diag now=80182 kind=3 value=80
[80.790337 0.006957] linkv2 final_delivery now=80182 origin=0x4218 destination=0x4bdc seq=80 app_kind=0x7f app_source=0 app_len=4 peer=18:42:de:52:4a:dd
[80.916363 0.126026] linkv2 summary phase=periodic now=80321 submit_accepted=0 submit_rejected=0 submit_no_slot=0 submit_faulted=0 custody_transferred=0 local_tx_not_attempted=0 custody_busy_expired=0 custody_rejected=0 retry_exhausted=0 radio_fault_terminal=0 service_fault_terminal=0 final_deliveries=80 final_duplicates=15 scheduler_radio_fault=0 scheduler_service_fault=0 hook_rx_blocked=0 hook_hack_suppressed=0 hook_busy_forced=0 diagnostic_dropped=0 diag_queue=0 delivery_queue=0 delivery_provisional=0 fault_latched=0 link_hack_enqueue_failed=0
[80.966473 0.050110] linkv2 rf phase=periodic now=80321 channels=37,38,39 e_rreq=0/0/0 e_rrep=0/0/0 e_rerr=0/0/0 hello=0/0/0 sync_offer=0/0/0 sync_pull=0/0/0 sync_data=0/0/0 tc_update=0/0/0 e_rrep_ack=0/0/0 data=34/33/28 hack=0/0/0 flood=0/0/0 rx_ok=227 tx_ok=95 rx_crc_or_empty=5649 queue_drop=0 relay_drop=0 relay_rate_limited=0 tx_len_drop=0
[82.285399 1.318926] linkv2 diag now=81689 kind=5 value=0
[82.290331 0.004933] linkv2 diag now=81689 kind=3 value=81
[82.297361 0.007029] linkv2 final_delivery now=81689 origin=0x4218 destination=0x4bdc seq=81 app_kind=0x7f app_source=0 app_len=4 peer=18:42:de:52:4a:dd
[82.778403 0.481042] linkv2 diag now=82182 kind=5 value=0
[82.783349 0.004946] linkv2 diag now=82182 kind=3 value=82
[82.790346 0.006996] linkv2 final_delivery now=82182 origin=0x4218 destination=0x4bdc seq=82 app_kind=0x7f app_source=0 app_len=4 peer=18:42:de:52:4a:dd
[83.781378 0.991032] linkv2 diag now=83185 kind=5 value=0
[83.786347 0.004969] linkv2 diag now=83185 kind=3 value=83
[83.793348 0.007001] linkv2 final_delivery now=83185 origin=0x4218 destination=0x4bdc seq=83 app_kind=0x7f app_source=0 app_len=4 peer=18:42:de:52:4a:dd
[85.287414 1.494066] linkv2 diag now=84691 kind=5 value=0
[85.292364 0.004950] linkv2 diag now=84691 kind=3 value=84
[85.299378 0.007014] linkv2 final_delivery now=84691 origin=0x4218 destination=0x4bdc seq=84 app_kind=0x7f app_source=0 app_len=4 peer=18:42:de:52:4a:dd
[85.780390 0.481012] linkv2 diag now=85184 kind=5 value=0
[85.785358 0.004968] linkv2 diag now=85184 kind=3 value=85
[85.792389 0.007030] linkv2 final_delivery now=85184 origin=0x4218 destination=0x4bdc seq=85 app_kind=0x7f app_source=0 app_len=4 peer=18:42:de:52:4a:dd
[85.916393 0.124005] linkv2 summary phase=periodic now=85321 submit_accepted=0 submit_rejected=0 submit_no_slot=0 submit_faulted=0 custody_transferred=0 local_tx_not_attempted=0 custody_busy_expired=0 custody_rejected=0 retry_exhausted=0 radio_fault_terminal=0 service_fault_terminal=0 final_deliveries=85 final_duplicates=16 scheduler_radio_fault=0 scheduler_service_fault=0 hook_rx_blocked=0 hook_hack_suppressed=0 hook_busy_forced=0 diagnostic_dropped=0 diag_queue=0 delivery_queue=0 delivery_provisional=0 fault_latched=0 link_hack_enqueue_failed=0
[85.966434 0.050041] linkv2 rf phase=periodic now=85321 channels=37,38,39 e_rreq=0/0/0 e_rrep=0/0/0 e_rerr=0/0/0 hello=0/0/0 sync_offer=0/0/0 sync_pull=0/0/0 sync_data=0/0/0 tc_update=0/0/0 e_rrep_ack=0/0/0 data=36/34/31 hack=0/0/0 flood=0/0/0 rx_ok=241 tx_ok=101 rx_crc_or_empty=6023 queue_drop=0 relay_drop=0 relay_rate_limited=0 tx_len_drop=0
[86.783385 0.816951] linkv2 diag now=86187 kind=5 value=0
[86.788366 0.004981] linkv2 diag now=86187 kind=3 value=86
[86.795370 0.007004] linkv2 final_delivery now=86187 origin=0x4218 destination=0x4bdc seq=86 app_kind=0x7f app_source=0 app_len=4 peer=18:42:de:52:4a:dd
[89.038425 2.243055] linkv2 diag now=88442 kind=5 value=0
[89.043389 0.004964] linkv2 diag now=88442 kind=3 value=88
[89.050387 0.006998] linkv2 final_delivery now=88442 origin=0x4218 destination=0x4bdc seq=88 app_kind=0x7f app_source=0 app_len=4 peer=18:42:de:52:4a:dd
[89.785412 0.735024] linkv2 diag now=89189 kind=5 value=0
[89.790400 0.004988] linkv2 diag now=89189 kind=3 value=89
[89.797421 0.007022] linkv2 final_delivery now=89189 origin=0x4218 destination=0x4bdc seq=89 app_kind=0x7f app_source=0 app_len=4 peer=18:42:de:52:4a:dd
[90.784407 0.986986] linkv2 diag now=90188 kind=5 value=0
[90.789411 0.005004] linkv2 diag now=90188 kind=3 value=90
[90.796403 0.006992] linkv2 final_delivery now=90188 origin=0x4218 destination=0x4bdc seq=90 app_kind=0x7f app_source=0 app_len=4 peer=18:42:de:52:4a:dd
[90.916423 0.120020] linkv2 summary phase=periodic now=90321 submit_accepted=0 submit_rejected=0 submit_no_slot=0 submit_faulted=0 custody_transferred=0 local_tx_not_attempted=0 custody_busy_expired=0 custody_rejected=0 retry_exhausted=0 radio_fault_terminal=0 service_fault_terminal=0 final_deliveries=89 final_duplicates=16 scheduler_radio_fault=0 scheduler_service_fault=0 hook_rx_blocked=0 hook_hack_suppressed=0 hook_busy_forced=0 diagnostic_dropped=0 diag_queue=0 delivery_queue=0 delivery_provisional=0 fault_latched=0 link_hack_enqueue_failed=0
[90.966451 0.050028] linkv2 rf phase=periodic now=90321 channels=37,38,39 e_rreq=0/0/0 e_rrep=0/0/0 e_rerr=0/0/0 hello=0/0/0 sync_offer=0/0/0 sync_pull=0/0/0 sync_data=0/0/0 tc_update=0/0/0 e_rrep_ack=0/0/0 data=36/35/34 hack=0/0/0 flood=0/0/0 rx_ok=256 tx_ok=105 rx_crc_or_empty=6385 queue_drop=0 relay_drop=0 relay_rate_limited=0 tx_len_drop=0
[91.784441 0.817990] linkv2 diag now=91188 kind=5 value=0
[91.789430 0.004989] linkv2 diag now=91188 kind=3 value=91
[91.796392 0.006962] linkv2 final_delivery now=91188 origin=0x4218 destination=0x4bdc seq=91 app_kind=0x7f app_source=0 app_len=4 peer=18:42:de:52:4a:dd
[92.787421 0.991028] linkv2 diag now=92191 kind=5 value=0
[92.792393 0.004973] linkv2 diag now=92191 kind=3 value=92
[92.799391 0.006998] linkv2 final_delivery now=92191 origin=0x4218 destination=0x4bdc seq=92 app_kind=0x7f app_source=0 app_len=4 peer=18:42:de:52:4a:dd
[93.786436 0.987045] linkv2 diag now=93190 kind=5 value=0
[93.791423 0.004987] linkv2 diag now=93190 kind=3 value=93
[93.798410 0.006987] linkv2 final_delivery now=93190 origin=0x4218 destination=0x4bdc seq=93 app_kind=0x7f app_source=0 app_len=4 peer=18:42:de:52:4a:dd
[94.787435 0.989025] linkv2 diag now=94191 kind=5 value=0
[94.792416 0.004981] linkv2 diag now=94191 kind=3 value=94
[94.799404 0.006988] linkv2 final_delivery now=94191 origin=0x4218 destination=0x4bdc seq=94 app_kind=0x7f app_source=0 app_len=4 peer=18:42:de:52:4a:dd
[95.789426 0.990022] linkv2 diag now=95194 kind=5 value=0
[95.795410 0.005984] linkv2 diag now=95194 kind=3 value=95
[95.802424 0.007015] linkv2 final_delivery now=95194 origin=0x4218 destination=0x4bdc seq=95 app_kind=0x7f app_source=0 app_len=4 peer=18:42:de:52:4a:dd
[95.916446 0.114021] linkv2 summary phase=periodic now=95321 submit_accepted=0 submit_rejected=0 submit_no_slot=0 submit_faulted=0 custody_transferred=0 local_tx_not_attempted=0 custody_busy_expired=0 custody_rejected=0 retry_exhausted=0 radio_fault_terminal=0 service_fault_terminal=0 final_deliveries=94 final_duplicates=17 scheduler_radio_fault=0 scheduler_service_fault=0 hook_rx_blocked=0 hook_hack_suppressed=0 hook_busy_forced=0 diagnostic_dropped=0 diag_queue=0 delivery_queue=0 delivery_provisional=0 fault_latched=0 link_hack_enqueue_failed=0
[95.966461 0.050015] linkv2 rf phase=periodic now=95321 channels=37,38,39 e_rreq=0/0/0 e_rrep=0/0/0 e_rerr=0/0/0 hello=0/0/0 sync_offer=0/0/0 sync_pull=0/0/0 sync_data=0/0/0 tc_update=0/0/0 e_rrep_ack=0/0/0 data=39/36/36 hack=0/0/0 flood=0/0/0 rx_ok=269 tx_ok=111 rx_crc_or_empty=6740 queue_drop=0 relay_drop=0 relay_rate_limited=0 tx_len_drop=0
[96.789433 0.822972] linkv2 diag now=96193 kind=5 value=0
[96.794408 0.004976] linkv2 diag now=96193 kind=3 value=96
[96.801442 0.007033] linkv2 final_delivery now=96193 origin=0x4218 destination=0x4bdc seq=96 app_kind=0x7f app_source=0 app_len=4 peer=18:42:de:52:4a:dd
[97.789446 0.988004] linkv2 diag now=97194 kind=5 value=0
[97.795432 0.005986] linkv2 diag now=97194 kind=3 value=97
[97.802440 0.007008] linkv2 final_delivery now=97194 origin=0x4218 destination=0x4bdc seq=97 app_kind=0x7f app_source=0 app_len=4 peer=18:42:de:52:4a:dd
[98.790450 0.988010] linkv2 diag now=98195 kind=5 value=0
[98.796431 0.005982] linkv2 diag now=98195 kind=3 value=98
[98.803441 0.007010] linkv2 final_delivery now=98195 origin=0x4218 destination=0x4bdc seq=98 app_kind=0x7f app_source=0 app_len=4 peer=18:42:de:52:4a:dd
[99.791484 0.988042] linkv2 diag now=99196 kind=5 value=0
[99.797432 0.005948] linkv2 diag now=99196 kind=3 value=99
[99.804422 0.006990] linkv2 final_delivery now=99196 origin=0x4218 destination=0x4bdc seq=99 app_kind=0x7f app_source=0 app_len=4 peer=18:42:de:52:4a:dd
[100.792457 0.988035] linkv2 diag now=100197 kind=5 value=0
[100.798434 0.005977] linkv2 diag now=100197 kind=3 value=100
[100.805445 0.007012] linkv2 final_delivery now=100197 origin=0x4218 destination=0x4bdc seq=100 app_kind=0x7f app_source=0 app_len=4 peer=18:42:de:52:4a:dd
[100.917469 0.112023] linkv2 summary phase=periodic now=100322 submit_accepted=0 submit_rejected=0 submit_no_slot=0 submit_faulted=0 custody_transferred=0 local_tx_not_attempted=0 custody_busy_expired=0 custody_rejected=0 retry_exhausted=0 radio_fault_terminal=0 service_fault_terminal=0 final_deliveries=99 final_duplicates=19 scheduler_radio_fault=0 scheduler_service_fault=0 hook_rx_blocked=0 hook_hack_suppressed=0 hook_busy_forced=0 diagnostic_dropped=0 diag_queue=0 delivery_queue=0 delivery_provisional=0 fault_latched=0 link_hack_enqueue_failed=0
[100.967461 0.049992] linkv2 rf phase=periodic now=100322 channels=37,38,39 e_rreq=0/0/0 e_rrep=0/0/0 e_rerr=0/0/0 hello=0/0/0 sync_offer=0/0/0 sync_pull=0/0/0 sync_data=0/0/0 tc_update=0/0/0 e_rrep_ack=0/0/0 data=42/39/37 hack=0/0/0 flood=0/0/0 rx_ok=283 tx_ok=118 rx_crc_or_empty=7080 queue_drop=0 relay_drop=0 relay_rate_limited=0 tx_len_drop=0
[105.918515 4.951054] linkv2 summary phase=periodic now=105323 submit_accepted=0 submit_rejected=0 submit_no_slot=0 submit_faulted=0 custody_transferred=0 local_tx_not_attempted=0 custody_busy_expired=0 custody_rejected=0 retry_exhausted=0 radio_fault_terminal=0 service_fault_terminal=0 final_deliveries=99 final_duplicates=19 scheduler_radio_fault=0 scheduler_service_fault=0 hook_rx_blocked=0 hook_hack_suppressed=0 hook_busy_forced=0 diagnostic_dropped=0 diag_queue=0 delivery_queue=0 delivery_provisional=0 fault_latched=0 link_hack_enqueue_failed=0
[105.968481 0.049966] linkv2 rf phase=periodic now=105323 channels=37,38,39 e_rreq=0/0/0 e_rrep=0/0/0 e_rerr=0/0/0 hello=0/0/0 sync_offer=0/0/0 sync_pull=0/0/0 sync_data=0/0/0 tc_update=0/0/0 e_rrep_ack=0/0/0 data=42/39/37 hack=0/0/0 flood=0/0/0 rx_ok=289 tx_ok=118 rx_crc_or_empty=7433 queue_drop=0 relay_drop=0 relay_rate_limited=0 tx_len_drop=0
[110.919522 4.951041] linkv2 summary phase=periodic now=110324 submit_accepted=0 submit_rejected=0 submit_no_slot=0 submit_faulted=0 custody_transferred=0 local_tx_not_attempted=0 custody_busy_expired=0 custody_rejected=0 retry_exhausted=0 radio_fault_terminal=0 service_fault_terminal=0 final_deliveries=99 final_duplicates=19 scheduler_radio_fault=0 scheduler_service_fault=0 hook_rx_blocked=0 hook_hack_suppressed=0 hook_busy_forced=0 diagnostic_dropped=0 diag_queue=0 delivery_queue=0 delivery_provisional=0 fault_latched=0 link_hack_enqueue_failed=0
[110.969513 0.049991] linkv2 rf phase=periodic now=110324 channels=37,38,39 e_rreq=0/0/0 e_rrep=0/0/0 e_rerr=0/0/0 hello=0/0/0 sync_offer=0/0/0 sync_pull=0/0/0 sync_data=0/0/0 tc_update=0/0/0 e_rrep_ack=0/0/0 data=42/39/37 hack=0/0/0 flood=0/0/0 rx_ok=298 tx_ok=118 rx_crc_or_empty=7789 queue_drop=0 relay_drop=0 relay_rate_limited=0 tx_len_drop=0
[115.920552 4.951039] linkv2 summary phase=periodic now=115325 submit_accepted=0 submit_rejected=0 submit_no_slot=0 submit_faulted=0 custody_transferred=0 local_tx_not_attempted=0 custody_busy_expired=0 custody_rejected=0 retry_exhausted=0 radio_fault_terminal=0 service_fault_terminal=0 final_deliveries=99 final_duplicates=19 scheduler_radio_fault=0 scheduler_service_fault=0 hook_rx_blocked=0 hook_hack_suppressed=0 hook_busy_forced=0 diagnostic_dropped=0 diag_queue=0 delivery_queue=0 delivery_provisional=0 fault_latched=0 link_hack_enqueue_failed=0
[115.970530 0.049979] linkv2 rf phase=periodic now=115325 channels=37,38,39 e_rreq=0/0/0 e_rrep=0/0/0 e_rerr=0/0/0 hello=0/0/0 sync_offer=0/0/0 sync_pull=0/0/0 sync_data=0/0/0 tc_update=0/0/0 e_rrep_ack=0/0/0 data=42/39/37 hack=0/0/0 flood=0/0/0 rx_ok=304 tx_ok=118 rx_crc_or_empty=8152 queue_drop=0 relay_drop=0 relay_rate_limited=0 tx_len_drop=0
[120.921591 4.951061] linkv2 summary phase=periodic now=120326 submit_accepted=0 submit_rejected=0 submit_no_slot=0 submit_faulted=0 custody_transferred=0 local_tx_not_attempted=0 custody_busy_expired=0 custody_rejected=0 retry_exhausted=0 radio_fault_terminal=0 service_fault_terminal=0 final_deliveries=99 final_duplicates=19 scheduler_radio_fault=0 scheduler_service_fault=0 hook_rx_blocked=0 hook_hack_suppressed=0 hook_busy_forced=0 diagnostic_dropped=0 diag_queue=0 delivery_queue=0 delivery_provisional=0 fault_latched=0 link_hack_enqueue_failed=0
[120.971586 0.049995] linkv2 rf phase=periodic now=120326 channels=37,38,39 e_rreq=0/0/0 e_rrep=0/0/0 e_rerr=0/0/0 hello=0/0/0 sync_offer=0/0/0 sync_pull=0/0/0 sync_data=0/0/0 tc_update=0/0/0 e_rrep_ack=0/0/0 data=42/39/37 hack=0/0/0 flood=0/0/0 rx_ok=313 tx_ok=118 rx_crc_or_empty=8515 queue_drop=0 relay_drop=0 relay_rate_limited=0 tx_len_drop=0
[125.921602 4.950016] linkv2 summary phase=periodic now=125327 submit_accepted=0 submit_rejected=0 submit_no_slot=0 submit_faulted=0 custody_transferred=0 local_tx_not_attempted=0 custody_busy_expired=0 custody_rejected=0 retry_exhausted=0 radio_fault_terminal=0 service_fault_terminal=0 final_deliveries=99 final_duplicates=19 scheduler_radio_fault=0 scheduler_service_fault=0 hook_rx_blocked=0 hook_hack_suppressed=0 hook_busy_forced=0 diagnostic_dropped=0 diag_queue=0 delivery_queue=0 delivery_provisional=0 fault_latched=0 link_hack_enqueue_failed=0
[125.972564 0.050961] linkv2 rf phase=periodic now=125327 channels=37,38,39 e_rreq=0/0/0 e_rrep=0/0/0 e_rerr=0/0/0 hello=0/0/0 sync_offer=0/0/0 sync_pull=0/0/0 sync_data=0/0/0 tc_update=0/0/0 e_rrep_ack=0/0/0 data=42/39/37 hack=0/0/0 flood=0/0/0 rx_ok=322 tx_ok=118 rx_crc_or_empty=8859 queue_drop=0 relay_drop=0 relay_rate_limited=0 tx_len_drop=0
[130.922683 4.950119] linkv2 summary phase=periodic now=130328 submit_accepted=0 submit_rejected=0 submit_no_slot=0 submit_faulted=0 custody_transferred=0 local_tx_not_attempted=0 custody_busy_expired=0 custody_rejected=0 retry_exhausted=0 radio_fault_terminal=0 service_fault_terminal=0 final_deliveries=99 final_duplicates=19 scheduler_radio_fault=0 scheduler_service_fault=0 hook_rx_blocked=0 hook_hack_suppressed=0 hook_busy_forced=0 diagnostic_dropped=0 diag_queue=0 delivery_queue=0 delivery_provisional=0 fault_latched=0 link_hack_enqueue_failed=0
[130.973598 0.050914] linkv2 rf phase=periodic now=130328 channels=37,38,39 e_rreq=0/0/0 e_rrep=0/0/0 e_rerr=0/0/0 hello=0/0/0 sync_offer=0/0/0 sync_pull=0/0/0 sync_data=0/0/0 tc_update=0/0/0 e_rrep_ack=0/0/0 data=42/39/37 hack=0/0/0 flood=0/0/0 rx_ok=330 tx_ok=118 rx_crc_or_empty=9220 queue_drop=0 relay_drop=0 relay_rate_limited=0 tx_len_drop=0
[135.923665 4.950067] linkv2 summary phase=periodic now=135329 submit_accepted=0 submit_rejected=0 submit_no_slot=0 submit_faulted=0 custody_transferred=0 local_tx_not_attempted=0 custody_busy_expired=0 custody_rejected=0 retry_exhausted=0 radio_fault_terminal=0 service_fault_terminal=0 final_deliveries=99 final_duplicates=19 scheduler_radio_fault=0 scheduler_service_fault=0 hook_rx_blocked=0 hook_hack_suppressed=0 hook_busy_forced=0 diagnostic_dropped=0 diag_queue=0 delivery_queue=0 delivery_provisional=0 fault_latched=0 link_hack_enqueue_failed=0
[135.973704 0.050040] linkv2 rf phase=periodic now=135329 channels=37,38,39 e_rreq=0/0/0 e_rrep=0/0/0 e_rerr=0/0/0 hello=0/0/0 sync_offer=0/0/0 sync_pull=0/0/0 sync_data=0/0/0 tc_update=0/0/0 e_rrep_ack=0/0/0 data=42/39/37 hack=0/0/0 flood=0/0/0 rx_ok=340 tx_ok=118 rx_crc_or_empty=9576 queue_drop=0 relay_drop=0 relay_rate_limited=0 tx_len_drop=0
[140.924679 4.950974] linkv2 summary phase=periodic now=140330 submit_accepted=0 submit_rejected=0 submit_no_slot=0 submit_faulted=0 custody_transferred=0 local_tx_not_attempted=0 custody_busy_expired=0 custody_rejected=0 retry_exhausted=0 radio_fault_terminal=0 service_fault_terminal=0 final_deliveries=99 final_duplicates=19 scheduler_radio_fault=0 scheduler_service_fault=0 hook_rx_blocked=0 hook_hack_suppressed=0 hook_busy_forced=0 diagnostic_dropped=0 diag_queue=0 delivery_queue=0 delivery_provisional=0 fault_latched=0 link_hack_enqueue_failed=0
[140.974701 0.050023] linkv2 rf phase=periodic now=140330 channels=37,38,39 e_rreq=0/0/0 e_rrep=0/0/0 e_rerr=0/0/0 hello=0/0/0 sync_offer=0/0/0 sync_pull=0/0/0 sync_data=0/0/0 tc_update=0/0/0 e_rrep_ack=0/0/0 data=42/39/37 hack=0/0/0 flood=0/0/0 rx_ok=350 tx_ok=118 rx_crc_or_empty=9934 queue_drop=0 relay_drop=0 relay_rate_limited=0 tx_len_drop=0
[145.925705 4.951004] linkv2 summary phase=periodic now=145331 submit_accepted=0 submit_rejected=0 submit_no_slot=0 submit_faulted=0 custody_transferred=0 local_tx_not_attempted=0 custody_busy_expired=0 custody_rejected=0 retry_exhausted=0 radio_fault_terminal=0 service_fault_terminal=0 final_deliveries=99 final_duplicates=19 scheduler_radio_fault=0 scheduler_service_fault=0 hook_rx_blocked=0 hook_hack_suppressed=0 hook_busy_forced=0 diagnostic_dropped=0 diag_queue=0 delivery_queue=0 delivery_provisional=0 fault_latched=0 link_hack_enqueue_failed=0
[145.975714 0.050009] linkv2 rf phase=periodic now=145331 channels=37,38,39 e_rreq=0/0/0 e_rrep=0/0/0 e_rerr=0/0/0 hello=0/0/0 sync_offer=0/0/0 sync_pull=0/0/0 sync_data=0/0/0 tc_update=0/0/0 e_rrep_ack=0/0/0 data=42/39/37 hack=0/0/0 flood=0/0/0 rx_ok=358 tx_ok=118 rx_crc_or_empty=10290 queue_drop=0 relay_drop=0 relay_rate_limited=0 tx_len_drop=0
[150.926757 4.951043] linkv2 summary phase=periodic now=150332 submit_accepted=0 submit_rejected=0 submit_no_slot=0 submit_faulted=0 custody_transferred=0 local_tx_not_attempted=0 custody_busy_expired=0 custody_rejected=0 retry_exhausted=0 radio_fault_terminal=0 service_fault_terminal=0 final_deliveries=99 final_duplicates=19 scheduler_radio_fault=0 scheduler_service_fault=0 hook_rx_blocked=0 hook_hack_suppressed=0 hook_busy_forced=0 diagnostic_dropped=0 diag_queue=0 delivery_queue=0 delivery_provisional=0 fault_latched=0 link_hack_enqueue_failed=0
[150.976760 0.050003] linkv2 rf phase=periodic now=150332 channels=37,38,39 e_rreq=0/0/0 e_rrep=0/0/0 e_rerr=0/0/0 hello=0/0/0 sync_offer=0/0/0 sync_pull=0/0/0 sync_data=0/0/0 tc_update=0/0/0 e_rrep_ack=0/0/0 data=42/39/37 hack=0/0/0 flood=0/0/0 rx_ok=364 tx_ok=118 rx_crc_or_empty=10650 queue_drop=0 relay_drop=0 relay_rate_limited=0 tx_len_drop=0
[155.927768 4.951008] linkv2 summary phase=periodic now=155333 submit_accepted=0 submit_rejected=0 submit_no_slot=0 submit_faulted=0 custody_transferred=0 local_tx_not_attempted=0 custody_busy_expired=0 custody_rejected=0 retry_exhausted=0 radio_fault_terminal=0 service_fault_terminal=0 final_deliveries=99 final_duplicates=19 scheduler_radio_fault=0 scheduler_service_fault=0 hook_rx_blocked=0 hook_hack_suppressed=0 hook_busy_forced=0 diagnostic_dropped=0 diag_queue=0 delivery_queue=0 delivery_provisional=0 fault_latched=0 link_hack_enqueue_failed=0
[155.977769 0.050001] linkv2 rf phase=periodic now=155333 channels=37,38,39 e_rreq=0/0/0 e_rrep=0/0/0 e_rerr=0/0/0 hello=0/0/0 sync_offer=0/0/0 sync_pull=0/0/0 sync_data=0/0/0 tc_update=0/0/0 e_rrep_ack=0/0/0 data=42/39/37 hack=0/0/0 flood=0/0/0 rx_ok=372 tx_ok=118 rx_crc_or_empty=10998 queue_drop=0 relay_drop=0 relay_rate_limited=0 tx_len_drop=0
[160.928792 4.951023] linkv2 summary phase=periodic now=160334 submit_accepted=0 submit_rejected=0 submit_no_slot=0 submit_faulted=0 custody_transferred=0 local_tx_not_attempted=0 custody_busy_expired=0 custody_rejected=0 retry_exhausted=0 radio_fault_terminal=0 service_fault_terminal=0 final_deliveries=99 final_duplicates=19 scheduler_radio_fault=0 scheduler_service_fault=0 hook_rx_blocked=0 hook_hack_suppressed=0 hook_busy_forced=0 diagnostic_dropped=0 diag_queue=0 delivery_queue=0 delivery_provisional=0 fault_latched=0 link_hack_enqueue_failed=0
[160.978794 0.050002] linkv2 rf phase=periodic now=160334 channels=37,38,39 e_rreq=0/0/0 e_rrep=0/0/0 e_rerr=0/0/0 hello=0/0/0 sync_offer=0/0/0 sync_pull=0/0/0 sync_data=0/0/0 tc_update=0/0/0 e_rrep_ack=0/0/0 data=42/39/37 hack=0/0/0 flood=0/0/0 rx_ok=381 tx_ok=118 rx_crc_or_empty=11359 queue_drop=0 relay_drop=0 relay_rate_limited=0 tx_len_drop=0
[165.929816 4.951022] linkv2 summary phase=periodic now=165335 submit_accepted=0 submit_rejected=0 submit_no_slot=0 submit_faulted=0 custody_transferred=0 local_tx_not_attempted=0 custody_busy_expired=0 custody_rejected=0 retry_exhausted=0 radio_fault_terminal=0 service_fault_terminal=0 final_deliveries=99 final_duplicates=19 scheduler_radio_fault=0 scheduler_service_fault=0 hook_rx_blocked=0 hook_hack_suppressed=0 hook_busy_forced=0 diagnostic_dropped=0 diag_queue=0 delivery_queue=0 delivery_provisional=0 fault_latched=0 link_hack_enqueue_failed=0
[165.979788 0.049972] linkv2 rf phase=periodic now=165335 channels=37,38,39 e_rreq=0/0/0 e_rrep=0/0/0 e_rerr=0/0/0 hello=0/0/0 sync_offer=0/0/0 sync_pull=0/0/0 sync_data=0/0/0 tc_update=0/0/0 e_rrep_ack=0/0/0 data=42/39/37 hack=0/0/0 flood=0/0/0 rx_ok=389 tx_ok=118 rx_crc_or_empty=11699 queue_drop=0 relay_drop=0 relay_rate_limited=0 tx_len_drop=0
[170.930849 4.951061] linkv2 summary phase=periodic now=170336 submit_accepted=0 submit_rejected=0 submit_no_slot=0 submit_faulted=0 custody_transferred=0 local_tx_not_attempted=0 custody_busy_expired=0 custody_rejected=0 retry_exhausted=0 radio_fault_terminal=0 service_fault_terminal=0 final_deliveries=99 final_duplicates=19 scheduler_radio_fault=0 scheduler_service_fault=0 hook_rx_blocked=0 hook_hack_suppressed=0 hook_busy_forced=0 diagnostic_dropped=0 diag_queue=0 delivery_queue=0 delivery_provisional=0 fault_latched=0 link_hack_enqueue_failed=0
[170.980848 0.049999] linkv2 rf phase=periodic now=170336 channels=37,38,39 e_rreq=0/0/0 e_rrep=0/0/0 e_rerr=0/0/0 hello=0/0/0 sync_offer=0/0/0 sync_pull=0/0/0 sync_data=0/0/0 tc_update=0/0/0 e_rrep_ack=0/0/0 data=42/39/37 hack=0/0/0 flood=0/0/0 rx_ok=399 tx_ok=118 rx_crc_or_empty=12035 queue_drop=0 relay_drop=0 relay_rate_limited=0 tx_len_drop=0
[175.930885 4.950037] linkv2 summary phase=periodic now=175337 submit_accepted=0 submit_rejected=0 submit_no_slot=0 submit_faulted=0 custody_transferred=0 local_tx_not_attempted=0 custody_busy_expired=0 custody_rejected=0 retry_exhausted=0 radio_fault_terminal=0 service_fault_terminal=0 final_deliveries=99 final_duplicates=19 scheduler_radio_fault=0 scheduler_service_fault=0 hook_rx_blocked=0 hook_hack_suppressed=0 hook_busy_forced=0 diagnostic_dropped=0 diag_queue=0 delivery_queue=0 delivery_provisional=0 fault_latched=0 link_hack_enqueue_failed=0
[175.981833 0.050949] linkv2 rf phase=periodic now=175337 channels=37,38,39 e_rreq=0/0/0 e_rrep=0/0/0 e_rerr=0/0/0 hello=0/0/0 sync_offer=0/0/0 sync_pull=0/0/0 sync_data=0/0/0 tc_update=0/0/0 e_rrep_ack=0/0/0 data=42/39/37 hack=0/0/0 flood=0/0/0 rx_ok=409 tx_ok=118 rx_crc_or_empty=12376 queue_drop=0 relay_drop=0 relay_rate_limited=0 tx_len_drop=0
[180.931887 4.950053] linkv2 summary phase=periodic now=180338 submit_accepted=0 submit_rejected=0 submit_no_slot=0 submit_faulted=0 custody_transferred=0 local_tx_not_attempted=0 custody_busy_expired=0 custody_rejected=0 retry_exhausted=0 radio_fault_terminal=0 service_fault_terminal=0 final_deliveries=99 final_duplicates=19 scheduler_radio_fault=0 scheduler_service_fault=0 hook_rx_blocked=0 hook_hack_suppressed=0 hook_busy_forced=0 diagnostic_dropped=0 diag_queue=0 delivery_queue=0 delivery_provisional=0 fault_latched=0 link_hack_enqueue_failed=0
[180.982868 0.050981] linkv2 rf phase=periodic now=180338 channels=37,38,39 e_rreq=0/0/0 e_rrep=0/0/0 e_rerr=0/0/0 hello=0/0/0 sync_offer=0/0/0 sync_pull=0/0/0 sync_data=0/0/0 tc_update=0/0/0 e_rrep_ack=0/0/0 data=42/39/37 hack=0/0/0 flood=0/0/0 rx_ok=418 tx_ok=118 rx_crc_or_empty=12734 queue_drop=0 relay_drop=0 relay_rate_limited=0 tx_len_drop=0
[185.932913 4.950045] linkv2 summary phase=periodic now=185339 submit_accepted=0 submit_rejected=0 submit_no_slot=0 submit_faulted=0 custody_transferred=0 local_tx_not_attempted=0 custody_busy_expired=0 custody_rejected=0 retry_exhausted=0 radio_fault_terminal=0 service_fault_terminal=0 final_deliveries=99 final_duplicates=19 scheduler_radio_fault=0 scheduler_service_fault=0 hook_rx_blocked=0 hook_hack_suppressed=0 hook_busy_forced=0 diagnostic_dropped=0 diag_queue=0 delivery_queue=0 delivery_provisional=0 fault_latched=0 link_hack_enqueue_failed=0
[185.982936 0.050023] linkv2 rf phase=periodic now=185339 channels=37,38,39 e_rreq=0/0/0 e_rrep=0/0/0 e_rerr=0/0/0 hello=0/0/0 sync_offer=0/0/0 sync_pull=0/0/0 sync_data=0/0/0 tc_update=0/0/0 e_rrep_ack=0/0/0 data=42/39/37 hack=0/0/0 flood=0/0/0 rx_ok=424 tx_ok=118 rx_crc_or_empty=13088 queue_drop=0 relay_drop=0 relay_rate_limited=0 tx_len_drop=0
[190.933938 4.951002] linkv2 summary phase=periodic now=190340 submit_accepted=0 submit_rejected=0 submit_no_slot=0 submit_faulted=0 custody_transferred=0 local_tx_not_attempted=0 custody_busy_expired=0 custody_rejected=0 retry_exhausted=0 radio_fault_terminal=0 service_fault_terminal=0 final_deliveries=99 final_duplicates=19 scheduler_radio_fault=0 scheduler_service_fault=0 hook_rx_blocked=0 hook_hack_suppressed=0 hook_busy_forced=0 diagnostic_dropped=0 diag_queue=0 delivery_queue=0 delivery_provisional=0 fault_latched=0 link_hack_enqueue_failed=0
[190.983947 0.050009] linkv2 rf phase=periodic now=190340 channels=37,38,39 e_rreq=0/0/0 e_rrep=0/0/0 e_rerr=0/0/0 hello=0/0/0 sync_offer=0/0/0 sync_pull=0/0/0 sync_data=0/0/0 tc_update=0/0/0 e_rrep_ack=0/0/0 data=42/39/37 hack=0/0/0 flood=0/0/0 rx_ok=433 tx_ok=118 rx_crc_or_empty=13449 queue_drop=0 relay_drop=0 relay_rate_limited=0 tx_len_drop=0
[195.934987 4.951041] linkv2 summary phase=periodic now=195341 submit_accepted=0 submit_rejected=0 submit_no_slot=0 submit_faulted=0 custody_transferred=0 local_tx_not_attempted=0 custody_busy_expired=0 custody_rejected=0 retry_exhausted=0 radio_fault_terminal=0 service_fault_terminal=0 final_deliveries=99 final_duplicates=19 scheduler_radio_fault=0 scheduler_service_fault=0 hook_rx_blocked=0 hook_hack_suppressed=0 hook_busy_forced=0 diagnostic_dropped=0 diag_queue=0 delivery_queue=0 delivery_provisional=0 fault_latched=0 link_hack_enqueue_failed=0
[195.984979 0.049992] linkv2 rf phase=periodic now=195341 channels=37,38,39 e_rreq=0/0/0 e_rrep=0/0/0 e_rerr=0/0/0 hello=0/0/0 sync_offer=0/0/0 sync_pull=0/0/0 sync_data=0/0/0 tc_update=0/0/0 e_rrep_ack=0/0/0 data=42/39/37 hack=0/0/0 flood=0/0/0 rx_ok=441 tx_ok=118 rx_crc_or_empty=13809 queue_drop=0 relay_drop=0 relay_rate_limited=0 tx_len_drop=0
[200.936034 4.951055] linkv2 summary phase=periodic now=200342 submit_accepted=0 submit_rejected=0 submit_no_slot=0 submit_faulted=0 custody_transferred=0 local_tx_not_attempted=0 custody_busy_expired=0 custody_rejected=0 retry_exhausted=0 radio_fault_terminal=0 service_fault_terminal=0 final_deliveries=99 final_duplicates=19 scheduler_radio_fault=0 scheduler_service_fault=0 hook_rx_blocked=0 hook_hack_suppressed=0 hook_busy_forced=0 diagnostic_dropped=0 diag_queue=0 delivery_queue=0 delivery_provisional=0 fault_latched=0 link_hack_enqueue_failed=0
[200.986011 0.049977] linkv2 rf phase=periodic now=200342 channels=37,38,39 e_rreq=0/0/0 e_rrep=0/0/0 e_rerr=0/0/0 hello=0/0/0 sync_offer=0/0/0 sync_pull=0/0/0 sync_data=0/0/0 tc_update=0/0/0 e_rrep_ack=0/0/0 data=42/39/37 hack=0/0/0 flood=0/0/0 rx_ok=447 tx_ok=118 rx_crc_or_empty=14172 queue_drop=0 relay_drop=0 relay_rate_limited=0 tx_len_drop=0
[205.937097 4.951086] linkv2 summary phase=periodic now=205343 submit_accepted=0 submit_rejected=0 submit_no_slot=0 submit_faulted=0 custody_transferred=0 local_tx_not_attempted=0 custody_busy_expired=0 custody_rejected=0 retry_exhausted=0 radio_fault_terminal=0 service_fault_terminal=0 final_deliveries=99 final_duplicates=19 scheduler_radio_fault=0 scheduler_service_fault=0 hook_rx_blocked=0 hook_hack_suppressed=0 hook_busy_forced=0 diagnostic_dropped=0 diag_queue=0 delivery_queue=0 delivery_provisional=0 fault_latched=0 link_hack_enqueue_failed=0
[205.987029 0.049932] linkv2 rf phase=periodic now=205343 channels=37,38,39 e_rreq=0/0/0 e_rrep=0/0/0 e_rerr=0/0/0 hello=0/0/0 sync_offer=0/0/0 sync_pull=0/0/0 sync_data=0/0/0 tc_update=0/0/0 e_rrep_ack=0/0/0 data=42/39/37 hack=0/0/0 flood=0/0/0 rx_ok=457 tx_ok=118 rx_crc_or_empty=14525 queue_drop=0 relay_drop=0 relay_rate_limited=0 tx_len_drop=0
[210.938065 4.951035] linkv2 summary phase=periodic now=210344 submit_accepted=0 submit_rejected=0 submit_no_slot=0 submit_faulted=0 custody_transferred=0 local_tx_not_attempted=0 custody_busy_expired=0 custody_rejected=0 retry_exhausted=0 radio_fault_terminal=0 service_fault_terminal=0 final_deliveries=99 final_duplicates=19 scheduler_radio_fault=0 scheduler_service_fault=0 hook_rx_blocked=0 hook_hack_suppressed=0 hook_busy_forced=0 diagnostic_dropped=0 diag_queue=0 delivery_queue=0 delivery_provisional=0 fault_latched=0 link_hack_enqueue_failed=0
[210.988043 0.049978] linkv2 rf phase=periodic now=210344 channels=37,38,39 e_rreq=0/0/0 e_rrep=0/0/0 e_rerr=0/0/0 hello=0/0/0 sync_offer=0/0/0 sync_pull=0/0/0 sync_data=0/0/0 tc_update=0/0/0 e_rrep_ack=0/0/0 data=42/39/37 hack=0/0/0 flood=0/0/0 rx_ok=466 tx_ok=118 rx_crc_or_empty=14849 queue_drop=0 relay_drop=0 relay_rate_limited=0 tx_len_drop=0
[215.939085 4.951042] linkv2 summary phase=periodic now=215345 submit_accepted=0 submit_rejected=0 submit_no_slot=0 submit_faulted=0 custody_transferred=0 local_tx_not_attempted=0 custody_busy_expired=0 custody_rejected=0 retry_exhausted=0 radio_fault_terminal=0 service_fault_terminal=0 final_deliveries=99 final_duplicates=19 scheduler_radio_fault=0 scheduler_service_fault=0 hook_rx_blocked=0 hook_hack_suppressed=0 hook_busy_forced=0 diagnostic_dropped=0 diag_queue=0 delivery_queue=0 delivery_provisional=0 fault_latched=0 link_hack_enqueue_failed=0
[215.989056 0.049971] linkv2 rf phase=periodic now=215345 channels=37,38,39 e_rreq=0/0/0 e_rrep=0/0/0 e_rerr=0/0/0 hello=0/0/0 sync_offer=0/0/0 sync_pull=0/0/0 sync_data=0/0/0 tc_update=0/0/0 e_rrep_ack=0/0/0 data=42/39/37 hack=0/0/0 flood=0/0/0 rx_ok=472 tx_ok=118 rx_crc_or_empty=15184 queue_drop=0 relay_drop=0 relay_rate_limited=0 tx_len_drop=0
[220.940374 4.951319] linkv2 summary phase=periodic now=220346 submit_accepted=0 submit_rejected=0 submit_no_slot=0 submit_faulted=0 custody_transferred=0 local_tx_not_attempted=0 custody_busy_expired=0 custody_rejected=0 retry_exhausted=0 radio_fault_terminal=0 service_fault_terminal=0 final_deliveries=99 final_duplicates=19 scheduler_radio_fault=0 scheduler_service_fault=0 hook_rx_blocked=0 hook_hack_suppressed=0 hook_busy_forced=0 diagnostic_dropped=0 diag_queue=0 delivery_queue=0 delivery_provisional=0 fault_latched=0 link_hack_enqueue_failed=0
[220.990126 0.049751] linkv2 rf phase=periodic now=220346 channels=37,38,39 e_rreq=0/0/0 e_rrep=0/0/0 e_rerr=0/0/0 hello=0/0/0 sync_offer=0/0/0 sync_pull=0/0/0 sync_data=0/0/0 tc_update=0/0/0 e_rrep_ack=0/0/0 data=42/39/37 hack=0/0/0 flood=0/0/0 rx_ok=482 tx_ok=118 rx_crc_or_empty=15522 queue_drop=0 relay_drop=0 relay_rate_limited=0 tx_len_drop=0
[225.940309 4.950183] linkv2 summary phase=periodic now=225347 submit_accepted=0 submit_rejected=0 submit_no_slot=0 submit_faulted=0 custody_transferred=0 local_tx_not_attempted=0 custody_busy_expired=0 custody_rejected=0 retry_exhausted=0 radio_fault_terminal=0 service_fault_terminal=0 final_deliveries=99 final_duplicates=19 scheduler_radio_fault=0 scheduler_service_fault=0 hook_rx_blocked=0 hook_hack_suppressed=0 hook_busy_forced=0 diagnostic_dropped=0 diag_queue=0 delivery_queue=0 delivery_provisional=0 fault_latched=0 link_hack_enqueue_failed=0
[225.991112 0.050803] linkv2 rf phase=periodic now=225347 channels=37,38,39 e_rreq=0/0/0 e_rrep=0/0/0 e_rerr=0/0/0 hello=0/0/0 sync_offer=0/0/0 sync_pull=0/0/0 sync_data=0/0/0 tc_update=0/0/0 e_rrep_ack=0/0/0 data=42/39/37 hack=0/0/0 flood=0/0/0 rx_ok=489 tx_ok=118 rx_crc_or_empty=15867 queue_drop=0 relay_drop=0 relay_rate_limited=0 tx_len_drop=0
[230.941177 4.950064] linkv2 summary phase=periodic now=230348 submit_accepted=0 submit_rejected=0 submit_no_slot=0 submit_faulted=0 custody_transferred=0 local_tx_not_attempted=0 custody_busy_expired=0 custody_rejected=0 retry_exhausted=0 radio_fault_terminal=0 service_fault_terminal=0 final_deliveries=99 final_duplicates=19 scheduler_radio_fault=0 scheduler_service_fault=0 hook_rx_blocked=0 hook_hack_suppressed=0 hook_busy_forced=0 diagnostic_dropped=0 diag_queue=0 delivery_queue=0 delivery_provisional=0 fault_latched=0 link_hack_enqueue_failed=0
[230.992150 0.050973] linkv2 rf phase=periodic now=230348 channels=37,38,39 e_rreq=0/0/0 e_rrep=0/0/0 e_rerr=0/0/0 hello=0/0/0 sync_offer=0/0/0 sync_pull=0/0/0 sync_data=0/0/0 tc_update=0/0/0 e_rrep_ack=0/0/0 data=42/39/37 hack=0/0/0 flood=0/0/0 rx_ok=501 tx_ok=118 rx_crc_or_empty=16236 queue_drop=0 relay_drop=0 relay_rate_limited=0 tx_len_drop=0
[235.942262 4.950113] linkv2 summary phase=periodic now=235349 submit_accepted=0 submit_rejected=0 submit_no_slot=0 submit_faulted=0 custody_transferred=0 local_tx_not_attempted=0 custody_busy_expired=0 custody_rejected=0 retry_exhausted=0 radio_fault_terminal=0 service_fault_terminal=0 final_deliveries=99 final_duplicates=19 scheduler_radio_fault=0 scheduler_service_fault=0 hook_rx_blocked=0 hook_hack_suppressed=0 hook_busy_forced=0 diagnostic_dropped=0 diag_queue=0 delivery_queue=0 delivery_provisional=0 fault_latched=0 link_hack_enqueue_failed=0
[235.992224 0.049962] linkv2 rf phase=periodic now=235349 channels=37,38,39 e_rreq=0/0/0 e_rrep=0/0/0 e_rerr=0/0/0 hello=0/0/0 sync_offer=0/0/0 sync_pull=0/0/0 sync_data=0/0/0 tc_update=0/0/0 e_rrep_ack=0/0/0 data=42/39/37 hack=0/0/0 flood=0/0/0 rx_ok=513 tx_ok=118 rx_crc_or_empty=16575 queue_drop=0 relay_drop=0 relay_rate_limited=0 tx_len_drop=0
[240.943231 4.951007] linkv2 summary phase=periodic now=240350 submit_accepted=0 submit_rejected=0 submit_no_slot=0 submit_faulted=0 custody_transferred=0 local_tx_not_attempted=0 custody_busy_expired=0 custody_rejected=0 retry_exhausted=0 radio_fault_terminal=0 service_fault_terminal=0 final_deliveries=99 final_duplicates=19 scheduler_radio_fault=0 scheduler_service_fault=0 hook_rx_blocked=0 hook_hack_suppressed=0 hook_busy_forced=0 diagnostic_dropped=0 diag_queue=0 delivery_queue=0 delivery_provisional=0 fault_latched=0 link_hack_enqueue_failed=0
[240.993282 0.050050] linkv2 rf phase=periodic now=240350 channels=37,38,39 e_rreq=0/0/0 e_rrep=0/0/0 e_rerr=0/0/0 hello=0/0/0 sync_offer=0/0/0 sync_pull=0/0/0 sync_data=0/0/0 tc_update=0/0/0 e_rrep_ack=0/0/0 data=42/39/37 hack=0/0/0 flood=0/0/0 rx_ok=519 tx_ok=118 rx_crc_or_empty=16920 queue_drop=0 relay_drop=0 relay_rate_limited=0 tx_len_drop=0
[245.944227 4.950946] linkv2 summary phase=periodic now=245351 submit_accepted=0 submit_rejected=0 submit_no_slot=0 submit_faulted=0 custody_transferred=0 local_tx_not_attempted=0 custody_busy_expired=0 custody_rejected=0 retry_exhausted=0 radio_fault_terminal=0 service_fault_terminal=0 final_deliveries=99 final_duplicates=19 scheduler_radio_fault=0 scheduler_service_fault=0 hook_rx_blocked=0 hook_hack_suppressed=0 hook_busy_forced=0 diagnostic_dropped=0 diag_queue=0 delivery_queue=0 delivery_provisional=0 fault_latched=0 link_hack_enqueue_failed=0
[245.994246 0.050019] linkv2 rf phase=periodic now=245351 channels=37,38,39 e_rreq=0/0/0 e_rrep=0/0/0 e_rerr=0/0/0 hello=0/0/0 sync_offer=0/0/0 sync_pull=0/0/0 sync_data=0/0/0 tc_update=0/0/0 e_rrep_ack=0/0/0 data=42/39/37 hack=0/0/0 flood=0/0/0 rx_ok=529 tx_ok=118 rx_crc_or_empty=17272 queue_drop=0 relay_drop=0 relay_rate_limited=0 tx_len_drop=0
[250.945342 4.951096] linkv2 summary phase=periodic now=250352 submit_accepted=0 submit_rejected=0 submit_no_slot=0 submit_faulted=0 custody_transferred=0 local_tx_not_attempted=0 custody_busy_expired=0 custody_rejected=0 retry_exhausted=0 radio_fault_terminal=0 service_fault_terminal=0 final_deliveries=99 final_duplicates=19 scheduler_radio_fault=0 scheduler_service_fault=0 hook_rx_blocked=0 hook_hack_suppressed=0 hook_busy_forced=0 diagnostic_dropped=0 diag_queue=0 delivery_queue=0 delivery_provisional=0 fault_latched=0 link_hack_enqueue_failed=0
[250.995291 0.049949] linkv2 rf phase=periodic now=250352 channels=37,38,39 e_rreq=0/0/0 e_rrep=0/0/0 e_rerr=0/0/0 hello=0/0/0 sync_offer=0/0/0 sync_pull=0/0/0 sync_data=0/0/0 tc_update=0/0/0 e_rrep_ack=0/0/0 data=42/39/37 hack=0/0/0 flood=0/0/0 rx_ok=537 tx_ok=118 rx_crc_or_empty=17625 queue_drop=0 relay_drop=0 relay_rate_limited=0 tx_len_drop=0
[255.946306 4.951015] linkv2 summary phase=periodic now=255353 submit_accepted=0 submit_rejected=0 submit_no_slot=0 submit_faulted=0 custody_transferred=0 local_tx_not_attempted=0 custody_busy_expired=0 custody_rejected=0 retry_exhausted=0 radio_fault_terminal=0 service_fault_terminal=0 final_deliveries=99 final_duplicates=19 scheduler_radio_fault=0 scheduler_service_fault=0 hook_rx_blocked=0 hook_hack_suppressed=0 hook_busy_forced=0 diagnostic_dropped=0 diag_queue=0 delivery_queue=0 delivery_provisional=0 fault_latched=0 link_hack_enqueue_failed=0
[255.996303 0.049997] linkv2 rf phase=periodic now=255353 channels=37,38,39 e_rreq=0/0/0 e_rrep=0/0/0 e_rerr=0/0/0 hello=0/0/0 sync_offer=0/0/0 sync_pull=0/0/0 sync_data=0/0/0 tc_update=0/0/0 e_rrep_ack=0/0/0 data=42/39/37 hack=0/0/0 flood=0/0/0 rx_ok=547 tx_ok=118 rx_crc_or_empty=17974 queue_drop=0 relay_drop=0 relay_rate_limited=0 tx_len_drop=0
[260.947333 4.951030] linkv2 summary phase=periodic now=260354 submit_accepted=0 submit_rejected=0 submit_no_slot=0 submit_faulted=0 custody_transferred=0 local_tx_not_attempted=0 custody_busy_expired=0 custody_rejected=0 retry_exhausted=0 radio_fault_terminal=0 service_fault_terminal=0 final_deliveries=99 final_duplicates=19 scheduler_radio_fault=0 scheduler_service_fault=0 hook_rx_blocked=0 hook_hack_suppressed=0 hook_busy_forced=0 diagnostic_dropped=0 diag_queue=0 delivery_queue=0 delivery_provisional=0 fault_latched=0 link_hack_enqueue_failed=0
[260.997320 0.049987] linkv2 rf phase=periodic now=260354 channels=37,38,39 e_rreq=0/0/0 e_rrep=0/0/0 e_rerr=0/0/0 hello=0/0/0 sync_offer=0/0/0 sync_pull=0/0/0 sync_data=0/0/0 tc_update=0/0/0 e_rrep_ack=0/0/0 data=42/39/37 hack=0/0/0 flood=0/0/0 rx_ok=553 tx_ok=118 rx_crc_or_empty=18331 queue_drop=0 relay_drop=0 relay_rate_limited=0 tx_len_drop=0
[265.948352 4.951031] linkv2 summary phase=periodic now=265355 submit_accepted=0 submit_rejected=0 submit_no_slot=0 submit_faulted=0 custody_transferred=0 local_tx_not_attempted=0 custody_busy_expired=0 custody_rejected=0 retry_exhausted=0 radio_fault_terminal=0 service_fault_terminal=0 final_deliveries=99 final_duplicates=19 scheduler_radio_fault=0 scheduler_service_fault=0 hook_rx_blocked=0 hook_hack_suppressed=0 hook_busy_forced=0 diagnostic_dropped=0 diag_queue=0 delivery_queue=0 delivery_provisional=0 fault_latched=0 link_hack_enqueue_failed=0
[265.998358 0.050006] linkv2 rf phase=periodic now=265355 channels=37,38,39 e_rreq=0/0/0 e_rrep=0/0/0 e_rerr=0/0/0 hello=0/0/0 sync_offer=0/0/0 sync_pull=0/0/0 sync_data=0/0/0 tc_update=0/0/0 e_rrep_ack=0/0/0 data=42/39/37 hack=0/0/0 flood=0/0/0 rx_ok=564 tx_ok=118 rx_crc_or_empty=18679 queue_drop=0 relay_drop=0 relay_rate_limited=0 tx_len_drop=0
[270.949407 4.951049] linkv2 summary phase=periodic now=270356 submit_accepted=0 submit_rejected=0 submit_no_slot=0 submit_faulted=0 custody_transferred=0 local_tx_not_attempted=0 custody_busy_expired=0 custody_rejected=0 retry_exhausted=0 radio_fault_terminal=0 service_fault_terminal=0 final_deliveries=99 final_duplicates=19 scheduler_radio_fault=0 scheduler_service_fault=0 hook_rx_blocked=0 hook_hack_suppressed=0 hook_busy_forced=0 diagnostic_dropped=0 diag_queue=0 delivery_queue=0 delivery_provisional=0 fault_latched=0 link_hack_enqueue_failed=0
[270.999357 0.049950] linkv2 rf phase=periodic now=270356 channels=37,38,39 e_rreq=0/0/0 e_rrep=0/0/0 e_rerr=0/0/0 hello=0/0/0 sync_offer=0/0/0 sync_pull=0/0/0 sync_data=0/0/0 tc_update=0/0/0 e_rrep_ack=0/0/0 data=42/39/37 hack=0/0/0 flood=0/0/0 rx_ok=571 tx_ok=118 rx_crc_or_empty=19048 queue_drop=0 relay_drop=0 relay_rate_limited=0 tx_len_drop=0
[275.949418 4.950062] linkv2 summary phase=periodic now=275357 submit_accepted=0 submit_rejected=0 submit_no_slot=0 submit_faulted=0 custody_transferred=0 local_tx_not_attempted=0 custody_busy_expired=0 custody_rejected=0 retry_exhausted=0 radio_fault_terminal=0 service_fault_terminal=0 final_deliveries=99 final_duplicates=19 scheduler_radio_fault=0 scheduler_service_fault=0 hook_rx_blocked=0 hook_hack_suppressed=0 hook_busy_forced=0 diagnostic_dropped=0 diag_queue=0 delivery_queue=0 delivery_provisional=0 fault_latched=0 link_hack_enqueue_failed=0
[275.999504 0.050086] linkv2 rf phase=periodic now=275357 channels=37,38,39 e_rreq=0/0/0 e_rrep=0/0/0 e_rerr=0/0/0 hello=0/0/0 sync_offer=0/0/0 sync_pull=0/0/0 sync_data=0/0/0 tc_update=0/0/0 e_rrep_ack=0/0/0 data=42/39/37 hack=0/0/0 flood=0/0/0 rx_ok=581 tx_ok=118 rx_crc_or_empty=19411 queue_drop=0 relay_drop=0 relay_rate_limited=0 tx_len_drop=0
[280.950429 4.950925] linkv2 summary phase=periodic now=280358 submit_accepted=0 submit_rejected=0 submit_no_slot=0 submit_faulted=0 custody_transferred=0 local_tx_not_attempted=0 custody_busy_expired=0 custody_rejected=0 retry_exhausted=0 radio_fault_terminal=0 service_fault_terminal=0 final_deliveries=99 final_duplicates=19 scheduler_radio_fault=0 scheduler_service_fault=0 hook_rx_blocked=0 hook_hack_suppressed=0 hook_busy_forced=0 diagnostic_dropped=0 diag_queue=0 delivery_queue=0 delivery_provisional=0 fault_latched=0 link_hack_enqueue_failed=0
[281.001397 0.050968] linkv2 rf phase=periodic now=280358 channels=37,38,39 e_rreq=0/0/0 e_rrep=0/0/0 e_rerr=0/0/0 hello=0/0/0 sync_offer=0/0/0 sync_pull=0/0/0 sync_data=0/0/0 tc_update=0/0/0 e_rrep_ack=0/0/0 data=42/39/37 hack=0/0/0 flood=0/0/0 rx_ok=590 tx_ok=118 rx_crc_or_empty=19754 queue_drop=0 relay_drop=0 relay_rate_limited=0 tx_len_drop=0
[285.951503 4.950106] linkv2 summary phase=periodic now=285359 submit_accepted=0 submit_rejected=0 submit_no_slot=0 submit_faulted=0 custody_transferred=0 local_tx_not_attempted=0 custody_busy_expired=0 custody_rejected=0 retry_exhausted=0 radio_fault_terminal=0 service_fault_terminal=0 final_deliveries=99 final_duplicates=19 scheduler_radio_fault=0 scheduler_service_fault=0 hook_rx_blocked=0 hook_hack_suppressed=0 hook_busy_forced=0 diagnostic_dropped=0 diag_queue=0 delivery_queue=0 delivery_provisional=0 fault_latched=0 link_hack_enqueue_failed=0
[286.001498 0.049995] linkv2 rf phase=periodic now=285359 channels=37,38,39 e_rreq=0/0/0 e_rrep=0/0/0 e_rerr=0/0/0 hello=0/0/0 sync_offer=0/0/0 sync_pull=0/0/0 sync_data=0/0/0 tc_update=0/0/0 e_rrep_ack=0/0/0 data=42/39/37 hack=0/0/0 flood=0/0/0 rx_ok=596 tx_ok=118 rx_crc_or_empty=20106 queue_drop=0 relay_drop=0 relay_rate_limited=0 tx_len_drop=0
[290.952513 4.951014] linkv2 summary phase=periodic now=290360 submit_accepted=0 submit_rejected=0 submit_no_slot=0 submit_faulted=0 custody_transferred=0 local_tx_not_attempted=0 custody_busy_expired=0 custody_rejected=0 retry_exhausted=0 radio_fault_terminal=0 service_fault_terminal=0 final_deliveries=99 final_duplicates=19 scheduler_radio_fault=0 scheduler_service_fault=0 hook_rx_blocked=0 hook_hack_suppressed=0 hook_busy_forced=0 diagnostic_dropped=0 diag_queue=0 delivery_queue=0 delivery_provisional=0 fault_latched=0 link_hack_enqueue_failed=0
[291.002503 0.049990] linkv2 rf phase=periodic now=290360 channels=37,38,39 e_rreq=0/0/0 e_rrep=0/0/0 e_rerr=0/0/0 hello=0/0/0 sync_offer=0/0/0 sync_pull=0/0/0 sync_data=0/0/0 tc_update=0/0/0 e_rrep_ack=0/0/0 data=42/39/37 hack=0/0/0 flood=0/0/0 rx_ok=605 tx_ok=118 rx_crc_or_empty=20453 queue_drop=0 relay_drop=0 relay_rate_limited=0 tx_len_drop=0
[295.953528 4.951025] linkv2 summary phase=periodic now=295361 submit_accepted=0 submit_rejected=0 submit_no_slot=0 submit_faulted=0 custody_transferred=0 local_tx_not_attempted=0 custody_busy_expired=0 custody_rejected=0 retry_exhausted=0 radio_fault_terminal=0 service_fault_terminal=0 final_deliveries=99 final_duplicates=19 scheduler_radio_fault=0 scheduler_service_fault=0 hook_rx_blocked=0 hook_hack_suppressed=0 hook_busy_forced=0 diagnostic_dropped=0 diag_queue=0 delivery_queue=0 delivery_provisional=0 fault_latched=0 link_hack_enqueue_failed=0
[296.003537 0.050009] linkv2 rf phase=periodic now=295361 channels=37,38,39 e_rreq=0/0/0 e_rrep=0/0/0 e_rerr=0/0/0 hello=0/0/0 sync_offer=0/0/0 sync_pull=0/0/0 sync_data=0/0/0 tc_update=0/0/0 e_rrep_ack=0/0/0 data=42/39/37 hack=0/0/0 flood=0/0/0 rx_ok=613 tx_ok=118 rx_crc_or_empty=20801 queue_drop=0 relay_drop=0 relay_rate_limited=0 tx_len_drop=0
[300.954564 4.951027] linkv2 summary phase=periodic now=300362 submit_accepted=0 submit_rejected=0 submit_no_slot=0 submit_faulted=0 custody_transferred=0 local_tx_not_attempted=0 custody_busy_expired=0 custody_rejected=0 retry_exhausted=0 radio_fault_terminal=0 service_fault_terminal=0 final_deliveries=99 final_duplicates=19 scheduler_radio_fault=0 scheduler_service_fault=0 hook_rx_blocked=0 hook_hack_suppressed=0 hook_busy_forced=0 diagnostic_dropped=0 diag_queue=0 delivery_queue=0 delivery_provisional=0 fault_latched=0 link_hack_enqueue_failed=0
[301.004546 0.049982] linkv2 rf phase=periodic now=300362 channels=37,38,39 e_rreq=0/0/0 e_rrep=0/0/0 e_rerr=0/0/0 hello=0/0/0 sync_offer=0/0/0 sync_pull=0/0/0 sync_data=0/0/0 tc_update=0/0/0 e_rrep_ack=0/0/0 data=42/39/37 hack=0/0/0 flood=0/0/0 rx_ok=621 tx_ok=118 rx_crc_or_empty=21168 queue_drop=0 relay_drop=0 relay_rate_limited=0 tx_len_drop=0
[305.955585 4.951039] linkv2 summary phase=periodic now=305363 submit_accepted=0 submit_rejected=0 submit_no_slot=0 submit_faulted=0 custody_transferred=0 local_tx_not_attempted=0 custody_busy_expired=0 custody_rejected=0 retry_exhausted=0 radio_fault_terminal=0 service_fault_terminal=0 final_deliveries=99 final_duplicates=19 scheduler_radio_fault=0 scheduler_service_fault=0 hook_rx_blocked=0 hook_hack_suppressed=0 hook_busy_forced=0 diagnostic_dropped=0 diag_queue=0 delivery_queue=0 delivery_provisional=0 fault_latched=0 link_hack_enqueue_failed=0
[306.005592 0.050007] linkv2 rf phase=periodic now=305363 channels=37,38,39 e_rreq=0/0/0 e_rrep=0/0/0 e_rerr=0/0/0 hello=0/0/0 sync_offer=0/0/0 sync_pull=0/0/0 sync_data=0/0/0 tc_update=0/0/0 e_rrep_ack=0/0/0 data=42/39/37 hack=0/0/0 flood=0/0/0 rx_ok=632 tx_ok=118 rx_crc_or_empty=21513 queue_drop=0 relay_drop=0 relay_rate_limited=0 tx_len_drop=0
