[16:06:52.440935 0.000000] ry_queue=0 delivery_provisional=0 fault_latched=0 link_hack_enqueue_failed=0
[16:06:53.910980 1.470044] 
[16:06:53.911048 0.000071] 
[16:06:53.911065 0.000016] microT-Kernel Version 3.00
[16:06:53.913933 0.002867] 
[16:06:53.913962 0.000030] tron_ble profile=BALANCED target=ble_link_v2_testbed behavior=LINK_V2_HARNESS candidate=ON identity=dc:4b:0a:06:03:f8 identity_source=CONFIGURED_OVERRIDE role=leaf
[16:06:53.927980 0.014016] linkv2 identity field=runtime_ficr adva=dc:4b:0a:06:03:f8
[16:06:53.933972 0.005992] linkv2 identity field=effective_local adva=dc:4b:0a:06:03:f8
[16:06:53.938964 0.004993] linkv2 identity field=scheduler_copy adva=dc:4b:0a:06:03:f8
[16:06:53.943982 0.005018] linkv2 startup poc=link_v2_harness behavior=LINK_V2_HARNESS candidate=ON timer_profile=BALANCED network=1 role=leaf identity_source=CONFIGURED_OVERRIDE configured_override=dc:4b:0a:06:03:f8 target_uid=99063602000528205539bee7957c8dea000000006e052820 inventory_records=2 inventory_full_adva_unique=yes inventory_sid16_unique=yes inventory_sid16_nonreserved=yes inventory_sid8_unique=yes inventory_sid8_nonreserved=yes peer=18:42:de:52:4a:dd initiator=OFF interval_ms=1000 transaction_target=0 runtime_ficr=dc:4b:0a:06:03:f8 effective_local=dc:4b:0a:06:03:f8 scheduler_adva=dc:4b:0a:06:03:f8 configured_runtime_equal=yes effective_runtime_equal=yes effective_scheduler_equal=yes sid16=19420 sid8=220 fixed_k=disabled mesh_yield_ms=1 hook.enabled=0 hook.rx_block_adva=NOT_CONFIGURED hook.hack_drop_adva=NOT_CONFIGURED hook.hack_drop_count=0 hook.busy_admission_count=0 hook.collision_peer_adva=NOT_IMPLEMENTED  timer.scheduler_dwell_ms=50 timer.scheduler_relay_spacing_ms=200 timer.scheduler_custody_bypass_max=2 timer.scheduler_poll_max_ms=2 timer.radio_state_timeout_ms=2 timer.radio_tx_event_bound_ms=8 timer.legacy_relay_min_ms=20 timer.legacy_relay_max_ms=120 timer.legacy_dedupe_ms=10000 timer.legacy_ping_interval_ms=2000 timer.legacy_ping_timeout_ms=1500 timer.link_hack_timeout_ms=250 timer.link_max_attempts=3 timer.link_retry_backoff_ms=0 timer.link_tx_scheduler_attempt_bound_ms=30 timer.link_response_window_sum_ms=750 timer.link_no_response_wall_bound_ms=840 timer.link_candidate_resolve_ms=10 timer.link_busy_backoff_ms=500 timer.link_busy_max_responses=3 timer.link_data_deadline_ms=5000 timer.link_data_dedupe_ms=10000 timer.link_flood_dedupe_ms=10000 timer.link_flood_jitter_min_ms=20 timer.link_flood_jitter_max_ms=120 timer.aodv_node_traversal_ms=40 timer.aodv_net_diameter=15 timer.aodv_net_traversal_ms=1200 timer.aodv_path_discovery_ms=2400 timer.aodv_rreq_seen_ms=10000 timer.aodv_rreq_retries=2 timer.aodv_rreq_rate=10 timer.aodv_rerr_rate=10 timer.aodv_active_route_ms=360000 timer.aodv_pending_data_ms=30000 timer.aodv_blacklist_ms=2400 timer.aodv_rrep_dedupe_ms=10000 timer.aodv_rerr_dedupe_ms=10000 timer.aodv_rrep_ack_wait_ms=250 timer.gtt_soft_expiry_ms=150000 timer.gtt_hard_expiry_ms=300000 timer.gtt_departed_ms=600000 timer.gtt_maintenance_ms=25000 timer.hello_change_ms=24000 timer.hello_stable_ms=120000 timer.hello_alpha=0.8 timer.hello_snap_ratio=0.95 timer.hello_dedupe_ms=10000 timer.router_reboot_announce_ms=3000 timer.verification_window_ms=8400 timer.verification_new_cap=4 timer.verification_active_cap=4 timer.mentor_offer_window_ms=2000 timer.mentor_page_timeout_ms=2400 timer.mentor_page_attempts=3 timer.mentor_self_bootstrap_ms=3000 timer.mentor_sync_dedupe_ms=10000 timer.mentor_rssi_weak_magnitude_db=90 timer.mentor_rssi_strong_magnitude_db=30 timer.mentor_rssi_weak_delay_ms=500 timer.mentor_rssi_strong_delay_ms=10 timer.mentor_jitter_min_ms=0 timer.mentor_jitter_max_ms=50 timer.mentor_offer_suppression_ms=10000 timer.metadata_cooldown_ms=5000 timer.tc_uuid_ms=30000 timer.tc_subject_ms=1000 timer.repair_timeout_ms=5300 timer.repair_cooldown_ms=1000 timer.stats_ms=5000 timer.loop_delay_ms=2
[16:06:54.218996 0.275014] linkv2 diag now=308 kind=0 value=0
[16:06:55.373001 1.154004] linkv2 diag now=1462 kind=5 value=0
[16:06:55.379954 0.006955] linkv2 diag now=1462 kind=3 value=1
[16:06:55.384953 0.004998] linkv2 final_delivery now=1462 origin=0x4218 destination=0x4bdc seq=1 app_kind=0x7f app_source=0 app_len=4 peer=18:42:de:52:4a:dd
[16:06:55.869015 0.484062] linkv2 diag now=1957 kind=5 value=0
[16:06:55.875952 0.006938] linkv2 diag now=1957 kind=3 value=2
[16:06:55.880967 0.005014] linkv2 final_delivery now=1957 origin=0x4218 destination=0x4bdc seq=2 app_kind=0x7f app_source=0 app_len=4 peer=18:42:de:52:4a:dd
[16:06:56.869027 0.988060] linkv2 diag now=2958 kind=5 value=0
[16:06:56.875972 0.006946] linkv2 diag now=2958 kind=3 value=3
[16:06:56.880978 0.005005] linkv2 final_delivery now=2958 origin=0x4218 destination=0x4bdc seq=3 app_kind=0x7f app_source=0 app_len=4 peer=18:42:de:52:4a:dd
[16:06:58.872000 1.991022] linkv2 diag now=4961 kind=5 value=0
[16:06:58.878969 0.006971] linkv2 diag now=4961 kind=3 value=5
[16:06:58.884990 0.006019] linkv2 final_delivery now=4961 origin=0x4218 destination=0x4bdc seq=5 app_kind=0x7f app_source=0 app_len=4 peer=18:42:de:52:4a:dd
[16:06:59.219031 0.334040] linkv2 summary phase=periodic now=5308 submit_accepted=0 submit_rejected=0 submit_no_slot=0 submit_faulted=0 custody_transferred=0 local_tx_not_attempted=0 custody_busy_expired=0 custody_rejected=0 retry_exhausted=0 radio_fault_terminal=0 service_fault_terminal=0 final_deliveries=4 final_duplicates=0 scheduler_radio_fault=0 scheduler_service_fault=0 hook_rx_blocked=0 hook_hack_suppressed=0 hook_busy_forced=0 diagnostic_dropped=0 diag_queue=0 delivery_queue=0 delivery_provisional=0 fault_latched=0 link_hack_enqueue_failed=0
[16:06:59.872051 0.653021] linkv2 diag now=5961 kind=5 value=0
[16:06:59.878988 0.006939] linkv2 diag now=5961 kind=3 value=6
[16:06:59.883023 0.004035] linkv2 final_delivery now=5961 origin=0x4218 destination=0x4bdc seq=6 app_kind=0x7f app_source=0 app_len=4 peer=18:42:de:52:4a:dd
[16:07:02.127069 2.244044] linkv2 diag now=8216 kind=5 value=0
[16:07:02.134008 0.006939] linkv2 diag now=8216 kind=3 value=8
[16:07:02.140031 0.006024] linkv2 final_delivery now=8216 origin=0x4218 destination=0x4bdc seq=8 app_kind=0x7f app_source=0 app_len=4 peer=18:42:de:52:4a:dd
[16:07:02.874044 0.734011] linkv2 diag now=8963 kind=5 value=0
[16:07:02.881031 0.006988] linkv2 diag now=8963 kind=3 value=9
[16:07:02.885021 0.003991] linkv2 final_delivery now=8963 origin=0x4218 destination=0x4bdc seq=9 app_kind=0x7f app_source=0 app_len=4 peer=18:42:de:52:4a:dd
[16:07:04.219072 1.334049] linkv2 summary phase=periodic now=10309 submit_accepted=0 submit_rejected=0 submit_no_slot=0 submit_faulted=0 custody_transferred=0 local_tx_not_attempted=0 custody_busy_expired=0 custody_rejected=0 retry_exhausted=0 radio_fault_terminal=0 service_fault_terminal=0 final_deliveries=7 final_duplicates=1 scheduler_radio_fault=0 scheduler_service_fault=0 hook_rx_blocked=0 hook_hack_suppressed=0 hook_busy_forced=0 diagnostic_dropped=0 diag_queue=0 delivery_queue=0 delivery_provisional=0 fault_latched=0 link_hack_enqueue_failed=0
[16:07:04.381082 0.162010] linkv2 diag now=10470 kind=5 value=0
[16:07:04.388050 0.006969] linkv2 diag now=10470 kind=3 value=10
[16:07:04.393042 0.004992] linkv2 final_delivery now=10470 origin=0x4218 destination=0x4bdc seq=10 app_kind=0x7f app_source=0 app_len=4 peer=18:42:de:52:4a:dd
[16:07:04.876073 0.483030] linkv2 diag now=10965 kind=5 value=0
[16:07:04.882041 0.005969] linkv2 diag now=10965 kind=3 value=11
[16:07:04.887054 0.005013] linkv2 final_delivery now=10965 origin=0x4218 destination=0x4bdc seq=11 app_kind=0x7f app_source=0 app_len=4 peer=18:42:de:52:4a:dd
[16:07:06.381098 1.494042] linkv2 diag now=12470 kind=5 value=0
[16:07:06.388091 0.006994] linkv2 diag now=12470 kind=3 value=12
[16:07:06.393066 0.004976] linkv2 final_delivery now=12470 origin=0x4218 destination=0x4bdc seq=12 app_kind=0x7f app_source=0 app_len=4 peer=18:42:de:52:4a:dd
[16:07:06.876101 0.483034] linkv2 diag now=12965 kind=5 value=0
[16:07:06.883100 0.007001] linkv2 diag now=12965 kind=3 value=13
[16:07:06.887056 0.003956] linkv2 final_delivery now=12965 origin=0x4218 destination=0x4bdc seq=13 app_kind=0x7f app_source=0 app_len=4 peer=18:42:de:52:4a:dd
[16:07:08.879132 1.992074] linkv2 diag now=14968 kind=5 value=0
[16:07:08.886131 0.006999] linkv2 diag now=14968 kind=3 value=15
[16:07:08.891084 0.004954] linkv2 final_delivery now=14968 origin=0x4218 destination=0x4bdc seq=15 app_kind=0x7f app_source=0 app_len=4 peer=18:42:de:52:4a:dd
[16:07:09.219130 0.328046] linkv2 summary phase=periodic now=15309 submit_accepted=0 submit_rejected=0 submit_no_slot=0 submit_faulted=0 custody_transferred=0 local_tx_not_attempted=0 custody_busy_expired=0 custody_rejected=0 retry_exhausted=0 radio_fault_terminal=0 service_fault_terminal=0 final_deliveries=12 final_duplicates=1 scheduler_radio_fault=0 scheduler_service_fault=0 hook_rx_blocked=0 hook_hack_suppressed=0 hook_busy_forced=0 diagnostic_dropped=0 diag_queue=0 delivery_queue=0 delivery_provisional=0 fault_latched=0 link_hack_enqueue_failed=0
[16:07:10.882136 1.663005] linkv2 diag now=16971 kind=5 value=0
[16:07:10.888110 0.005975] linkv2 diag now=16971 kind=3 value=17
[16:07:10.893118 0.005009] linkv2 final_delivery now=16971 origin=0x4218 destination=0x4bdc seq=17 app_kind=0x7f app_source=0 app_len=4 peer=18:42:de:52:4a:dd
[16:07:12.883187 1.990068] linkv2 diag now=18972 kind=5 value=0
[16:07:12.890136 0.006949] linkv2 diag now=18972 kind=3 value=19
[16:07:12.895165 0.005030] linkv2 final_delivery now=18972 origin=0x4218 destination=0x4bdc seq=19 app_kind=0x7f app_source=0 app_len=4 peer=18:42:de:52:4a:dd
[16:07:14.138205 1.243039] linkv2 diag now=20227 kind=5 value=0
[16:07:14.144142 0.005938] linkv2 diag now=20227 kind=3 value=20
[16:07:14.149156 0.005014] linkv2 final_delivery now=20227 origin=0x4218 destination=0x4bdc seq=20 app_kind=0x7f app_source=0 app_len=4 peer=18:42:de:52:4a:dd
[16:07:14.219182 0.070025] linkv2 summary phase=periodic now=20309 submit_accepted=0 submit_rejected=0 submit_no_slot=0 submit_faulted=0 custody_transferred=0 local_tx_not_attempted=0 custody_busy_expired=0 custody_rejected=0 retry_exhausted=0 radio_fault_terminal=0 service_fault_terminal=0 final_deliveries=15 final_duplicates=3 scheduler_radio_fault=0 scheduler_service_fault=0 hook_rx_blocked=0 hook_hack_suppressed=0 hook_busy_forced=0 diagnostic_dropped=0 diag_queue=0 delivery_queue=0 delivery_provisional=0 fault_latched=0 link_hack_enqueue_failed=0
[16:07:14.885176 0.665994] linkv2 diag now=20974 kind=5 value=0
[16:07:14.892145 0.006970] linkv2 diag now=20974 kind=3 value=21
[16:07:14.897160 0.005016] linkv2 final_delivery now=20974 origin=0x4218 destination=0x4bdc seq=21 app_kind=0x7f app_source=0 app_len=4 peer=18:42:de:52:4a:dd
[16:07:15.885215 0.988053] linkv2 diag now=21974 kind=5 value=0
[16:07:15.891152 0.005938] linkv2 diag now=21974 kind=3 value=22
[16:07:15.896193 0.005041] linkv2 final_delivery now=21974 origin=0x4218 destination=0x4bdc seq=22 app_kind=0x7f app_source=0 app_len=4 peer=18:42:de:52:4a:dd
[16:07:16.888201 0.992007] linkv2 diag now=22977 kind=5 value=0
[16:07:16.895182 0.006982] linkv2 diag now=22977 kind=3 value=23
[16:07:16.900167 0.004986] linkv2 final_delivery now=22977 origin=0x4218 destination=0x4bdc seq=23 app_kind=0x7f app_source=0 app_len=4 peer=18:42:de:52:4a:dd
[16:07:18.141255 1.241087] linkv2 diag now=24230 kind=5 value=0
[16:07:18.147223 0.005969] linkv2 diag now=24230 kind=3 value=24
[16:07:18.152200 0.004977] linkv2 final_delivery now=24230 origin=0x4218 destination=0x4bdc seq=24 app_kind=0x7f app_source=0 app_len=4 peer=18:42:de:52:4a:dd
[16:07:18.888225 0.736024] linkv2 diag now=24977 kind=5 value=0
[16:07:18.895232 0.007009] linkv2 diag now=24977 kind=3 value=25
[16:07:18.900196 0.004963] linkv2 final_delivery now=24977 origin=0x4218 destination=0x4bdc seq=25 app_kind=0x7f app_source=0 app_len=4 peer=18:42:de:52:4a:dd
[16:07:19.220233 0.320036] linkv2 summary phase=periodic now=25310 submit_accepted=0 submit_rejected=0 submit_no_slot=0 submit_faulted=0 custody_transferred=0 local_tx_not_attempted=0 custody_busy_expired=0 custody_rejected=0 retry_exhausted=0 radio_fault_terminal=0 service_fault_terminal=0 final_deliveries=20 final_duplicates=4 scheduler_radio_fault=0 scheduler_service_fault=0 hook_rx_blocked=0 hook_hack_suppressed=0 hook_busy_forced=0 diagnostic_dropped=0 diag_queue=0 delivery_queue=0 delivery_provisional=0 fault_latched=0 link_hack_enqueue_failed=0
[16:07:20.395253 1.175020] linkv2 diag now=26484 kind=5 value=0
[16:07:20.401219 0.005967] linkv2 diag now=26484 kind=3 value=26
[16:07:20.406201 0.004983] linkv2 final_delivery now=26484 origin=0x4218 destination=0x4bdc seq=26 app_kind=0x7f app_source=0 app_len=4 peer=18:42:de:52:4a:dd
[16:07:21.142273 0.736070] linkv2 diag now=27231 kind=5 value=0
[16:07:21.149248 0.006976] linkv2 diag now=27231 kind=3 value=27
[16:07:21.154232 0.004984] linkv2 final_delivery now=27231 origin=0x4218 destination=0x4bdc seq=27 app_kind=0x7f app_source=0 app_len=4 peer=18:42:de:52:4a:dd
[16:07:23.144292 1.990059] linkv2 diag now=29234 kind=5 value=0
[16:07:23.151232 0.006942] linkv2 diag now=29234 kind=3 value=29
[16:07:23.156273 0.005042] linkv2 final_delivery now=29234 origin=0x4218 destination=0x4bdc seq=29 app_kind=0x7f app_source=0 app_len=4 peer=18:42:de:52:4a:dd
[16:07:23.892296 0.736022] linkv2 diag now=29981 kind=5 value=0
[16:07:23.899255 0.006959] linkv2 diag now=29981 kind=3 value=30
[16:07:23.904251 0.004996] linkv2 final_delivery now=29981 origin=0x4218 destination=0x4bdc seq=30 app_kind=0x7f app_source=0 app_len=4 peer=18:42:de:52:4a:dd
[16:07:24.221304 0.317051] linkv2 summary phase=periodic now=30311 submit_accepted=0 submit_rejected=0 submit_no_slot=0 submit_faulted=0 custody_transferred=0 local_tx_not_attempted=0 custody_busy_expired=0 custody_rejected=0 retry_exhausted=0 radio_fault_terminal=0 service_fault_terminal=0 final_deliveries=24 final_duplicates=5 scheduler_radio_fault=0 scheduler_service_fault=0 hook_rx_blocked=0 hook_hack_suppressed=0 hook_busy_forced=0 diagnostic_dropped=0 diag_queue=0 delivery_queue=0 delivery_provisional=0 fault_latched=0 link_hack_enqueue_failed=0
[16:07:26.145326 1.924022] linkv2 diag now=32235 kind=5 value=0
[16:07:26.152280 0.006955] linkv2 diag now=32235 kind=3 value=32
[16:07:26.157287 0.005007] linkv2 final_delivery now=32235 origin=0x4218 destination=0x4bdc seq=32 app_kind=0x7f app_source=0 app_len=4 peer=18:42:de:52:4a:dd
[16:07:26.893298 0.736011] linkv2 diag now=32983 kind=5 value=0
[16:07:26.900307 0.007009] linkv2 diag now=32983 kind=3 value=33
[16:07:26.905288 0.004982] linkv2 final_delivery now=32983 origin=0x4218 destination=0x4bdc seq=33 app_kind=0x7f app_source=0 app_len=4 peer=18:42:de:52:4a:dd
[16:07:27.893305 0.988017] linkv2 diag now=33983 kind=5 value=0
[16:07:27.900305 0.006999] linkv2 diag now=33983 kind=3 value=34
[16:07:27.905303 0.004999] linkv2 final_delivery now=33983 origin=0x4218 destination=0x4bdc seq=34 app_kind=0x7f app_source=0 app_len=4 peer=18:42:de:52:4a:dd
[16:07:28.895345 0.990041] linkv2 diag now=34985 kind=5 value=0
[16:07:28.902317 0.006972] linkv2 diag now=34985 kind=3 value=35
[16:07:28.907311 0.004996] linkv2 final_delivery now=34985 origin=0x4218 destination=0x4bdc seq=35 app_kind=0x7f app_source=0 app_len=4 peer=18:42:de:52:4a:dd
[16:07:29.221367 0.314054] linkv2 summary phase=periodic now=35311 submit_accepted=0 submit_rejected=0 submit_no_slot=0 submit_faulted=0 custody_transferred=0 local_tx_not_attempted=0 custody_busy_expired=0 custody_rejected=0 retry_exhausted=0 radio_fault_terminal=0 service_fault_terminal=0 final_deliveries=28 final_duplicates=9 scheduler_radio_fault=0 scheduler_service_fault=0 hook_rx_blocked=0 hook_hack_suppressed=0 hook_busy_forced=0 diagnostic_dropped=0 diag_queue=0 delivery_queue=0 delivery_provisional=0 fault_latched=0 link_hack_enqueue_failed=0
[16:07:31.152384 1.931017] linkv2 diag now=37241 kind=5 value=0
[16:07:31.159384 0.007001] linkv2 diag now=37241 kind=3 value=37
[16:07:31.164333 0.004949] linkv2 final_delivery now=37241 origin=0x4218 destination=0x4bdc seq=37 app_kind=0x7f app_source=0 app_len=4 peer=18:42:de:52:4a:dd
[16:07:31.898365 0.734031] linkv2 diag now=37988 kind=5 value=0
[16:07:31.905368 0.007004] linkv2 diag now=37988 kind=3 value=38
[16:07:31.910357 0.004990] linkv2 final_delivery now=37988 origin=0x4218 destination=0x4bdc seq=38 app_kind=0x7f app_source=0 app_len=4 peer=18:42:de:52:4a:dd
[16:07:32.897369 0.987010] linkv2 diag now=38987 kind=5 value=0
[16:07:32.904353 0.006985] linkv2 diag now=38987 kind=3 value=39
[16:07:32.909364 0.005010] linkv2 final_delivery now=38987 origin=0x4218 destination=0x4bdc seq=39 app_kind=0x7f app_source=0 app_len=4 peer=18:42:de:52:4a:dd
[16:07:33.899393 0.990029] linkv2 diag now=39988 kind=5 value=0
[16:07:33.906350 0.006957] linkv2 diag now=39988 kind=3 value=40
[16:07:33.911393 0.005044] linkv2 final_delivery now=39988 origin=0x4218 destination=0x4bdc seq=40 app_kind=0x7f app_source=0 app_len=4 peer=18:42:de:52:4a:dd
[16:07:34.221399 0.310004] linkv2 summary phase=periodic now=40311 submit_accepted=0 submit_rejected=0 submit_no_slot=0 submit_faulted=0 custody_transferred=0 local_tx_not_attempted=0 custody_busy_expired=0 custody_rejected=0 retry_exhausted=0 radio_fault_terminal=0 service_fault_terminal=0 final_deliveries=32 final_duplicates=11 scheduler_radio_fault=0 scheduler_service_fault=0 hook_rx_blocked=0 hook_hack_suppressed=0 hook_busy_forced=0 diagnostic_dropped=0 diag_queue=0 delivery_queue=0 delivery_provisional=0 fault_latched=0 link_hack_enqueue_failed=0
[16:07:35.406411 1.185012] linkv2 diag now=41495 kind=5 value=0
[16:07:35.413410 0.006999] linkv2 diag now=41495 kind=3 value=41
[16:07:35.418374 0.004966] linkv2 final_delivery now=41495 origin=0x4218 destination=0x4bdc seq=41 app_kind=0x7f app_source=0 app_len=4 peer=18:42:de:52:4a:dd
[16:07:37.902448 2.484073] linkv2 diag now=43992 kind=5 value=0
[16:07:37.909441 0.006993] linkv2 diag now=43992 kind=3 value=44
[16:07:37.914399 0.004958] linkv2 final_delivery now=43992 origin=0x4218 destination=0x4bdc seq=44 app_kind=0x7f app_source=0 app_len=4 peer=18:42:de:52:4a:dd
[16:07:39.222463 1.308063] linkv2 summary phase=periodic now=45312 submit_accepted=0 submit_rejected=0 submit_no_slot=0 submit_faulted=0 custody_transferred=0 local_tx_not_attempted=0 custody_busy_expired=0 custody_rejected=0 retry_exhausted=0 radio_fault_terminal=0 service_fault_terminal=0 final_deliveries=34 final_duplicates=11 scheduler_radio_fault=0 scheduler_service_fault=0 hook_rx_blocked=0 hook_hack_suppressed=0 hook_busy_forced=0 diagnostic_dropped=0 diag_queue=0 delivery_queue=0 delivery_provisional=0 fault_latched=0 link_hack_enqueue_failed=0
[16:07:39.410484 0.188021] linkv2 diag now=45499 kind=5 value=0
[16:07:39.417455 0.006972] linkv2 diag now=45499 kind=3 value=45
[16:07:39.422447 0.004993] linkv2 final_delivery now=45499 origin=0x4218 destination=0x4bdc seq=45 app_kind=0x7f app_source=0 app_len=4 peer=18:42:de:52:4a:dd
[16:07:40.158468 0.736018] linkv2 diag now=46248 kind=5 value=0
[16:07:40.165413 0.006947] linkv2 diag now=46248 kind=3 value=46
[16:07:40.170456 0.005042] linkv2 final_delivery now=46248 origin=0x4218 destination=0x4bdc seq=46 app_kind=0x7f app_source=0 app_len=4 peer=18:42:de:52:4a:dd
[16:07:40.906468 0.736013] linkv2 diag now=46995 kind=5 value=0
[16:07:40.913457 0.006989] linkv2 diag now=46995 kind=3 value=47
[16:07:40.918449 0.004992] linkv2 final_delivery now=46995 origin=0x4218 destination=0x4bdc seq=47 app_kind=0x7f app_source=0 app_len=4 peer=18:42:de:52:4a:dd
[16:07:41.905457 0.987007] linkv2 diag now=47995 kind=5 value=0
[16:07:41.912442 0.006986] linkv2 diag now=47995 kind=3 value=48
[16:07:41.917446 0.005004] linkv2 final_delivery now=47995 origin=0x4218 destination=0x4bdc seq=48 app_kind=0x7f app_source=0 app_len=4 peer=18:42:de:52:4a:dd
[16:07:44.223505 2.306056] linkv2 summary phase=periodic now=50313 submit_accepted=0 submit_rejected=0 submit_no_slot=0 submit_faulted=0 custody_transferred=0 local_tx_not_attempted=0 custody_busy_expired=0 custody_rejected=0 retry_exhausted=0 radio_fault_terminal=0 service_fault_terminal=0 final_deliveries=38 final_duplicates=13 scheduler_radio_fault=0 scheduler_service_fault=0 hook_rx_blocked=0 hook_hack_suppressed=0 hook_busy_forced=0 diagnostic_dropped=0 diag_queue=0 delivery_queue=0 delivery_provisional=0 fault_latched=0 link_hack_enqueue_failed=0
[16:07:44.413513 0.190008] linkv2 diag now=50503 kind=5 value=0
[16:07:44.420467 0.006956] linkv2 diag now=50503 kind=3 value=50
[16:07:44.425485 0.005018] linkv2 final_delivery now=50503 origin=0x4218 destination=0x4bdc seq=50 app_kind=0x7f app_source=0 app_len=4 peer=18:42:de:52:4a:dd
[16:07:45.161522 0.736036] linkv2 diag now=51250 kind=5 value=0
[16:07:45.168476 0.006956] linkv2 diag now=51250 kind=3 value=51
[16:07:45.173480 0.005004] linkv2 final_delivery now=51250 origin=0x4218 destination=0x4bdc seq=51 app_kind=0x7f app_source=0 app_len=4 peer=18:42:de:52:4a:dd
[16:07:45.907507 0.734025] linkv2 diag now=51997 kind=5 value=0
[16:07:45.914485 0.006979] linkv2 diag now=51997 kind=3 value=52
[16:07:45.919484 0.004999] linkv2 final_delivery now=51997 origin=0x4218 destination=0x4bdc seq=52 app_kind=0x7f app_source=0 app_len=4 peer=18:42:de:52:4a:dd
[16:07:47.163550 1.244063] linkv2 diag now=53253 kind=5 value=0
[16:07:47.170514 0.006966] linkv2 diag now=53253 kind=3 value=53
[16:07:47.175497 0.004985] linkv2 final_delivery now=53253 origin=0x4218 destination=0x4bdc seq=53 app_kind=0x7f app_source=0 app_len=4 peer=18:42:de:52:4a:dd
[16:07:47.910541 0.735042] linkv2 diag now=54000 kind=5 value=0
[16:07:47.918515 0.007975] linkv2 diag now=54000 kind=3 value=54
[16:07:47.923513 0.004999] linkv2 final_delivery now=54000 origin=0x4218 destination=0x4bdc seq=54 app_kind=0x7f app_source=0 app_len=4 peer=18:42:de:52:4a:dd
[16:07:49.224574 1.301059] linkv2 summary phase=periodic now=55314 submit_accepted=0 submit_rejected=0 submit_no_slot=0 submit_faulted=0 custody_transferred=0 local_tx_not_attempted=0 custody_busy_expired=0 custody_rejected=0 retry_exhausted=0 radio_fault_terminal=0 service_fault_terminal=0 final_deliveries=43 final_duplicates=15 scheduler_radio_fault=0 scheduler_service_fault=0 hook_rx_blocked=0 hook_hack_suppressed=0 hook_busy_forced=0 diagnostic_dropped=0 diag_queue=0 delivery_queue=0 delivery_provisional=0 fault_latched=0 link_hack_enqueue_failed=0
[16:07:49.416568 0.191994] linkv2 diag now=55506 kind=5 value=0
[16:07:49.423531 0.006965] linkv2 diag now=55506 kind=3 value=55
[16:07:49.427527 0.003996] linkv2 final_delivery now=55506 origin=0x4218 destination=0x4bdc seq=55 app_kind=0x7f app_source=0 app_len=4 peer=18:42:de:52:4a:dd
[16:07:50.165579 0.738049] linkv2 diag now=56255 kind=5 value=0
[16:07:50.172530 0.006953] linkv2 diag now=56255 kind=3 value=56
[16:07:50.178533 0.006003] linkv2 final_delivery now=56255 origin=0x4218 destination=0x4bdc seq=56 app_kind=0x7f app_source=0 app_len=4 peer=18:42:de:52:4a:dd
[16:07:50.912566 0.734032] linkv2 diag now=57002 kind=5 value=0
[16:07:50.919540 0.006975] linkv2 diag now=57002 kind=3 value=57
[16:07:50.923539 0.003998] linkv2 final_delivery now=57002 origin=0x4218 destination=0x4bdc seq=57 app_kind=0x7f app_source=0 app_len=4 peer=18:42:de:52:4a:dd
[16:07:52.167587 1.244048] linkv2 diag now=58257 kind=5 value=0
[16:07:52.174550 0.006963] linkv2 diag now=58257 kind=3 value=58
[16:07:52.180573 0.006024] linkv2 final_delivery now=58257 origin=0x4218 destination=0x4bdc seq=58 app_kind=0x7f app_source=0 app_len=4 peer=18:42:de:52:4a:dd
[16:07:53.420632 1.240056] linkv2 diag now=59510 kind=5 value=0
[16:07:53.427565 0.006936] linkv2 diag now=59510 kind=3 value=59
[16:07:53.431564 0.003999] linkv2 final_delivery now=59510 origin=0x4218 destination=0x4bdc seq=59 app_kind=0x7f app_source=0 app_len=4 peer=18:42:de:52:4a:dd
[16:07:54.223627 0.792062] linkv2 summary phase=periodic now=60314 submit_accepted=0 submit_rejected=0 submit_no_slot=0 submit_faulted=0 custody_transferred=0 local_tx_not_attempted=0 custody_busy_expired=0 custody_rejected=0 retry_exhausted=0 radio_fault_terminal=0 service_fault_terminal=0 final_deliveries=48 final_duplicates=15 scheduler_radio_fault=0 scheduler_service_fault=0 hook_rx_blocked=0 hook_hack_suppressed=0 hook_busy_forced=0 diagnostic_dropped=0 diag_queue=0 delivery_queue=0 delivery_provisional=0 fault_latched=0 link_hack_enqueue_failed=0
[16:07:54.421642 0.198015] linkv2 diag now=60511 kind=5 value=0
[16:07:54.428575 0.006933] linkv2 diag now=60511 kind=3 value=60
[16:07:54.433581 0.005008] linkv2 final_delivery now=60511 origin=0x4218 destination=0x4bdc seq=60 app_kind=0x7f app_source=0 app_len=4 peer=18:42:de:52:4a:dd
[16:07:55.422644 0.989062] linkv2 diag now=61512 kind=5 value=0
[16:07:55.429609 0.006965] linkv2 diag now=61512 kind=3 value=61
[16:07:55.433591 0.003983] linkv2 final_delivery now=61512 origin=0x4218 destination=0x4bdc seq=61 app_kind=0x7f app_source=0 app_len=4 peer=18:42:de:52:4a:dd
[16:07:58.425672 2.992080] linkv2 diag now=64515 kind=5 value=0
[16:07:58.432604 0.006934] linkv2 diag now=64515 kind=3 value=64
[16:07:58.437622 0.005018] linkv2 final_delivery now=64515 origin=0x4218 destination=0x4bdc seq=64 app_kind=0x7f app_source=0 app_len=4 peer=18:42:de:52:4a:dd
[16:07:58.920680 0.483056] linkv2 diag now=65010 kind=5 value=0
[16:07:58.926632 0.005953] linkv2 diag now=65010 kind=3 value=65
[16:07:58.931622 0.004991] linkv2 final_delivery now=65010 origin=0x4218 destination=0x4bdc seq=65 app_kind=0x7f app_source=0 app_len=4 peer=18:42:de:52:4a:dd
[16:07:59.223670 0.292045] linkv2 summary phase=periodic now=65314 submit_accepted=0 submit_rejected=0 submit_no_slot=0 submit_faulted=0 custody_transferred=0 local_tx_not_attempted=0 custody_busy_expired=0 custody_rejected=0 retry_exhausted=0 radio_fault_terminal=0 service_fault_terminal=0 final_deliveries=52 final_duplicates=15 scheduler_radio_fault=0 scheduler_service_fault=0 hook_rx_blocked=0 hook_hack_suppressed=0 hook_busy_forced=0 diagnostic_dropped=0 diag_queue=0 delivery_queue=0 delivery_provisional=0 fault_latched=0 link_hack_enqueue_failed=0
[16:08:00.173704 0.950034] linkv2 diag now=66263 kind=5 value=0
[16:08:00.180641 0.006939] linkv2 diag now=66263 kind=3 value=66
[16:08:00.185625 0.004984] linkv2 final_delivery now=66263 origin=0x4218 destination=0x4bdc seq=66 app_kind=0x7f app_source=0 app_len=4 peer=18:42:de:52:4a:dd
[16:08:01.428710 1.243084] linkv2 diag now=67518 kind=5 value=0
[16:08:01.434640 0.005930] linkv2 diag now=67518 kind=3 value=67
[16:08:01.439670 0.005029] linkv2 final_delivery now=67518 origin=0x4218 destination=0x4bdc seq=67 app_kind=0x7f app_source=0 app_len=4 peer=18:42:de:52:4a:dd
[16:08:01.923691 0.484022] linkv2 diag now=68013 kind=5 value=0
[16:08:01.930660 0.006970] linkv2 diag now=68013 kind=3 value=68
[16:08:01.935682 0.005022] linkv2 final_delivery now=68013 origin=0x4218 destination=0x4bdc seq=68 app_kind=0x7f app_source=0 app_len=4 peer=18:42:de:52:4a:dd
[16:08:02.924695 0.989012] linkv2 diag now=69014 kind=5 value=0
[16:08:02.930659 0.005966] linkv2 diag now=69014 kind=3 value=69
[16:08:02.935655 0.004996] linkv2 final_delivery now=69014 origin=0x4218 destination=0x4bdc seq=69 app_kind=0x7f app_source=0 app_len=4 peer=18:42:de:52:4a:dd
[16:08:03.925702 0.990045] linkv2 diag now=70015 kind=5 value=0
[16:08:03.932690 0.006988] linkv2 diag now=70015 kind=3 value=70
[16:08:03.937694 0.005004] linkv2 final_delivery now=70015 origin=0x4218 destination=0x4bdc seq=70 app_kind=0x7f app_source=0 app_len=4 peer=18:42:de:52:4a:dd
[16:08:04.223719 0.286024] linkv2 summary phase=periodic now=70314 submit_accepted=0 submit_rejected=0 submit_no_slot=0 submit_faulted=0 custody_transferred=0 local_tx_not_attempted=0 custody_busy_expired=0 custody_rejected=0 retry_exhausted=0 radio_fault_terminal=0 service_fault_terminal=0 final_deliveries=57 final_duplicates=15 scheduler_radio_fault=0 scheduler_service_fault=0 hook_rx_blocked=0 hook_hack_suppressed=0 hook_busy_forced=0 diagnostic_dropped=0 diag_queue=0 delivery_queue=0 delivery_provisional=0 fault_latched=0 link_hack_enqueue_failed=0
[16:08:04.926706 0.702988] linkv2 diag now=71016 kind=5 value=0
[16:08:04.932683 0.005978] linkv2 diag now=71016 kind=3 value=71
[16:08:04.937713 0.005029] linkv2 final_delivery now=71016 origin=0x4218 destination=0x4bdc seq=71 app_kind=0x7f app_source=0 app_len=4 peer=18:42:de:52:4a:dd
[16:08:07.181769 2.244056] linkv2 diag now=73271 kind=5 value=0
[16:08:07.188709 0.006942] linkv2 diag now=73271 kind=3 value=73
[16:08:07.193700 0.004990] linkv2 final_delivery now=73271 origin=0x4218 destination=0x4bdc seq=73 app_kind=0x7f app_source=0 app_len=4 peer=18:42:de:52:4a:dd
[16:08:08.180763 0.987062] linkv2 diag now=74270 kind=5 value=0
[16:08:08.186717 0.005955] linkv2 diag now=74270 kind=3 value=74
[16:08:08.191748 0.005032] linkv2 final_delivery now=74270 origin=0x4218 destination=0x4bdc seq=74 app_kind=0x7f app_source=0 app_len=4 peer=18:42:de:52:4a:dd
[16:08:08.927794 0.736044] linkv2 diag now=75017 kind=5 value=0
[16:08:08.934768 0.006975] linkv2 diag now=75017 kind=3 value=75
[16:08:08.939766 0.004998] linkv2 final_delivery now=75017 origin=0x4218 destination=0x4bdc seq=75 app_kind=0x7f app_source=0 app_len=4 peer=18:42:de:52:4a:dd
[16:08:09.223792 0.284024] linkv2 summary phase=periodic now=75314 submit_accepted=0 submit_rejected=0 submit_no_slot=0 submit_faulted=0 custody_transferred=0 local_tx_not_attempted=0 custody_busy_expired=0 custody_rejected=0 retry_exhausted=0 radio_fault_terminal=0 service_fault_terminal=0 final_deliveries=61 final_duplicates=15 scheduler_radio_fault=0 scheduler_service_fault=0 hook_rx_blocked=0 hook_hack_suppressed=0 hook_busy_forced=0 diagnostic_dropped=0 diag_queue=0 delivery_queue=0 delivery_provisional=0 fault_latched=0 link_hack_enqueue_failed=0
[16:08:09.928773 0.704983] linkv2 diag now=76018 kind=5 value=0
[16:08:09.935741 0.006968] linkv2 diag now=76018 kind=3 value=76
[16:08:09.940752 0.005012] linkv2 final_delivery now=76018 origin=0x4218 destination=0x4bdc seq=76 app_kind=0x7f app_source=0 app_len=4 peer=18:42:de:52:4a:dd
[16:08:11.434809 1.494057] linkv2 diag now=77524 kind=5 value=0
[16:08:11.440758 0.005950] linkv2 diag now=77524 kind=3 value=77
[16:08:11.445763 0.005005] linkv2 final_delivery now=77524 origin=0x4218 destination=0x4bdc seq=77 app_kind=0x7f app_source=0 app_len=4 peer=18:42:de:52:4a:dd
[16:08:12.183801 0.738037] linkv2 diag now=78273 kind=5 value=0
[16:08:12.190795 0.006994] linkv2 diag now=78273 kind=3 value=78
[16:08:12.195767 0.004973] linkv2 final_delivery now=78273 origin=0x4218 destination=0x4bdc seq=78 app_kind=0x7f app_source=0 app_len=4 peer=18:42:de:52:4a:dd
[16:08:12.930821 0.735054] linkv2 diag now=79020 kind=5 value=0
[16:08:12.936771 0.005951] linkv2 diag now=79020 kind=3 value=79
[16:08:12.941773 0.005002] linkv2 final_delivery now=79020 origin=0x4218 destination=0x4bdc seq=79 app_kind=0x7f app_source=0 app_len=4 peer=18:42:de:52:4a:dd
[16:08:14.183833 1.242059] linkv2 diag now=80274 kind=5 value=0
[16:08:14.190814 0.006981] linkv2 diag now=80274 kind=3 value=80
[16:08:14.195803 0.004992] linkv2 final_delivery now=80274 origin=0x4218 destination=0x4bdc seq=80 app_kind=0x7f app_source=0 app_len=4 peer=18:42:de:52:4a:dd
[16:08:14.223837 0.028031] linkv2 summary phase=periodic now=80314 submit_accepted=0 submit_rejected=0 submit_no_slot=0 submit_faulted=0 custody_transferred=0 local_tx_not_attempted=0 custody_busy_expired=0 custody_rejected=0 retry_exhausted=0 radio_fault_terminal=0 service_fault_terminal=0 final_deliveries=66 final_duplicates=17 scheduler_radio_fault=0 scheduler_service_fault=0 hook_rx_blocked=0 hook_hack_suppressed=0 hook_busy_forced=0 diagnostic_dropped=0 diag_queue=0 delivery_queue=0 delivery_provisional=0 fault_latched=0 link_hack_enqueue_failed=0
[16:08:14.931826 0.707990] linkv2 diag now=81022 kind=5 value=0
[16:08:14.938809 0.006984] linkv2 diag now=81022 kind=3 value=81
[16:08:14.943789 0.004979] linkv2 final_delivery now=81022 origin=0x4218 destination=0x4bdc seq=81 app_kind=0x7f app_source=0 app_len=4 peer=18:42:de:52:4a:dd
[16:08:17.187860 2.244070] linkv2 diag now=83278 kind=5 value=0
[16:08:17.194824 0.006965] linkv2 diag now=83278 kind=3 value=83
[16:08:17.199818 0.004994] linkv2 final_delivery now=83278 origin=0x4218 destination=0x4bdc seq=83 app_kind=0x7f app_source=0 app_len=4 peer=18:42:de:52:4a:dd
[16:08:17.935851 0.736033] linkv2 diag now=84025 kind=5 value=0
[16:08:17.942835 0.006984] linkv2 diag now=84025 kind=3 value=84
[16:08:17.947841 0.005006] linkv2 final_delivery now=84025 origin=0x4218 destination=0x4bdc seq=84 app_kind=0x7f app_source=0 app_len=4 peer=18:42:de:52:4a:dd
[16:08:18.935850 0.988008] linkv2 diag now=85026 kind=5 value=0
[16:08:18.942875 0.007024] linkv2 diag now=85026 kind=3 value=85
[16:08:18.947850 0.004976] linkv2 final_delivery now=85026 origin=0x4218 destination=0x4bdc seq=85 app_kind=0x7f app_source=0 app_len=4 peer=18:42:de:52:4a:dd
[16:08:19.223883 0.276031] linkv2 summary phase=periodic now=85314 submit_accepted=0 submit_rejected=0 submit_no_slot=0 submit_faulted=0 custody_transferred=0 local_tx_not_attempted=0 custody_busy_expired=0 custody_rejected=0 retry_exhausted=0 radio_fault_terminal=0 service_fault_terminal=0 final_deliveries=70 final_duplicates=20 scheduler_radio_fault=0 scheduler_service_fault=0 hook_rx_blocked=0 hook_hack_suppressed=0 hook_busy_forced=0 diagnostic_dropped=0 diag_queue=0 delivery_queue=0 delivery_provisional=0 fault_latched=0 link_hack_enqueue_failed=0
[16:08:19.936864 0.712982] linkv2 diag now=86027 kind=5 value=0
[16:08:19.943845 0.006983] linkv2 diag now=86027 kind=3 value=86
[16:08:19.948880 0.005033] linkv2 final_delivery now=86027 origin=0x4218 destination=0x4bdc seq=86 app_kind=0x7f app_source=0 app_len=4 peer=18:42:de:52:4a:dd
[16:08:20.938881 0.990002] linkv2 diag now=87028 kind=5 value=0
[16:08:20.945868 0.006987] linkv2 diag now=87028 kind=3 value=87
[16:08:20.950887 0.005018] linkv2 final_delivery now=87028 origin=0x4218 destination=0x4bdc seq=87 app_kind=0x7f app_source=0 app_len=4 peer=18:42:de:52:4a:dd
[16:08:23.192914 2.242026] linkv2 diag now=89283 kind=5 value=0
[16:08:23.199908 0.006993] linkv2 diag now=89283 kind=3 value=89
[16:08:23.204900 0.004995] linkv2 final_delivery now=89283 origin=0x4218 destination=0x4bdc seq=89 app_kind=0x7f app_source=0 app_len=4 peer=18:42:de:52:4a:dd
[16:08:24.225022 1.020118] linkv2 summary phase=periodic now=90315 submit_accepted=0 submit_rejected=0 submit_no_slot=0 submit_faulted=0 custody_transferred=0 local_tx_not_attempted=0 custody_busy_expired=0 custody_rejected=0 retry_exhausted=0 radio_fault_terminal=0 service_fault_terminal=0 final_deliveries=73 final_duplicates=21 scheduler_radio_fault=0 scheduler_service_fault=0 hook_rx_blocked=0 hook_hack_suppressed=0 hook_busy_forced=0 diagnostic_dropped=0 diag_queue=0 delivery_queue=0 delivery_provisional=0 fault_latched=0 link_hack_enqueue_failed=0
[16:08:25.448942 1.223923] linkv2 diag now=91538 kind=5 value=0
[16:08:25.455971 0.007026] linkv2 diag now=91538 kind=3 value=91
[16:08:25.460933 0.004965] linkv2 final_delivery now=91538 origin=0x4218 destination=0x4bdc seq=91 app_kind=0x7f app_source=0 app_len=4 peer=18:42:de:52:4a:dd
[16:08:25.942969 0.482036] linkv2 diag now=92033 kind=5 value=0
[16:08:25.949953 0.006985] linkv2 diag now=92033 kind=3 value=92
[16:08:25.955022 0.005066] linkv2 final_delivery now=92033 origin=0x4218 destination=0x4bdc seq=92 app_kind=0x7f app_source=0 app_len=4 peer=18:42:de:52:4a:dd
[16:08:26.944972 0.989952] linkv2 diag now=93034 kind=5 value=0
[16:08:26.951944 0.006972] linkv2 diag now=93034 kind=3 value=93
[16:08:26.956928 0.004985] linkv2 final_delivery now=93034 origin=0x4218 destination=0x4bdc seq=93 app_kind=0x7f app_source=0 app_len=4 peer=18:42:de:52:4a:dd
[16:08:27.943947 0.987018] linkv2 diag now=94034 kind=5 value=0
[16:08:27.950957 0.007010] linkv2 diag now=94034 kind=3 value=94
[16:08:27.955974 0.005018] linkv2 final_delivery now=94034 origin=0x4218 destination=0x4bdc seq=94 app_kind=0x7f app_source=0 app_len=4 peer=18:42:de:52:4a:dd
[16:08:29.225985 1.270010] linkv2 summary phase=periodic now=95316 submit_accepted=0 submit_rejected=0 submit_no_slot=0 submit_faulted=0 custody_transferred=0 local_tx_not_attempted=0 custody_busy_expired=0 custody_rejected=0 retry_exhausted=0 radio_fault_terminal=0 service_fault_terminal=0 final_deliveries=77 final_duplicates=22 scheduler_radio_fault=0 scheduler_service_fault=0 hook_rx_blocked=0 hook_hack_suppressed=0 hook_busy_forced=0 diagnostic_dropped=0 diag_queue=0 delivery_queue=0 delivery_provisional=0 fault_latched=0 link_hack_enqueue_failed=0
[16:08:29.451993 0.226007] linkv2 diag now=95541 kind=5 value=0
[16:08:29.458952 0.006960] linkv2 diag now=95541 kind=3 value=95
[16:08:29.464008 0.005054] linkv2 final_delivery now=95541 origin=0x4218 destination=0x4bdc seq=95 app_kind=0x7f app_source=0 app_len=4 peer=18:42:de:52:4a:dd
[16:08:30.199997 0.735991] linkv2 diag now=96290 kind=5 value=0
[16:08:30.206979 0.006981] linkv2 diag now=96290 kind=3 value=96
[16:08:30.211962 0.004984] linkv2 final_delivery now=96290 origin=0x4218 destination=0x4bdc seq=96 app_kind=0x7f app_source=0 app_len=4 peer=18:42:de:52:4a:dd
[16:08:30.948051 0.736088] linkv2 diag now=97037 kind=5 value=0
[16:08:30.954964 0.006916] linkv2 diag now=97037 kind=3 value=97
[16:08:30.959971 0.005006] linkv2 final_delivery now=97037 origin=0x4218 destination=0x4bdc seq=97 app_kind=0x7f app_source=0 app_len=4 peer=18:42:de:52:4a:dd
[16:08:32.201014 1.241042] linkv2 diag now=98291 kind=5 value=0
[16:08:32.208029 0.007014] linkv2 diag now=98291 kind=3 value=98
[16:08:32.213030 0.005002] linkv2 final_delivery now=98291 origin=0x4218 destination=0x4bdc seq=98 app_kind=0x7f app_source=0 app_len=4 peer=18:42:de:52:4a:dd
[16:08:34.227015 2.013985] linkv2 summary phase=periodic now=100317 submit_accepted=0 submit_rejected=0 submit_no_slot=0 submit_faulted=0 custody_transferred=0 local_tx_not_attempted=0 custody_busy_expired=0 custody_rejected=0 retry_exhausted=0 radio_fault_terminal=0 service_fault_terminal=0 final_deliveries=81 final_duplicates=23 scheduler_radio_fault=0 scheduler_service_fault=0 hook_rx_blocked=0 hook_hack_suppressed=0 hook_busy_forced=0 diagnostic_dropped=0 diag_queue=0 delivery_queue=0 delivery_provisional=0 fault_latched=0 link_hack_enqueue_failed=0
[16:08:39.227091 5.000076] linkv2 summary phase=periodic now=105317 submit_accepted=0 submit_rejected=0 submit_no_slot=0 submit_faulted=0 custody_transferred=0 local_tx_not_attempted=0 custody_busy_expired=0 custody_rejected=0 retry_exhausted=0 radio_fault_terminal=0 service_fault_terminal=0 final_deliveries=81 final_duplicates=23 scheduler_radio_fault=0 scheduler_service_fault=0 hook_rx_blocked=0 hook_hack_suppressed=0 hook_busy_forced=0 diagnostic_dropped=0 diag_queue=0 delivery_queue=0 delivery_provisional=0 fault_latched=0 link_hack_enqueue_failed=0
[16:08:44.226147 4.999056] linkv2 summary phase=periodic now=110317 submit_accepted=0 submit_rejected=0 submit_no_slot=0 submit_faulted=0 custody_transferred=0 local_tx_not_attempted=0 custody_busy_expired=0 custody_rejected=0 retry_exhausted=0 radio_fault_terminal=0 service_fault_terminal=0 final_deliveries=81 final_duplicates=23 scheduler_radio_fault=0 scheduler_service_fault=0 hook_rx_blocked=0 hook_hack_suppressed=0 hook_busy_forced=0 diagnostic_dropped=0 diag_queue=0 delivery_queue=0 delivery_provisional=0 fault_latched=0 link_hack_enqueue_failed=0
