[0.000001 0.000001] linkv2 diag now=93392 kind=4 value=0
[0.265973 0.265972] linkv2 event now=93658 type=3 seq=94 attempts=2 requested_mask=0x07 completed_mask=0x07 hack_status=1 local_reason=255 mesh_reason=255 origin=0x4218 destination=0x4bdc
[0.999996 0.734023] linkv2 diag now=94392 kind=4 value=0
[1.014996 0.015000] linkv2 event now=94407 type=3 seq=95 attempts=1 requested_mask=0x07 completed_mask=0x07 hack_status=0 local_reason=255 mesh_reason=255 origin=0x4218 destination=0x4bdc
[1.878966 0.863971]
[1.878997 0.000031]
[1.879004 0.000007] microT-Kernel Version 3.00
[1.881006 0.002002]
[1.881954 0.000947] tron_ble profile=BALANCED target=ble_link_v2_testbed behavior=LINK_V2_HARNESS candidate=ON identity=18:42:de:52:4a:dd identity_source=CONFIGURED_OVERRIDE role=root
[1.895998 0.014044] linkv2 identity field=runtime_ficr adva=18:42:de:52:4a:dd
[1.901023 0.005026] linkv2 identity field=effective_local adva=18:42:de:52:4a:dd
[1.906980 0.005957] linkv2 identity field=scheduler_copy adva=18:42:de:52:4a:dd
[1.912009 0.005028] linkv2 startup poc=link_v2_harness behavior=LINK_V2_HARNESS candidate=ON timer_profile=BALANCED network=1 role=root identity_source=CONFIGURED_OVERRIDE configured_override=18:42:de:52:4a:dd target_uid=9906360200052820cf57b9f988a30e16000000006e052820 inventory_records=2 inventory_full_adva_unique=yes inventory_sid16_unique=yes inventory_sid16_nonreserved=yes inventory_sid8_unique=yes inventory_sid8_nonreserved=yes peer=dc:4b:0a:06:03:f8 initiator=ON interval_ms=1000 transaction_target=100 runtime_ficr=18:42:de:52:4a:dd effective_local=18:42:de:52:4a:dd scheduler_adva=18:42:de:52:4a:dd configured_runtime_equal=yes effective_runtime_equal=yes effective_scheduler_equal=yes sid16=16920 sid8=24 fixed_k=disabled mesh_yield_max_ms=1 mesh_yield_policy=remaining_slack hook.enabled=0 hook.rx_block_adva=NOT_CONFIGURED hook.hack_drop_adva=NOT_CONFIGURED hook.hack_drop_count=0 hook.busy_admission_count=0 hook.collision_peer_adva=NOT_IMPLEMENTED  timer.scheduler_dwell_ms=50 timer.scheduler_relay_spacing_ms=200 timer.scheduler_custody_bypass_max=2 timer.scheduler_poll_max_ms=2 timer.radio_state_timeout_ms=2 timer.radio_tx_event_bound_ms=8 timer.legacy_relay_min_ms=20 timer.legacy_relay_max_ms=120 timer.legacy_dedupe_ms=10000 timer.legacy_ping_interval_ms=2000 timer.legacy_ping_timeout_ms=1500 timer.link_hack_timeout_ms=250 timer.link_max_attempts=3 timer.link_retry_backoff_ms=0 timer.link_tx_scheduler_attempt_bound_ms=30 timer.link_response_window_sum_ms=750 timer.link_no_response_wall_bound_ms=840 timer.link_candidate_resolve_ms=10 timer.link_busy_backoff_ms=500 timer.link_busy_max_responses=3 timer.link_data_deadline_ms=5000 timer.link_data_dedupe_ms=10000 timer.link_flood_dedupe_ms=10000 timer.link_flood_jitter_min_ms=20 timer.link_flood_jitter_max_ms=120 timer.aodv_node_traversal_ms=40 timer.aodv_net_diameter=15 timer.aodv_net_traversal_ms=1200 timer.aodv_path_discovery_ms=2400 timer.aodv_rreq_seen_ms=10000 timer.aodv_rreq_retries=2 timer.aodv_rreq_rate=10 timer.aodv_rerr_rate=10 timer.aodv_active_route_ms=360000 timer.aodv_pending_data_ms=30000 timer.aodv_blacklist_ms=2400 timer.aodv_rrep_dedupe_ms=10000 timer.aodv_rerr_dedupe_ms=10000 timer.aodv_rrep_ack_wait_ms=250 timer.gtt_soft_expiry_ms=150000 timer.gtt_hard_expiry_ms=300000 timer.gtt_departed_ms=600000 timer.gtt_maintenance_ms=25000 timer.hello_change_ms=24000 timer.hello_stable_ms=120000 timer.hello_alpha=0.8 timer.hello_snap_ratio=0.95 timer.hello_dedupe_ms=10000 timer.router_reboot_announce_ms=3000 timer.verification_window_ms=8400 timer.verification_new_cap=4 timer.verification_active_cap=4 timer.mentor_offer_window_ms=2000 timer.mentor_page_timeout_ms=2400 timer.mentor_page_attempts=3 timer.mentor_self_bootstrap_ms=3000 timer.mentor_sync_dedupe_ms=10000 timer.mentor_rssi_weak_magnitude_db=90 timer.mentor_rssi_strong_magnitude_db=30 timer.mentor_rssi_weak_delay_ms=500 timer.mentor_rssi_strong_delay_ms=10 timer.mentor_jitter_min_ms=0 timer.mentor_jitter_max_ms=50 timer.mentor_offer_suppression_ms=10000 timer.metadata_cooldown_ms=5000 timer.tc_uuid_ms=30000 timer.tc_subject_ms=1000 timer.repair_timeout_ms=5300 timer.repair_cooldown_ms=1000 timer.stats_ms=5000 timer.loop_delay_ms=2
[2.190975 0.278966] linkv2 diag now=312 kind=0 value=0
[2.196969 0.005994] linkv2 diag now=312 kind=4 value=0
[2.459019 0.262051] linkv2 event now=580 type=3 seq=1 attempts=2 requested_mask=0x07 completed_mask=0x07 hack_status=0 local_reason=255 mesh_reason=255 origin=0x4218 destination=0x4bdc
[3.191030 0.732011] linkv2 diag now=1312 kind=4 value=0
[3.206010 0.014980] linkv2 event now=1327 type=3 seq=2 attempts=1 requested_mask=0x07 completed_mask=0x07 hack_status=0 local_reason=255 mesh_reason=255 origin=0x4218 destination=0x4bdc
[4.191074 0.985064] linkv2 diag now=2313 kind=4 value=0
[4.205012 0.013938] linkv2 event now=2326 type=3 seq=3 attempts=1 requested_mask=0x07 completed_mask=0x07 hack_status=0 local_reason=255 mesh_reason=255 origin=0x4218 destination=0x4bdc
[5.192054 0.987041] linkv2 diag now=3314 kind=4 value=0
[5.460037 0.267983] linkv2 event now=3582 type=3 seq=4 attempts=2 requested_mask=0x07 completed_mask=0x07 hack_status=1 local_reason=255 mesh_reason=255 origin=0x4218 destination=0x4bdc
[6.192039 0.732002] linkv2 diag now=4314 kind=4 value=0
[6.207013 0.014974] linkv2 event now=4329 type=3 seq=5 attempts=1 requested_mask=0x07 completed_mask=0x07 hack_status=0 local_reason=255 mesh_reason=255 origin=0x4218 destination=0x4bdc
[7.191039 0.984026] linkv2 summary phase=periodic now=5313 submit_accepted=5 submit_rejected=0 submit_no_slot=0 submit_faulted=0 custody_transferred=5 local_tx_not_attempted=0 custody_busy_expired=0 custody_rejected=0 retry_exhausted=0 radio_fault_terminal=0 service_fault_terminal=0 final_deliveries=0 final_duplicates=0 scheduler_radio_fault=0 scheduler_service_fault=0 hook_rx_blocked=0 hook_hack_suppressed=0 hook_busy_forced=0 diagnostic_dropped=0 diag_queue=0 delivery_queue=0 delivery_provisional=0 fault_latched=0 link_hack_enqueue_failed=0
[7.243046 0.052007] linkv2 rf phase=periodic now=5313 channels=37,38,39 e_rreq=0/0/0 e_rrep=0/0/0 e_rerr=0/0/0 hello=0/0/0 sync_offer=0/0/0 sync_pull=0/0/0 sync_data=0/0/0 tc_update=0/0/0 e_rrep_ack=0/0/0 data=0/0/0 hack=0/1/4 flood=0/0/0 rx_ok=12 tx_ok=7 rx_crc_or_empty=315 queue_drop=0 relay_drop=0 relay_rate_limited=0 tx_len_drop=0
[7.274995 0.031950] linkv2 diag now=5315 kind=4 value=0
[7.280044 0.005049] linkv2 event now=5328 type=3 seq=6 attempts=1 requested_mask=0x07 completed_mask=0x07 hack_status=0 local_reason=255 mesh_reason=255 origin=0x4218 destination=0x4bdc
[8.195069 0.915025] linkv2 diag now=6316 kind=4 value=0
[8.210035 0.014966] linkv2 event now=6331 type=3 seq=7 attempts=1 requested_mask=0x07 completed_mask=0x07 hack_status=0 local_reason=255 mesh_reason=255 origin=0x4218 destination=0x4bdc
[9.195048 0.985013] linkv2 diag now=7317 kind=4 value=0
[9.210023 0.014975] linkv2 event now=7332 type=3 seq=8 attempts=1 requested_mask=0x07 completed_mask=0x07 hack_status=0 local_reason=255 mesh_reason=255 origin=0x4218 destination=0x4bdc
[10.196071 0.986048] linkv2 diag now=8318 kind=4 value=0
[10.209057 0.012986] linkv2 event now=8331 type=3 seq=9 attempts=1 requested_mask=0x07 completed_mask=0x07 hack_status=0 local_reason=255 mesh_reason=255 origin=0x4218 destination=0x4bdc
[11.198119 0.989062] linkv2 diag now=9319 kind=4 value=0
[11.718099 0.519980] linkv2 event now=9840 type=3 seq=10 attempts=3 requested_mask=0x07 completed_mask=0x07 hack_status=1 local_reason=255 mesh_reason=255 origin=0x4218 destination=0x4bdc
[12.192088 0.473989] linkv2 summary phase=periodic now=10314 submit_accepted=10 submit_rejected=0 submit_no_slot=0 submit_faulted=0 custody_transferred=10 local_tx_not_attempted=0 custody_busy_expired=0 custody_rejected=0 retry_exhausted=0 radio_fault_terminal=0 service_fault_terminal=0 final_deliveries=0 final_duplicates=0 scheduler_radio_fault=0 scheduler_service_fault=0 hook_rx_blocked=0 hook_hack_suppressed=0 hook_busy_forced=0 diagnostic_dropped=0 diag_queue=0 delivery_queue=0 delivery_provisional=0 fault_latched=0 link_hack_enqueue_failed=0
[12.244073 0.051985] linkv2 rf phase=periodic now=10314 channels=37,38,39 e_rreq=0/0/0 e_rrep=0/0/0 e_rerr=0/0/0 hello=0/0/0 sync_offer=0/0/0 sync_pull=0/0/0 sync_data=0/0/0 tc_update=0/0/0 e_rrep_ack=0/0/0 data=0/0/0 hack=1/4/5 flood=0/0/0 rx_ok=26 tx_ok=14 rx_crc_or_empty=647 queue_drop=0 relay_drop=0 relay_rate_limited=0 tx_len_drop=0
[12.276063 0.031990] linkv2 diag now=10320 kind=4 value=0
[12.281044 0.004981] linkv2 event now=10335 type=3 seq=11 attempts=1 requested_mask=0x07 completed_mask=0x07 hack_status=0 local_reason=255 mesh_reason=255 origin=0x4218 destination=0x4bdc
[13.200106 0.919061] linkv2 diag now=11321 kind=4 value=0
[13.215053 0.014947] linkv2 event now=11336 type=3 seq=12 attempts=1 requested_mask=0x07 completed_mask=0x07 hack_status=0 local_reason=255 mesh_reason=255 origin=0x4218 destination=0x4bdc
[14.201118 0.986065] linkv2 diag now=12322 kind=4 value=0
[14.214104 0.012986] linkv2 event now=12335 type=3 seq=13 attempts=1 requested_mask=0x07 completed_mask=0x07 hack_status=0 local_reason=255 mesh_reason=255 origin=0x4218 destination=0x4bdc
[15.201130 0.987026] linkv2 diag now=13323 kind=4 value=0
[15.216072 0.014942] linkv2 event now=13338 type=3 seq=14 attempts=1 requested_mask=0x07 completed_mask=0x07 hack_status=0 local_reason=255 mesh_reason=255 origin=0x4218 destination=0x4bdc
[16.202110 0.986039] linkv2 diag now=14324 kind=4 value=0
[16.217074 0.014963] linkv2 event now=14339 type=3 seq=15 attempts=1 requested_mask=0x07 completed_mask=0x07 hack_status=0 local_reason=255 mesh_reason=255 origin=0x4218 destination=0x4bdc
[17.193132 0.976058] linkv2 summary phase=periodic now=15315 submit_accepted=15 submit_rejected=0 submit_no_slot=0 submit_faulted=0 custody_transferred=15 local_tx_not_attempted=0 custody_busy_expired=0 custody_rejected=0 retry_exhausted=0 radio_fault_terminal=0 service_fault_terminal=0 final_deliveries=0 final_duplicates=0 scheduler_radio_fault=0 scheduler_service_fault=0 hook_rx_blocked=0 hook_hack_suppressed=0 hook_busy_forced=0 diagnostic_dropped=0 diag_queue=0 delivery_queue=0 delivery_provisional=0 fault_latched=0 link_hack_enqueue_failed=0
[17.245080 0.051948] linkv2 rf phase=periodic now=15315 channels=37,38,39 e_rreq=0/0/0 e_rrep=0/0/0 e_rerr=0/0/0 hello=0/0/0 sync_offer=0/0/0 sync_pull=0/0/0 sync_data=0/0/0 tc_update=0/0/0 e_rrep_ack=0/0/0 data=0/0/0 hack=2/6/7 flood=0/0/0 rx_ok=38 tx_ok=19 rx_crc_or_empty=965 queue_drop=0 relay_drop=0 relay_rate_limited=0 tx_len_drop=0
[17.276080 0.031000] linkv2 diag now=15325 kind=4 value=0
[17.469110 0.193030] linkv2 event now=15591 type=3 seq=16 attempts=2 requested_mask=0x07 completed_mask=0x07 hack_status=0 local_reason=255 mesh_reason=255 origin=0x4218 destination=0x4bdc
[18.203137 0.734027] linkv2 diag now=16325 kind=4 value=0
[18.471109 0.267972] linkv2 event now=16593 type=3 seq=17 attempts=2 requested_mask=0x07 completed_mask=0x07 hack_status=0 local_reason=255 mesh_reason=255 origin=0x4218 destination=0x4bdc
[19.203142 0.732033] linkv2 diag now=17325 kind=4 value=0
[19.218122 0.014980] linkv2 event now=17340 type=3 seq=18 attempts=1 requested_mask=0x07 completed_mask=0x07 hack_status=0 local_reason=255 mesh_reason=255 origin=0x4218 destination=0x4bdc
[20.204160 0.986038] linkv2 diag now=18326 kind=4 value=0
[20.217094 0.012934] linkv2 event now=18339 type=3 seq=19 attempts=1 requested_mask=0x07 completed_mask=0x07 hack_status=0 local_reason=255 mesh_reason=255 origin=0x4218 destination=0x4bdc
[21.205136 0.988041] linkv2 diag now=19327 kind=4 value=0
[21.220142 0.015006] linkv2 event now=19342 type=3 seq=20 attempts=1 requested_mask=0x07 completed_mask=0x07 hack_status=0 local_reason=255 mesh_reason=255 origin=0x4218 destination=0x4bdc
[22.193145 0.973003] linkv2 summary phase=periodic now=20316 submit_accepted=20 submit_rejected=0 submit_no_slot=0 submit_faulted=0 custody_transferred=20 local_tx_not_attempted=0 custody_busy_expired=0 custody_rejected=0 retry_exhausted=0 radio_fault_terminal=0 service_fault_terminal=0 final_deliveries=0 final_duplicates=0 scheduler_radio_fault=0 scheduler_service_fault=0 hook_rx_blocked=0 hook_hack_suppressed=0 hook_busy_forced=0 diagnostic_dropped=0 diag_queue=0 delivery_queue=0 delivery_provisional=0 fault_latched=0 link_hack_enqueue_failed=0
[22.245161 0.052016] linkv2 rf phase=periodic now=20316 channels=37,38,39 e_rreq=0/0/0 e_rrep=0/0/0 e_rerr=0/0/0 hello=0/0/0 sync_offer=0/0/0 sync_pull=0/0/0 sync_data=0/0/0 tc_update=0/0/0 e_rrep_ack=0/0/0 data=0/0/0 hack=3/8/9 flood=0/0/0 rx_ok=54 tx_ok=26 rx_crc_or_empty=1284 queue_drop=0 relay_drop=0 relay_rate_limited=0 tx_len_drop=0
[22.277092 0.031931] linkv2 diag now=20328 kind=4 value=0
[22.282098 0.005007] linkv2 event now=20343 type=3 seq=21 attempts=1 requested_mask=0x07 completed_mask=0x07 hack_status=0 local_reason=255 mesh_reason=255 origin=0x4218 destination=0x4bdc
[23.207193 0.925095] linkv2 diag now=21329 kind=4 value=0
[23.220134 0.012941] linkv2 event now=21342 type=3 seq=22 attempts=1 requested_mask=0x07 completed_mask=0x07 hack_status=0 local_reason=255 mesh_reason=255 origin=0x4218 destination=0x4bdc
[24.207185 0.987051] linkv2 diag now=22330 kind=4 value=0
[24.222142 0.014956] linkv2 event now=22345 type=3 seq=23 attempts=1 requested_mask=0x07 completed_mask=0x07 hack_status=0 local_reason=255 mesh_reason=255 origin=0x4218 destination=0x4bdc
[25.208165 0.986023] linkv2 diag now=23331 kind=4 value=0
[25.223157 0.014992] linkv2 event now=23346 type=3 seq=24 attempts=1 requested_mask=0x07 completed_mask=0x07 hack_status=0 local_reason=255 mesh_reason=255 origin=0x4218 destination=0x4bdc
[26.209179 0.986022] linkv2 diag now=24332 kind=4 value=0
[26.224159 0.014979] linkv2 event now=24347 type=3 seq=25 attempts=1 requested_mask=0x07 completed_mask=0x07 hack_status=0 local_reason=255 mesh_reason=255 origin=0x4218 destination=0x4bdc
[27.194209 0.970051] linkv2 summary phase=periodic now=25317 submit_accepted=25 submit_rejected=0 submit_no_slot=0 submit_faulted=0 custody_transferred=25 local_tx_not_attempted=0 custody_busy_expired=0 custody_rejected=0 retry_exhausted=0 radio_fault_terminal=0 service_fault_terminal=0 final_deliveries=0 final_duplicates=0 scheduler_radio_fault=0 scheduler_service_fault=0 hook_rx_blocked=0 hook_hack_suppressed=0 hook_busy_forced=0 diagnostic_dropped=0 diag_queue=0 delivery_queue=0 delivery_provisional=0 fault_latched=0 link_hack_enqueue_failed=0
[27.246253 0.052043] linkv2 rf phase=periodic now=25317 channels=37,38,39 e_rreq=0/0/0 e_rrep=0/0/0 e_rerr=0/0/0 hello=0/0/0 sync_offer=0/0/0 sync_pull=0/0/0 sync_data=0/0/0 tc_update=0/0/0 e_rrep_ack=0/0/0 data=0/0/0 hack=5/10/10 flood=0/0/0 rx_ok=68 tx_ok=31 rx_crc_or_empty=1603 queue_drop=0 relay_drop=0 relay_rate_limited=0 tx_len_drop=0
[27.279160 0.032908] linkv2 diag now=25333 kind=4 value=0
[27.284163 0.005002] linkv2 event now=25348 type=3 seq=26 attempts=1 requested_mask=0x07 completed_mask=0x07 hack_status=0 local_reason=255 mesh_reason=255 origin=0x4218 destination=0x4bdc
[28.211196 0.927034] linkv2 diag now=26334 kind=4 value=0
[28.477193 0.265996] linkv2 event now=26600 type=3 seq=27 attempts=2 requested_mask=0x07 completed_mask=0x07 hack_status=0 local_reason=255 mesh_reason=255 origin=0x4218 destination=0x4bdc
[29.211210 0.734018] linkv2 diag now=27334 kind=4 value=0
[29.730203 0.518992] linkv2 event now=27853 type=3 seq=28 attempts=3 requested_mask=0x07 completed_mask=0x07 hack_status=1 local_reason=255 mesh_reason=255 origin=0x4218 destination=0x4bdc
[30.212220 0.482018] linkv2 diag now=28335 kind=4 value=0
[30.225194 0.012973] linkv2 event now=28348 type=3 seq=29 attempts=1 requested_mask=0x07 completed_mask=0x07 hack_status=0 local_reason=255 mesh_reason=255 origin=0x4218 destination=0x4bdc
[31.213219 0.988026] linkv2 diag now=29336 kind=4 value=0
[31.226188 0.012969] linkv2 event now=29349 type=3 seq=30 attempts=1 requested_mask=0x07 completed_mask=0x07 hack_status=0 local_reason=255 mesh_reason=255 origin=0x4218 destination=0x4bdc
[32.194291 0.968103] linkv2 summary phase=periodic now=30317 submit_accepted=30 submit_rejected=0 submit_no_slot=0 submit_faulted=0 custody_transferred=30 local_tx_not_attempted=0 custody_busy_expired=0 custody_rejected=0 retry_exhausted=0 radio_fault_terminal=0 service_fault_terminal=0 final_deliveries=0 final_duplicates=0 scheduler_radio_fault=0 scheduler_service_fault=0 hook_rx_blocked=0 hook_hack_suppressed=0 hook_busy_forced=0 diagnostic_dropped=0 diag_queue=0 delivery_queue=0 delivery_provisional=0 fault_latched=0 link_hack_enqueue_failed=0
[32.246216 0.051925] linkv2 rf phase=periodic now=30317 channels=37,38,39 e_rreq=0/0/0 e_rrep=0/0/0 e_rerr=0/0/0 hello=0/0/0 sync_offer=0/0/0 sync_pull=0/0/0 sync_data=0/0/0 tc_update=0/0/0 e_rrep_ack=0/0/0 data=0/0/0 hack=7/12/11 flood=0/0/0 rx_ok=80 tx_ok=39 rx_crc_or_empty=1915 queue_drop=0 relay_drop=0 relay_rate_limited=0 tx_len_drop=0
[32.278214 0.031997] linkv2 diag now=30337 kind=4 value=0
[32.283187 0.004973] linkv2 event now=30352 type=3 seq=31 attempts=1 requested_mask=0x07 completed_mask=0x07 hack_status=0 local_reason=255 mesh_reason=255 origin=0x4218 destination=0x4bdc
[33.216218 0.933032] linkv2 diag now=31338 kind=4 value=0
[33.229208 0.012990] linkv2 event now=31351 type=3 seq=32 attempts=1 requested_mask=0x07 completed_mask=0x07 hack_status=0 local_reason=255 mesh_reason=255 origin=0x4218 destination=0x4bdc
[34.217250 0.988042] linkv2 diag now=32339 kind=4 value=0
[34.230219 0.012969] linkv2 event now=32352 type=3 seq=33 attempts=1 requested_mask=0x07 completed_mask=0x07 hack_status=0 local_reason=255 mesh_reason=255 origin=0x4218 destination=0x4bdc
[35.218252 0.988033] linkv2 diag now=33340 kind=4 value=0
[35.483256 0.265005] linkv2 event now=33606 type=3 seq=34 attempts=2 requested_mask=0x07 completed_mask=0x07 hack_status=1 local_reason=255 mesh_reason=255 origin=0x4218 destination=0x4bdc
[36.217256 0.733999] linkv2 diag now=34340 kind=4 value=0
[36.230233 0.012977] linkv2 event now=34353 type=3 seq=35 attempts=1 requested_mask=0x07 completed_mask=0x07 hack_status=0 local_reason=255 mesh_reason=255 origin=0x4218 destination=0x4bdc
[37.194271 0.964038] linkv2 summary phase=periodic now=35317 submit_accepted=35 submit_rejected=0 submit_no_slot=0 submit_faulted=0 custody_transferred=35 local_tx_not_attempted=0 custody_busy_expired=0 custody_rejected=0 retry_exhausted=0 radio_fault_terminal=0 service_fault_terminal=0 final_deliveries=0 final_duplicates=0 scheduler_radio_fault=0 scheduler_service_fault=0 hook_rx_blocked=0 hook_hack_suppressed=0 hook_busy_forced=0 diagnostic_dropped=0 diag_queue=0 delivery_queue=0 delivery_provisional=0 fault_latched=0 link_hack_enqueue_failed=0
[37.246235 0.051965] linkv2 rf phase=periodic now=35317 channels=37,38,39 e_rreq=0/0/0 e_rrep=0/0/0 e_rerr=0/0/0 hello=0/0/0 sync_offer=0/0/0 sync_pull=0/0/0 sync_data=0/0/0 tc_update=0/0/0 e_rrep_ack=0/0/0 data=0/0/0 hack=8/15/12 flood=0/0/0 rx_ok=94 tx_ok=45 rx_crc_or_empty=2225 queue_drop=0 relay_drop=0 relay_rate_limited=0 tx_len_drop=0
[37.277217 0.030982] linkv2 diag now=35341 kind=4 value=0
[37.283227 0.006010] linkv2 event now=35354 type=3 seq=36 attempts=1 requested_mask=0x07 completed_mask=0x07 hack_status=0 local_reason=255 mesh_reason=255 origin=0x4218 destination=0x4bdc
[38.219277 0.936049] linkv2 diag now=36342 kind=4 value=0
[38.234270 0.014993] linkv2 event now=36357 type=3 seq=37 attempts=1 requested_mask=0x07 completed_mask=0x07 hack_status=0 local_reason=255 mesh_reason=255 origin=0x4218 destination=0x4bdc
[39.220283 0.986013] linkv2 diag now=37343 kind=4 value=0
[39.233265 0.012982] linkv2 event now=37356 type=3 seq=38 attempts=1 requested_mask=0x07 completed_mask=0x07 hack_status=0 local_reason=255 mesh_reason=255 origin=0x4218 destination=0x4bdc
[40.220280 0.987016] linkv2 diag now=38344 kind=4 value=0
[40.489322 0.269041] linkv2 event now=38612 type=3 seq=39 attempts=2 requested_mask=0x07 completed_mask=0x07 hack_status=0 local_reason=255 mesh_reason=255 origin=0x4218 destination=0x4bdc
[41.220297 0.730975] linkv2 diag now=39344 kind=4 value=0
[41.234278 0.013981] linkv2 event now=39357 type=3 seq=40 attempts=1 requested_mask=0x07 completed_mask=0x07 hack_status=0 local_reason=255 mesh_reason=255 origin=0x4218 destination=0x4bdc
[42.193287 0.959009] linkv2 summary phase=periodic now=40317 submit_accepted=40 submit_rejected=0 submit_no_slot=0 submit_faulted=0 custody_transferred=40 local_tx_not_attempted=0 custody_busy_expired=0 custody_rejected=0 retry_exhausted=0 radio_fault_terminal=0 service_fault_terminal=0 final_deliveries=0 final_duplicates=0 scheduler_radio_fault=0 scheduler_service_fault=0 hook_rx_blocked=0 hook_hack_suppressed=0 hook_busy_forced=0 diagnostic_dropped=0 diag_queue=0 delivery_queue=0 delivery_provisional=0 fault_latched=0 link_hack_enqueue_failed=0
[42.245334 0.052048] linkv2 rf phase=periodic now=40317 channels=37,38,39 e_rreq=0/0/0 e_rrep=0/0/0 e_rerr=0/0/0 hello=0/0/0 sync_offer=0/0/0 sync_pull=0/0/0 sync_data=0/0/0 tc_update=0/0/0 e_rrep_ack=0/0/0 data=0/0/0 hack=9/16/15 flood=0/0/0 rx_ok=107 tx_ok=51 rx_crc_or_empty=2522 queue_drop=0 relay_drop=0 relay_rate_limited=0 tx_len_drop=0
[42.278271 0.032937] linkv2 diag now=40345 kind=4 value=0
[42.283287 0.005016] linkv2 event now=40358 type=3 seq=41 attempts=1 requested_mask=0x07 completed_mask=0x07 hack_status=0 local_reason=255 mesh_reason=255 origin=0x4218 destination=0x4bdc
[43.223308 0.940021] linkv2 diag now=41346 kind=4 value=0
[43.238283 0.014975] linkv2 event now=41361 type=3 seq=42 attempts=1 requested_mask=0x07 completed_mask=0x07 hack_status=0 local_reason=255 mesh_reason=255 origin=0x4218 destination=0x4bdc
[44.223340 0.985057] linkv2 diag now=42347 kind=4 value=0
[44.236281 0.012941] linkv2 event now=42360 type=3 seq=43 attempts=1 requested_mask=0x07 completed_mask=0x07 hack_status=0 local_reason=255 mesh_reason=255 origin=0x4218 destination=0x4bdc
[45.224325 0.988044] linkv2 diag now=43348 kind=4 value=0
[45.237359 0.013035] linkv2 event now=43361 type=3 seq=44 attempts=1 requested_mask=0x07 completed_mask=0x07 hack_status=0 local_reason=255 mesh_reason=255 origin=0x4218 destination=0x4bdc
[46.225321 0.987962] linkv2 diag now=44349 kind=4 value=0
[46.240332 0.015011] linkv2 event now=44364 type=3 seq=45 attempts=1 requested_mask=0x07 completed_mask=0x07 hack_status=0 local_reason=255 mesh_reason=255 origin=0x4218 destination=0x4bdc
[47.194381 0.954049] linkv2 summary phase=periodic now=45318 submit_accepted=45 submit_rejected=0 submit_no_slot=0 submit_faulted=0 custody_transferred=45 local_tx_not_attempted=0 custody_busy_expired=0 custody_rejected=0 retry_exhausted=0 radio_fault_terminal=0 service_fault_terminal=0 final_deliveries=0 final_duplicates=0 scheduler_radio_fault=0 scheduler_service_fault=0 hook_rx_blocked=0 hook_hack_suppressed=0 hook_busy_forced=0 diagnostic_dropped=0 diag_queue=0 delivery_queue=0 delivery_provisional=0 fault_latched=0 link_hack_enqueue_failed=0
[47.246338 0.051957] linkv2 rf phase=periodic now=45318 channels=37,38,39 e_rreq=0/0/0 e_rrep=0/0/0 e_rerr=0/0/0 hello=0/0/0 sync_offer=0/0/0 sync_pull=0/0/0 sync_data=0/0/0 tc_update=0/0/0 e_rrep_ack=0/0/0 data=0/0/0 hack=11/18/16 flood=0/0/0 rx_ok=118 tx_ok=56 rx_crc_or_empty=2821 queue_drop=0 relay_drop=0 relay_rate_limited=0 tx_len_drop=0
[47.279305 0.032967] linkv2 diag now=45350 kind=4 value=0
[47.284318 0.005013] linkv2 event now=45363 type=3 seq=46 attempts=1 requested_mask=0x07 completed_mask=0x07 hack_status=0 local_reason=255 mesh_reason=255 origin=0x4218 destination=0x4bdc
[48.227338 0.943021] linkv2 diag now=46351 kind=4 value=0
[48.240371 0.013033] linkv2 event now=46364 type=3 seq=47 attempts=1 requested_mask=0x07 completed_mask=0x07 hack_status=0 local_reason=255 mesh_reason=255 origin=0x4218 destination=0x4bdc
[49.228370 0.987999] linkv2 diag now=47352 kind=4 value=0
[49.243350 0.014980] linkv2 event now=47367 type=3 seq=48 attempts=1 requested_mask=0x07 completed_mask=0x07 hack_status=0 local_reason=255 mesh_reason=255 origin=0x4218 destination=0x4bdc
[50.229369 0.986019] linkv2 diag now=48353 kind=4 value=0
[50.242348 0.012979] linkv2 event now=48366 type=3 seq=49 attempts=1 requested_mask=0x07 completed_mask=0x07 hack_status=0 local_reason=255 mesh_reason=255 origin=0x4218 destination=0x4bdc
[51.230349 0.988002] linkv2 diag now=49354 kind=4 value=0
[51.243371 0.013021] linkv2 event now=49367 type=3 seq=50 attempts=1 requested_mask=0x07 completed_mask=0x07 hack_status=0 local_reason=255 mesh_reason=255 origin=0x4218 destination=0x4bdc
[52.195402 0.952031] linkv2 summary phase=periodic now=50319 submit_accepted=50 submit_rejected=0 submit_no_slot=0 submit_faulted=0 custody_transferred=50 local_tx_not_attempted=0 custody_busy_expired=0 custody_rejected=0 retry_exhausted=0 radio_fault_terminal=0 service_fault_terminal=0 final_deliveries=0 final_duplicates=0 scheduler_radio_fault=0 scheduler_service_fault=0 hook_rx_blocked=0 hook_hack_suppressed=0 hook_busy_forced=0 diagnostic_dropped=0 diag_queue=0 delivery_queue=0 delivery_provisional=0 fault_latched=0 link_hack_enqueue_failed=0
[52.247391 0.051989] linkv2 rf phase=periodic now=50319 channels=37,38,39 e_rreq=0/0/0 e_rrep=0/0/0 e_rerr=0/0/0 hello=0/0/0 sync_offer=0/0/0 sync_pull=0/0/0 sync_data=0/0/0 tc_update=0/0/0 e_rrep_ack=0/0/0 data=0/0/0 hack=12/20/18 flood=0/0/0 rx_ok=130 tx_ok=61 rx_crc_or_empty=3111 queue_drop=0 relay_drop=0 relay_rate_limited=0 tx_len_drop=0
[52.280337 0.032946] linkv2 diag now=50355 kind=4 value=0
[52.285369 0.005032] linkv2 event now=50370 type=3 seq=51 attempts=1 requested_mask=0x07 completed_mask=0x07 hack_status=0 local_reason=255 mesh_reason=255 origin=0x4218 destination=0x4bdc
[53.232399 0.947030] linkv2 diag now=51356 kind=4 value=0
[53.247357 0.014958] linkv2 event now=51371 type=3 seq=52 attempts=1 requested_mask=0x07 completed_mask=0x07 hack_status=0 local_reason=255 mesh_reason=255 origin=0x4218 destination=0x4bdc
[54.233409 0.986052] linkv2 diag now=52357 kind=4 value=0
[54.246392 0.012983] linkv2 event now=52370 type=3 seq=53 attempts=1 requested_mask=0x07 completed_mask=0x07 hack_status=0 local_reason=255 mesh_reason=255 origin=0x4218 destination=0x4bdc
[55.234388 0.987996] linkv2 diag now=53358 kind=4 value=0
[55.247360 0.012972] linkv2 event now=53371 type=3 seq=54 attempts=1 requested_mask=0x07 completed_mask=0x07 hack_status=0 local_reason=255 mesh_reason=255 origin=0x4218 destination=0x4bdc
[56.235412 0.988052] linkv2 diag now=54359 kind=4 value=0
[56.250376 0.014964] linkv2 event now=54374 type=3 seq=55 attempts=1 requested_mask=0x07 completed_mask=0x07 hack_status=0 local_reason=255 mesh_reason=255 origin=0x4218 destination=0x4bdc
[57.195398 0.945022] linkv2 summary phase=periodic now=55320 submit_accepted=55 submit_rejected=0 submit_no_slot=0 submit_faulted=0 custody_transferred=55 local_tx_not_attempted=0 custody_busy_expired=0 custody_rejected=0 retry_exhausted=0 radio_fault_terminal=0 service_fault_terminal=0 final_deliveries=0 final_duplicates=0 scheduler_radio_fault=0 scheduler_service_fault=0 hook_rx_blocked=0 hook_hack_suppressed=0 hook_busy_forced=0 diagnostic_dropped=0 diag_queue=0 delivery_queue=0 delivery_provisional=0 fault_latched=0 link_hack_enqueue_failed=0
[57.247461 0.052062] linkv2 rf phase=periodic now=55320 channels=37,38,39 e_rreq=0/0/0 e_rrep=0/0/0 e_rerr=0/0/0 hello=0/0/0 sync_offer=0/0/0 sync_pull=0/0/0 sync_data=0/0/0 tc_update=0/0/0 e_rrep_ack=0/0/0 data=0/0/0 hack=14/21/20 flood=0/0/0 rx_ok=142 tx_ok=66 rx_crc_or_empty=3388 queue_drop=0 relay_drop=0 relay_rate_limited=0 tx_len_drop=0
[57.280369 0.032909] linkv2 diag now=55360 kind=4 value=0
[57.285351 0.004982] linkv2 event now=55373 type=3 seq=56 attempts=1 requested_mask=0x07 completed_mask=0x07 hack_status=0 local_reason=255 mesh_reason=255 origin=0x4218 destination=0x4bdc
[58.236413 0.951061] linkv2 diag now=56361 kind=4 value=0
[58.250406 0.013994] linkv2 event now=56374 type=3 seq=57 attempts=1 requested_mask=0x07 completed_mask=0x07 hack_status=0 local_reason=255 mesh_reason=255 origin=0x4218 destination=0x4bdc
[59.237402 0.986996] linkv2 diag now=57362 kind=4 value=0
[59.253408 0.016006] linkv2 event now=57377 type=3 seq=58 attempts=1 requested_mask=0x07 completed_mask=0x07 hack_status=0 local_reason=255 mesh_reason=255 origin=0x4218 destination=0x4bdc
[60.238411 0.985003] linkv2 diag now=58363 kind=4 value=0
[60.251405 0.012993] linkv2 event now=58376 type=3 seq=59 attempts=1 requested_mask=0x07 completed_mask=0x07 hack_status=0 local_reason=255 mesh_reason=255 origin=0x4218 destination=0x4bdc
[61.239435 0.988031] linkv2 diag now=59364 kind=4 value=0
[61.507432 0.267996] linkv2 event now=59632 type=3 seq=60 attempts=2 requested_mask=0x07 completed_mask=0x07 hack_status=1 local_reason=255 mesh_reason=255 origin=0x4218 destination=0x4bdc
[62.195444 0.688012] linkv2 summary phase=periodic now=60320 submit_accepted=60 submit_rejected=0 submit_no_slot=0 submit_faulted=0 custody_transferred=60 local_tx_not_attempted=0 custody_busy_expired=0 custody_rejected=0 retry_exhausted=0 radio_fault_terminal=0 service_fault_terminal=0 final_deliveries=0 final_duplicates=0 scheduler_radio_fault=0 scheduler_service_fault=0 hook_rx_blocked=0 hook_hack_suppressed=0 hook_busy_forced=0 diagnostic_dropped=0 diag_queue=0 delivery_queue=0 delivery_provisional=0 fault_latched=0 link_hack_enqueue_failed=0
[62.247509 0.052065] linkv2 rf phase=periodic now=60320 channels=37,38,39 e_rreq=0/0/0 e_rrep=0/0/0 e_rerr=0/0/0 hello=0/0/0 sync_offer=0/0/0 sync_pull=0/0/0 sync_data=0/0/0 tc_update=0/0/0 e_rrep_ack=0/0/0 data=0/0/0 hack=15/23/22 flood=0/0/0 rx_ok=154 tx_ok=72 rx_crc_or_empty=3684 queue_drop=0 relay_drop=0 relay_rate_limited=0 tx_len_drop=0
[62.280402 0.032893] linkv2 diag now=60364 kind=4 value=0
[62.285392 0.004991] linkv2 event now=60379 type=3 seq=61 attempts=1 requested_mask=0x07 completed_mask=0x07 hack_status=0 local_reason=255 mesh_reason=255 origin=0x4218 destination=0x4bdc
[63.241448 0.956056] linkv2 diag now=61365 kind=4 value=0
[63.254416 0.012968] linkv2 event now=61378 type=3 seq=62 attempts=1 requested_mask=0x07 completed_mask=0x07 hack_status=0 local_reason=255 mesh_reason=255 origin=0x4218 destination=0x4bdc
[64.241458 0.987042] linkv2 diag now=62366 kind=4 value=0
[64.254455 0.012997] linkv2 event now=62379 type=3 seq=63 attempts=1 requested_mask=0x07 completed_mask=0x07 hack_status=0 local_reason=255 mesh_reason=255 origin=0x4218 destination=0x4bdc
[65.242452 0.987997] linkv2 diag now=63367 kind=4 value=0
[65.257443 0.014991] linkv2 event now=63382 type=3 seq=64 attempts=1 requested_mask=0x07 completed_mask=0x07 hack_status=0 local_reason=255 mesh_reason=255 origin=0x4218 destination=0x4bdc
[66.243473 0.986030] linkv2 diag now=64368 kind=4 value=0
[66.256444 0.012971] linkv2 event now=64381 type=3 seq=65 attempts=1 requested_mask=0x07 completed_mask=0x07 hack_status=0 local_reason=255 mesh_reason=255 origin=0x4218 destination=0x4bdc
[67.196476 0.940032] linkv2 summary phase=periodic now=65321 submit_accepted=65 submit_rejected=0 submit_no_slot=0 submit_faulted=0 custody_transferred=65 local_tx_not_attempted=0 custody_busy_expired=0 custody_rejected=0 retry_exhausted=0 radio_fault_terminal=0 service_fault_terminal=0 final_deliveries=0 final_duplicates=0 scheduler_radio_fault=0 scheduler_service_fault=0 hook_rx_blocked=0 hook_hack_suppressed=0 hook_busy_forced=0 diagnostic_dropped=0 diag_queue=0 delivery_queue=0 delivery_provisional=0 fault_latched=0 link_hack_enqueue_failed=0
[67.248458 0.051982] linkv2 rf phase=periodic now=65321 channels=37,38,39 e_rreq=0/0/0 e_rrep=0/0/0 e_rerr=0/0/0 hello=0/0/0 sync_offer=0/0/0 sync_pull=0/0/0 sync_data=0/0/0 tc_update=0/0/0 e_rrep_ack=0/0/0 data=0/0/0 hack=16/25/24 flood=0/0/0 rx_ok=172 tx_ok=77 rx_crc_or_empty=4040 queue_drop=0 relay_drop=0 relay_rate_limited=0 tx_len_drop=0
[67.281436 0.032978] linkv2 diag now=65369 kind=4 value=0
[67.286447 0.005011] linkv2 event now=65382 type=3 seq=66 attempts=1 requested_mask=0x07 completed_mask=0x07 hack_status=0 local_reason=255 mesh_reason=255 origin=0x4218 destination=0x4bdc
[68.246482 0.960036] linkv2 diag now=66370 kind=4 value=0
[68.261482 0.014999] linkv2 event now=66385 type=3 seq=67 attempts=1 requested_mask=0x07 completed_mask=0x07 hack_status=0 local_reason=255 mesh_reason=255 origin=0x4218 destination=0x4bdc
[69.246539 0.985058] linkv2 diag now=67371 kind=4 value=0
[69.261493 0.014953] linkv2 event now=67386 type=3 seq=68 attempts=1 requested_mask=0x07 completed_mask=0x07 hack_status=0 local_reason=255 mesh_reason=255 origin=0x4218 destination=0x4bdc
[70.247523 0.986030] linkv2 diag now=68372 kind=4 value=0
[70.260488 0.012965] linkv2 event now=68385 type=3 seq=69 attempts=1 requested_mask=0x07 completed_mask=0x07 hack_status=0 local_reason=255 mesh_reason=255 origin=0x4218 destination=0x4bdc
[71.248561 0.988073] linkv2 diag now=69373 kind=4 value=0
[71.514524 0.265964] linkv2 event now=69639 type=3 seq=70 attempts=2 requested_mask=0x07 completed_mask=0x07 hack_status=0 local_reason=255 mesh_reason=255 origin=0x4218 destination=0x4bdc
[72.196522 0.681998] linkv2 summary phase=periodic now=70321 submit_accepted=70 submit_rejected=0 submit_no_slot=0 submit_faulted=0 custody_transferred=70 local_tx_not_attempted=0 custody_busy_expired=0 custody_rejected=0 retry_exhausted=0 radio_fault_terminal=0 service_fault_terminal=0 final_deliveries=0 final_duplicates=0 scheduler_radio_fault=0 scheduler_service_fault=0 hook_rx_blocked=0 hook_hack_suppressed=0 hook_busy_forced=0 diagnostic_dropped=0 diag_queue=0 delivery_queue=0 delivery_provisional=0 fault_latched=0 link_hack_enqueue_failed=0
[72.246497 0.049975] linkv2 rf phase=periodic now=70321 channels=37,38,39 e_rreq=0/0/0 e_rrep=0/0/0 e_rerr=0/0/0 hello=0/0/0 sync_offer=0/0/0 sync_pull=0/0/0 sync_data=0/0/0 tc_update=0/0/0 e_rrep_ack=0/0/0 data=0/0/0 hack=18/27/25 flood=0/0/0 rx_ok=195 tx_ok=83 rx_crc_or_empty=4480 queue_drop=0 relay_drop=0 relay_rate_limited=0 tx_len_drop=0
[72.281481 0.034984] linkv2 diag now=70373 kind=4 value=0
[72.516532 0.235050] linkv2 event now=70641 type=3 seq=71 attempts=2 requested_mask=0x07 completed_mask=0x07 hack_status=1 local_reason=255 mesh_reason=255 origin=0x4218 destination=0x4bdc
[73.248524 0.731992] linkv2 diag now=71373 kind=4 value=0
[73.263520 0.014996] linkv2 event now=71388 type=3 seq=72 attempts=1 requested_mask=0x07 completed_mask=0x07 hack_status=0 local_reason=255 mesh_reason=255 origin=0x4218 destination=0x4bdc
[74.249552 0.986032] linkv2 diag now=72374 kind=4 value=0
[74.515533 0.265981] linkv2 event now=72640 type=3 seq=73 attempts=2 requested_mask=0x07 completed_mask=0x07 hack_status=1 local_reason=255 mesh_reason=255 origin=0x4218 destination=0x4bdc
[75.249575 0.734042] linkv2 diag now=73374 kind=4 value=0
[75.262552 0.012976] linkv2 event now=73387 type=3 seq=74 attempts=1 requested_mask=0x07 completed_mask=0x07 hack_status=0 local_reason=255 mesh_reason=255 origin=0x4218 destination=0x4bdc
[76.250717 0.988165] linkv2 diag now=74375 kind=4 value=0
[76.265538 0.014822] linkv2 event now=74390 type=3 seq=75 attempts=1 requested_mask=0x07 completed_mask=0x07 hack_status=0 local_reason=255 mesh_reason=255 origin=0x4218 destination=0x4bdc
[77.196552 0.931014] linkv2 summary phase=periodic now=75322 submit_accepted=75 submit_rejected=0 submit_no_slot=0 submit_faulted=0 custody_transferred=75 local_tx_not_attempted=0 custody_busy_expired=0 custody_rejected=0 retry_exhausted=0 radio_fault_terminal=0 service_fault_terminal=0 final_deliveries=0 final_duplicates=0 scheduler_radio_fault=0 scheduler_service_fault=0 hook_rx_blocked=0 hook_hack_suppressed=0 hook_busy_forced=0 diagnostic_dropped=0 diag_queue=0 delivery_queue=0 delivery_provisional=0 fault_latched=0 link_hack_enqueue_failed=0
[77.247574 0.051022] linkv2 rf phase=periodic now=75322 channels=37,38,39 e_rreq=0/0/0 e_rrep=0/0/0 e_rerr=0/0/0 hello=0/0/0 sync_offer=0/0/0 sync_pull=0/0/0 sync_data=0/0/0 tc_update=0/0/0 e_rrep_ack=0/0/0 data=0/0/0 hack=21/29/25 flood=0/0/0 rx_ok=215 tx_ok=90 rx_crc_or_empty=4796 queue_drop=0 relay_drop=0 relay_rate_limited=0 tx_len_drop=0
[77.281521 0.033947] linkv2 diag now=75376 kind=4 value=0
[77.286525 0.005004] linkv2 event now=75389 type=3 seq=76 attempts=1 requested_mask=0x07 completed_mask=0x07 hack_status=0 local_reason=255 mesh_reason=255 origin=0x4218 destination=0x4bdc
[78.251566 0.965041] linkv2 diag now=76377 kind=4 value=0
[78.264551 0.012985] linkv2 event now=76390 type=3 seq=77 attempts=1 requested_mask=0x07 completed_mask=0x07 hack_status=0 local_reason=255 mesh_reason=255 origin=0x4218 destination=0x4bdc
[79.252586 0.988035] linkv2 diag now=77378 kind=4 value=0
[79.267546 0.014960] linkv2 event now=77393 type=3 seq=78 attempts=1 requested_mask=0x07 completed_mask=0x07 hack_status=0 local_reason=255 mesh_reason=255 origin=0x4218 destination=0x4bdc
[80.253578 0.986032] linkv2 diag now=78379 kind=4 value=0
[80.266553 0.012975] linkv2 event now=78392 type=3 seq=79 attempts=1 requested_mask=0x07 completed_mask=0x07 hack_status=0 local_reason=255 mesh_reason=255 origin=0x4218 destination=0x4bdc
[81.254590 0.988036] linkv2 diag now=79380 kind=4 value=0
[81.522576 0.267986] linkv2 event now=79648 type=3 seq=80 attempts=2 requested_mask=0x07 completed_mask=0x07 hack_status=0 local_reason=255 mesh_reason=255 origin=0x4218 destination=0x4bdc
[82.196598 0.674022] linkv2 summary phase=periodic now=80322 submit_accepted=80 submit_rejected=0 submit_no_slot=0 submit_faulted=0 custody_transferred=80 local_tx_not_attempted=0 custody_busy_expired=0 custody_rejected=0 retry_exhausted=0 radio_fault_terminal=0 service_fault_terminal=0 final_deliveries=0 final_duplicates=0 scheduler_radio_fault=0 scheduler_service_fault=0 hook_rx_blocked=0 hook_hack_suppressed=0 hook_busy_forced=0 diagnostic_dropped=0 diag_queue=0 delivery_queue=0 delivery_provisional=0 fault_latched=0 link_hack_enqueue_failed=0
[82.246608 0.050010] linkv2 rf phase=periodic now=80322 channels=37,38,39 e_rreq=0/0/0 e_rrep=0/0/0 e_rerr=0/0/0 hello=0/0/0 sync_offer=0/0/0 sync_pull=0/0/0 sync_data=0/0/0 tc_update=0/0/0 e_rrep_ack=0/0/0 data=0/0/0 hack=23/30/27 flood=0/0/0 rx_ok=237 tx_ok=96 rx_crc_or_empty=5058 queue_drop=0 relay_drop=0 relay_rate_limited=0 tx_len_drop=0
[82.281559 0.034952] linkv2 diag now=80380 kind=4 value=0
[82.286567 0.005008] linkv2 event now=80395 type=3 seq=81 attempts=1 requested_mask=0x07 completed_mask=0x07 hack_status=0 local_reason=255 mesh_reason=255 origin=0x4218 destination=0x4bdc
[83.255597 0.969030] linkv2 diag now=81381 kind=4 value=0
[83.270583 0.014986] linkv2 event now=81396 type=3 seq=82 attempts=1 requested_mask=0x07 completed_mask=0x07 hack_status=0 local_reason=255 mesh_reason=255 origin=0x4218 destination=0x4bdc
[84.256608 0.986025] linkv2 diag now=82382 kind=4 value=0
[84.269598 0.012990] linkv2 event now=82395 type=3 seq=83 attempts=1 requested_mask=0x07 completed_mask=0x07 hack_status=0 local_reason=255 mesh_reason=255 origin=0x4218 destination=0x4bdc
[85.257616 0.988017] linkv2 diag now=83383 kind=4 value=0
[85.272612 0.014997] linkv2 event now=83398 type=3 seq=84 attempts=1 requested_mask=0x07 completed_mask=0x07 hack_status=0 local_reason=255 mesh_reason=255 origin=0x4218 destination=0x4bdc
[86.258624 0.986011] linkv2 diag now=84384 kind=4 value=0
[86.777652 0.519029] linkv2 event now=84903 type=3 seq=85 attempts=3 requested_mask=0x07 completed_mask=0x07 hack_status=1 local_reason=255 mesh_reason=255 origin=0x4218 destination=0x4bdc
[87.197646 0.419994] linkv2 summary phase=periodic now=85323 submit_accepted=85 submit_rejected=0 submit_no_slot=0 submit_faulted=0 custody_transferred=85 local_tx_not_attempted=0 custody_busy_expired=0 custody_rejected=0 retry_exhausted=0 radio_fault_terminal=0 service_fault_terminal=0 final_deliveries=0 final_duplicates=0 scheduler_radio_fault=0 scheduler_service_fault=0 hook_rx_blocked=0 hook_hack_suppressed=0 hook_busy_forced=0 diagnostic_dropped=0 diag_queue=0 delivery_queue=0 delivery_provisional=0 fault_latched=0 link_hack_enqueue_failed=0
[87.247641 0.049995] linkv2 rf phase=periodic now=85323 channels=37,38,39 e_rreq=0/0/0 e_rrep=0/0/0 e_rerr=0/0/0 hello=0/0/0 sync_offer=0/0/0 sync_pull=0/0/0 sync_data=0/0/0 tc_update=0/0/0 e_rrep_ack=0/0/0 data=0/0/0 hack=26/31/28 flood=0/0/0 rx_ok=257 tx_ok=103 rx_crc_or_empty=5386 queue_drop=0 relay_drop=0 relay_rate_limited=0 tx_len_drop=0
[87.282632 0.034991] linkv2 diag now=85385 kind=4 value=0
[87.287601 0.004969] linkv2 event now=85398 type=3 seq=86 attempts=1 requested_mask=0x07 completed_mask=0x07 hack_status=0 local_reason=255 mesh_reason=255 origin=0x4218 destination=0x4bdc
[88.261630 0.974029] linkv2 diag now=86386 kind=4 value=0
[88.528686 0.267055] linkv2 event now=86654 type=3 seq=87 attempts=2 requested_mask=0x07 completed_mask=0x07 hack_status=1 local_reason=255 mesh_reason=255 origin=0x4218 destination=0x4bdc
[89.260669 0.731983] linkv2 diag now=87386 kind=4 value=0
[89.275621 0.014952] linkv2 event now=87401 type=3 seq=88 attempts=1 requested_mask=0x07 completed_mask=0x07 hack_status=0 local_reason=255 mesh_reason=255 origin=0x4218 destination=0x4bdc
[90.261670 0.986049] linkv2 diag now=88387 kind=4 value=0
[90.274619 0.012948] linkv2 event now=88400 type=3 seq=89 attempts=1 requested_mask=0x07 completed_mask=0x07 hack_status=0 local_reason=255 mesh_reason=255 origin=0x4218 destination=0x4bdc
[91.262662 0.988043] linkv2 diag now=89388 kind=4 value=0
[91.781693 0.519032] linkv2 event now=89907 type=3 seq=90 attempts=3 requested_mask=0x07 completed_mask=0x07 hack_status=0 local_reason=255 mesh_reason=255 origin=0x4218 destination=0x4bdc
[92.197689 0.415996] linkv2 summary phase=periodic now=90323 submit_accepted=90 submit_rejected=0 submit_no_slot=0 submit_faulted=0 custody_transferred=90 local_tx_not_attempted=0 custody_busy_expired=0 custody_rejected=0 retry_exhausted=0 radio_fault_terminal=0 service_fault_terminal=0 final_deliveries=0 final_duplicates=0 scheduler_radio_fault=0 scheduler_service_fault=0 hook_rx_blocked=0 hook_hack_suppressed=0 hook_busy_forced=0 diagnostic_dropped=0 diag_queue=0 delivery_queue=0 delivery_provisional=0 fault_latched=0 link_hack_enqueue_failed=0
[92.247657 0.049968] linkv2 rf phase=periodic now=90323 channels=37,38,39 e_rreq=0/0/0 e_rrep=0/0/0 e_rerr=0/0/0 hello=0/0/0 sync_offer=0/0/0 sync_pull=0/0/0 sync_data=0/0/0 tc_update=0/0/0 e_rrep_ack=0/0/0 data=0/0/0 hack=26/34/30 flood=0/0/0 rx_ok=286 tx_ok=111 rx_crc_or_empty=5789 queue_drop=0 relay_drop=0 relay_rate_limited=0 tx_len_drop=0
[92.281646 0.033988] linkv2 diag now=90389 kind=4 value=0
[92.529658 0.248012] linkv2 event now=90655 type=3 seq=91 attempts=2 requested_mask=0x07 completed_mask=0x07 hack_status=0 local_reason=255 mesh_reason=255 origin=0x4218 destination=0x4bdc
[93.263712 0.734054] linkv2 diag now=91389 kind=4 value=0
[93.276680 0.012968] linkv2 event now=91402 type=3 seq=92 attempts=1 requested_mask=0x07 completed_mask=0x07 hack_status=0 local_reason=255 mesh_reason=255 origin=0x4218 destination=0x4bdc
[94.264687 0.988007] linkv2 diag now=92390 kind=4 value=0
[94.279669 0.014983] linkv2 event now=92405 type=3 seq=93 attempts=1 requested_mask=0x07 completed_mask=0x07 hack_status=0 local_reason=255 mesh_reason=255 origin=0x4218 destination=0x4bdc
[95.264710 0.985041] linkv2 diag now=93391 kind=4 value=0
[95.280684 0.015974] linkv2 event now=93406 type=3 seq=94 attempts=1 requested_mask=0x07 completed_mask=0x07 hack_status=0 local_reason=255 mesh_reason=255 origin=0x4218 destination=0x4bdc
[96.265705 0.985021] linkv2 diag now=94392 kind=4 value=0
[96.278690 0.012985] linkv2 event now=94405 type=3 seq=95 attempts=1 requested_mask=0x07 completed_mask=0x07 hack_status=0 local_reason=255 mesh_reason=255 origin=0x4218 destination=0x4bdc
[97.196713 0.918023] linkv2 summary phase=periodic now=95323 submit_accepted=95 submit_rejected=0 submit_no_slot=0 submit_faulted=0 custody_transferred=95 local_tx_not_attempted=0 custody_busy_expired=0 custody_rejected=0 retry_exhausted=0 radio_fault_terminal=0 service_fault_terminal=0 final_deliveries=0 final_duplicates=0 scheduler_radio_fault=0 scheduler_service_fault=0 hook_rx_blocked=0 hook_hack_suppressed=0 hook_busy_forced=0 diagnostic_dropped=0 diag_queue=0 delivery_queue=0 delivery_provisional=0 fault_latched=0 link_hack_enqueue_failed=0
[97.246729 0.050016] linkv2 rf phase=periodic now=95323 channels=37,38,39 e_rreq=0/0/0 e_rrep=0/0/0 e_rerr=0/0/0 hello=0/0/0 sync_offer=0/0/0 sync_pull=0/0/0 sync_data=0/0/0 tc_update=0/0/0 e_rrep_ack=0/0/0 data=0/0/0 hack=27/37/31 flood=0/0/0 rx_ok=312 tx_ok=117 rx_crc_or_empty=6140 queue_drop=0 relay_drop=0 relay_rate_limited=0 tx_len_drop=0
[97.280668 0.033939] linkv2 diag now=95393 kind=4 value=0
[97.285671 0.005003] linkv2 event now=95408 type=3 seq=96 attempts=1 requested_mask=0x07 completed_mask=0x07 hack_status=0 local_reason=255 mesh_reason=255 origin=0x4218 destination=0x4bdc
[98.268749 0.983078] linkv2 diag now=96394 kind=4 value=0
[98.281702 0.012953] linkv2 event now=96407 type=3 seq=97 attempts=1 requested_mask=0x07 completed_mask=0x07 hack_status=0 local_reason=255 mesh_reason=255 origin=0x4218 destination=0x4bdc
[99.268722 0.987020] linkv2 diag now=97395 kind=4 value=0
[99.281693 0.012971] linkv2 event now=97408 type=3 seq=98 attempts=1 requested_mask=0x07 completed_mask=0x07 hack_status=0 local_reason=255 mesh_reason=255 origin=0x4218 destination=0x4bdc
[100.269800 0.988107] linkv2 diag now=98396 kind=4 value=0
[100.537729 0.267929] linkv2 event now=98664 type=3 seq=99 attempts=2 requested_mask=0x07 completed_mask=0x07 hack_status=0 local_reason=255 mesh_reason=255 origin=0x4218 destination=0x4bdc
[101.269743 0.732014] linkv2 diag now=99396 kind=4 value=0
[101.284729 0.014985] linkv2 event now=99411 type=3 seq=100 attempts=1 requested_mask=0x07 completed_mask=0x07 hack_status=0 local_reason=255 mesh_reason=255 origin=0x4218 destination=0x4bdc
[101.302710 0.017981] linkv2 summary phase=final now=99429 submit_accepted=100 submit_rejected=0 submit_no_slot=0 submit_faulted=0 custody_transferred=100 local_tx_not_attempted=0 custody_busy_expired=0 custody_rejected=0 retry_exhausted=0 radio_fault_terminal=0 service_fault_terminal=0 final_deliveries=0 final_duplicates=0 scheduler_radio_fault=0 scheduler_service_fault=0 hook_rx_blocked=0 hook_hack_suppressed=0 hook_busy_forced=0 diagnostic_dropped=0 diag_queue=0 delivery_queue=0 delivery_provisional=0 fault_latched=0 link_hack_enqueue_failed=0
[101.352741 0.050031] linkv2 rf phase=final now=99429 channels=37,38,39 e_rreq=0/0/0 e_rrep=0/0/0 e_rerr=0/0/0 hello=0/0/0 sync_offer=0/0/0 sync_pull=0/0/0 sync_data=0/0/0 tc_update=0/0/0 e_rrep_ack=0/0/0 data=0/0/0 hack=28/38/34 flood=0/0/0 rx_ok=336 tx_ok=123 rx_crc_or_empty=6421 queue_drop=0 relay_drop=0 relay_rate_limited=0 tx_len_drop=0
[102.196918 0.844177] linkv2 summary phase=periodic now=100323 submit_accepted=100 submit_rejected=0 submit_no_slot=0 submit_faulted=0 custody_transferred=100 local_tx_not_attempted=0 custody_busy_expired=0 custody_rejected=0 retry_exhausted=0 radio_fault_terminal=0 service_fault_terminal=0 final_deliveries=0 final_duplicates=0 scheduler_radio_fault=0 scheduler_service_fault=0 hook_rx_blocked=0 hook_hack_suppressed=0 hook_busy_forced=0 diagnostic_dropped=0 diag_queue=0 delivery_queue=0 delivery_provisional=0 fault_latched=0 link_hack_enqueue_failed=0
[102.246764 0.049846] linkv2 rf phase=periodic now=100323 channels=37,38,39 e_rreq=0/0/0 e_rrep=0/0/0 e_rerr=0/0/0 hello=0/0/0 sync_offer=0/0/0 sync_pull=0/0/0 sync_data=0/0/0 tc_update=0/0/0 e_rrep_ack=0/0/0 data=0/0/0 hack=28/38/34 flood=0/0/0 rx_ok=340 tx_ok=123 rx_crc_or_empty=6485 queue_drop=0 relay_drop=0 relay_rate_limited=0 tx_len_drop=0
[107.197774 4.951010] linkv2 summary phase=periodic now=105324 submit_accepted=100 submit_rejected=0 submit_no_slot=0 submit_faulted=0 custody_transferred=100 local_tx_not_attempted=0 custody_busy_expired=0 custody_rejected=0 retry_exhausted=0 radio_fault_terminal=0 service_fault_terminal=0 final_deliveries=0 final_duplicates=0 scheduler_radio_fault=0 scheduler_service_fault=0 hook_rx_blocked=0 hook_hack_suppressed=0 hook_busy_forced=0 diagnostic_dropped=0 diag_queue=0 delivery_queue=0 delivery_provisional=0 fault_latched=0 link_hack_enqueue_failed=0
[107.247834 0.050059] linkv2 rf phase=periodic now=105324 channels=37,38,39 e_rreq=0/0/0 e_rrep=0/0/0 e_rerr=0/0/0 hello=0/0/0 sync_offer=0/0/0 sync_pull=0/0/0 sync_data=0/0/0 tc_update=0/0/0 e_rrep_ack=0/0/0 data=0/0/0 hack=28/38/34 flood=0/0/0 rx_ok=366 tx_ok=123 rx_crc_or_empty=6848 queue_drop=0 relay_drop=0 relay_rate_limited=0 tx_len_drop=0
[112.197833 4.950000] linkv2 summary phase=periodic now=110325 submit_accepted=100 submit_rejected=0 submit_no_slot=0 submit_faulted=0 custody_transferred=100 local_tx_not_attempted=0 custody_busy_expired=0 custody_rejected=0 retry_exhausted=0 radio_fault_terminal=0 service_fault_terminal=0 final_deliveries=0 final_duplicates=0 scheduler_radio_fault=0 scheduler_service_fault=0 hook_rx_blocked=0 hook_hack_suppressed=0 hook_busy_forced=0 diagnostic_dropped=0 diag_queue=0 delivery_queue=0 delivery_provisional=0 fault_latched=0 link_hack_enqueue_failed=0
[112.248828 0.050994] linkv2 rf phase=periodic now=110325 channels=37,38,39 e_rreq=0/0/0 e_rrep=0/0/0 e_rerr=0/0/0 hello=0/0/0 sync_offer=0/0/0 sync_pull=0/0/0 sync_data=0/0/0 tc_update=0/0/0 e_rrep_ack=0/0/0 data=0/0/0 hack=28/38/34 flood=0/0/0 rx_ok=384 tx_ok=123 rx_crc_or_empty=7215 queue_drop=0 relay_drop=0 relay_rate_limited=0 tx_len_drop=0
[117.198848 4.950020] linkv2 summary phase=periodic now=115326 submit_accepted=100 submit_rejected=0 submit_no_slot=0 submit_faulted=0 custody_transferred=100 local_tx_not_attempted=0 custody_busy_expired=0 custody_rejected=0 retry_exhausted=0 radio_fault_terminal=0 service_fault_terminal=0 final_deliveries=0 final_duplicates=0 scheduler_radio_fault=0 scheduler_service_fault=0 hook_rx_blocked=0 hook_hack_suppressed=0 hook_busy_forced=0 diagnostic_dropped=0 diag_queue=0 delivery_queue=0 delivery_provisional=0 fault_latched=0 link_hack_enqueue_failed=0
[117.249810 0.050962] linkv2 rf phase=periodic now=115326 channels=37,38,39 e_rreq=0/0/0 e_rrep=0/0/0 e_rerr=0/0/0 hello=0/0/0 sync_offer=0/0/0 sync_pull=0/0/0 sync_data=0/0/0 tc_update=0/0/0 e_rrep_ack=0/0/0 data=0/0/0 hack=28/38/34 flood=0/0/0 rx_ok=404 tx_ok=123 rx_crc_or_empty=7588 queue_drop=0 relay_drop=0 relay_rate_limited=0 tx_len_drop=0
[122.199899 4.950089] linkv2 summary phase=periodic now=120327 submit_accepted=100 submit_rejected=0 submit_no_slot=0 submit_faulted=0 custody_transferred=100 local_tx_not_attempted=0 custody_busy_expired=0 custody_rejected=0 retry_exhausted=0 radio_fault_terminal=0 service_fault_terminal=0 final_deliveries=0 final_duplicates=0 scheduler_radio_fault=0 scheduler_service_fault=0 hook_rx_blocked=0 hook_hack_suppressed=0 hook_busy_forced=0 diagnostic_dropped=0 diag_queue=0 delivery_queue=0 delivery_provisional=0 fault_latched=0 link_hack_enqueue_failed=0
[122.249930 0.050031] linkv2 rf phase=periodic now=120327 channels=37,38,39 e_rreq=0/0/0 e_rrep=0/0/0 e_rerr=0/0/0 hello=0/0/0 sync_offer=0/0/0 sync_pull=0/0/0 sync_data=0/0/0 tc_update=0/0/0 e_rrep_ack=0/0/0 data=0/0/0 hack=28/38/34 flood=0/0/0 rx_ok=426 tx_ok=123 rx_crc_or_empty=7964 queue_drop=0 relay_drop=0 relay_rate_limited=0 tx_len_drop=0
[127.199957 4.950027] linkv2 summary phase=periodic now=125328 submit_accepted=100 submit_rejected=0 submit_no_slot=0 submit_faulted=0 custody_transferred=100 local_tx_not_attempted=0 custody_busy_expired=0 custody_rejected=0 retry_exhausted=0 radio_fault_terminal=0 service_fault_terminal=0 final_deliveries=0 final_duplicates=0 scheduler_radio_fault=0 scheduler_service_fault=0 hook_rx_blocked=0 hook_hack_suppressed=0 hook_busy_forced=0 diagnostic_dropped=0 diag_queue=0 delivery_queue=0 delivery_provisional=0 fault_latched=0 link_hack_enqueue_failed=0
[127.250921 0.050964] linkv2 rf phase=periodic now=125328 channels=37,38,39 e_rreq=0/0/0 e_rrep=0/0/0 e_rerr=0/0/0 hello=0/0/0 sync_offer=0/0/0 sync_pull=0/0/0 sync_data=0/0/0 tc_update=0/0/0 e_rrep_ack=0/0/0 data=0/0/0 hack=28/38/34 flood=0/0/0 rx_ok=444 tx_ok=123 rx_crc_or_empty=8353 queue_drop=0 relay_drop=0 relay_rate_limited=0 tx_len_drop=0
[132.200986 4.950065] linkv2 summary phase=periodic now=130329 submit_accepted=100 submit_rejected=0 submit_no_slot=0 submit_faulted=0 custody_transferred=100 local_tx_not_attempted=0 custody_busy_expired=0 custody_rejected=0 retry_exhausted=0 radio_fault_terminal=0 service_fault_terminal=0 final_deliveries=0 final_duplicates=0 scheduler_radio_fault=0 scheduler_service_fault=0 hook_rx_blocked=0 hook_hack_suppressed=0 hook_busy_forced=0 diagnostic_dropped=0 diag_queue=0 delivery_queue=0 delivery_provisional=0 fault_latched=0 link_hack_enqueue_failed=0
[132.251958 0.050971] linkv2 rf phase=periodic now=130329 channels=37,38,39 e_rreq=0/0/0 e_rrep=0/0/0 e_rerr=0/0/0 hello=0/0/0 sync_offer=0/0/0 sync_pull=0/0/0 sync_data=0/0/0 tc_update=0/0/0 e_rrep_ack=0/0/0 data=0/0/0 hack=28/38/34 flood=0/0/0 rx_ok=471 tx_ok=123 rx_crc_or_empty=8735 queue_drop=0 relay_drop=0 relay_rate_limited=0 tx_len_drop=0
[137.202026 4.950068] linkv2 summary phase=periodic now=135330 submit_accepted=100 submit_rejected=0 submit_no_slot=0 submit_faulted=0 custody_transferred=100 local_tx_not_attempted=0 custody_busy_expired=0 custody_rejected=0 retry_exhausted=0 radio_fault_terminal=0 service_fault_terminal=0 final_deliveries=0 final_duplicates=0 scheduler_radio_fault=0 scheduler_service_fault=0 hook_rx_blocked=0 hook_hack_suppressed=0 hook_busy_forced=0 diagnostic_dropped=0 diag_queue=0 delivery_queue=0 delivery_provisional=0 fault_latched=0 link_hack_enqueue_failed=0
[137.252048 0.050022] linkv2 rf phase=periodic now=135330 channels=37,38,39 e_rreq=0/0/0 e_rrep=0/0/0 e_rerr=0/0/0 hello=0/0/0 sync_offer=0/0/0 sync_pull=0/0/0 sync_data=0/0/0 tc_update=0/0/0 e_rrep_ack=0/0/0 data=0/0/0 hack=28/38/34 flood=0/0/0 rx_ok=492 tx_ok=123 rx_crc_or_empty=9095 queue_drop=0 relay_drop=0 relay_rate_limited=0 tx_len_drop=0
[142.203054 4.951006] linkv2 summary phase=periodic now=140331 submit_accepted=100 submit_rejected=0 submit_no_slot=0 submit_faulted=0 custody_transferred=100 local_tx_not_attempted=0 custody_busy_expired=0 custody_rejected=0 retry_exhausted=0 radio_fault_terminal=0 service_fault_terminal=0 final_deliveries=0 final_duplicates=0 scheduler_radio_fault=0 scheduler_service_fault=0 hook_rx_blocked=0 hook_hack_suppressed=0 hook_busy_forced=0 diagnostic_dropped=0 diag_queue=0 delivery_queue=0 delivery_provisional=0 fault_latched=0 link_hack_enqueue_failed=0
[142.253053 0.049999] linkv2 rf phase=periodic now=140331 channels=37,38,39 e_rreq=0/0/0 e_rrep=0/0/0 e_rerr=0/0/0 hello=0/0/0 sync_offer=0/0/0 sync_pull=0/0/0 sync_data=0/0/0 tc_update=0/0/0 e_rrep_ack=0/0/0 data=0/0/0 hack=28/38/34 flood=0/0/0 rx_ok=516 tx_ok=123 rx_crc_or_empty=9473 queue_drop=0 relay_drop=0 relay_rate_limited=0 tx_len_drop=0
[147.203088 4.950035] linkv2 summary phase=periodic now=145332 submit_accepted=100 submit_rejected=0 submit_no_slot=0 submit_faulted=0 custody_transferred=100 local_tx_not_attempted=0 custody_busy_expired=0 custody_rejected=0 retry_exhausted=0 radio_fault_terminal=0 service_fault_terminal=0 final_deliveries=0 final_duplicates=0 scheduler_radio_fault=0 scheduler_service_fault=0 hook_rx_blocked=0 hook_hack_suppressed=0 hook_busy_forced=0 diagnostic_dropped=0 diag_queue=0 delivery_queue=0 delivery_provisional=0 fault_latched=0 link_hack_enqueue_failed=0
[147.254175 0.051087] linkv2 rf phase=periodic now=145332 channels=37,38,39 e_rreq=0/0/0 e_rrep=0/0/0 e_rerr=0/0/0 hello=0/0/0 sync_offer=0/0/0 sync_pull=0/0/0 sync_data=0/0/0 tc_update=0/0/0 e_rrep_ack=0/0/0 data=0/0/0 hack=28/38/34 flood=0/0/0 rx_ok=536 tx_ok=123 rx_crc_or_empty=9823 queue_drop=0 relay_drop=0 relay_rate_limited=0 tx_len_drop=0
[152.204132 4.949956] linkv2 summary phase=periodic now=150333 submit_accepted=100 submit_rejected=0 submit_no_slot=0 submit_faulted=0 custody_transferred=100 local_tx_not_attempted=0 custody_busy_expired=0 custody_rejected=0 retry_exhausted=0 radio_fault_terminal=0 service_fault_terminal=0 final_deliveries=0 final_duplicates=0 scheduler_radio_fault=0 scheduler_service_fault=0 hook_rx_blocked=0 hook_hack_suppressed=0 hook_busy_forced=0 diagnostic_dropped=0 diag_queue=0 delivery_queue=0 delivery_provisional=0 fault_latched=0 link_hack_enqueue_failed=0
[152.255103 0.050971] linkv2 rf phase=periodic now=150333 channels=37,38,39 e_rreq=0/0/0 e_rrep=0/0/0 e_rerr=0/0/0 hello=0/0/0 sync_offer=0/0/0 sync_pull=0/0/0 sync_data=0/0/0 tc_update=0/0/0 e_rrep_ack=0/0/0 data=0/0/0 hack=28/38/34 flood=0/0/0 rx_ok=558 tx_ok=123 rx_crc_or_empty=10171 queue_drop=0 relay_drop=0 relay_rate_limited=0 tx_len_drop=0
[157.205173 4.950070] linkv2 summary phase=periodic now=155334 submit_accepted=100 submit_rejected=0 submit_no_slot=0 submit_faulted=0 custody_transferred=100 local_tx_not_attempted=0 custody_busy_expired=0 custody_rejected=0 retry_exhausted=0 radio_fault_terminal=0 service_fault_terminal=0 final_deliveries=0 final_duplicates=0 scheduler_radio_fault=0 scheduler_service_fault=0 hook_rx_blocked=0 hook_hack_suppressed=0 hook_busy_forced=0 diagnostic_dropped=0 diag_queue=0 delivery_queue=0 delivery_provisional=0 fault_latched=0 link_hack_enqueue_failed=0
[157.255264 0.050091] linkv2 rf phase=periodic now=155334 channels=37,38,39 e_rreq=0/0/0 e_rrep=0/0/0 e_rerr=0/0/0 hello=0/0/0 sync_offer=0/0/0 sync_pull=0/0/0 sync_data=0/0/0 tc_update=0/0/0 e_rrep_ack=0/0/0 data=0/0/0 hack=28/38/34 flood=0/0/0 rx_ok=580 tx_ok=123 rx_crc_or_empty=10534 queue_drop=0 relay_drop=0 relay_rate_limited=0 tx_len_drop=0
[162.206196 4.950932] linkv2 summary phase=periodic now=160335 submit_accepted=100 submit_rejected=0 submit_no_slot=0 submit_faulted=0 custody_transferred=100 local_tx_not_attempted=0 custody_busy_expired=0 custody_rejected=0 retry_exhausted=0 radio_fault_terminal=0 service_fault_terminal=0 final_deliveries=0 final_duplicates=0 scheduler_radio_fault=0 scheduler_service_fault=0 hook_rx_blocked=0 hook_hack_suppressed=0 hook_busy_forced=0 diagnostic_dropped=0 diag_queue=0 delivery_queue=0 delivery_provisional=0 fault_latched=0 link_hack_enqueue_failed=0
[162.256200 0.050005] linkv2 rf phase=periodic now=160335 channels=37,38,39 e_rreq=0/0/0 e_rrep=0/0/0 e_rerr=0/0/0 hello=0/0/0 sync_offer=0/0/0 sync_pull=0/0/0 sync_data=0/0/0 tc_update=0/0/0 e_rrep_ack=0/0/0 data=0/0/0 hack=28/38/34 flood=0/0/0 rx_ok=602 tx_ok=123 rx_crc_or_empty=10894 queue_drop=0 relay_drop=0 relay_rate_limited=0 tx_len_drop=0
[167.206249 4.950049] linkv2 summary phase=periodic now=165336 submit_accepted=100 submit_rejected=0 submit_no_slot=0 submit_faulted=0 custody_transferred=100 local_tx_not_attempted=0 custody_busy_expired=0 custody_rejected=0 retry_exhausted=0 radio_fault_terminal=0 service_fault_terminal=0 final_deliveries=0 final_duplicates=0 scheduler_radio_fault=0 scheduler_service_fault=0 hook_rx_blocked=0 hook_hack_suppressed=0 hook_busy_forced=0 diagnostic_dropped=0 diag_queue=0 delivery_queue=0 delivery_provisional=0 fault_latched=0 link_hack_enqueue_failed=0
[167.257216 0.050967] linkv2 rf phase=periodic now=165336 channels=37,38,39 e_rreq=0/0/0 e_rrep=0/0/0 e_rerr=0/0/0 hello=0/0/0 sync_offer=0/0/0 sync_pull=0/0/0 sync_data=0/0/0 tc_update=0/0/0 e_rrep_ack=0/0/0 data=0/0/0 hack=28/38/34 flood=0/0/0 rx_ok=630 tx_ok=123 rx_crc_or_empty=11253 queue_drop=0 relay_drop=0 relay_rate_limited=0 tx_len_drop=0
[172.207275 4.950059] linkv2 summary phase=periodic now=170337 submit_accepted=100 submit_rejected=0 submit_no_slot=0 submit_faulted=0 custody_transferred=100 local_tx_not_attempted=0 custody_busy_expired=0 custody_rejected=0 retry_exhausted=0 radio_fault_terminal=0 service_fault_terminal=0 final_deliveries=0 final_duplicates=0 scheduler_radio_fault=0 scheduler_service_fault=0 hook_rx_blocked=0 hook_hack_suppressed=0 hook_busy_forced=0 diagnostic_dropped=0 diag_queue=0 delivery_queue=0 delivery_provisional=0 fault_latched=0 link_hack_enqueue_failed=0
[172.258263 0.050988] linkv2 rf phase=periodic now=170337 channels=37,38,39 e_rreq=0/0/0 e_rrep=0/0/0 e_rerr=0/0/0 hello=0/0/0 sync_offer=0/0/0 sync_pull=0/0/0 sync_data=0/0/0 tc_update=0/0/0 e_rrep_ack=0/0/0 data=0/0/0 hack=28/38/34 flood=0/0/0 rx_ok=666 tx_ok=123 rx_crc_or_empty=11603 queue_drop=0 relay_drop=0 relay_rate_limited=0 tx_len_drop=0
[177.208304 4.950041] linkv2 summary phase=periodic now=175338 submit_accepted=100 submit_rejected=0 submit_no_slot=0 submit_faulted=0 custody_transferred=100 local_tx_not_attempted=0 custody_busy_expired=0 custody_rejected=0 retry_exhausted=0 radio_fault_terminal=0 service_fault_terminal=0 final_deliveries=0 final_duplicates=0 scheduler_radio_fault=0 scheduler_service_fault=0 hook_rx_blocked=0 hook_hack_suppressed=0 hook_busy_forced=0 diagnostic_dropped=0 diag_queue=0 delivery_queue=0 delivery_provisional=0 fault_latched=0 link_hack_enqueue_failed=0
[177.258336 0.050032] linkv2 rf phase=periodic now=175338 channels=37,38,39 e_rreq=0/0/0 e_rrep=0/0/0 e_rerr=0/0/0 hello=0/0/0 sync_offer=0/0/0 sync_pull=0/0/0 sync_data=0/0/0 tc_update=0/0/0 e_rrep_ack=0/0/0 data=0/0/0 hack=28/38/34 flood=0/0/0 rx_ok=698 tx_ok=123 rx_crc_or_empty=11969 queue_drop=0 relay_drop=0 relay_rate_limited=0 tx_len_drop=0
[182.209346 4.951009] linkv2 summary phase=periodic now=180339 submit_accepted=100 submit_rejected=0 submit_no_slot=0 submit_faulted=0 custody_transferred=100 local_tx_not_attempted=0 custody_busy_expired=0 custody_rejected=0 retry_exhausted=0 radio_fault_terminal=0 service_fault_terminal=0 final_deliveries=0 final_duplicates=0 scheduler_radio_fault=0 scheduler_service_fault=0 hook_rx_blocked=0 hook_hack_suppressed=0 hook_busy_forced=0 diagnostic_dropped=0 diag_queue=0 delivery_queue=0 delivery_provisional=0 fault_latched=0 link_hack_enqueue_failed=0
[182.259310 0.049965] linkv2 rf phase=periodic now=180339 channels=37,38,39 e_rreq=0/0/0 e_rrep=0/0/0 e_rerr=0/0/0 hello=0/0/0 sync_offer=0/0/0 sync_pull=0/0/0 sync_data=0/0/0 tc_update=0/0/0 e_rrep_ack=0/0/0 data=0/0/0 hack=28/38/34 flood=0/0/0 rx_ok=728 tx_ok=123 rx_crc_or_empty=12372 queue_drop=0 relay_drop=0 relay_rate_limited=0 tx_len_drop=0
[187.209362 4.950052] linkv2 summary phase=periodic now=185340 submit_accepted=100 submit_rejected=0 submit_no_slot=0 submit_faulted=0 custody_transferred=100 local_tx_not_attempted=0 custody_busy_expired=0 custody_rejected=0 retry_exhausted=0 radio_fault_terminal=0 service_fault_terminal=0 final_deliveries=0 final_duplicates=0 scheduler_radio_fault=0 scheduler_service_fault=0 hook_rx_blocked=0 hook_hack_suppressed=0 hook_busy_forced=0 diagnostic_dropped=0 diag_queue=0 delivery_queue=0 delivery_provisional=0 fault_latched=0 link_hack_enqueue_failed=0
[187.260329 0.050967] linkv2 rf phase=periodic now=185340 channels=37,38,39 e_rreq=0/0/0 e_rrep=0/0/0 e_rerr=0/0/0 hello=0/0/0 sync_offer=0/0/0 sync_pull=0/0/0 sync_data=0/0/0 tc_update=0/0/0 e_rrep_ack=0/0/0 data=0/0/0 hack=28/38/34 flood=0/0/0 rx_ok=744 tx_ok=123 rx_crc_or_empty=12718 queue_drop=0 relay_drop=0 relay_rate_limited=0 tx_len_drop=0
[192.210399 4.950071] linkv2 summary phase=periodic now=190341 submit_accepted=100 submit_rejected=0 submit_no_slot=0 submit_faulted=0 custody_transferred=100 local_tx_not_attempted=0 custody_busy_expired=0 custody_rejected=0 retry_exhausted=0 radio_fault_terminal=0 service_fault_terminal=0 final_deliveries=0 final_duplicates=0 scheduler_radio_fault=0 scheduler_service_fault=0 hook_rx_blocked=0 hook_hack_suppressed=0 hook_busy_forced=0 diagnostic_dropped=0 diag_queue=0 delivery_queue=0 delivery_provisional=0 fault_latched=0 link_hack_enqueue_failed=0
[192.260431 0.050032] linkv2 rf phase=periodic now=190341 channels=37,38,39 e_rreq=0/0/0 e_rrep=0/0/0 e_rerr=0/0/0 hello=0/0/0 sync_offer=0/0/0 sync_pull=0/0/0 sync_data=0/0/0 tc_update=0/0/0 e_rrep_ack=0/0/0 data=0/0/0 hack=28/38/34 flood=0/0/0 rx_ok=751 tx_ok=123 rx_crc_or_empty=12999 queue_drop=0 relay_drop=0 relay_rate_limited=0 tx_len_drop=0
[197.211417 4.950986] linkv2 summary phase=periodic now=195342 submit_accepted=100 submit_rejected=0 submit_no_slot=0 submit_faulted=0 custody_transferred=100 local_tx_not_attempted=0 custody_busy_expired=0 custody_rejected=0 retry_exhausted=0 radio_fault_terminal=0 service_fault_terminal=0 final_deliveries=0 final_duplicates=0 scheduler_radio_fault=0 scheduler_service_fault=0 hook_rx_blocked=0 hook_hack_suppressed=0 hook_busy_forced=0 diagnostic_dropped=0 diag_queue=0 delivery_queue=0 delivery_provisional=0 fault_latched=0 link_hack_enqueue_failed=0
[197.261425 0.050008] linkv2 rf phase=periodic now=195342 channels=37,38,39 e_rreq=0/0/0 e_rrep=0/0/0 e_rerr=0/0/0 hello=0/0/0 sync_offer=0/0/0 sync_pull=0/0/0 sync_data=0/0/0 tc_update=0/0/0 e_rrep_ack=0/0/0 data=0/0/0 hack=28/38/34 flood=0/0/0 rx_ok=759 tx_ok=123 rx_crc_or_empty=13295 queue_drop=0 relay_drop=0 relay_rate_limited=0 tx_len_drop=0
[202.211490 4.950064] linkv2 summary phase=periodic now=200343 submit_accepted=100 submit_rejected=0 submit_no_slot=0 submit_faulted=0 custody_transferred=100 local_tx_not_attempted=0 custody_busy_expired=0 custody_rejected=0 retry_exhausted=0 radio_fault_terminal=0 service_fault_terminal=0 final_deliveries=0 final_duplicates=0 scheduler_radio_fault=0 scheduler_service_fault=0 hook_rx_blocked=0 hook_hack_suppressed=0 hook_busy_forced=0 diagnostic_dropped=0 diag_queue=0 delivery_queue=0 delivery_provisional=0 fault_latched=0 link_hack_enqueue_failed=0
[202.262452 0.050962] linkv2 rf phase=periodic now=200343 channels=37,38,39 e_rreq=0/0/0 e_rrep=0/0/0 e_rerr=0/0/0 hello=0/0/0 sync_offer=0/0/0 sync_pull=0/0/0 sync_data=0/0/0 tc_update=0/0/0 e_rrep_ack=0/0/0 data=0/0/0 hack=28/38/34 flood=0/0/0 rx_ok=766 tx_ok=123 rx_crc_or_empty=13575 queue_drop=0 relay_drop=0 relay_rate_limited=0 tx_len_drop=0
[207.212478 4.950026] linkv2 summary phase=periodic now=205344 submit_accepted=100 submit_rejected=0 submit_no_slot=0 submit_faulted=0 custody_transferred=100 local_tx_not_attempted=0 custody_busy_expired=0 custody_rejected=0 retry_exhausted=0 radio_fault_terminal=0 service_fault_terminal=0 final_deliveries=0 final_duplicates=0 scheduler_radio_fault=0 scheduler_service_fault=0 hook_rx_blocked=0 hook_hack_suppressed=0 hook_busy_forced=0 diagnostic_dropped=0 diag_queue=0 delivery_queue=0 delivery_provisional=0 fault_latched=0 link_hack_enqueue_failed=0
[207.262525 0.050046] linkv2 rf phase=periodic now=205344 channels=37,38,39 e_rreq=0/0/0 e_rrep=0/0/0 e_rerr=0/0/0 hello=0/0/0 sync_offer=0/0/0 sync_pull=0/0/0 sync_data=0/0/0 tc_update=0/0/0 e_rrep_ack=0/0/0 data=0/0/0 hack=28/38/34 flood=0/0/0 rx_ok=773 tx_ok=123 rx_crc_or_empty=13880 queue_drop=0 relay_drop=0 relay_rate_limited=0 tx_len_drop=0
[212.213516 4.950992] linkv2 summary phase=periodic now=210345 submit_accepted=100 submit_rejected=0 submit_no_slot=0 submit_faulted=0 custody_transferred=100 local_tx_not_attempted=0 custody_busy_expired=0 custody_rejected=0 retry_exhausted=0 radio_fault_terminal=0 service_fault_terminal=0 final_deliveries=0 final_duplicates=0 scheduler_radio_fault=0 scheduler_service_fault=0 hook_rx_blocked=0 hook_hack_suppressed=0 hook_busy_forced=0 diagnostic_dropped=0 diag_queue=0 delivery_queue=0 delivery_provisional=0 fault_latched=0 link_hack_enqueue_failed=0
[212.263520 0.050003] linkv2 rf phase=periodic now=210345 channels=37,38,39 e_rreq=0/0/0 e_rrep=0/0/0 e_rerr=0/0/0 hello=0/0/0 sync_offer=0/0/0 sync_pull=0/0/0 sync_data=0/0/0 tc_update=0/0/0 e_rrep_ack=0/0/0 data=0/0/0 hack=28/38/34 flood=0/0/0 rx_ok=779 tx_ok=123 rx_crc_or_empty=14173 queue_drop=0 relay_drop=0 relay_rate_limited=0 tx_len_drop=0
[217.214557 4.951037] linkv2 summary phase=periodic now=215346 submit_accepted=100 submit_rejected=0 submit_no_slot=0 submit_faulted=0 custody_transferred=100 local_tx_not_attempted=0 custody_busy_expired=0 custody_rejected=0 retry_exhausted=0 radio_fault_terminal=0 service_fault_terminal=0 final_deliveries=0 final_duplicates=0 scheduler_radio_fault=0 scheduler_service_fault=0 hook_rx_blocked=0 hook_hack_suppressed=0 hook_busy_forced=0 diagnostic_dropped=0 diag_queue=0 delivery_queue=0 delivery_provisional=0 fault_latched=0 link_hack_enqueue_failed=0
[217.264528 0.049971] linkv2 rf phase=periodic now=215346 channels=37,38,39 e_rreq=0/0/0 e_rrep=0/0/0 e_rerr=0/0/0 hello=0/0/0 sync_offer=0/0/0 sync_pull=0/0/0 sync_data=0/0/0 tc_update=0/0/0 e_rrep_ack=0/0/0 data=0/0/0 hack=28/38/34 flood=0/0/0 rx_ok=785 tx_ok=123 rx_crc_or_empty=14480 queue_drop=0 relay_drop=0 relay_rate_limited=0 tx_len_drop=0
[222.214566 4.950038] linkv2 summary phase=periodic now=220347 submit_accepted=100 submit_rejected=0 submit_no_slot=0 submit_faulted=0 custody_transferred=100 local_tx_not_attempted=0 custody_busy_expired=0 custody_rejected=0 retry_exhausted=0 radio_fault_terminal=0 service_fault_terminal=0 final_deliveries=0 final_duplicates=0 scheduler_radio_fault=0 scheduler_service_fault=0 hook_rx_blocked=0 hook_hack_suppressed=0 hook_busy_forced=0 diagnostic_dropped=0 diag_queue=0 delivery_queue=0 delivery_provisional=0 fault_latched=0 link_hack_enqueue_failed=0
[222.265564 0.050998] linkv2 rf phase=periodic now=220347 channels=37,38,39 e_rreq=0/0/0 e_rrep=0/0/0 e_rerr=0/0/0 hello=0/0/0 sync_offer=0/0/0 sync_pull=0/0/0 sync_data=0/0/0 tc_update=0/0/0 e_rrep_ack=0/0/0 data=0/0/0 hack=28/38/34 flood=0/0/0 rx_ok=795 tx_ok=123 rx_crc_or_empty=14824 queue_drop=0 relay_drop=0 relay_rate_limited=0 tx_len_drop=0
[227.215572 4.950008] linkv2 summary phase=periodic now=225348 submit_accepted=100 submit_rejected=0 submit_no_slot=0 submit_faulted=0 custody_transferred=100 local_tx_not_attempted=0 custody_busy_expired=0 custody_rejected=0 retry_exhausted=0 radio_fault_terminal=0 service_fault_terminal=0 final_deliveries=0 final_duplicates=0 scheduler_radio_fault=0 scheduler_service_fault=0 hook_rx_blocked=0 hook_hack_suppressed=0 hook_busy_forced=0 diagnostic_dropped=0 diag_queue=0 delivery_queue=0 delivery_provisional=0 fault_latched=0 link_hack_enqueue_failed=0
[227.265630 0.050058] linkv2 rf phase=periodic now=225348 channels=37,38,39 e_rreq=0/0/0 e_rrep=0/0/0 e_rerr=0/0/0 hello=0/0/0 sync_offer=0/0/0 sync_pull=0/0/0 sync_data=0/0/0 tc_update=0/0/0 e_rrep_ack=0/0/0 data=0/0/0 hack=28/38/34 flood=0/0/0 rx_ok=803 tx_ok=123 rx_crc_or_empty=15140 queue_drop=0 relay_drop=0 relay_rate_limited=0 tx_len_drop=0
[232.216632 4.951003] linkv2 summary phase=periodic now=230349 submit_accepted=100 submit_rejected=0 submit_no_slot=0 submit_faulted=0 custody_transferred=100 local_tx_not_attempted=0 custody_busy_expired=0 custody_rejected=0 retry_exhausted=0 radio_fault_terminal=0 service_fault_terminal=0 final_deliveries=0 final_duplicates=0 scheduler_radio_fault=0 scheduler_service_fault=0 hook_rx_blocked=0 hook_hack_suppressed=0 hook_busy_forced=0 diagnostic_dropped=0 diag_queue=0 delivery_queue=0 delivery_provisional=0 fault_latched=0 link_hack_enqueue_failed=0
[232.266620 0.049988] linkv2 rf phase=periodic now=230349 channels=37,38,39 e_rreq=0/0/0 e_rrep=0/0/0 e_rerr=0/0/0 hello=0/0/0 sync_offer=0/0/0 sync_pull=0/0/0 sync_data=0/0/0 tc_update=0/0/0 e_rrep_ack=0/0/0 data=0/0/0 hack=28/38/34 flood=0/0/0 rx_ok=810 tx_ok=123 rx_crc_or_empty=15462 queue_drop=0 relay_drop=0 relay_rate_limited=0 tx_len_drop=0
[237.216643 4.950022] linkv2 summary phase=periodic now=235350 submit_accepted=100 submit_rejected=0 submit_no_slot=0 submit_faulted=0 custody_transferred=100 local_tx_not_attempted=0 custody_busy_expired=0 custody_rejected=0 retry_exhausted=0 radio_fault_terminal=0 service_fault_terminal=0 final_deliveries=0 final_duplicates=0 scheduler_radio_fault=0 scheduler_service_fault=0 hook_rx_blocked=0 hook_hack_suppressed=0 hook_busy_forced=0 diagnostic_dropped=0 diag_queue=0 delivery_queue=0 delivery_provisional=0 fault_latched=0 link_hack_enqueue_failed=0
[237.267633 0.050990] linkv2 rf phase=periodic now=235350 channels=37,38,39 e_rreq=0/0/0 e_rrep=0/0/0 e_rerr=0/0/0 hello=0/0/0 sync_offer=0/0/0 sync_pull=0/0/0 sync_data=0/0/0 tc_update=0/0/0 e_rrep_ack=0/0/0 data=0/0/0 hack=28/38/34 flood=0/0/0 rx_ok=820 tx_ok=123 rx_crc_or_empty=15818 queue_drop=0 relay_drop=0 relay_rate_limited=0 tx_len_drop=0
[242.217685 4.950052] linkv2 summary phase=periodic now=240351 submit_accepted=100 submit_rejected=0 submit_no_slot=0 submit_faulted=0 custody_transferred=100 local_tx_not_attempted=0 custody_busy_expired=0 custody_rejected=0 retry_exhausted=0 radio_fault_terminal=0 service_fault_terminal=0 final_deliveries=0 final_duplicates=0 scheduler_radio_fault=0 scheduler_service_fault=0 hook_rx_blocked=0 hook_hack_suppressed=0 hook_busy_forced=0 diagnostic_dropped=0 diag_queue=0 delivery_queue=0 delivery_provisional=0 fault_latched=0 link_hack_enqueue_failed=0
[242.268662 0.050977] linkv2 rf phase=periodic now=240351 channels=37,38,39 e_rreq=0/0/0 e_rrep=0/0/0 e_rerr=0/0/0 hello=0/0/0 sync_offer=0/0/0 sync_pull=0/0/0 sync_data=0/0/0 tc_update=0/0/0 e_rrep_ack=0/0/0 data=0/0/0 hack=28/38/34 flood=0/0/0 rx_ok=828 tx_ok=123 rx_crc_or_empty=16147 queue_drop=0 relay_drop=0 relay_rate_limited=0 tx_len_drop=0
[247.218719 4.950056] linkv2 summary phase=periodic now=245352 submit_accepted=100 submit_rejected=0 submit_no_slot=0 submit_faulted=0 custody_transferred=100 local_tx_not_attempted=0 custody_busy_expired=0 custody_rejected=0 retry_exhausted=0 radio_fault_terminal=0 service_fault_terminal=0 final_deliveries=0 final_duplicates=0 scheduler_radio_fault=0 scheduler_service_fault=0 hook_rx_blocked=0 hook_hack_suppressed=0 hook_busy_forced=0 diagnostic_dropped=0 diag_queue=0 delivery_queue=0 delivery_provisional=0 fault_latched=0 link_hack_enqueue_failed=0
[247.268749 0.050030] linkv2 rf phase=periodic now=245352 channels=37,38,39 e_rreq=0/0/0 e_rrep=0/0/0 e_rerr=0/0/0 hello=0/0/0 sync_offer=0/0/0 sync_pull=0/0/0 sync_data=0/0/0 tc_update=0/0/0 e_rrep_ack=0/0/0 data=0/0/0 hack=28/38/34 flood=0/0/0 rx_ok=836 tx_ok=123 rx_crc_or_empty=16479 queue_drop=0 relay_drop=0 relay_rate_limited=0 tx_len_drop=0
[252.219762 4.951013] linkv2 summary phase=periodic now=250353 submit_accepted=100 submit_rejected=0 submit_no_slot=0 submit_faulted=0 custody_transferred=100 local_tx_not_attempted=0 custody_busy_expired=0 custody_rejected=0 retry_exhausted=0 radio_fault_terminal=0 service_fault_terminal=0 final_deliveries=0 final_duplicates=0 scheduler_radio_fault=0 scheduler_service_fault=0 hook_rx_blocked=0 hook_hack_suppressed=0 hook_busy_forced=0 diagnostic_dropped=0 diag_queue=0 delivery_queue=0 delivery_provisional=0 fault_latched=0 link_hack_enqueue_failed=0
[252.269740 0.049977] linkv2 rf phase=periodic now=250353 channels=37,38,39 e_rreq=0/0/0 e_rrep=0/0/0 e_rerr=0/0/0 hello=0/0/0 sync_offer=0/0/0 sync_pull=0/0/0 sync_data=0/0/0 tc_update=0/0/0 e_rrep_ack=0/0/0 data=0/0/0 hack=28/38/34 flood=0/0/0 rx_ok=844 tx_ok=123 rx_crc_or_empty=16786 queue_drop=0 relay_drop=0 relay_rate_limited=0 tx_len_drop=0
[257.219773 4.950034] linkv2 summary phase=periodic now=255354 submit_accepted=100 submit_rejected=0 submit_no_slot=0 submit_faulted=0 custody_transferred=100 local_tx_not_attempted=0 custody_busy_expired=0 custody_rejected=0 retry_exhausted=0 radio_fault_terminal=0 service_fault_terminal=0 final_deliveries=0 final_duplicates=0 scheduler_radio_fault=0 scheduler_service_fault=0 hook_rx_blocked=0 hook_hack_suppressed=0 hook_busy_forced=0 diagnostic_dropped=0 diag_queue=0 delivery_queue=0 delivery_provisional=0 fault_latched=0 link_hack_enqueue_failed=0
[257.270746 0.050973] linkv2 rf phase=periodic now=255354 channels=37,38,39 e_rreq=0/0/0 e_rrep=0/0/0 e_rerr=0/0/0 hello=0/0/0 sync_offer=0/0/0 sync_pull=0/0/0 sync_data=0/0/0 tc_update=0/0/0 e_rrep_ack=0/0/0 data=0/0/0 hack=28/38/34 flood=0/0/0 rx_ok=853 tx_ok=123 rx_crc_or_empty=17107 queue_drop=0 relay_drop=0 relay_rate_limited=0 tx_len_drop=0
[262.220817 4.950071] linkv2 summary phase=periodic now=260355 submit_accepted=100 submit_rejected=0 submit_no_slot=0 submit_faulted=0 custody_transferred=100 local_tx_not_attempted=0 custody_busy_expired=0 custody_rejected=0 retry_exhausted=0 radio_fault_terminal=0 service_fault_terminal=0 final_deliveries=0 final_duplicates=0 scheduler_radio_fault=0 scheduler_service_fault=0 hook_rx_blocked=0 hook_hack_suppressed=0 hook_busy_forced=0 diagnostic_dropped=0 diag_queue=0 delivery_queue=0 delivery_provisional=0 fault_latched=0 link_hack_enqueue_failed=0
[262.271802 0.050985] linkv2 rf phase=periodic now=260355 channels=37,38,39 e_rreq=0/0/0 e_rrep=0/0/0 e_rerr=0/0/0 hello=0/0/0 sync_offer=0/0/0 sync_pull=0/0/0 sync_data=0/0/0 tc_update=0/0/0 e_rrep_ack=0/0/0 data=0/0/0 hack=28/38/34 flood=0/0/0 rx_ok=861 tx_ok=123 rx_crc_or_empty=17426 queue_drop=0 relay_drop=0 relay_rate_limited=0 tx_len_drop=0
[267.221863 4.950061] linkv2 summary phase=periodic now=265356 submit_accepted=100 submit_rejected=0 submit_no_slot=0 submit_faulted=0 custody_transferred=100 local_tx_not_attempted=0 custody_busy_expired=0 custody_rejected=0 retry_exhausted=0 radio_fault_terminal=0 service_fault_terminal=0 final_deliveries=0 final_duplicates=0 scheduler_radio_fault=0 scheduler_service_fault=0 hook_rx_blocked=0 hook_hack_suppressed=0 hook_busy_forced=0 diagnostic_dropped=0 diag_queue=0 delivery_queue=0 delivery_provisional=0 fault_latched=0 link_hack_enqueue_failed=0
[267.271849 0.049985] linkv2 rf phase=periodic now=265356 channels=37,38,39 e_rreq=0/0/0 e_rrep=0/0/0 e_rerr=0/0/0 hello=0/0/0 sync_offer=0/0/0 sync_pull=0/0/0 sync_data=0/0/0 tc_update=0/0/0 e_rrep_ack=0/0/0 data=0/0/0 hack=28/38/34 flood=0/0/0 rx_ok=867 tx_ok=123 rx_crc_or_empty=17701 queue_drop=0 relay_drop=0 relay_rate_limited=0 tx_len_drop=0
[272.222906 4.951057] linkv2 summary phase=periodic now=270357 submit_accepted=100 submit_rejected=0 submit_no_slot=0 submit_faulted=0 custody_transferred=100 local_tx_not_attempted=0 custody_busy_expired=0 custody_rejected=0 retry_exhausted=0 radio_fault_terminal=0 service_fault_terminal=0 final_deliveries=0 final_duplicates=0 scheduler_radio_fault=0 scheduler_service_fault=0 hook_rx_blocked=0 hook_hack_suppressed=0 hook_busy_forced=0 diagnostic_dropped=0 diag_queue=0 delivery_queue=0 delivery_provisional=0 fault_latched=0 link_hack_enqueue_failed=0
[272.272875 0.049969] linkv2 rf phase=periodic now=270357 channels=37,38,39 e_rreq=0/0/0 e_rrep=0/0/0 e_rerr=0/0/0 hello=0/0/0 sync_offer=0/0/0 sync_pull=0/0/0 sync_data=0/0/0 tc_update=0/0/0 e_rrep_ack=0/0/0 data=0/0/0 hack=28/38/34 flood=0/0/0 rx_ok=875 tx_ok=123 rx_crc_or_empty=17961 queue_drop=0 relay_drop=0 relay_rate_limited=0 tx_len_drop=0
[277.222936 4.950061] linkv2 summary phase=periodic now=275358 submit_accepted=100 submit_rejected=0 submit_no_slot=0 submit_faulted=0 custody_transferred=100 local_tx_not_attempted=0 custody_busy_expired=0 custody_rejected=0 retry_exhausted=0 radio_fault_terminal=0 service_fault_terminal=0 final_deliveries=0 final_duplicates=0 scheduler_radio_fault=0 scheduler_service_fault=0 hook_rx_blocked=0 hook_hack_suppressed=0 hook_busy_forced=0 diagnostic_dropped=0 diag_queue=0 delivery_queue=0 delivery_provisional=0 fault_latched=0 link_hack_enqueue_failed=0
[277.273881 0.050945] linkv2 rf phase=periodic now=275358 channels=37,38,39 e_rreq=0/0/0 e_rrep=0/0/0 e_rerr=0/0/0 hello=0/0/0 sync_offer=0/0/0 sync_pull=0/0/0 sync_data=0/0/0 tc_update=0/0/0 e_rrep_ack=0/0/0 data=0/0/0 hack=28/38/34 flood=0/0/0 rx_ok=884 tx_ok=123 rx_crc_or_empty=18231 queue_drop=0 relay_drop=0 relay_rate_limited=0 tx_len_drop=0
[282.223935 4.950054] linkv2 summary phase=periodic now=280359 submit_accepted=100 submit_rejected=0 submit_no_slot=0 submit_faulted=0 custody_transferred=100 local_tx_not_attempted=0 custody_busy_expired=0 custody_rejected=0 retry_exhausted=0 radio_fault_terminal=0 service_fault_terminal=0 final_deliveries=0 final_duplicates=0 scheduler_radio_fault=0 scheduler_service_fault=0 hook_rx_blocked=0 hook_hack_suppressed=0 hook_busy_forced=0 diagnostic_dropped=0 diag_queue=0 delivery_queue=0 delivery_provisional=0 fault_latched=0 link_hack_enqueue_failed=0
[282.274917 0.050981] linkv2 rf phase=periodic now=280359 channels=37,38,39 e_rreq=0/0/0 e_rrep=0/0/0 e_rerr=0/0/0 hello=0/0/0 sync_offer=0/0/0 sync_pull=0/0/0 sync_data=0/0/0 tc_update=0/0/0 e_rrep_ack=0/0/0 data=0/0/0 hack=28/38/34 flood=0/0/0 rx_ok=891 tx_ok=123 rx_crc_or_empty=18533 queue_drop=0 relay_drop=0 relay_rate_limited=0 tx_len_drop=0
[287.224979 4.950062] linkv2 summary phase=periodic now=285360 submit_accepted=100 submit_rejected=0 submit_no_slot=0 submit_faulted=0 custody_transferred=100 local_tx_not_attempted=0 custody_busy_expired=0 custody_rejected=0 retry_exhausted=0 radio_fault_terminal=0 service_fault_terminal=0 final_deliveries=0 final_duplicates=0 scheduler_radio_fault=0 scheduler_service_fault=0 hook_rx_blocked=0 hook_hack_suppressed=0 hook_busy_forced=0 diagnostic_dropped=0 diag_queue=0 delivery_queue=0 delivery_provisional=0 fault_latched=0 link_hack_enqueue_failed=0
[287.274980 0.050001] linkv2 rf phase=periodic now=285360 channels=37,38,39 e_rreq=0/0/0 e_rrep=0/0/0 e_rerr=0/0/0 hello=0/0/0 sync_offer=0/0/0 sync_pull=0/0/0 sync_data=0/0/0 tc_update=0/0/0 e_rrep_ack=0/0/0 data=0/0/0 hack=28/38/34 flood=0/0/0 rx_ok=900 tx_ok=123 rx_crc_or_empty=18821 queue_drop=0 relay_drop=0 relay_rate_limited=0 tx_len_drop=0
[292.226056 4.951077] linkv2 summary phase=periodic now=290361 submit_accepted=100 submit_rejected=0 submit_no_slot=0 submit_faulted=0 custody_transferred=100 local_tx_not_attempted=0 custody_busy_expired=0 custody_rejected=0 retry_exhausted=0 radio_fault_terminal=0 service_fault_terminal=0 final_deliveries=0 final_duplicates=0 scheduler_radio_fault=0 scheduler_service_fault=0 hook_rx_blocked=0 hook_hack_suppressed=0 hook_busy_forced=0 diagnostic_dropped=0 diag_queue=0 delivery_queue=0 delivery_provisional=0 fault_latched=0 link_hack_enqueue_failed=0
[292.276000 0.049944] linkv2 rf phase=periodic now=290361 channels=37,38,39 e_rreq=0/0/0 e_rrep=0/0/0 e_rerr=0/0/0 hello=0/0/0 sync_offer=0/0/0 sync_pull=0/0/0 sync_data=0/0/0 tc_update=0/0/0 e_rrep_ack=0/0/0 data=0/0/0 hack=28/38/34 flood=0/0/0 rx_ok=905 tx_ok=123 rx_crc_or_empty=19113 queue_drop=0 relay_drop=0 relay_rate_limited=0 tx_len_drop=0
[297.226054 4.950054] linkv2 summary phase=periodic now=295362 submit_accepted=100 submit_rejected=0 submit_no_slot=0 submit_faulted=0 custody_transferred=100 local_tx_not_attempted=0 custody_busy_expired=0 custody_rejected=0 retry_exhausted=0 radio_fault_terminal=0 service_fault_terminal=0 final_deliveries=0 final_duplicates=0 scheduler_radio_fault=0 scheduler_service_fault=0 hook_rx_blocked=0 hook_hack_suppressed=0 hook_busy_forced=0 diagnostic_dropped=0 diag_queue=0 delivery_queue=0 delivery_provisional=0 fault_latched=0 link_hack_enqueue_failed=0
[297.277007 0.050953] linkv2 rf phase=periodic now=295362 channels=37,38,39 e_rreq=0/0/0 e_rrep=0/0/0 e_rerr=0/0/0 hello=0/0/0 sync_offer=0/0/0 sync_pull=0/0/0 sync_data=0/0/0 tc_update=0/0/0 e_rrep_ack=0/0/0 data=0/0/0 hack=28/38/34 flood=0/0/0 rx_ok=913 tx_ok=123 rx_crc_or_empty=19411 queue_drop=0 relay_drop=0 relay_rate_limited=0 tx_len_drop=0
[302.227091 4.950084] linkv2 summary phase=periodic now=300363 submit_accepted=100 submit_rejected=0 submit_no_slot=0 submit_faulted=0 custody_transferred=100 local_tx_not_attempted=0 custody_busy_expired=0 custody_rejected=0 retry_exhausted=0 radio_fault_terminal=0 service_fault_terminal=0 final_deliveries=0 final_duplicates=0 scheduler_radio_fault=0 scheduler_service_fault=0 hook_rx_blocked=0 hook_hack_suppressed=0 hook_busy_forced=0 diagnostic_dropped=0 diag_queue=0 delivery_queue=0 delivery_provisional=0 fault_latched=0 link_hack_enqueue_failed=0
[302.277084 0.049993] linkv2 rf phase=periodic now=300363 channels=37,38,39 e_rreq=0/0/0 e_rrep=0/0/0 e_rerr=0/0/0 hello=0/0/0 sync_offer=0/0/0 sync_pull=0/0/0 sync_data=0/0/0 tc_update=0/0/0 e_rrep_ack=0/0/0 data=0/0/0 hack=28/38/34 flood=0/0/0 rx_ok=921 tx_ok=123 rx_crc_or_empty=19701 queue_drop=0 relay_drop=0 relay_rate_limited=0 tx_len_drop=0
[307.228092 4.951008] linkv2 summary phase=periodic now=305364 submit_accepted=100 submit_rejected=0 submit_no_slot=0 submit_faulted=0 custody_transferred=100 local_tx_not_attempted=0 custody_busy_expired=0 custody_rejected=0 retry_exhausted=0 radio_fault_terminal=0 service_fault_terminal=0 final_deliveries=0 final_duplicates=0 scheduler_radio_fault=0 scheduler_service_fault=0 hook_rx_blocked=0 hook_hack_suppressed=0 hook_busy_forced=0 diagnostic_dropped=0 diag_queue=0 delivery_queue=0 delivery_provisional=0 fault_latched=0 link_hack_enqueue_failed=0
[307.278135 0.050042] linkv2 rf phase=periodic now=305364 channels=37,38,39 e_rreq=0/0/0 e_rrep=0/0/0 e_rerr=0/0/0 hello=0/0/0 sync_offer=0/0/0 sync_pull=0/0/0 sync_data=0/0/0 tc_update=0/0/0 e_rrep_ack=0/0/0 data=0/0/0 hack=28/38/34 flood=0/0/0 rx_ok=932 tx_ok=123 rx_crc_or_empty=19986 queue_drop=0 relay_drop=0 relay_rate_limited=0 tx_len_drop=0
