[0.000000 0.000000] mesh PING received src=0x0001 dst=0x0002 seq=11 ttl=3
[0.004101 0.004101] mesh PONG queued src=0x0002 dst=0x0001 seq=11
[0.008967 0.004866] mesh relay queued src=0x0001 seq=11 ttl=2 backoff=74ms
[2.001987 1.993020] mesh PING received src=0x0001 dst=0x0002 seq=12 ttl=3
[2.006047 0.004061] mesh PONG queued src=0x0002 dst=0x0001 seq=12
[2.010973 0.004926] mesh relay queued src=0x0001 seq=12 ttl=2 backoff=34ms
[2.533004 0.522030] mesh counters id=0x0002 rx_ok=15 tx_ok=18 decode_error=1224 duplicate_drop=6 ttl_drop=0 queue_drop=0 relay_scheduled=9 relay_rate_limited=0 blocked_direct=0
[2.547025 0.014021] bidi counters id=0x0002 sem_drop=0 ping_q=0 ping_qfail=0 ping_rx=9 pong_q=9 pong_qfail=0 pong_match=0 pong_unmatch=0 timeout=0 rtt=0/0/0ms
[4.003043 1.456018] mesh PING received src=0x0001 dst=0x0002 seq=13 ttl=3
[4.007098 0.004055] mesh PONG queued src=0x0002 dst=0x0001 seq=13
[4.011987 0.004889] mesh relay queued src=0x0001 seq=13 ttl=2 backoff=81ms
[6.001022 1.989035] mesh PING received src=0x0001 dst=0x0002 seq=14 ttl=3
[6.006054 0.005032] mesh PONG queued src=0x0002 dst=0x0001 seq=14
[6.010072 0.004018] mesh relay queued src=0x0001 seq=14 ttl=2 backoff=78ms
[7.535044 1.524972] mesh counters id=0x0002 rx_ok=19 tx_ok=22 decode_error=1530 duplicate_drop=8 ttl_drop=0 queue_drop=0 relay_scheduled=11 relay_rate_limited=0 blocked_direct=0
[7.549068 0.014024] bidi counters id=0x0002 sem_drop=0 ping_q=0 ping_qfail=0 ping_rx=11 pong_q=11 pong_qfail=0 pong_match=0 pong_unmatch=0 timeout=0 rtt=0/0/0ms
[7.999030 0.449961] mesh PING received src=0x0001 dst=0x0002 seq=15 ttl=3
[8.004093 0.005064] mesh PONG queued src=0x0002 dst=0x0001 seq=15
[8.008066 0.003973] mesh relay queued src=0x0001 seq=15 ttl=2 backoff=31ms
[10.001046 1.992980] mesh PING received src=0x0001 dst=0x0002 seq=16 ttl=3
[10.006075 0.005028] mesh PONG queued src=0x0002 dst=0x0001 seq=16
[10.010077 0.004002] mesh relay queued src=0x0001 seq=16 ttl=2 backoff=118ms
[12.000058 1.989981] mesh PING received src=0x0001 dst=0x0002 seq=17 ttl=3
[12.005094 0.005036] mesh PONG queued src=0x0002 dst=0x0001 seq=17
[12.009110 0.004016] mesh relay queued src=0x0001 seq=17 ttl=2 backoff=60ms
[12.535069 0.525959] mesh counters id=0x0002 rx_ok=24 tx_ok=28 decode_error=1794 duplicate_drop=10 ttl_drop=0 queue_drop=0 relay_scheduled=14 relay_rate_limited=0 blocked_direct=0
[12.549099 0.014030] bidi counters id=0x0002 sem_drop=0 ping_q=0 ping_qfail=0 ping_rx=14 pong_q=14 pong_qfail=0 pong_match=0 pong_unmatch=0 timeout=0 rtt=0/0/0ms
[16.002110 3.453011] mesh PING received src=0x0001 dst=0x0002 seq=19 ttl=3
[16.007160 0.005050] mesh PONG queued src=0x0002 dst=0x0001 seq=19
[16.011140 0.003979] mesh relay queued src=0x0001 seq=19 ttl=2 backoff=52ms
[17.536129 1.524989] mesh counters id=0x0002 rx_ok=26 tx_ok=30 decode_error=2098 duplicate_drop=11 ttl_drop=0 queue_drop=0 relay_scheduled=15 relay_rate_limited=0 blocked_direct=0
[17.550171 0.014042] bidi counters id=0x0002 sem_drop=0 ping_q=0 ping_qfail=0 ping_rx=15 pong_q=15 pong_qfail=0 pong_match=0 pong_unmatch=0 timeout=0 rtt=0/0/0ms
[18.000104 0.449933] mesh PING received src=0x0001 dst=0x0002 seq=20 ttl=3
[18.005130 0.005026] mesh PONG queued src=0x0002 dst=0x0001 seq=20
[18.009134 0.004004] mesh relay queued src=0x0001 seq=20 ttl=2 backoff=35ms
[19.999111 1.989978] mesh PING received src=0x0001 dst=0x0002 seq=21 ttl=3
[20.004129 0.005017] mesh PONG queued src=0x0002 dst=0x0001 seq=21
[20.008138 0.004009] mesh relay queued src=0x0001 seq=21 ttl=2 backoff=112ms
[22.001142 1.993004] mesh PING received src=0x0001 dst=0x0002 seq=22 ttl=3
[22.006149 0.005008] mesh PONG queued src=0x0002 dst=0x0001 seq=22
[22.010163 0.004014] mesh relay queued src=0x0001 seq=22 ttl=2 backoff=94ms
[22.536134 0.525972] mesh counters id=0x0002 rx_ok=32 tx_ok=36 decode_error=2380 duplicate_drop=14 ttl_drop=0 queue_drop=0 relay_scheduled=18 relay_rate_limited=0 blocked_direct=0
[22.550178 0.014043] bidi counters id=0x0002 sem_drop=0 ping_q=0 ping_qfail=0 ping_rx=18 pong_q=18 pong_qfail=0 pong_match=0 pong_unmatch=0 timeout=0 rtt=0/0/0ms
[24.002143 1.451965] mesh PING received src=0x0001 dst=0x0002 seq=23 ttl=3
[24.007179 0.005036] mesh PONG queued src=0x0002 dst=0x0001 seq=23
[24.011184 0.004005] mesh relay queued src=0x0001 seq=23 ttl=2 backoff=27ms
[27.537187 3.526004] mesh counters id=0x0002 rx_ok=33 tx_ok=38 decode_error=2738 duplicate_drop=14 ttl_drop=0 queue_drop=0 relay_scheduled=19 relay_rate_limited=0 blocked_direct=0
[27.551219 0.014032] bidi counters id=0x0002 sem_drop=0 ping_q=0 ping_qfail=0 ping_rx=19 pong_q=19 pong_qfail=0 pong_match=0 pong_unmatch=0 timeout=0 rtt=0/0/0ms
[29.999192 2.447972] mesh PING received src=0x0001 dst=0x0002 seq=26 ttl=3
[30.004236 0.005044] mesh PONG queued src=0x0002 dst=0x0001 seq=26
[30.008198 0.003963] mesh relay queued src=0x0001 seq=26 ttl=2 backoff=68ms
[32.001179 1.992980] mesh PING received src=0x0001 dst=0x0002 seq=27 ttl=3
[32.006176 0.004997] mesh PONG queued src=0x0002 dst=0x0001 seq=27
[32.010210 0.004035] mesh relay queued src=0x0001 seq=27 ttl=2 backoff=55ms
[32.539197 0.528987] mesh counters id=0x0002 rx_ok=37 tx_ok=42 decode_error=3035 duplicate_drop=16 ttl_drop=0 queue_drop=0 relay_scheduled=21 relay_rate_limited=0 blocked_direct=0
[32.553247 0.014050] bidi counters id=0x0002 sem_drop=0 ping_q=0 ping_qfail=0 ping_rx=21 pong_q=21 pong_qfail=0 pong_match=0 pong_unmatch=0 timeout=0 rtt=0/0/0ms
[33.999204 1.445956] mesh PING received src=0x0001 dst=0x0002 seq=28 ttl=3
[34.004206 0.005003] mesh PONG queued src=0x0002 dst=0x0001 seq=28
[34.008206 0.004000] mesh relay queued src=0x0001 seq=28 ttl=2 backoff=35ms
[36.001222 1.993016] mesh PING received src=0x0001 dst=0x0002 seq=29 ttl=3
[36.006198 0.004975] mesh PONG queued src=0x0002 dst=0x0001 seq=29
[36.010237 0.004039] mesh relay queued src=0x0001 seq=29 ttl=2 backoff=92ms
[37.541248 1.531011] mesh counters id=0x0002 rx_ok=40 tx_ok=46 decode_error=3342 duplicate_drop=17 ttl_drop=0 queue_drop=0 relay_scheduled=23 relay_rate_limited=0 blocked_direct=0
[37.555242 0.013995] bidi counters id=0x0002 sem_drop=0 ping_q=0 ping_qfail=0 ping_rx=23 pong_q=23 pong_qfail=0 pong_match=0 pong_unmatch=0 timeout=0 rtt=0/0/0ms
[37.999254 0.444011] mesh PING received src=0x0001 dst=0x0002 seq=30 ttl=3
[38.004237 0.004984] mesh PONG queued src=0x0002 dst=0x0001 seq=30
[38.008222 0.003985] mesh relay queued src=0x0001 seq=30 ttl=2 backoff=29ms
[40.001242 1.993020] mesh PING received src=0x0001 dst=0x0002 seq=31 ttl=3
[40.006218 0.004976] mesh PONG queued src=0x0002 dst=0x0001 seq=31
[40.010252 0.004034] mesh relay queued src=0x0001 seq=31 ttl=2 backoff=103ms
[42.000277 1.990026] mesh PING received src=0x0001 dst=0x0002 seq=32 ttl=3
[42.005234 0.004957] mesh PONG queued src=0x0002 dst=0x0001 seq=32
[42.009275 0.004041] mesh relay queued src=0x0001 seq=32 ttl=2 backoff=106ms
[42.541280 0.532004] mesh counters id=0x0002 rx_ok=46 tx_ok=52 decode_error=3640 duplicate_drop=20 ttl_drop=0 queue_drop=0 relay_scheduled=26 relay_rate_limited=0 blocked_direct=0
[42.555279 0.013999] bidi counters id=0x0002 sem_drop=0 ping_q=0 ping_qfail=0 ping_rx=26 pong_q=26 pong_qfail=0 pong_match=0 pong_unmatch=0 timeout=0 rtt=0/0/0ms
[43.998273 1.442995] mesh PING received src=0x0001 dst=0x0002 seq=33 ttl=3
[44.003242 0.004969] mesh PONG queued src=0x0002 dst=0x0001 seq=33
[44.007249 0.004006] mesh relay queued src=0x0001 seq=33 ttl=2 backoff=57ms
[46.000291 1.993042] mesh PING received src=0x0001 dst=0x0002 seq=34 ttl=3
[46.005261 0.004970] mesh PONG queued src=0x0002 dst=0x0001 seq=34
[46.009271 0.004010] mesh relay queued src=0x0001 seq=34 ttl=2 backoff=26ms
[47.543303 1.534032] mesh counters id=0x0002 rx_ok=49 tx_ok=56 decode_error=3940 duplicate_drop=21 ttl_drop=0 queue_drop=0 relay_scheduled=28 relay_rate_limited=0 blocked_direct=0
[47.557272 0.013969] bidi counters id=0x0002 sem_drop=0 ping_q=0 ping_qfail=0 ping_rx=28 pong_q=28 pong_qfail=0 pong_match=0 pong_unmatch=0 timeout=0 rtt=0/0/0ms
[47.998298 0.441027] mesh PING received src=0x0001 dst=0x0002 seq=35 ttl=3
[48.002328 0.004030] mesh PONG queued src=0x0002 dst=0x0001 seq=35
[48.007274 0.004946] mesh relay queued src=0x0001 seq=35 ttl=2 backoff=69ms
[50.000304 1.993029] mesh PING received src=0x0001 dst=0x0002 seq=36 ttl=3
[50.004354 0.004050] mesh PONG queued src=0x0002 dst=0x0001 seq=36
[50.009289 0.004935] mesh relay queued src=0x0001 seq=36 ttl=2 backoff=53ms
[51.996311 1.987022] mesh PING received src=0x0001 dst=0x0002 seq=37 ttl=3
[52.000341 0.004030] mesh PONG queued src=0x0002 dst=0x0001 seq=37
[52.005298 0.004956] mesh relay queued src=0x0001 seq=37 ttl=2 backoff=46ms
[52.542314 0.537017] mesh counters id=0x0002 rx_ok=55 tx_ok=62 decode_error=4243 duplicate_drop=24 ttl_drop=0 queue_drop=0 relay_scheduled=31 relay_rate_limited=0 blocked_direct=0
[52.556376 0.014062] bidi counters id=0x0002 sem_drop=0 ping_q=0 ping_qfail=0 ping_rx=31 pong_q=31 pong_qfail=0 pong_match=0 pong_unmatch=0 timeout=0 rtt=0/0/0ms
[53.997340 1.440964] mesh PING received src=0x0001 dst=0x0002 seq=38 ttl=3
[54.001354 0.004014] mesh PONG queued src=0x0002 dst=0x0001 seq=38
[54.006305 0.004951] mesh relay queued src=0x0001 seq=38 ttl=2 backoff=114ms
[55.995339 1.989033] mesh PING received src=0x0001 dst=0x0002 seq=39 ttl=3
[56.000356 0.005017] mesh PONG queued src=0x0002 dst=0x0001 seq=39
[56.004381 0.004025] mesh relay queued src=0x0001 seq=39 ttl=2 backoff=70ms
[57.544357 1.539975] mesh counters id=0x0002 rx_ok=59 tx_ok=66 decode_error=4551 duplicate_drop=26 ttl_drop=0 queue_drop=0 relay_scheduled=33 relay_rate_limited=0 blocked_direct=0
[57.558390 0.014034] bidi counters id=0x0002 sem_drop=0 ping_q=0 ping_qfail=0 ping_rx=33 pong_q=33 pong_qfail=0 pong_match=0 pong_unmatch=0 timeout=0 rtt=0/0/0ms
[57.999350 0.440959] mesh PING received src=0x0001 dst=0x0002 seq=40 ttl=3
[58.004383 0.005033] mesh PONG queued src=0x0002 dst=0x0001 seq=40
[58.008393 0.004010] mesh relay queued src=0x0001 seq=40 ttl=2 backoff=59ms
