[0.000001 0.000001]
[0.000048 0.000047]
[0.000059 0.000011] microT-Kernel Version 3.00
[0.002938 0.002879]
[0.002951 0.000013] tron_ble profile=BALANCED target=ble_link_v2_testbed behavior=LINK_V2_HARNESS candidate=ON identity=18:42:de:52:4a:dd identity_source=CONFIGURED_OVERRIDE role=root
[0.016991 0.014040] linkv2 identity field=runtime_ficr adva=18:42:de:52:4a:dd
[0.022972 0.005981] linkv2 identity field=effective_local adva=18:42:de:52:4a:dd
[0.027984 0.005013] linkv2 identity field=scheduler_copy adva=18:42:de:52:4a:dd
[0.033040 0.005056] linkv2 startup poc=link_v2_harness behavior=LINK_V2_HARNESS candidate=ON timer_profile=BALANCED network=1 role=root identity_source=CONFIGURED_OVERRIDE configured_override=18:42:de:52:4a:dd target_uid=9906360200052820cf57b9f988a30e16000000006e052820 inventory_records=2 inventory_full_adva_unique=yes inventory_sid16_unique=yes inventory_sid16_nonreserved=yes inventory_sid8_unique=yes inventory_sid8_nonreserved=yes peer=dc:4b:0a:06:03:f8 initiator=ON interval_ms=1000 transaction_target=100 runtime_ficr=18:42:de:52:4a:dd effective_local=18:42:de:52:4a:dd scheduler_adva=18:42:de:52:4a:dd configured_runtime_equal=yes effective_runtime_equal=yes effective_scheduler_equal=yes sid16=16920 sid8=24 fixed_k=disabled mesh_yield_max_ms=1 mesh_yield_policy=remaining_slack hook.enabled=0 hook.rx_block_adva=NOT_CONFIGURED hook.hack_drop_adva=NOT_CONFIGURED hook.hack_drop_count=0 hook.busy_admission_count=0 hook.collision_peer_adva=NOT_IMPLEMENTED  timer.scheduler_dwell_ms=50 timer.scheduler_relay_spacing_ms=200 timer.scheduler_custody_bypass_max=2 timer.scheduler_poll_max_ms=2 timer.radio_state_timeout_ms=2 timer.radio_tx_event_bound_ms=8 timer.legacy_relay_min_ms=20 timer.legacy_relay_max_ms=120 timer.legacy_dedupe_ms=10000 timer.legacy_ping_interval_ms=2000 timer.legacy_ping_timeout_ms=1500 timer.link_hack_timeout_ms=250 timer.link_max_attempts=3 timer.link_retry_backoff_ms=0 timer.link_tx_scheduler_attempt_bound_ms=30 timer.link_response_window_sum_ms=750 timer.link_no_response_wall_bound_ms=840 timer.link_candidate_resolve_ms=10 timer.link_busy_backoff_ms=500 timer.link_busy_max_responses=3 timer.link_data_deadline_ms=5000 timer.link_data_dedupe_ms=10000 timer.link_flood_dedupe_ms=10000 timer.link_flood_jitter_min_ms=20 timer.link_flood_jitter_max_ms=120 timer.aodv_node_traversal_ms=40 timer.aodv_net_diameter=15 timer.aodv_net_traversal_ms=1200 timer.aodv_path_discovery_ms=2400 timer.aodv_rreq_seen_ms=10000 timer.aodv_rreq_retries=2 timer.aodv_rreq_rate=10 timer.aodv_rerr_rate=10 timer.aodv_active_route_ms=360000 timer.aodv_pending_data_ms=30000 timer.aodv_blacklist_ms=2400 timer.aodv_rrep_dedupe_ms=10000 timer.aodv_rerr_dedupe_ms=10000 timer.aodv_rrep_ack_wait_ms=250 timer.gtt_soft_expiry_ms=150000 timer.gtt_hard_expiry_ms=300000 timer.gtt_departed_ms=600000 timer.gtt_maintenance_ms=25000 timer.hello_change_ms=24000 timer.hello_stable_ms=120000 timer.hello_alpha=0.8 timer.hello_snap_ratio=0.95 timer.hello_dedupe_ms=10000 timer.router_reboot_announce_ms=3000 timer.verification_window_ms=8400 timer.verification_new_cap=4 timer.verification_active_cap=4 timer.mentor_offer_window_ms=2000 timer.mentor_page_timeout_ms=2400 timer.mentor_page_attempts=3 timer.mentor_self_bootstrap_ms=3000 timer.mentor_sync_dedupe_ms=10000 timer.mentor_rssi_weak_magnitude_db=90 timer.mentor_rssi_strong_magnitude_db=30 timer.mentor_rssi_weak_delay_ms=500 timer.mentor_rssi_strong_delay_ms=10 timer.mentor_jitter_min_ms=0 timer.mentor_jitter_max_ms=50 timer.mentor_offer_suppression_ms=10000 timer.metadata_cooldown_ms=5000 timer.tc_uuid_ms=30000 timer.tc_subject_ms=1000 timer.repair_timeout_ms=5300 timer.repair_cooldown_ms=1000 timer.stats_ms=5000 timer.loop_delay_ms=2
[0.311951 0.278911] linkv2 diag now=312 kind=0 value=0
[0.318980 0.007029] linkv2 diag now=312 kind=4 value=0
[0.577984 0.259004] linkv2 event now=578 type=3 seq=1 attempts=2 requested_mask=0x07 completed_mask=0x07 hack_status=1 local_reason=255 mesh_reason=255 origin=0x4218 destination=0x4bdc
[1.311979 0.733995] linkv2 diag now=1312 kind=4 value=0
[1.324955 0.012976] linkv2 event now=1325 type=3 seq=2 attempts=1 requested_mask=0x07 completed_mask=0x07 hack_status=0 local_reason=255 mesh_reason=255 origin=0x4218 destination=0x4bdc
[2.312992 0.988037] linkv2 diag now=2313 kind=4 value=0
[2.327992 0.015000] linkv2 event now=2328 type=3 seq=3 attempts=1 requested_mask=0x07 completed_mask=0x07 hack_status=0 local_reason=255 mesh_reason=255 origin=0x4218 destination=0x4bdc
[3.314038 0.986046] linkv2 diag now=3314 kind=4 value=0
[3.327052 0.013014] linkv2 event now=3327 type=3 seq=4 attempts=1 requested_mask=0x07 completed_mask=0x07 hack_status=0 local_reason=255 mesh_reason=255 origin=0x4218 destination=0x4bdc
[4.315007 0.987955] linkv2 diag now=4315 kind=4 value=0
[4.327974 0.012967] linkv2 event now=4328 type=3 seq=5 attempts=1 requested_mask=0x07 completed_mask=0x07 hack_status=0 local_reason=255 mesh_reason=255 origin=0x4218 destination=0x4bdc
[5.310996 0.983023] linkv2 summary phase=periodic now=5312 submit_accepted=5 submit_rejected=0 submit_no_slot=0 submit_faulted=0 custody_transferred=5 local_tx_not_attempted=0 custody_busy_expired=0 custody_rejected=0 retry_exhausted=0 radio_fault_terminal=0 service_fault_terminal=0 final_deliveries=0 final_duplicates=0 scheduler_radio_fault=0 scheduler_service_fault=0 hook_rx_blocked=0 hook_hack_suppressed=0 hook_busy_forced=0 diagnostic_dropped=0 diag_queue=0 delivery_queue=0 delivery_provisional=0 fault_latched=0 link_hack_enqueue_failed=0
[5.363022 0.052026] linkv2 rf phase=periodic now=5312 channels=37,38,39 e_rreq=0/0/0 e_rrep=0/0/0 e_rerr=0/0/0 hello=0/0/0 sync_offer=0/0/0 sync_pull=0/0/0 sync_data=0/0/0 tc_update=0/0/0 e_rrep_ack=0/0/0 data=0/0/0 hack=1/1/3 flood=0/0/0 rx_ok=15 tx_ok=6 rx_crc_or_empty=401 queue_drop=0 relay_drop=0 relay_rate_limited=0 tx_len_drop=0
[5.394967 0.031945] linkv2 diag now=5316 kind=4 value=0
[5.582091 0.187124] linkv2 event now=5582 type=3 seq=6 attempts=2 requested_mask=0x07 completed_mask=0x07 hack_status=0 local_reason=255 mesh_reason=255 origin=0x4218 destination=0x4bdc
[6.315024 0.732933] linkv2 diag now=6316 kind=4 value=0
[6.329032 0.014008] linkv2 event now=6329 type=3 seq=7 attempts=1 requested_mask=0x07 completed_mask=0x07 hack_status=0 local_reason=255 mesh_reason=255 origin=0x4218 destination=0x4bdc
[7.316011 0.986979] linkv2 diag now=7317 kind=4 value=0
[7.331021 0.015010] linkv2 event now=7332 type=3 seq=8 attempts=1 requested_mask=0x07 completed_mask=0x07 hack_status=0 local_reason=255 mesh_reason=255 origin=0x4218 destination=0x4bdc
[8.317072 0.986051] linkv2 diag now=8318 kind=4 value=0
[8.331997 0.014925] linkv2 event now=8333 type=3 seq=9 attempts=1 requested_mask=0x07 completed_mask=0x07 hack_status=0 local_reason=255 mesh_reason=255 origin=0x4218 destination=0x4bdc
[9.319024 0.987027] linkv2 diag now=9319 kind=4 value=0
[9.334000 0.014976] linkv2 event now=9334 type=3 seq=10 attempts=1 requested_mask=0x07 completed_mask=0x07 hack_status=0 local_reason=255 mesh_reason=255 origin=0x4218 destination=0x4bdc
[10.311024 0.977024] linkv2 summary phase=periodic now=10312 submit_accepted=10 submit_rejected=0 submit_no_slot=0 submit_faulted=0 custody_transferred=10 local_tx_not_attempted=0 custody_busy_expired=0 custody_rejected=0 retry_exhausted=0 radio_fault_terminal=0 service_fault_terminal=0 final_deliveries=0 final_duplicates=0 scheduler_radio_fault=0 scheduler_service_fault=0 hook_rx_blocked=0 hook_hack_suppressed=0 hook_busy_forced=0 diagnostic_dropped=0 diag_queue=0 delivery_queue=0 delivery_provisional=0 fault_latched=0 link_hack_enqueue_failed=0
[10.363008 0.051984] linkv2 rf phase=periodic now=10312 channels=37,38,39 e_rreq=0/0/0 e_rrep=0/0/0 e_rerr=0/0/0 hello=0/0/0 sync_offer=0/0/0 sync_pull=0/0/0 sync_data=0/0/0 tc_update=0/0/0 e_rrep_ack=0/0/0 data=0/0/0 hack=4/2/4 flood=0/0/0 rx_ok=28 tx_ok=12 rx_crc_or_empty=792 queue_drop=0 relay_drop=0 relay_rate_limited=0 tx_len_drop=0
[10.395010 0.032002] linkv2 diag now=10320 kind=4 value=0
[10.585043 0.190032] linkv2 event now=10586 type=3 seq=11 attempts=2 requested_mask=0x07 completed_mask=0x07 hack_status=0 local_reason=255 mesh_reason=255 origin=0x4218 destination=0x4bdc
[11.319035 0.733992] linkv2 diag now=11320 kind=4 value=0
[11.332015 0.012979] linkv2 event now=11333 type=3 seq=12 attempts=1 requested_mask=0x07 completed_mask=0x07 hack_status=0 local_reason=255 mesh_reason=255 origin=0x4218 destination=0x4bdc
[12.320047 0.988033] linkv2 diag now=12321 kind=4 value=0
[12.333013 0.012966] linkv2 event now=12334 type=3 seq=13 attempts=1 requested_mask=0x07 completed_mask=0x07 hack_status=0 local_reason=255 mesh_reason=255 origin=0x4218 destination=0x4bdc
[13.321035 0.988022] linkv2 diag now=13322 kind=4 value=0
[13.336051 0.015016] linkv2 event now=13337 type=3 seq=14 attempts=1 requested_mask=0x07 completed_mask=0x07 hack_status=0 local_reason=255 mesh_reason=255 origin=0x4218 destination=0x4bdc
[14.322035 0.985984] linkv2 diag now=14323 kind=4 value=0
[14.335040 0.013005] linkv2 event now=14336 type=3 seq=15 attempts=1 requested_mask=0x07 completed_mask=0x07 hack_status=0 local_reason=255 mesh_reason=255 origin=0x4218 destination=0x4bdc
[15.311051 0.976011] linkv2 summary phase=periodic now=15312 submit_accepted=15 submit_rejected=0 submit_no_slot=0 submit_faulted=0 custody_transferred=15 local_tx_not_attempted=0 custody_busy_expired=0 custody_rejected=0 retry_exhausted=0 radio_fault_terminal=0 service_fault_terminal=0 final_deliveries=0 final_duplicates=0 scheduler_radio_fault=0 scheduler_service_fault=0 hook_rx_blocked=0 hook_hack_suppressed=0 hook_busy_forced=0 diagnostic_dropped=0 diag_queue=0 delivery_queue=0 delivery_provisional=0 fault_latched=0 link_hack_enqueue_failed=0
[15.363047 0.051996] linkv2 rf phase=periodic now=15312 channels=37,38,39 e_rreq=0/0/0 e_rrep=0/0/0 e_rerr=0/0/0 hello=0/0/0 sync_offer=0/0/0 sync_pull=0/0/0 sync_data=0/0/0 tc_update=0/0/0 e_rrep_ack=0/0/0 data=0/0/0 hack=5/5/5 flood=0/0/0 rx_ok=39 tx_ok=18 rx_crc_or_empty=1196 queue_drop=0 relay_drop=0 relay_rate_limited=0 tx_len_drop=0
[15.395032 0.031986] linkv2 diag now=15324 kind=4 value=0
[15.400038 0.005005] linkv2 event now=15337 type=3 seq=16 attempts=1 requested_mask=0x07 completed_mask=0x07 hack_status=0 local_reason=255 mesh_reason=255 origin=0x4218 destination=0x4bdc
[16.325056 0.925019] linkv2 diag now=16325 kind=4 value=0
[16.340019 0.014963] linkv2 event now=16340 type=3 seq=17 attempts=1 requested_mask=0x07 completed_mask=0x07 hack_status=0 local_reason=255 mesh_reason=255 origin=0x4218 destination=0x4bdc
[17.326058 0.986039] linkv2 diag now=17326 kind=4 value=0
[17.593045 0.266987] linkv2 event now=17594 type=3 seq=18 attempts=2 requested_mask=0x07 completed_mask=0x07 hack_status=0 local_reason=255 mesh_reason=255 origin=0x4218 destination=0x4bdc
[18.325060 0.732015] linkv2 diag now=18326 kind=4 value=0
[18.340096 0.015036] linkv2 event now=18341 type=3 seq=19 attempts=1 requested_mask=0x07 completed_mask=0x07 hack_status=0 local_reason=255 mesh_reason=255 origin=0x4218 destination=0x4bdc
[19.326074 0.985978] linkv2 diag now=19327 kind=4 value=0
[19.594153 0.268079] linkv2 event now=19595 type=3 seq=20 attempts=2 requested_mask=0x07 completed_mask=0x07 hack_status=1 local_reason=255 mesh_reason=255 origin=0x4218 destination=0x4bdc
[20.312077 0.717924] linkv2 summary phase=periodic now=20313 submit_accepted=20 submit_rejected=0 submit_no_slot=0 submit_faulted=0 custody_transferred=20 local_tx_not_attempted=0 custody_busy_expired=0 custody_rejected=0 retry_exhausted=0 radio_fault_terminal=0 service_fault_terminal=0 final_deliveries=0 final_duplicates=0 scheduler_radio_fault=0 scheduler_service_fault=0 hook_rx_blocked=0 hook_hack_suppressed=0 hook_busy_forced=0 diagnostic_dropped=0 diag_queue=0 delivery_queue=0 delivery_provisional=0 fault_latched=0 link_hack_enqueue_failed=0
[20.364035 0.051958] linkv2 rf phase=periodic now=20313 channels=37,38,39 e_rreq=0/0/0 e_rrep=0/0/0 e_rerr=0/0/0 hello=0/0/0 sync_offer=0/0/0 sync_pull=0/0/0 sync_data=0/0/0 tc_update=0/0/0 e_rrep_ack=0/0/0 data=0/0/0 hack=8/6/6 flood=0/0/0 rx_ok=52 tx_ok=25 rx_crc_or_empty=1592 queue_drop=0 relay_drop=0 relay_rate_limited=0 tx_len_drop=0
[20.395025 0.030989] linkv2 diag now=20327 kind=4 value=0
[20.401058 0.006034] linkv2 event now=20342 type=3 seq=21 attempts=1 requested_mask=0x07 completed_mask=0x07 hack_status=0 local_reason=255 mesh_reason=255 origin=0x4218 destination=0x4bdc
[21.327069 0.926011] linkv2 diag now=21328 kind=4 value=0
[21.342081 0.015012] linkv2 event now=21343 type=3 seq=22 attempts=1 requested_mask=0x07 completed_mask=0x07 hack_status=0 local_reason=255 mesh_reason=255 origin=0x4218 destination=0x4bdc
[22.328150 0.986069] linkv2 diag now=22329 kind=4 value=0
[22.341198 0.013048] linkv2 event now=22342 type=3 seq=23 attempts=1 requested_mask=0x07 completed_mask=0x07 hack_status=0 local_reason=255 mesh_reason=255 origin=0x4218 destination=0x4bdc
[23.329141 0.987943] linkv2 diag now=23330 kind=4 value=0
[23.344069 0.014928] linkv2 event now=23345 type=3 seq=24 attempts=1 requested_mask=0x07 completed_mask=0x07 hack_status=0 local_reason=255 mesh_reason=255 origin=0x4218 destination=0x4bdc
[24.329114 0.985046] linkv2 diag now=24331 kind=4 value=0
[24.343078 0.013963] linkv2 event now=24344 type=3 seq=25 attempts=1 requested_mask=0x07 completed_mask=0x07 hack_status=0 local_reason=255 mesh_reason=255 origin=0x4218 destination=0x4bdc
[25.312088 0.969011] linkv2 summary phase=periodic now=25314 submit_accepted=25 submit_rejected=0 submit_no_slot=0 submit_faulted=0 custody_transferred=25 local_tx_not_attempted=0 custody_busy_expired=0 custody_rejected=0 retry_exhausted=0 radio_fault_terminal=0 service_fault_terminal=0 final_deliveries=0 final_duplicates=0 scheduler_radio_fault=0 scheduler_service_fault=0 hook_rx_blocked=0 hook_hack_suppressed=0 hook_busy_forced=0 diagnostic_dropped=0 diag_queue=0 delivery_queue=0 delivery_provisional=0 fault_latched=0 link_hack_enqueue_failed=0
[25.364145 0.052056] linkv2 rf phase=periodic now=25314 channels=37,38,39 e_rreq=0/0/0 e_rrep=0/0/0 e_rerr=0/0/0 hello=0/0/0 sync_offer=0/0/0 sync_pull=0/0/0 sync_data=0/0/0 tc_update=0/0/0 e_rrep_ack=0/0/0 data=0/0/0 hack=10/8/7 flood=0/0/0 rx_ok=66 tx_ok=30 rx_crc_or_empty=1980 queue_drop=0 relay_drop=0 relay_rate_limited=0 tx_len_drop=0
[25.396060 0.031915] linkv2 diag now=25332 kind=4 value=0
[25.401058 0.004999] linkv2 event now=25345 type=3 seq=26 attempts=1 requested_mask=0x07 completed_mask=0x07 hack_status=0 local_reason=255 mesh_reason=255 origin=0x4218 destination=0x4bdc
[26.332090 0.931031] linkv2 diag now=26333 kind=4 value=0
[26.347086 0.014997] linkv2 event now=26348 type=3 seq=27 attempts=1 requested_mask=0x07 completed_mask=0x07 hack_status=0 local_reason=255 mesh_reason=255 origin=0x4218 destination=0x4bdc
[27.332112 0.985025] linkv2 diag now=27334 kind=4 value=0
[27.345094 0.012983] linkv2 event now=27347 type=3 seq=28 attempts=1 requested_mask=0x07 completed_mask=0x07 hack_status=0 local_reason=255 mesh_reason=255 origin=0x4218 destination=0x4bdc
[28.333099 0.988005] linkv2 diag now=28335 kind=4 value=0
[28.346125 0.013026] linkv2 event now=28348 type=3 seq=29 attempts=1 requested_mask=0x07 completed_mask=0x07 hack_status=0 local_reason=255 mesh_reason=255 origin=0x4218 destination=0x4bdc
[29.334117 0.987993] linkv2 diag now=29336 kind=4 value=0
[29.600100 0.265982] linkv2 event now=29602 type=3 seq=30 attempts=2 requested_mask=0x07 completed_mask=0x07 hack_status=0 local_reason=255 mesh_reason=255 origin=0x4218 destination=0x4bdc
[30.312109 0.712010] linkv2 summary phase=periodic now=30314 submit_accepted=30 submit_rejected=0 submit_no_slot=0 submit_faulted=0 custody_transferred=30 local_tx_not_attempted=0 custody_busy_expired=0 custody_rejected=0 retry_exhausted=0 radio_fault_terminal=0 service_fault_terminal=0 final_deliveries=0 final_duplicates=0 scheduler_radio_fault=0 scheduler_service_fault=0 hook_rx_blocked=0 hook_hack_suppressed=0 hook_busy_forced=0 diagnostic_dropped=0 diag_queue=0 delivery_queue=0 delivery_provisional=0 fault_latched=0 link_hack_enqueue_failed=0
[30.364152 0.052042] linkv2 rf phase=periodic now=30314 channels=37,38,39 e_rreq=0/0/0 e_rrep=0/0/0 e_rerr=0/0/0 hello=0/0/0 sync_offer=0/0/0 sync_pull=0/0/0 sync_data=0/0/0 tc_update=0/0/0 e_rrep_ack=0/0/0 data=0/0/0 hack=12/9/9 flood=0/0/0 rx_ok=80 tx_ok=36 rx_crc_or_empty=2356 queue_drop=0 relay_drop=0 relay_rate_limited=0 tx_len_drop=0
[30.396115 0.031964] linkv2 diag now=30336 kind=4 value=0
[30.602129 0.206014] linkv2 event now=30604 type=3 seq=31 attempts=2 requested_mask=0x07 completed_mask=0x07 hack_status=1 local_reason=255 mesh_reason=255 origin=0x4218 destination=0x4bdc
[31.334123 0.731994] linkv2 diag now=31336 kind=4 value=0
[31.602143 0.268020] linkv2 event now=31604 type=3 seq=32 attempts=2 requested_mask=0x07 completed_mask=0x07 hack_status=0 local_reason=255 mesh_reason=255 origin=0x4218 destination=0x4bdc
[32.334141 0.731999] linkv2 diag now=32336 kind=4 value=0
[32.602115 0.267974] linkv2 event now=32604 type=3 seq=33 attempts=2 requested_mask=0x07 completed_mask=0x07 hack_status=0 local_reason=255 mesh_reason=255 origin=0x4218 destination=0x4bdc
[33.334120 0.732005] linkv2 diag now=33336 kind=4 value=0
[33.349141 0.015021] linkv2 event now=33351 type=3 seq=34 attempts=1 requested_mask=0x07 completed_mask=0x07 hack_status=0 local_reason=255 mesh_reason=255 origin=0x4218 destination=0x4bdc
[34.335136 0.985995] linkv2 diag now=34337 kind=4 value=0
[34.856152 0.521016] linkv2 event now=34858 type=3 seq=35 attempts=3 requested_mask=0x07 completed_mask=0x07 hack_status=1 local_reason=255 mesh_reason=255 origin=0x4218 destination=0x4bdc
[35.312139 0.455987] linkv2 summary phase=periodic now=35314 submit_accepted=35 submit_rejected=0 submit_no_slot=0 submit_faulted=0 custody_transferred=35 local_tx_not_attempted=0 custody_busy_expired=0 custody_rejected=0 retry_exhausted=0 radio_fault_terminal=0 service_fault_terminal=0 final_deliveries=0 final_duplicates=0 scheduler_radio_fault=0 scheduler_service_fault=0 hook_rx_blocked=0 hook_hack_suppressed=0 hook_busy_forced=0 diagnostic_dropped=0 diag_queue=0 delivery_queue=0 delivery_provisional=0 fault_latched=0 link_hack_enqueue_failed=0
[35.364179 0.052039] linkv2 rf phase=periodic now=35314 channels=37,38,39 e_rreq=0/0/0 e_rrep=0/0/0 e_rerr=0/0/0 hello=0/0/0 sync_offer=0/0/0 sync_pull=0/0/0 sync_data=0/0/0 tc_update=0/0/0 e_rrep_ack=0/0/0 data=0/0/0 hack=12/10/13 flood=0/0/0 rx_ok=95 tx_ok=46 rx_crc_or_empty=2738 queue_drop=0 relay_drop=0 relay_rate_limited=0 tx_len_drop=0
[35.397132 0.032954] linkv2 diag now=35338 kind=4 value=0
[35.402139 0.005007] linkv2 event now=35351 type=3 seq=36 attempts=1 requested_mask=0x07 completed_mask=0x07 hack_status=0 local_reason=255 mesh_reason=255 origin=0x4218 destination=0x4bdc
[36.338158 0.936020] linkv2 diag now=36339 kind=4 value=0
[36.353139 0.014981] linkv2 event now=36354 type=3 seq=37 attempts=1 requested_mask=0x07 completed_mask=0x07 hack_status=0 local_reason=255 mesh_reason=255 origin=0x4218 destination=0x4bdc
[37.338160 0.985021] linkv2 diag now=37340 kind=4 value=0
[37.353165 0.015005] linkv2 event now=37355 type=3 seq=38 attempts=1 requested_mask=0x07 completed_mask=0x07 hack_status=0 local_reason=255 mesh_reason=255 origin=0x4218 destination=0x4bdc
[38.339168 0.986004] linkv2 diag now=38341 kind=4 value=0
[39.098163 0.758995] linkv2 event now=39100 type=7 seq=39 attempts=3 requested_mask=0x07 completed_mask=0x07 hack_status=255 local_reason=0 mesh_reason=0 origin=0x4218 destination=0x4bdc
[39.340149 0.241987] linkv2 diag now=39342 kind=4 value=0
[39.355152 0.015003] linkv2 event now=39357 type=3 seq=40 attempts=1 requested_mask=0x07 completed_mask=0x07 hack_status=0 local_reason=255 mesh_reason=255 origin=0x4218 destination=0x4bdc
[40.313183 0.958031] linkv2 summary phase=periodic now=40315 submit_accepted=40 submit_rejected=0 submit_no_slot=0 submit_faulted=0 custody_transferred=39 local_tx_not_attempted=0 custody_busy_expired=0 custody_rejected=0 retry_exhausted=1 radio_fault_terminal=0 service_fault_terminal=0 final_deliveries=0 final_duplicates=0 scheduler_radio_fault=0 scheduler_service_fault=0 hook_rx_blocked=0 hook_hack_suppressed=0 hook_busy_forced=0 diagnostic_dropped=0 diag_queue=0 delivery_queue=0 delivery_provisional=0 fault_latched=0 link_hack_enqueue_failed=0
[40.364237 0.051054] linkv2 rf phase=periodic now=40315 channels=37,38,39 e_rreq=0/0/0 e_rrep=0/0/0 e_rerr=0/0/0 hello=0/0/0 sync_offer=0/0/0 sync_pull=0/0/0 sync_data=0/0/0 tc_update=0/0/0 e_rrep_ack=0/0/0 data=0/0/0 hack=13/11/15 flood=0/0/0 rx_ok=109 tx_ok=53 rx_crc_or_empty=3105 queue_drop=0 relay_drop=0 relay_rate_limited=0 tx_len_drop=0
[40.396161 0.031924] linkv2 diag now=40343 kind=4 value=0
[40.860168 0.464008] linkv2 event now=40862 type=3 seq=41 attempts=3 requested_mask=0x07 completed_mask=0x07 hack_status=1 local_reason=255 mesh_reason=255 origin=0x4218 destination=0x4bdc
[41.342264 0.482096] linkv2 diag now=41344 kind=4 value=0
[41.357187 0.014923] linkv2 event now=41359 type=3 seq=42 attempts=1 requested_mask=0x07 completed_mask=0x07 hack_status=0 local_reason=255 mesh_reason=255 origin=0x4218 destination=0x4bdc
[42.343237 0.986050] linkv2 diag now=42345 kind=4 value=0
[42.356166 0.012929] linkv2 event now=42358 type=3 seq=43 attempts=1 requested_mask=0x07 completed_mask=0x07 hack_status=0 local_reason=255 mesh_reason=255 origin=0x4218 destination=0x4bdc
[43.343184 0.987017] linkv2 diag now=43346 kind=4 value=0
[43.359196 0.016013] linkv2 event now=43361 type=3 seq=44 attempts=1 requested_mask=0x07 completed_mask=0x07 hack_status=0 local_reason=255 mesh_reason=255 origin=0x4218 destination=0x4bdc
[44.344190 0.984993] linkv2 diag now=44347 kind=4 value=0
[45.103191 0.759001] linkv2 event now=45106 type=7 seq=45 attempts=3 requested_mask=0x07 completed_mask=0x07 hack_status=255 local_reason=0 mesh_reason=0 origin=0x4218 destination=0x4bdc
[45.312188 0.208997] linkv2 summary phase=periodic now=45315 submit_accepted=45 submit_rejected=0 submit_no_slot=0 submit_faulted=0 custody_transferred=43 local_tx_not_attempted=0 custody_busy_expired=0 custody_rejected=0 retry_exhausted=2 radio_fault_terminal=0 service_fault_terminal=0 final_deliveries=0 final_duplicates=0 scheduler_radio_fault=0 scheduler_service_fault=0 hook_rx_blocked=0 hook_hack_suppressed=0 hook_busy_forced=0 diagnostic_dropped=0 diag_queue=0 delivery_queue=0 delivery_provisional=0 fault_latched=0 link_hack_enqueue_failed=0
[45.364210 0.052022] linkv2 rf phase=periodic now=45315 channels=37,38,39 e_rreq=0/0/0 e_rrep=0/0/0 e_rerr=0/0/0 hello=0/0/0 sync_offer=0/0/0 sync_pull=0/0/0 sync_data=0/0/0 tc_update=0/0/0 e_rrep_ack=0/0/0 data=0/0/0 hack=14/12/17 flood=0/0/0 rx_ok=121 tx_ok=62 rx_crc_or_empty=3498 queue_drop=0 relay_drop=0 relay_rate_limited=0 tx_len_drop=0
[45.397174 0.032964] linkv2 diag now=45348 kind=4 value=0
[45.402151 0.004977] linkv2 event now=45361 type=3 seq=46 attempts=1 requested_mask=0x07 completed_mask=0x07 hack_status=0 local_reason=255 mesh_reason=255 origin=0x4218 destination=0x4bdc
[46.347206 0.945055] linkv2 diag now=46349 kind=4 value=0
[46.612173 0.264967] linkv2 event now=46615 type=3 seq=47 attempts=2 requested_mask=0x07 completed_mask=0x07 hack_status=0 local_reason=255 mesh_reason=255 origin=0x4218 destination=0x4bdc
[47.346219 0.734045] linkv2 diag now=47349 kind=4 value=0
[47.614191 0.267972] linkv2 event now=47617 type=3 seq=48 attempts=2 requested_mask=0x07 completed_mask=0x07 hack_status=1 local_reason=255 mesh_reason=255 origin=0x4218 destination=0x4bdc
[48.346207 0.732017] linkv2 diag now=48349 kind=4 value=0
[48.361221 0.015014] linkv2 event now=48364 type=3 seq=49 attempts=1 requested_mask=0x07 completed_mask=0x07 hack_status=0 local_reason=255 mesh_reason=255 origin=0x4218 destination=0x4bdc
[49.347212 0.985991] linkv2 diag now=49350 kind=4 value=0
[49.360194 0.012983] linkv2 event now=49363 type=3 seq=50 attempts=1 requested_mask=0x07 completed_mask=0x07 hack_status=0 local_reason=255 mesh_reason=255 origin=0x4218 destination=0x4bdc
[50.312245 0.952050] linkv2 summary phase=periodic now=50315 submit_accepted=50 submit_rejected=0 submit_no_slot=0 submit_faulted=0 custody_transferred=48 local_tx_not_attempted=0 custody_busy_expired=0 custody_rejected=0 retry_exhausted=2 radio_fault_terminal=0 service_fault_terminal=0 final_deliveries=0 final_duplicates=0 scheduler_radio_fault=0 scheduler_service_fault=0 hook_rx_blocked=0 hook_hack_suppressed=0 hook_busy_forced=0 diagnostic_dropped=0 diag_queue=0 delivery_queue=0 delivery_provisional=0 fault_latched=0 link_hack_enqueue_failed=0
[50.364204 0.051959] linkv2 rf phase=periodic now=50315 channels=37,38,39 e_rreq=0/0/0 e_rrep=0/0/0 e_rerr=0/0/0 hello=0/0/0 sync_offer=0/0/0 sync_pull=0/0/0 sync_data=0/0/0 tc_update=0/0/0 e_rrep_ack=0/0/0 data=0/0/0 hack=15/13/20 flood=0/0/0 rx_ok=132 tx_ok=69 rx_crc_or_empty=3894 queue_drop=0 relay_drop=0 relay_rate_limited=0 tx_len_drop=0
[50.396167 0.031963] linkv2 diag now=50351 kind=4 value=0
[50.614202 0.218035] linkv2 event now=50617 type=3 seq=51 attempts=2 requested_mask=0x07 completed_mask=0x07 hack_status=0 local_reason=255 mesh_reason=255 origin=0x4218 destination=0x4bdc
[51.348234 0.734031] linkv2 diag now=51351 kind=4 value=0
[51.361203 0.012969] linkv2 event now=51364 type=3 seq=52 attempts=1 requested_mask=0x07 completed_mask=0x07 hack_status=0 local_reason=255 mesh_reason=255 origin=0x4218 destination=0x4bdc
[52.349245 0.988042] linkv2 diag now=52352 kind=4 value=0
[52.364235 0.014990] linkv2 event now=52367 type=3 seq=53 attempts=1 requested_mask=0x07 completed_mask=0x07 hack_status=0 local_reason=255 mesh_reason=255 origin=0x4218 destination=0x4bdc
[53.350226 0.985991] linkv2 diag now=53353 kind=4 value=0
[53.616239 0.266013] linkv2 event now=53619 type=3 seq=54 attempts=2 requested_mask=0x07 completed_mask=0x07 hack_status=1 local_reason=255 mesh_reason=255 origin=0x4218 destination=0x4bdc
[54.350235 0.733995] linkv2 diag now=54353 kind=4 value=0
[54.363219 0.012984] linkv2 event now=54366 type=3 seq=55 attempts=1 requested_mask=0x07 completed_mask=0x07 hack_status=0 local_reason=255 mesh_reason=255 origin=0x4218 destination=0x4bdc
[55.313247 0.950028] linkv2 summary phase=periodic now=55316 submit_accepted=55 submit_rejected=0 submit_no_slot=0 submit_faulted=0 custody_transferred=53 local_tx_not_attempted=0 custody_busy_expired=0 custody_rejected=0 retry_exhausted=2 radio_fault_terminal=0 service_fault_terminal=0 final_deliveries=0 final_duplicates=0 scheduler_radio_fault=0 scheduler_service_fault=0 hook_rx_blocked=0 hook_hack_suppressed=0 hook_busy_forced=0 diagnostic_dropped=0 diag_queue=0 delivery_queue=0 delivery_provisional=0 fault_latched=0 link_hack_enqueue_failed=0
[55.365231 0.051984] linkv2 rf phase=periodic now=55316 channels=37,38,39 e_rreq=0/0/0 e_rrep=0/0/0 e_rerr=0/0/0 hello=0/0/0 sync_offer=0/0/0 sync_pull=0/0/0 sync_data=0/0/0 tc_update=0/0/0 e_rrep_ack=0/0/0 data=0/0/0 hack=15/14/24 flood=0/0/0 rx_ok=147 tx_ok=76 rx_crc_or_empty=4290 queue_drop=0 relay_drop=0 relay_rate_limited=0 tx_len_drop=0
[55.398224 0.032993] linkv2 diag now=55354 kind=4 value=0
[55.403204 0.004981] linkv2 event now=55369 type=3 seq=56 attempts=1 requested_mask=0x07 completed_mask=0x07 hack_status=0 local_reason=255 mesh_reason=255 origin=0x4218 destination=0x4bdc
[56.352243 0.949038] linkv2 diag now=56355 kind=4 value=0
[56.365222 0.012979] linkv2 event now=56368 type=3 seq=57 attempts=1 requested_mask=0x07 completed_mask=0x07 hack_status=0 local_reason=255 mesh_reason=255 origin=0x4218 destination=0x4bdc
[57.353283 0.988061] linkv2 diag now=57356 kind=4 value=0
[57.621267 0.267984] linkv2 event now=57624 type=3 seq=58 attempts=2 requested_mask=0x07 completed_mask=0x07 hack_status=0 local_reason=255 mesh_reason=255 origin=0x4218 destination=0x4bdc
[58.353277 0.732011] linkv2 diag now=58356 kind=4 value=0
[58.368262 0.014985] linkv2 event now=58371 type=3 seq=59 attempts=1 requested_mask=0x07 completed_mask=0x07 hack_status=0 local_reason=255 mesh_reason=255 origin=0x4218 destination=0x4bdc
[59.354259 0.985997] linkv2 diag now=59357 kind=4 value=0
[59.367267 0.013008] linkv2 event now=59370 type=3 seq=60 attempts=1 requested_mask=0x07 completed_mask=0x07 hack_status=0 local_reason=255 mesh_reason=255 origin=0x4218 destination=0x4bdc
[60.312273 0.945005] linkv2 summary phase=periodic now=60316 submit_accepted=60 submit_rejected=0 submit_no_slot=0 submit_faulted=0 custody_transferred=58 local_tx_not_attempted=0 custody_busy_expired=0 custody_rejected=0 retry_exhausted=2 radio_fault_terminal=0 service_fault_terminal=0 final_deliveries=0 final_duplicates=0 scheduler_radio_fault=0 scheduler_service_fault=0 hook_rx_blocked=0 hook_hack_suppressed=0 hook_busy_forced=0 diagnostic_dropped=0 diag_queue=0 delivery_queue=0 delivery_provisional=0 fault_latched=0 link_hack_enqueue_failed=0
[60.364280 0.052007] linkv2 rf phase=periodic now=60316 channels=37,38,39 e_rreq=0/0/0 e_rrep=0/0/0 e_rerr=0/0/0 hello=0/0/0 sync_offer=0/0/0 sync_pull=0/0/0 sync_data=0/0/0 tc_update=0/0/0 e_rrep_ack=0/0/0 data=0/0/0 hack=17/17/24 flood=0/0/0 rx_ok=159 tx_ok=82 rx_crc_or_empty=4706 queue_drop=0 relay_drop=0 relay_rate_limited=0 tx_len_drop=0
[60.397237 0.032958] linkv2 diag now=60358 kind=4 value=0
[60.402236 0.004999] linkv2 event now=60373 type=3 seq=61 attempts=1 requested_mask=0x07 completed_mask=0x07 hack_status=0 local_reason=255 mesh_reason=255 origin=0x4218 destination=0x4bdc
[61.355314 0.953078] linkv2 diag now=61359 kind=4 value=0
[61.622348 0.267034] linkv2 event now=61625 type=3 seq=62 attempts=2 requested_mask=0x07 completed_mask=0x07 hack_status=0 local_reason=255 mesh_reason=255 origin=0x4218 destination=0x4bdc
[62.355332 0.732984] linkv2 diag now=62359 kind=4 value=0
[62.876271 0.520939] linkv2 event now=62880 type=3 seq=63 attempts=3 requested_mask=0x07 completed_mask=0x07 hack_status=1 local_reason=255 mesh_reason=255 origin=0x4218 destination=0x4bdc
[63.356277 0.480006] linkv2 diag now=63360 kind=4 value=0
[63.371261 0.014984] linkv2 event now=63375 type=3 seq=64 attempts=1 requested_mask=0x07 completed_mask=0x07 hack_status=0 local_reason=255 mesh_reason=255 origin=0x4218 destination=0x4bdc
[64.357296 0.986035] linkv2 diag now=64361 kind=4 value=0
[64.623268 0.265972] linkv2 event now=64627 type=3 seq=65 attempts=2 requested_mask=0x07 completed_mask=0x07 hack_status=0 local_reason=255 mesh_reason=255 origin=0x4218 destination=0x4bdc
[65.313298 0.690030] linkv2 summary phase=periodic now=65317 submit_accepted=65 submit_rejected=0 submit_no_slot=0 submit_faulted=0 custody_transferred=63 local_tx_not_attempted=0 custody_busy_expired=0 custody_rejected=0 retry_exhausted=2 radio_fault_terminal=0 service_fault_terminal=0 final_deliveries=0 final_duplicates=0 scheduler_radio_fault=0 scheduler_service_fault=0 hook_rx_blocked=0 hook_hack_suppressed=0 hook_busy_forced=0 diagnostic_dropped=0 diag_queue=0 delivery_queue=0 delivery_provisional=0 fault_latched=0 link_hack_enqueue_failed=0
[65.365310 0.052012] linkv2 rf phase=periodic now=65317 channels=37,38,39 e_rreq=0/0/0 e_rrep=0/0/0 e_rerr=0/0/0 hello=0/0/0 sync_offer=0/0/0 sync_pull=0/0/0 sync_data=0/0/0 tc_update=0/0/0 e_rrep_ack=0/0/0 data=0/0/0 hack=19/18/26 flood=0/0/0 rx_ok=172 tx_ok=91 rx_crc_or_empty=5091 queue_drop=0 relay_drop=0 relay_rate_limited=0 tx_len_drop=0
[65.398266 0.032956] linkv2 diag now=65361 kind=4 value=0
[65.403255 0.004988] linkv2 event now=65374 type=3 seq=66 attempts=1 requested_mask=0x07 completed_mask=0x07 hack_status=0 local_reason=255 mesh_reason=255 origin=0x4218 destination=0x4bdc
[66.359309 0.956055] linkv2 diag now=66362 kind=4 value=0
[66.624299 0.264990] linkv2 event now=66628 type=3 seq=67 attempts=2 requested_mask=0x07 completed_mask=0x07 hack_status=1 local_reason=255 mesh_reason=255 origin=0x4218 destination=0x4bdc
[67.358298 0.733999] linkv2 diag now=67362 kind=4 value=0
[67.371296 0.012998] linkv2 event now=67375 type=3 seq=68 attempts=1 requested_mask=0x07 completed_mask=0x07 hack_status=0 local_reason=255 mesh_reason=255 origin=0x4218 destination=0x4bdc
[68.359312 0.988016] linkv2 diag now=68363 kind=4 value=0
[68.372301 0.012989] linkv2 event now=68376 type=3 seq=69 attempts=1 requested_mask=0x07 completed_mask=0x07 hack_status=0 local_reason=255 mesh_reason=255 origin=0x4218 destination=0x4bdc
[69.360306 0.988005] linkv2 diag now=69364 kind=4 value=0
[69.375291 0.014985] linkv2 event now=69379 type=3 seq=70 attempts=1 requested_mask=0x07 completed_mask=0x07 hack_status=0 local_reason=255 mesh_reason=255 origin=0x4218 destination=0x4bdc
[70.313313 0.938023] linkv2 summary phase=periodic now=70317 submit_accepted=70 submit_rejected=0 submit_no_slot=0 submit_faulted=0 custody_transferred=68 local_tx_not_attempted=0 custody_busy_expired=0 custody_rejected=0 retry_exhausted=2 radio_fault_terminal=0 service_fault_terminal=0 final_deliveries=0 final_duplicates=0 scheduler_radio_fault=0 scheduler_service_fault=0 hook_rx_blocked=0 hook_hack_suppressed=0 hook_busy_forced=0 diagnostic_dropped=0 diag_queue=0 delivery_queue=0 delivery_provisional=0 fault_latched=0 link_hack_enqueue_failed=0
[70.365323 0.052009] linkv2 rf phase=periodic now=70317 channels=37,38,39 e_rreq=0/0/0 e_rrep=0/0/0 e_rerr=0/0/0 hello=0/0/0 sync_offer=0/0/0 sync_pull=0/0/0 sync_data=0/0/0 tc_update=0/0/0 e_rrep_ack=0/0/0 data=0/0/0 hack=21/20/27 flood=0/0/0 rx_ok=186 tx_ok=97 rx_crc_or_empty=5486 queue_drop=0 relay_drop=0 relay_rate_limited=0 tx_len_drop=0
[70.398285 0.032962] linkv2 diag now=70365 kind=4 value=0
[70.403293 0.005008] linkv2 event now=70378 type=3 seq=71 attempts=1 requested_mask=0x07 completed_mask=0x07 hack_status=0 local_reason=255 mesh_reason=255 origin=0x4218 destination=0x4bdc
[71.362323 0.959030] linkv2 diag now=71366 kind=4 value=0
[71.375297 0.012974] linkv2 event now=71379 type=3 seq=72 attempts=1 requested_mask=0x07 completed_mask=0x07 hack_status=0 local_reason=255 mesh_reason=255 origin=0x4218 destination=0x4bdc
[72.363319 0.988022] linkv2 diag now=72367 kind=4 value=0
[72.629328 0.266010] linkv2 event now=72633 type=3 seq=73 attempts=2 requested_mask=0x07 completed_mask=0x07 hack_status=1 local_reason=255 mesh_reason=255 origin=0x4218 destination=0x4bdc
[73.363321 0.733992] linkv2 diag now=73367 kind=4 value=0
[73.884349 0.521029] linkv2 event now=73888 type=3 seq=74 attempts=3 requested_mask=0x07 completed_mask=0x07 hack_status=1 local_reason=255 mesh_reason=255 origin=0x4218 destination=0x4bdc
[74.364334 0.479985] linkv2 diag now=74368 kind=4 value=0
[74.377328 0.012994] linkv2 event now=74381 type=3 seq=75 attempts=1 requested_mask=0x07 completed_mask=0x07 hack_status=0 local_reason=255 mesh_reason=255 origin=0x4218 destination=0x4bdc
[75.313347 0.936019] linkv2 summary phase=periodic now=75317 submit_accepted=75 submit_rejected=0 submit_no_slot=0 submit_faulted=0 custody_transferred=73 local_tx_not_attempted=0 custody_busy_expired=0 custody_rejected=0 retry_exhausted=2 radio_fault_terminal=0 service_fault_terminal=0 final_deliveries=0 final_duplicates=0 scheduler_radio_fault=0 scheduler_service_fault=0 hook_rx_blocked=0 hook_hack_suppressed=0 hook_busy_forced=0 diagnostic_dropped=0 diag_queue=0 delivery_queue=0 delivery_provisional=0 fault_latched=0 link_hack_enqueue_failed=0
[75.363319 0.049972] linkv2 rf phase=periodic now=75317 channels=37,38,39 e_rreq=0/0/0 e_rrep=0/0/0 e_rerr=0/0/0 hello=0/0/0 sync_offer=0/0/0 sync_pull=0/0/0 sync_data=0/0/0 tc_update=0/0/0 e_rrep_ack=0/0/0 data=0/0/0 hack=23/22/28 flood=0/0/0 rx_ok=197 tx_ok=105 rx_crc_or_empty=5866 queue_drop=0 relay_drop=0 relay_rate_limited=0 tx_len_drop=0
[75.398334 0.035015] linkv2 diag now=75369 kind=4 value=0
[75.631344 0.233010] linkv2 event now=75635 type=3 seq=76 attempts=2 requested_mask=0x07 completed_mask=0x07 hack_status=1 local_reason=255 mesh_reason=255 origin=0x4218 destination=0x4bdc
[76.365378 0.734034] linkv2 diag now=76369 kind=4 value=0
[76.633376 0.267998] linkv2 event now=76637 type=3 seq=77 attempts=2 requested_mask=0x07 completed_mask=0x07 hack_status=0 local_reason=255 mesh_reason=255 origin=0x4218 destination=0x4bdc
[77.365347 0.731971] linkv2 diag now=77369 kind=4 value=0
[77.380358 0.015011] linkv2 event now=77384 type=3 seq=78 attempts=1 requested_mask=0x07 completed_mask=0x07 hack_status=0 local_reason=255 mesh_reason=255 origin=0x4218 destination=0x4bdc
[78.366357 0.985999] linkv2 diag now=78370 kind=4 value=0
[78.379386 0.013029] linkv2 event now=78383 type=3 seq=79 attempts=1 requested_mask=0x07 completed_mask=0x07 hack_status=0 local_reason=255 mesh_reason=255 origin=0x4218 destination=0x4bdc
[79.367366 0.987980] linkv2 diag now=79371 kind=4 value=0
[79.382408 0.015042] linkv2 event now=79386 type=3 seq=80 attempts=1 requested_mask=0x07 completed_mask=0x07 hack_status=0 local_reason=255 mesh_reason=255 origin=0x4218 destination=0x4bdc
[80.313364 0.930956] linkv2 summary phase=periodic now=80318 submit_accepted=80 submit_rejected=0 submit_no_slot=0 submit_faulted=0 custody_transferred=78 local_tx_not_attempted=0 custody_busy_expired=0 custody_rejected=0 retry_exhausted=2 radio_fault_terminal=0 service_fault_terminal=0 final_deliveries=0 final_duplicates=0 scheduler_radio_fault=0 scheduler_service_fault=0 hook_rx_blocked=0 hook_hack_suppressed=0 hook_busy_forced=0 diagnostic_dropped=0 diag_queue=0 delivery_queue=0 delivery_provisional=0 fault_latched=0 link_hack_enqueue_failed=0
[80.364336 0.050972] linkv2 rf phase=periodic now=80318 channels=37,38,39 e_rreq=0/0/0 e_rrep=0/0/0 e_rerr=0/0/0 hello=0/0/0 sync_offer=0/0/0 sync_pull=0/0/0 sync_data=0/0/0 tc_update=0/0/0 e_rrep_ack=0/0/0 data=0/0/0 hack=25/24/29 flood=0/0/0 rx_ok=209 tx_ok=112 rx_crc_or_empty=6254 queue_drop=0 relay_drop=0 relay_rate_limited=0 tx_len_drop=0
[80.398347 0.034011] linkv2 diag now=80372 kind=4 value=0
[80.888389 0.490042] linkv2 event now=80893 type=3 seq=81 attempts=3 requested_mask=0x07 completed_mask=0x07 hack_status=0 local_reason=255 mesh_reason=255 origin=0x4218 destination=0x4bdc
[81.368361 0.479972] linkv2 diag now=81373 kind=4 value=0
[81.381339 0.012977] linkv2 event now=81386 type=3 seq=82 attempts=1 requested_mask=0x07 completed_mask=0x07 hack_status=0 local_reason=255 mesh_reason=255 origin=0x4218 destination=0x4bdc
[82.369448 0.988109] linkv2 diag now=82374 kind=4 value=0
[82.635457 0.266009] linkv2 event now=82640 type=3 seq=83 attempts=2 requested_mask=0x07 completed_mask=0x07 hack_status=1 local_reason=255 mesh_reason=255 origin=0x4218 destination=0x4bdc
[83.369365 0.733907] linkv2 diag now=83374 kind=4 value=0
[83.890366 0.521002] linkv2 event now=83895 type=3 seq=84 attempts=3 requested_mask=0x07 completed_mask=0x07 hack_status=0 local_reason=255 mesh_reason=255 origin=0x4218 destination=0x4bdc
[84.370378 0.480012] linkv2 diag now=84375 kind=4 value=0
[84.383358 0.012980] linkv2 event now=84388 type=3 seq=85 attempts=1 requested_mask=0x07 completed_mask=0x07 hack_status=0 local_reason=255 mesh_reason=255 origin=0x4218 destination=0x4bdc
[85.313410 0.930052] linkv2 summary phase=periodic now=85318 submit_accepted=85 submit_rejected=0 submit_no_slot=0 submit_faulted=0 custody_transferred=83 local_tx_not_attempted=0 custody_busy_expired=0 custody_rejected=0 retry_exhausted=2 radio_fault_terminal=0 service_fault_terminal=0 final_deliveries=0 final_duplicates=0 scheduler_radio_fault=0 scheduler_service_fault=0 hook_rx_blocked=0 hook_hack_suppressed=0 hook_busy_forced=0 diagnostic_dropped=0 diag_queue=0 delivery_queue=0 delivery_provisional=0 fault_latched=0 link_hack_enqueue_failed=0
[85.363397 0.049987] linkv2 rf phase=periodic now=85318 channels=37,38,39 e_rreq=0/0/0 e_rrep=0/0/0 e_rerr=0/0/0 hello=0/0/0 sync_offer=0/0/0 sync_pull=0/0/0 sync_data=0/0/0 tc_update=0/0/0 e_rrep_ack=0/0/0 data=0/0/0 hack=26/26/31 flood=0/0/0 rx_ok=223 tx_ok=122 rx_crc_or_empty=6642 queue_drop=0 relay_drop=0 relay_rate_limited=0 tx_len_drop=0
[85.398352 0.034956] linkv2 diag now=85376 kind=4 value=0
[85.403348 0.004996] linkv2 event now=85391 type=3 seq=86 attempts=1 requested_mask=0x07 completed_mask=0x07 hack_status=0 local_reason=255 mesh_reason=255 origin=0x4218 destination=0x4bdc
[86.372394 0.969046] linkv2 diag now=86377 kind=4 value=0
[87.131395 0.759001] linkv2 event now=87136 type=7 seq=87 attempts=3 requested_mask=0x07 completed_mask=0x07 hack_status=255 local_reason=0 mesh_reason=0 origin=0x4218 destination=0x4bdc
[87.374399 0.243003] linkv2 diag now=87378 kind=4 value=0
[87.641381 0.266982] linkv2 event now=87646 type=3 seq=88 attempts=2 requested_mask=0x07 completed_mask=0x07 hack_status=0 local_reason=255 mesh_reason=255 origin=0x4218 destination=0x4bdc
[88.373414 0.732033] linkv2 diag now=88378 kind=4 value=0
[88.388388 0.014974] linkv2 event now=88393 type=3 seq=89 attempts=1 requested_mask=0x07 completed_mask=0x07 hack_status=0 local_reason=255 mesh_reason=255 origin=0x4218 destination=0x4bdc
[89.374413 0.986025] linkv2 diag now=89379 kind=4 value=0
[89.640449 0.266035] linkv2 event now=89645 type=3 seq=90 attempts=2 requested_mask=0x07 completed_mask=0x07 hack_status=1 local_reason=255 mesh_reason=255 origin=0x4218 destination=0x4bdc
[90.314419 0.673970] linkv2 summary phase=periodic now=90319 submit_accepted=90 submit_rejected=0 submit_no_slot=0 submit_faulted=0 custody_transferred=87 local_tx_not_attempted=0 custody_busy_expired=0 custody_rejected=0 retry_exhausted=3 radio_fault_terminal=0 service_fault_terminal=0 final_deliveries=0 final_duplicates=0 scheduler_radio_fault=0 scheduler_service_fault=0 hook_rx_blocked=0 hook_hack_suppressed=0 hook_busy_forced=0 diagnostic_dropped=0 diag_queue=0 delivery_queue=0 delivery_provisional=0 fault_latched=0 link_hack_enqueue_failed=0
[90.364389 0.049970] linkv2 rf phase=periodic now=90319 channels=37,38,39 e_rreq=0/0/0 e_rrep=0/0/0 e_rerr=0/0/0 hello=0/0/0 sync_offer=0/0/0 sync_pull=0/0/0 sync_data=0/0/0 tc_update=0/0/0 e_rrep_ack=0/0/0 data=0/0/0 hack=26/29/32 flood=0/0/0 rx_ok=235 tx_ok=131 rx_crc_or_empty=7026 queue_drop=0 relay_drop=0 relay_rate_limited=0 tx_len_drop=0
[90.399416 0.035027] linkv2 diag now=90379 kind=4 value=0
[90.404386 0.004970] linkv2 event now=90392 type=3 seq=91 attempts=1 requested_mask=0x07 completed_mask=0x07 hack_status=0 local_reason=255 mesh_reason=255 origin=0x4218 destination=0x4bdc
[91.375440 0.971054] linkv2 diag now=91380 kind=4 value=0
[91.390401 0.014961] linkv2 event now=91395 type=3 seq=92 attempts=1 requested_mask=0x07 completed_mask=0x07 hack_status=0 local_reason=255 mesh_reason=255 origin=0x4218 destination=0x4bdc
[92.376453 0.986051] linkv2 diag now=92381 kind=4 value=0
[92.389434 0.012981] linkv2 event now=92394 type=3 seq=93 attempts=1 requested_mask=0x07 completed_mask=0x07 hack_status=0 local_reason=255 mesh_reason=255 origin=0x4218 destination=0x4bdc
[93.377429 0.987996] linkv2 diag now=93382 kind=4 value=0
[93.390414 0.012985] linkv2 event now=93395 type=3 seq=94 attempts=1 requested_mask=0x07 completed_mask=0x07 hack_status=0 local_reason=255 mesh_reason=255 origin=0x4218 destination=0x4bdc
[94.378437 0.988022] linkv2 diag now=94383 kind=4 value=0
[94.393413 0.014976] linkv2 event now=94398 type=3 seq=95 attempts=1 requested_mask=0x07 completed_mask=0x07 hack_status=0 local_reason=255 mesh_reason=255 origin=0x4218 destination=0x4bdc
[95.314443 0.921030] linkv2 summary phase=periodic now=95320 submit_accepted=95 submit_rejected=0 submit_no_slot=0 submit_faulted=0 custody_transferred=92 local_tx_not_attempted=0 custody_busy_expired=0 custody_rejected=0 retry_exhausted=3 radio_fault_terminal=0 service_fault_terminal=0 final_deliveries=0 final_duplicates=0 scheduler_radio_fault=0 scheduler_service_fault=0 hook_rx_blocked=0 hook_hack_suppressed=0 hook_busy_forced=0 diagnostic_dropped=0 diag_queue=0 delivery_queue=0 delivery_provisional=0 fault_latched=0 link_hack_enqueue_failed=0
[95.365414 0.050971] linkv2 rf phase=periodic now=95320 channels=37,38,39 e_rreq=0/0/0 e_rrep=0/0/0 e_rerr=0/0/0 hello=0/0/0 sync_offer=0/0/0 sync_pull=0/0/0 sync_data=0/0/0 tc_update=0/0/0 e_rrep_ack=0/0/0 data=0/0/0 hack=28/31/33 flood=0/0/0 rx_ok=248 tx_ok=136 rx_crc_or_empty=7413 queue_drop=0 relay_drop=0 relay_rate_limited=0 tx_len_drop=0
[95.400417 0.035003] linkv2 diag now=95384 kind=4 value=0
[95.404423 0.004006] linkv2 event now=95397 type=3 seq=96 attempts=1 requested_mask=0x07 completed_mask=0x07 hack_status=0 local_reason=255 mesh_reason=255 origin=0x4218 destination=0x4bdc
[96.380430 0.976007] linkv2 diag now=96385 kind=4 value=0
[96.393444 0.013014] linkv2 event now=96398 type=3 seq=97 attempts=1 requested_mask=0x07 completed_mask=0x07 hack_status=0 local_reason=255 mesh_reason=255 origin=0x4218 destination=0x4bdc
[97.381469 0.988025] linkv2 diag now=97386 kind=4 value=0
[97.902462 0.520993] linkv2 event now=97907 type=3 seq=98 attempts=3 requested_mask=0x07 completed_mask=0x07 hack_status=1 local_reason=255 mesh_reason=255 origin=0x4218 destination=0x4bdc
[98.381450 0.478988] linkv2 diag now=98387 kind=4 value=0
[98.397435 0.015985] linkv2 event now=98402 type=3 seq=99 attempts=1 requested_mask=0x07 completed_mask=0x07 hack_status=0 local_reason=255 mesh_reason=255 origin=0x4218 destination=0x4bdc
[99.382566 0.985132] linkv2 diag now=99388 kind=4 value=0
[99.395434 0.012868] linkv2 event now=99401 type=3 seq=100 attempts=1 requested_mask=0x07 completed_mask=0x07 hack_status=0 local_reason=255 mesh_reason=255 origin=0x4218 destination=0x4bdc
[100.315543 0.920109] linkv2 summary phase=periodic now=100321 submit_accepted=100 submit_rejected=0 submit_no_slot=0 submit_faulted=0 custody_transferred=97 local_tx_not_attempted=0 custody_busy_expired=0 custody_rejected=0 retry_exhausted=3 radio_fault_terminal=0 service_fault_terminal=0 final_deliveries=0 final_duplicates=0 scheduler_radio_fault=0 scheduler_service_fault=0 hook_rx_blocked=0 hook_hack_suppressed=0 hook_busy_forced=0 diagnostic_dropped=0 diag_queue=0 delivery_queue=0 delivery_provisional=0 fault_latched=0 link_hack_enqueue_failed=0
[100.366425 0.050882] linkv2 rf phase=periodic now=100321 channels=37,38,39 e_rreq=0/0/0 e_rrep=0/0/0 e_rerr=0/0/0 hello=0/0/0 sync_offer=0/0/0 sync_pull=0/0/0 sync_data=0/0/0 tc_update=0/0/0 e_rrep_ack=0/0/0 data=0/0/0 hack=28/33/36 flood=0/0/0 rx_ok=262 tx_ok=143 rx_crc_or_empty=7795 queue_drop=0 relay_drop=0 relay_rate_limited=0 tx_len_drop=0
[105.316544 4.950119] linkv2 summary phase=periodic now=105322 submit_accepted=100 submit_rejected=0 submit_no_slot=0 submit_faulted=0 custody_transferred=97 local_tx_not_attempted=0 custody_busy_expired=0 custody_rejected=0 retry_exhausted=3 radio_fault_terminal=0 service_fault_terminal=0 final_deliveries=0 final_duplicates=0 scheduler_radio_fault=0 scheduler_service_fault=0 hook_rx_blocked=0 hook_hack_suppressed=0 hook_busy_forced=0 diagnostic_dropped=0 diag_queue=0 delivery_queue=0 delivery_provisional=0 fault_latched=0 link_hack_enqueue_failed=0
[105.366494 0.049950] linkv2 rf phase=periodic now=105322 channels=37,38,39 e_rreq=0/0/0 e_rrep=0/0/0 e_rerr=0/0/0 hello=0/0/0 sync_offer=0/0/0 sync_pull=0/0/0 sync_data=0/0/0 tc_update=0/0/0 e_rrep_ack=0/0/0 data=0/0/0 hack=28/33/36 flood=0/0/0 rx_ok=270 tx_ok=143 rx_crc_or_empty=8193 queue_drop=0 relay_drop=0 relay_rate_limited=0 tx_len_drop=0
[110.317517 4.951023] linkv2 summary phase=periodic now=110323 submit_accepted=100 submit_rejected=0 submit_no_slot=0 submit_faulted=0 custody_transferred=97 local_tx_not_attempted=0 custody_busy_expired=0 custody_rejected=0 retry_exhausted=3 radio_fault_terminal=0 service_fault_terminal=0 final_deliveries=0 final_duplicates=0 scheduler_radio_fault=0 scheduler_service_fault=0 hook_rx_blocked=0 hook_hack_suppressed=0 hook_busy_forced=0 diagnostic_dropped=0 diag_queue=0 delivery_queue=0 delivery_provisional=0 fault_latched=0 link_hack_enqueue_failed=0
[110.367524 0.050008] linkv2 rf phase=periodic now=110323 channels=37,38,39 e_rreq=0/0/0 e_rrep=0/0/0 e_rerr=0/0/0 hello=0/0/0 sync_offer=0/0/0 sync_pull=0/0/0 sync_data=0/0/0 tc_update=0/0/0 e_rrep_ack=0/0/0 data=0/0/0 hack=28/33/36 flood=0/0/0 rx_ok=279 tx_ok=143 rx_crc_or_empty=8577 queue_drop=0 relay_drop=0 relay_rate_limited=0 tx_len_drop=0
[115.317544 4.950020] linkv2 summary phase=periodic now=115324 submit_accepted=100 submit_rejected=0 submit_no_slot=0 submit_faulted=0 custody_transferred=97 local_tx_not_attempted=0 custody_busy_expired=0 custody_rejected=0 retry_exhausted=3 radio_fault_terminal=0 service_fault_terminal=0 final_deliveries=0 final_duplicates=0 scheduler_radio_fault=0 scheduler_service_fault=0 hook_rx_blocked=0 hook_hack_suppressed=0 hook_busy_forced=0 diagnostic_dropped=0 diag_queue=0 delivery_queue=0 delivery_provisional=0 fault_latched=0 link_hack_enqueue_failed=0
[115.368533 0.050990] linkv2 rf phase=periodic now=115324 channels=37,38,39 e_rreq=0/0/0 e_rrep=0/0/0 e_rerr=0/0/0 hello=0/0/0 sync_offer=0/0/0 sync_pull=0/0/0 sync_data=0/0/0 tc_update=0/0/0 e_rrep_ack=0/0/0 data=0/0/0 hack=28/33/36 flood=0/0/0 rx_ok=288 tx_ok=143 rx_crc_or_empty=8985 queue_drop=0 relay_drop=0 relay_rate_limited=0 tx_len_drop=0
[120.318573 4.950039] linkv2 summary phase=periodic now=120325 submit_accepted=100 submit_rejected=0 submit_no_slot=0 submit_faulted=0 custody_transferred=97 local_tx_not_attempted=0 custody_busy_expired=0 custody_rejected=0 retry_exhausted=3 radio_fault_terminal=0 service_fault_terminal=0 final_deliveries=0 final_duplicates=0 scheduler_radio_fault=0 scheduler_service_fault=0 hook_rx_blocked=0 hook_hack_suppressed=0 hook_busy_forced=0 diagnostic_dropped=0 diag_queue=0 delivery_queue=0 delivery_provisional=0 fault_latched=0 link_hack_enqueue_failed=0
[120.368611 0.050039] linkv2 rf phase=periodic now=120325 channels=37,38,39 e_rreq=0/0/0 e_rrep=0/0/0 e_rerr=0/0/0 hello=0/0/0 sync_offer=0/0/0 sync_pull=0/0/0 sync_data=0/0/0 tc_update=0/0/0 e_rrep_ack=0/0/0 data=0/0/0 hack=28/33/36 flood=0/0/0 rx_ok=296 tx_ok=143 rx_crc_or_empty=9384 queue_drop=0 relay_drop=0 relay_rate_limited=0 tx_len_drop=0
[125.319597 4.950986] linkv2 summary phase=periodic now=125326 submit_accepted=100 submit_rejected=0 submit_no_slot=0 submit_faulted=0 custody_transferred=97 local_tx_not_attempted=0 custody_busy_expired=0 custody_rejected=0 retry_exhausted=3 radio_fault_terminal=0 service_fault_terminal=0 final_deliveries=0 final_duplicates=0 scheduler_radio_fault=0 scheduler_service_fault=0 hook_rx_blocked=0 hook_hack_suppressed=0 hook_busy_forced=0 diagnostic_dropped=0 diag_queue=0 delivery_queue=0 delivery_provisional=0 fault_latched=0 link_hack_enqueue_failed=0
[125.369626 0.050029] linkv2 rf phase=periodic now=125326 channels=37,38,39 e_rreq=0/0/0 e_rrep=0/0/0 e_rerr=0/0/0 hello=0/0/0 sync_offer=0/0/0 sync_pull=0/0/0 sync_data=0/0/0 tc_update=0/0/0 e_rrep_ack=0/0/0 data=0/0/0 hack=28/33/36 flood=0/0/0 rx_ok=304 tx_ok=143 rx_crc_or_empty=9789 queue_drop=0 relay_drop=0 relay_rate_limited=0 tx_len_drop=0
[130.320631 4.951005] linkv2 summary phase=periodic now=130327 submit_accepted=100 submit_rejected=0 submit_no_slot=0 submit_faulted=0 custody_transferred=97 local_tx_not_attempted=0 custody_busy_expired=0 custody_rejected=0 retry_exhausted=3 radio_fault_terminal=0 service_fault_terminal=0 final_deliveries=0 final_duplicates=0 scheduler_radio_fault=0 scheduler_service_fault=0 hook_rx_blocked=0 hook_hack_suppressed=0 hook_busy_forced=0 diagnostic_dropped=0 diag_queue=0 delivery_queue=0 delivery_provisional=0 fault_latched=0 link_hack_enqueue_failed=0
[130.370613 0.049982] linkv2 rf phase=periodic now=130327 channels=37,38,39 e_rreq=0/0/0 e_rrep=0/0/0 e_rerr=0/0/0 hello=0/0/0 sync_offer=0/0/0 sync_pull=0/0/0 sync_data=0/0/0 tc_update=0/0/0 e_rrep_ack=0/0/0 data=0/0/0 hack=28/33/36 flood=0/0/0 rx_ok=315 tx_ok=143 rx_crc_or_empty=10192 queue_drop=0 relay_drop=0 relay_rate_limited=0 tx_len_drop=0
[135.320668 4.950055] linkv2 summary phase=periodic now=135328 submit_accepted=100 submit_rejected=0 submit_no_slot=0 submit_faulted=0 custody_transferred=97 local_tx_not_attempted=0 custody_busy_expired=0 custody_rejected=0 retry_exhausted=3 radio_fault_terminal=0 service_fault_terminal=0 final_deliveries=0 final_duplicates=0 scheduler_radio_fault=0 scheduler_service_fault=0 hook_rx_blocked=0 hook_hack_suppressed=0 hook_busy_forced=0 diagnostic_dropped=0 diag_queue=0 delivery_queue=0 delivery_provisional=0 fault_latched=0 link_hack_enqueue_failed=0
[135.371624 0.050956] linkv2 rf phase=periodic now=135328 channels=37,38,39 e_rreq=0/0/0 e_rrep=0/0/0 e_rerr=0/0/0 hello=0/0/0 sync_offer=0/0/0 sync_pull=0/0/0 sync_data=0/0/0 tc_update=0/0/0 e_rrep_ack=0/0/0 data=0/0/0 hack=28/33/36 flood=0/0/0 rx_ok=325 tx_ok=143 rx_crc_or_empty=10613 queue_drop=0 relay_drop=0 relay_rate_limited=0 tx_len_drop=0
[140.321669 4.950045] linkv2 summary phase=periodic now=140329 submit_accepted=100 submit_rejected=0 submit_no_slot=0 submit_faulted=0 custody_transferred=97 local_tx_not_attempted=0 custody_busy_expired=0 custody_rejected=0 retry_exhausted=3 radio_fault_terminal=0 service_fault_terminal=0 final_deliveries=0 final_duplicates=0 scheduler_radio_fault=0 scheduler_service_fault=0 hook_rx_blocked=0 hook_hack_suppressed=0 hook_busy_forced=0 diagnostic_dropped=0 diag_queue=0 delivery_queue=0 delivery_provisional=0 fault_latched=0 link_hack_enqueue_failed=0
[140.371737 0.050068] linkv2 rf phase=periodic now=140329 channels=37,38,39 e_rreq=0/0/0 e_rrep=0/0/0 e_rerr=0/0/0 hello=0/0/0 sync_offer=0/0/0 sync_pull=0/0/0 sync_data=0/0/0 tc_update=0/0/0 e_rrep_ack=0/0/0 data=0/0/0 hack=28/33/36 flood=0/0/0 rx_ok=334 tx_ok=143 rx_crc_or_empty=11031 queue_drop=0 relay_drop=0 relay_rate_limited=0 tx_len_drop=0
[145.322709 4.950973] linkv2 summary phase=periodic now=145330 submit_accepted=100 submit_rejected=0 submit_no_slot=0 submit_faulted=0 custody_transferred=97 local_tx_not_attempted=0 custody_busy_expired=0 custody_rejected=0 retry_exhausted=3 radio_fault_terminal=0 service_fault_terminal=0 final_deliveries=0 final_duplicates=0 scheduler_radio_fault=0 scheduler_service_fault=0 hook_rx_blocked=0 hook_hack_suppressed=0 hook_busy_forced=0 diagnostic_dropped=0 diag_queue=0 delivery_queue=0 delivery_provisional=0 fault_latched=0 link_hack_enqueue_failed=0
[145.372709 0.049999] linkv2 rf phase=periodic now=145330 channels=37,38,39 e_rreq=0/0/0 e_rrep=0/0/0 e_rerr=0/0/0 hello=0/0/0 sync_offer=0/0/0 sync_pull=0/0/0 sync_data=0/0/0 tc_update=0/0/0 e_rrep_ack=0/0/0 data=0/0/0 hack=28/33/36 flood=0/0/0 rx_ok=342 tx_ok=143 rx_crc_or_empty=11446 queue_drop=0 relay_drop=0 relay_rate_limited=0 tx_len_drop=0
[150.323720 4.951011] linkv2 summary phase=periodic now=150331 submit_accepted=100 submit_rejected=0 submit_no_slot=0 submit_faulted=0 custody_transferred=97 local_tx_not_attempted=0 custody_busy_expired=0 custody_rejected=0 retry_exhausted=3 radio_fault_terminal=0 service_fault_terminal=0 final_deliveries=0 final_duplicates=0 scheduler_radio_fault=0 scheduler_service_fault=0 hook_rx_blocked=0 hook_hack_suppressed=0 hook_busy_forced=0 diagnostic_dropped=0 diag_queue=0 delivery_queue=0 delivery_provisional=0 fault_latched=0 link_hack_enqueue_failed=0
[150.373712 0.049992] linkv2 rf phase=periodic now=150331 channels=37,38,39 e_rreq=0/0/0 e_rrep=0/0/0 e_rerr=0/0/0 hello=0/0/0 sync_offer=0/0/0 sync_pull=0/0/0 sync_data=0/0/0 tc_update=0/0/0 e_rrep_ack=0/0/0 data=0/0/0 hack=28/33/36 flood=0/0/0 rx_ok=353 tx_ok=143 rx_crc_or_empty=11852 queue_drop=0 relay_drop=0 relay_rate_limited=0 tx_len_drop=0
[155.323748 4.950036] linkv2 summary phase=periodic now=155332 submit_accepted=100 submit_rejected=0 submit_no_slot=0 submit_faulted=0 custody_transferred=97 local_tx_not_attempted=0 custody_busy_expired=0 custody_rejected=0 retry_exhausted=3 radio_fault_terminal=0 service_fault_terminal=0 final_deliveries=0 final_duplicates=0 scheduler_radio_fault=0 scheduler_service_fault=0 hook_rx_blocked=0 hook_hack_suppressed=0 hook_busy_forced=0 diagnostic_dropped=0 diag_queue=0 delivery_queue=0 delivery_provisional=0 fault_latched=0 link_hack_enqueue_failed=0
[155.374705 0.050957] linkv2 rf phase=periodic now=155332 channels=37,38,39 e_rreq=0/0/0 e_rrep=0/0/0 e_rerr=0/0/0 hello=0/0/0 sync_offer=0/0/0 sync_pull=0/0/0 sync_data=0/0/0 tc_update=0/0/0 e_rrep_ack=0/0/0 data=0/0/0 hack=28/33/36 flood=0/0/0 rx_ok=361 tx_ok=143 rx_crc_or_empty=12246 queue_drop=0 relay_drop=0 relay_rate_limited=0 tx_len_drop=0
[160.324768 4.950063] linkv2 summary phase=periodic now=160333 submit_accepted=100 submit_rejected=0 submit_no_slot=0 submit_faulted=0 custody_transferred=97 local_tx_not_attempted=0 custody_busy_expired=0 custody_rejected=0 retry_exhausted=3 radio_fault_terminal=0 service_fault_terminal=0 final_deliveries=0 final_duplicates=0 scheduler_radio_fault=0 scheduler_service_fault=0 hook_rx_blocked=0 hook_hack_suppressed=0 hook_busy_forced=0 diagnostic_dropped=0 diag_queue=0 delivery_queue=0 delivery_provisional=0 fault_latched=0 link_hack_enqueue_failed=0
[160.374783 0.050015] linkv2 rf phase=periodic now=160333 channels=37,38,39 e_rreq=0/0/0 e_rrep=0/0/0 e_rerr=0/0/0 hello=0/0/0 sync_offer=0/0/0 sync_pull=0/0/0 sync_data=0/0/0 tc_update=0/0/0 e_rrep_ack=0/0/0 data=0/0/0 hack=28/33/36 flood=0/0/0 rx_ok=371 tx_ok=143 rx_crc_or_empty=12631 queue_drop=0 relay_drop=0 relay_rate_limited=0 tx_len_drop=0
[165.325802 4.951020] linkv2 summary phase=periodic now=165334 submit_accepted=100 submit_rejected=0 submit_no_slot=0 submit_faulted=0 custody_transferred=97 local_tx_not_attempted=0 custody_busy_expired=0 custody_rejected=0 retry_exhausted=3 radio_fault_terminal=0 service_fault_terminal=0 final_deliveries=0 final_duplicates=0 scheduler_radio_fault=0 scheduler_service_fault=0 hook_rx_blocked=0 hook_hack_suppressed=0 hook_busy_forced=0 diagnostic_dropped=0 diag_queue=0 delivery_queue=0 delivery_provisional=0 fault_latched=0 link_hack_enqueue_failed=0
[165.375799 0.049997] linkv2 rf phase=periodic now=165334 channels=37,38,39 e_rreq=0/0/0 e_rrep=0/0/0 e_rerr=0/0/0 hello=0/0/0 sync_offer=0/0/0 sync_pull=0/0/0 sync_data=0/0/0 tc_update=0/0/0 e_rrep_ack=0/0/0 data=0/0/0 hack=28/33/36 flood=0/0/0 rx_ok=376 tx_ok=143 rx_crc_or_empty=13030 queue_drop=0 relay_drop=0 relay_rate_limited=0 tx_len_drop=0
[170.325828 4.950029] linkv2 summary phase=periodic now=170335 submit_accepted=100 submit_rejected=0 submit_no_slot=0 submit_faulted=0 custody_transferred=97 local_tx_not_attempted=0 custody_busy_expired=0 custody_rejected=0 retry_exhausted=3 radio_fault_terminal=0 service_fault_terminal=0 final_deliveries=0 final_duplicates=0 scheduler_radio_fault=0 scheduler_service_fault=0 hook_rx_blocked=0 hook_hack_suppressed=0 hook_busy_forced=0 diagnostic_dropped=0 diag_queue=0 delivery_queue=0 delivery_provisional=0 fault_latched=0 link_hack_enqueue_failed=0
[170.376822 0.050994] linkv2 rf phase=periodic now=170335 channels=37,38,39 e_rreq=0/0/0 e_rrep=0/0/0 e_rerr=0/0/0 hello=0/0/0 sync_offer=0/0/0 sync_pull=0/0/0 sync_data=0/0/0 tc_update=0/0/0 e_rrep_ack=0/0/0 data=0/0/0 hack=28/33/36 flood=0/0/0 rx_ok=384 tx_ok=143 rx_crc_or_empty=13443 queue_drop=0 relay_drop=0 relay_rate_limited=0 tx_len_drop=0
[175.326854 4.950032] linkv2 summary phase=periodic now=175336 submit_accepted=100 submit_rejected=0 submit_no_slot=0 submit_faulted=0 custody_transferred=97 local_tx_not_attempted=0 custody_busy_expired=0 custody_rejected=0 retry_exhausted=3 radio_fault_terminal=0 service_fault_terminal=0 final_deliveries=0 final_duplicates=0 scheduler_radio_fault=0 scheduler_service_fault=0 hook_rx_blocked=0 hook_hack_suppressed=0 hook_busy_forced=0 diagnostic_dropped=0 diag_queue=0 delivery_queue=0 delivery_provisional=0 fault_latched=0 link_hack_enqueue_failed=0
[175.376875 0.050021] linkv2 rf phase=periodic now=175336 channels=37,38,39 e_rreq=0/0/0 e_rrep=0/0/0 e_rerr=0/0/0 hello=0/0/0 sync_offer=0/0/0 sync_pull=0/0/0 sync_data=0/0/0 tc_update=0/0/0 e_rrep_ack=0/0/0 data=0/0/0 hack=28/33/36 flood=0/0/0 rx_ok=391 tx_ok=143 rx_crc_or_empty=13844 queue_drop=0 relay_drop=0 relay_rate_limited=0 tx_len_drop=0
[180.327875 4.951000] linkv2 summary phase=periodic now=180337 submit_accepted=100 submit_rejected=0 submit_no_slot=0 submit_faulted=0 custody_transferred=97 local_tx_not_attempted=0 custody_busy_expired=0 custody_rejected=0 retry_exhausted=3 radio_fault_terminal=0 service_fault_terminal=0 final_deliveries=0 final_duplicates=0 scheduler_radio_fault=0 scheduler_service_fault=0 hook_rx_blocked=0 hook_hack_suppressed=0 hook_busy_forced=0 diagnostic_dropped=0 diag_queue=0 delivery_queue=0 delivery_provisional=0 fault_latched=0 link_hack_enqueue_failed=0
[180.377890 0.050015] linkv2 rf phase=periodic now=180337 channels=37,38,39 e_rreq=0/0/0 e_rrep=0/0/0 e_rerr=0/0/0 hello=0/0/0 sync_offer=0/0/0 sync_pull=0/0/0 sync_data=0/0/0 tc_update=0/0/0 e_rrep_ack=0/0/0 data=0/0/0 hack=28/33/36 flood=0/0/0 rx_ok=400 tx_ok=143 rx_crc_or_empty=14259 queue_drop=0 relay_drop=0 relay_rate_limited=0 tx_len_drop=0
[185.327894 4.950003] linkv2 summary phase=periodic now=185338 submit_accepted=100 submit_rejected=0 submit_no_slot=0 submit_faulted=0 custody_transferred=97 local_tx_not_attempted=0 custody_busy_expired=0 custody_rejected=0 retry_exhausted=3 radio_fault_terminal=0 service_fault_terminal=0 final_deliveries=0 final_duplicates=0 scheduler_radio_fault=0 scheduler_service_fault=0 hook_rx_blocked=0 hook_hack_suppressed=0 hook_busy_forced=0 diagnostic_dropped=0 diag_queue=0 delivery_queue=0 delivery_provisional=0 fault_latched=0 link_hack_enqueue_failed=0
[185.378885 0.050991] linkv2 rf phase=periodic now=185338 channels=37,38,39 e_rreq=0/0/0 e_rrep=0/0/0 e_rerr=0/0/0 hello=0/0/0 sync_offer=0/0/0 sync_pull=0/0/0 sync_data=0/0/0 tc_update=0/0/0 e_rrep_ack=0/0/0 data=0/0/0 hack=28/33/36 flood=0/0/0 rx_ok=408 tx_ok=143 rx_crc_or_empty=14641 queue_drop=0 relay_drop=0 relay_rate_limited=0 tx_len_drop=0
[190.328933 4.950048] linkv2 summary phase=periodic now=190339 submit_accepted=100 submit_rejected=0 submit_no_slot=0 submit_faulted=0 custody_transferred=97 local_tx_not_attempted=0 custody_busy_expired=0 custody_rejected=0 retry_exhausted=3 radio_fault_terminal=0 service_fault_terminal=0 final_deliveries=0 final_duplicates=0 scheduler_radio_fault=0 scheduler_service_fault=0 hook_rx_blocked=0 hook_hack_suppressed=0 hook_busy_forced=0 diagnostic_dropped=0 diag_queue=0 delivery_queue=0 delivery_provisional=0 fault_latched=0 link_hack_enqueue_failed=0
[190.379925 0.050992] linkv2 rf phase=periodic now=190339 channels=37,38,39 e_rreq=0/0/0 e_rrep=0/0/0 e_rerr=0/0/0 hello=0/0/0 sync_offer=0/0/0 sync_pull=0/0/0 sync_data=0/0/0 tc_update=0/0/0 e_rrep_ack=0/0/0 data=0/0/0 hack=28/33/36 flood=0/0/0 rx_ok=418 tx_ok=143 rx_crc_or_empty=15048 queue_drop=0 relay_drop=0 relay_rate_limited=0 tx_len_drop=0
[195.330000 4.950075] linkv2 summary phase=periodic now=195340 submit_accepted=100 submit_rejected=0 submit_no_slot=0 submit_faulted=0 custody_transferred=97 local_tx_not_attempted=0 custody_busy_expired=0 custody_rejected=0 retry_exhausted=3 radio_fault_terminal=0 service_fault_terminal=0 final_deliveries=0 final_duplicates=0 scheduler_radio_fault=0 scheduler_service_fault=0 hook_rx_blocked=0 hook_hack_suppressed=0 hook_busy_forced=0 diagnostic_dropped=0 diag_queue=0 delivery_queue=0 delivery_provisional=0 fault_latched=0 link_hack_enqueue_failed=0
[195.379976 0.049976] linkv2 rf phase=periodic now=195340 channels=37,38,39 e_rreq=0/0/0 e_rrep=0/0/0 e_rerr=0/0/0 hello=0/0/0 sync_offer=0/0/0 sync_pull=0/0/0 sync_data=0/0/0 tc_update=0/0/0 e_rrep_ack=0/0/0 data=0/0/0 hack=28/33/36 flood=0/0/0 rx_ok=425 tx_ok=143 rx_crc_or_empty=15433 queue_drop=0 relay_drop=0 relay_rate_limited=0 tx_len_drop=0
[200.330987 4.951012] linkv2 summary phase=periodic now=200341 submit_accepted=100 submit_rejected=0 submit_no_slot=0 submit_faulted=0 custody_transferred=97 local_tx_not_attempted=0 custody_busy_expired=0 custody_rejected=0 retry_exhausted=3 radio_fault_terminal=0 service_fault_terminal=0 final_deliveries=0 final_duplicates=0 scheduler_radio_fault=0 scheduler_service_fault=0 hook_rx_blocked=0 hook_hack_suppressed=0 hook_busy_forced=0 diagnostic_dropped=0 diag_queue=0 delivery_queue=0 delivery_provisional=0 fault_latched=0 link_hack_enqueue_failed=0
[200.380994 0.050007] linkv2 rf phase=periodic now=200341 channels=37,38,39 e_rreq=0/0/0 e_rrep=0/0/0 e_rerr=0/0/0 hello=0/0/0 sync_offer=0/0/0 sync_pull=0/0/0 sync_data=0/0/0 tc_update=0/0/0 e_rrep_ack=0/0/0 data=0/0/0 hack=28/33/36 flood=0/0/0 rx_ok=434 tx_ok=143 rx_crc_or_empty=15832 queue_drop=0 relay_drop=0 relay_rate_limited=0 tx_len_drop=0
[205.331113 4.950119] linkv2 summary phase=periodic now=205342 submit_accepted=100 submit_rejected=0 submit_no_slot=0 submit_faulted=0 custody_transferred=97 local_tx_not_attempted=0 custody_busy_expired=0 custody_rejected=0 retry_exhausted=3 radio_fault_terminal=0 service_fault_terminal=0 final_deliveries=0 final_duplicates=0 scheduler_radio_fault=0 scheduler_service_fault=0 hook_rx_blocked=0 hook_hack_suppressed=0 hook_busy_forced=0 diagnostic_dropped=0 diag_queue=0 delivery_queue=0 delivery_provisional=0 fault_latched=0 link_hack_enqueue_failed=0
[205.382002 0.050889] linkv2 rf phase=periodic now=205342 channels=37,38,39 e_rreq=0/0/0 e_rrep=0/0/0 e_rerr=0/0/0 hello=0/0/0 sync_offer=0/0/0 sync_pull=0/0/0 sync_data=0/0/0 tc_update=0/0/0 e_rrep_ack=0/0/0 data=0/0/0 hack=28/33/36 flood=0/0/0 rx_ok=439 tx_ok=143 rx_crc_or_empty=16234 queue_drop=0 relay_drop=0 relay_rate_limited=0 tx_len_drop=0
[210.332050 4.950048] linkv2 summary phase=periodic now=210343 submit_accepted=100 submit_rejected=0 submit_no_slot=0 submit_faulted=0 custody_transferred=97 local_tx_not_attempted=0 custody_busy_expired=0 custody_rejected=0 retry_exhausted=3 radio_fault_terminal=0 service_fault_terminal=0 final_deliveries=0 final_duplicates=0 scheduler_radio_fault=0 scheduler_service_fault=0 hook_rx_blocked=0 hook_hack_suppressed=0 hook_busy_forced=0 diagnostic_dropped=0 diag_queue=0 delivery_queue=0 delivery_provisional=0 fault_latched=0 link_hack_enqueue_failed=0
[210.382992 0.050941] linkv2 rf phase=periodic now=210343 channels=37,38,39 e_rreq=0/0/0 e_rrep=0/0/0 e_rerr=0/0/0 hello=0/0/0 sync_offer=0/0/0 sync_pull=0/0/0 sync_data=0/0/0 tc_update=0/0/0 e_rrep_ack=0/0/0 data=0/0/0 hack=28/33/36 flood=0/0/0 rx_ok=447 tx_ok=143 rx_crc_or_empty=16619 queue_drop=0 relay_drop=0 relay_rate_limited=0 tx_len_drop=0
[215.333093 4.950102] linkv2 summary phase=periodic now=215344 submit_accepted=100 submit_rejected=0 submit_no_slot=0 submit_faulted=0 custody_transferred=97 local_tx_not_attempted=0 custody_busy_expired=0 custody_rejected=0 retry_exhausted=3 radio_fault_terminal=0 service_fault_terminal=0 final_deliveries=0 final_duplicates=0 scheduler_radio_fault=0 scheduler_service_fault=0 hook_rx_blocked=0 hook_hack_suppressed=0 hook_busy_forced=0 diagnostic_dropped=0 diag_queue=0 delivery_queue=0 delivery_provisional=0 fault_latched=0 link_hack_enqueue_failed=0
[215.383085 0.049992] linkv2 rf phase=periodic now=215344 channels=37,38,39 e_rreq=0/0/0 e_rrep=0/0/0 e_rerr=0/0/0 hello=0/0/0 sync_offer=0/0/0 sync_pull=0/0/0 sync_data=0/0/0 tc_update=0/0/0 e_rrep_ack=0/0/0 data=0/0/0 hack=28/33/36 flood=0/0/0 rx_ok=453 tx_ok=143 rx_crc_or_empty=17006 queue_drop=0 relay_drop=0 relay_rate_limited=0 tx_len_drop=0
[220.334088 4.951003] linkv2 summary phase=periodic now=220345 submit_accepted=100 submit_rejected=0 submit_no_slot=0 submit_faulted=0 custody_transferred=97 local_tx_not_attempted=0 custody_busy_expired=0 custody_rejected=0 retry_exhausted=3 radio_fault_terminal=0 service_fault_terminal=0 final_deliveries=0 final_duplicates=0 scheduler_radio_fault=0 scheduler_service_fault=0 hook_rx_blocked=0 hook_hack_suppressed=0 hook_busy_forced=0 diagnostic_dropped=0 diag_queue=0 delivery_queue=0 delivery_provisional=0 fault_latched=0 link_hack_enqueue_failed=0
[220.384098 0.050010] linkv2 rf phase=periodic now=220345 channels=37,38,39 e_rreq=0/0/0 e_rrep=0/0/0 e_rerr=0/0/0 hello=0/0/0 sync_offer=0/0/0 sync_pull=0/0/0 sync_data=0/0/0 tc_update=0/0/0 e_rrep_ack=0/0/0 data=0/0/0 hack=28/33/36 flood=0/0/0 rx_ok=461 tx_ok=143 rx_crc_or_empty=17380 queue_drop=0 relay_drop=0 relay_rate_limited=0 tx_len_drop=0
[225.334135 4.950037] linkv2 summary phase=periodic now=225346 submit_accepted=100 submit_rejected=0 submit_no_slot=0 submit_faulted=0 custody_transferred=97 local_tx_not_attempted=0 custody_busy_expired=0 custody_rejected=0 retry_exhausted=3 radio_fault_terminal=0 service_fault_terminal=0 final_deliveries=0 final_duplicates=0 scheduler_radio_fault=0 scheduler_service_fault=0 hook_rx_blocked=0 hook_hack_suppressed=0 hook_busy_forced=0 diagnostic_dropped=0 diag_queue=0 delivery_queue=0 delivery_provisional=0 fault_latched=0 link_hack_enqueue_failed=0
[225.385092 0.050958] linkv2 rf phase=periodic now=225346 channels=37,38,39 e_rreq=0/0/0 e_rrep=0/0/0 e_rerr=0/0/0 hello=0/0/0 sync_offer=0/0/0 sync_pull=0/0/0 sync_data=0/0/0 tc_update=0/0/0 e_rrep_ack=0/0/0 data=0/0/0 hack=28/33/36 flood=0/0/0 rx_ok=471 tx_ok=143 rx_crc_or_empty=17764 queue_drop=0 relay_drop=0 relay_rate_limited=0 tx_len_drop=0
[230.335160 4.950068] linkv2 summary phase=periodic now=230347 submit_accepted=100 submit_rejected=0 submit_no_slot=0 submit_faulted=0 custody_transferred=97 local_tx_not_attempted=0 custody_busy_expired=0 custody_rejected=0 retry_exhausted=3 radio_fault_terminal=0 service_fault_terminal=0 final_deliveries=0 final_duplicates=0 scheduler_radio_fault=0 scheduler_service_fault=0 hook_rx_blocked=0 hook_hack_suppressed=0 hook_busy_forced=0 diagnostic_dropped=0 diag_queue=0 delivery_queue=0 delivery_provisional=0 fault_latched=0 link_hack_enqueue_failed=0
[230.385169 0.050009] linkv2 rf phase=periodic now=230347 channels=37,38,39 e_rreq=0/0/0 e_rrep=0/0/0 e_rerr=0/0/0 hello=0/0/0 sync_offer=0/0/0 sync_pull=0/0/0 sync_data=0/0/0 tc_update=0/0/0 e_rrep_ack=0/0/0 data=0/0/0 hack=28/33/36 flood=0/0/0 rx_ok=481 tx_ok=143 rx_crc_or_empty=18146 queue_drop=0 relay_drop=0 relay_rate_limited=0 tx_len_drop=0
[235.336204 4.951034] linkv2 summary phase=periodic now=235348 submit_accepted=100 submit_rejected=0 submit_no_slot=0 submit_faulted=0 custody_transferred=97 local_tx_not_attempted=0 custody_busy_expired=0 custody_rejected=0 retry_exhausted=3 radio_fault_terminal=0 service_fault_terminal=0 final_deliveries=0 final_duplicates=0 scheduler_radio_fault=0 scheduler_service_fault=0 hook_rx_blocked=0 hook_hack_suppressed=0 hook_busy_forced=0 diagnostic_dropped=0 diag_queue=0 delivery_queue=0 delivery_provisional=0 fault_latched=0 link_hack_enqueue_failed=0
[235.386180 0.049977] linkv2 rf phase=periodic now=235348 channels=37,38,39 e_rreq=0/0/0 e_rrep=0/0/0 e_rerr=0/0/0 hello=0/0/0 sync_offer=0/0/0 sync_pull=0/0/0 sync_data=0/0/0 tc_update=0/0/0 e_rrep_ack=0/0/0 data=0/0/0 hack=28/33/36 flood=0/0/0 rx_ok=491 tx_ok=143 rx_crc_or_empty=18525 queue_drop=0 relay_drop=0 relay_rate_limited=0 tx_len_drop=0
[240.337211 4.951030] linkv2 summary phase=periodic now=240349 submit_accepted=100 submit_rejected=0 submit_no_slot=0 submit_faulted=0 custody_transferred=97 local_tx_not_attempted=0 custody_busy_expired=0 custody_rejected=0 retry_exhausted=3 radio_fault_terminal=0 service_fault_terminal=0 final_deliveries=0 final_duplicates=0 scheduler_radio_fault=0 scheduler_service_fault=0 hook_rx_blocked=0 hook_hack_suppressed=0 hook_busy_forced=0 diagnostic_dropped=0 diag_queue=0 delivery_queue=0 delivery_provisional=0 fault_latched=0 link_hack_enqueue_failed=0
[240.387198 0.049988] linkv2 rf phase=periodic now=240349 channels=37,38,39 e_rreq=0/0/0 e_rrep=0/0/0 e_rerr=0/0/0 hello=0/0/0 sync_offer=0/0/0 sync_pull=0/0/0 sync_data=0/0/0 tc_update=0/0/0 e_rrep_ack=0/0/0 data=0/0/0 hack=28/33/36 flood=0/0/0 rx_ok=501 tx_ok=143 rx_crc_or_empty=18924 queue_drop=0 relay_drop=0 relay_rate_limited=0 tx_len_drop=0
[245.337224 4.950025] linkv2 summary phase=periodic now=245350 submit_accepted=100 submit_rejected=0 submit_no_slot=0 submit_faulted=0 custody_transferred=97 local_tx_not_attempted=0 custody_busy_expired=0 custody_rejected=0 retry_exhausted=3 radio_fault_terminal=0 service_fault_terminal=0 final_deliveries=0 final_duplicates=0 scheduler_radio_fault=0 scheduler_service_fault=0 hook_rx_blocked=0 hook_hack_suppressed=0 hook_busy_forced=0 diagnostic_dropped=0 diag_queue=0 delivery_queue=0 delivery_provisional=0 fault_latched=0 link_hack_enqueue_failed=0
[245.387282 0.050059] linkv2 rf phase=periodic now=245350 channels=37,38,39 e_rreq=0/0/0 e_rrep=0/0/0 e_rerr=0/0/0 hello=0/0/0 sync_offer=0/0/0 sync_pull=0/0/0 sync_data=0/0/0 tc_update=0/0/0 e_rrep_ack=0/0/0 data=0/0/0 hack=28/33/36 flood=0/0/0 rx_ok=508 tx_ok=143 rx_crc_or_empty=19332 queue_drop=0 relay_drop=0 relay_rate_limited=0 tx_len_drop=0
[250.338252 4.950970] linkv2 summary phase=periodic now=250351 submit_accepted=100 submit_rejected=0 submit_no_slot=0 submit_faulted=0 custody_transferred=97 local_tx_not_attempted=0 custody_busy_expired=0 custody_rejected=0 retry_exhausted=3 radio_fault_terminal=0 service_fault_terminal=0 final_deliveries=0 final_duplicates=0 scheduler_radio_fault=0 scheduler_service_fault=0 hook_rx_blocked=0 hook_hack_suppressed=0 hook_busy_forced=0 diagnostic_dropped=0 diag_queue=0 delivery_queue=0 delivery_provisional=0 fault_latched=0 link_hack_enqueue_failed=0
[250.388270 0.050018] linkv2 rf phase=periodic now=250351 channels=37,38,39 e_rreq=0/0/0 e_rrep=0/0/0 e_rerr=0/0/0 hello=0/0/0 sync_offer=0/0/0 sync_pull=0/0/0 sync_data=0/0/0 tc_update=0/0/0 e_rrep_ack=0/0/0 data=0/0/0 hack=28/33/36 flood=0/0/0 rx_ok=518 tx_ok=143 rx_crc_or_empty=19709 queue_drop=0 relay_drop=0 relay_rate_limited=0 tx_len_drop=0
[255.339302 4.951032] linkv2 summary phase=periodic now=255352 submit_accepted=100 submit_rejected=0 submit_no_slot=0 submit_faulted=0 custody_transferred=97 local_tx_not_attempted=0 custody_busy_expired=0 custody_rejected=0 retry_exhausted=3 radio_fault_terminal=0 service_fault_terminal=0 final_deliveries=0 final_duplicates=0 scheduler_radio_fault=0 scheduler_service_fault=0 hook_rx_blocked=0 hook_hack_suppressed=0 hook_busy_forced=0 diagnostic_dropped=0 diag_queue=0 delivery_queue=0 delivery_provisional=0 fault_latched=0 link_hack_enqueue_failed=0
[255.389292 0.049990] linkv2 rf phase=periodic now=255352 channels=37,38,39 e_rreq=0/0/0 e_rrep=0/0/0 e_rerr=0/0/0 hello=0/0/0 sync_offer=0/0/0 sync_pull=0/0/0 sync_data=0/0/0 tc_update=0/0/0 e_rrep_ack=0/0/0 data=0/0/0 hack=28/33/36 flood=0/0/0 rx_ok=524 tx_ok=143 rx_crc_or_empty=20090 queue_drop=0 relay_drop=0 relay_rate_limited=0 tx_len_drop=0
[260.339314 4.950022] linkv2 summary phase=periodic now=260353 submit_accepted=100 submit_rejected=0 submit_no_slot=0 submit_faulted=0 custody_transferred=97 local_tx_not_attempted=0 custody_busy_expired=0 custody_rejected=0 retry_exhausted=3 radio_fault_terminal=0 service_fault_terminal=0 final_deliveries=0 final_duplicates=0 scheduler_radio_fault=0 scheduler_service_fault=0 hook_rx_blocked=0 hook_hack_suppressed=0 hook_busy_forced=0 diagnostic_dropped=0 diag_queue=0 delivery_queue=0 delivery_provisional=0 fault_latched=0 link_hack_enqueue_failed=0
[260.390303 0.050990] linkv2 rf phase=periodic now=260353 channels=37,38,39 e_rreq=0/0/0 e_rrep=0/0/0 e_rerr=0/0/0 hello=0/0/0 sync_offer=0/0/0 sync_pull=0/0/0 sync_data=0/0/0 tc_update=0/0/0 e_rrep_ack=0/0/0 data=0/0/0 hack=28/33/36 flood=0/0/0 rx_ok=534 tx_ok=143 rx_crc_or_empty=20466 queue_drop=0 relay_drop=0 relay_rate_limited=0 tx_len_drop=0
[265.340349 4.950045] linkv2 summary phase=periodic now=265354 submit_accepted=100 submit_rejected=0 submit_no_slot=0 submit_faulted=0 custody_transferred=97 local_tx_not_attempted=0 custody_busy_expired=0 custody_rejected=0 retry_exhausted=3 radio_fault_terminal=0 service_fault_terminal=0 final_deliveries=0 final_duplicates=0 scheduler_radio_fault=0 scheduler_service_fault=0 hook_rx_blocked=0 hook_hack_suppressed=0 hook_busy_forced=0 diagnostic_dropped=0 diag_queue=0 delivery_queue=0 delivery_provisional=0 fault_latched=0 link_hack_enqueue_failed=0
[265.390409 0.050060] linkv2 rf phase=periodic now=265354 channels=37,38,39 e_rreq=0/0/0 e_rrep=0/0/0 e_rerr=0/0/0 hello=0/0/0 sync_offer=0/0/0 sync_pull=0/0/0 sync_data=0/0/0 tc_update=0/0/0 e_rrep_ack=0/0/0 data=0/0/0 hack=28/33/36 flood=0/0/0 rx_ok=543 tx_ok=143 rx_crc_or_empty=20846 queue_drop=0 relay_drop=0 relay_rate_limited=0 tx_len_drop=0
[270.341377 4.950968] linkv2 summary phase=periodic now=270355 submit_accepted=100 submit_rejected=0 submit_no_slot=0 submit_faulted=0 custody_transferred=97 local_tx_not_attempted=0 custody_busy_expired=0 custody_rejected=0 retry_exhausted=3 radio_fault_terminal=0 service_fault_terminal=0 final_deliveries=0 final_duplicates=0 scheduler_radio_fault=0 scheduler_service_fault=0 hook_rx_blocked=0 hook_hack_suppressed=0 hook_busy_forced=0 diagnostic_dropped=0 diag_queue=0 delivery_queue=0 delivery_provisional=0 fault_latched=0 link_hack_enqueue_failed=0
[270.391385 0.050008] linkv2 rf phase=periodic now=270355 channels=37,38,39 e_rreq=0/0/0 e_rrep=0/0/0 e_rerr=0/0/0 hello=0/0/0 sync_offer=0/0/0 sync_pull=0/0/0 sync_data=0/0/0 tc_update=0/0/0 e_rrep_ack=0/0/0 data=0/0/0 hack=28/33/36 flood=0/0/0 rx_ok=554 tx_ok=143 rx_crc_or_empty=21262 queue_drop=0 relay_drop=0 relay_rate_limited=0 tx_len_drop=0
[275.342395 4.951010] linkv2 summary phase=periodic now=275356 submit_accepted=100 submit_rejected=0 submit_no_slot=0 submit_faulted=0 custody_transferred=97 local_tx_not_attempted=0 custody_busy_expired=0 custody_rejected=0 retry_exhausted=3 radio_fault_terminal=0 service_fault_terminal=0 final_deliveries=0 final_duplicates=0 scheduler_radio_fault=0 scheduler_service_fault=0 hook_rx_blocked=0 hook_hack_suppressed=0 hook_busy_forced=0 diagnostic_dropped=0 diag_queue=0 delivery_queue=0 delivery_provisional=0 fault_latched=0 link_hack_enqueue_failed=0
[275.392403 0.050008] linkv2 rf phase=periodic now=275356 channels=37,38,39 e_rreq=0/0/0 e_rrep=0/0/0 e_rerr=0/0/0 hello=0/0/0 sync_offer=0/0/0 sync_pull=0/0/0 sync_data=0/0/0 tc_update=0/0/0 e_rrep_ack=0/0/0 data=0/0/0 hack=28/33/36 flood=0/0/0 rx_ok=563 tx_ok=143 rx_crc_or_empty=21667 queue_drop=0 relay_drop=0 relay_rate_limited=0 tx_len_drop=0
[280.342431 4.950028] linkv2 summary phase=periodic now=280357 submit_accepted=100 submit_rejected=0 submit_no_slot=0 submit_faulted=0 custody_transferred=97 local_tx_not_attempted=0 custody_busy_expired=0 custody_rejected=0 retry_exhausted=3 radio_fault_terminal=0 service_fault_terminal=0 final_deliveries=0 final_duplicates=0 scheduler_radio_fault=0 scheduler_service_fault=0 hook_rx_blocked=0 hook_hack_suppressed=0 hook_busy_forced=0 diagnostic_dropped=0 diag_queue=0 delivery_queue=0 delivery_provisional=0 fault_latched=0 link_hack_enqueue_failed=0
[280.393390 0.050960] linkv2 rf phase=periodic now=280357 channels=37,38,39 e_rreq=0/0/0 e_rrep=0/0/0 e_rerr=0/0/0 hello=0/0/0 sync_offer=0/0/0 sync_pull=0/0/0 sync_data=0/0/0 tc_update=0/0/0 e_rrep_ack=0/0/0 data=0/0/0 hack=28/33/36 flood=0/0/0 rx_ok=572 tx_ok=143 rx_crc_or_empty=22068 queue_drop=0 relay_drop=0 relay_rate_limited=0 tx_len_drop=0
[285.343460 4.950070] linkv2 summary phase=periodic now=285358 submit_accepted=100 submit_rejected=0 submit_no_slot=0 submit_faulted=0 custody_transferred=97 local_tx_not_attempted=0 custody_busy_expired=0 custody_rejected=0 retry_exhausted=3 radio_fault_terminal=0 service_fault_terminal=0 final_deliveries=0 final_duplicates=0 scheduler_radio_fault=0 scheduler_service_fault=0 hook_rx_blocked=0 hook_hack_suppressed=0 hook_busy_forced=0 diagnostic_dropped=0 diag_queue=0 delivery_queue=0 delivery_provisional=0 fault_latched=0 link_hack_enqueue_failed=0
[285.393496 0.050036] linkv2 rf phase=periodic now=285358 channels=37,38,39 e_rreq=0/0/0 e_rrep=0/0/0 e_rerr=0/0/0 hello=0/0/0 sync_offer=0/0/0 sync_pull=0/0/0 sync_data=0/0/0 tc_update=0/0/0 e_rrep_ack=0/0/0 data=0/0/0 hack=28/33/36 flood=0/0/0 rx_ok=580 tx_ok=143 rx_crc_or_empty=22424 queue_drop=0 relay_drop=0 relay_rate_limited=0 tx_len_drop=0
[290.344486 4.950990] linkv2 summary phase=periodic now=290359 submit_accepted=100 submit_rejected=0 submit_no_slot=0 submit_faulted=0 custody_transferred=97 local_tx_not_attempted=0 custody_busy_expired=0 custody_rejected=0 retry_exhausted=3 radio_fault_terminal=0 service_fault_terminal=0 final_deliveries=0 final_duplicates=0 scheduler_radio_fault=0 scheduler_service_fault=0 hook_rx_blocked=0 hook_hack_suppressed=0 hook_busy_forced=0 diagnostic_dropped=0 diag_queue=0 delivery_queue=0 delivery_provisional=0 fault_latched=0 link_hack_enqueue_failed=0
[290.394508 0.050023] linkv2 rf phase=periodic now=290359 channels=37,38,39 e_rreq=0/0/0 e_rrep=0/0/0 e_rerr=0/0/0 hello=0/0/0 sync_offer=0/0/0 sync_pull=0/0/0 sync_data=0/0/0 tc_update=0/0/0 e_rrep_ack=0/0/0 data=0/0/0 hack=28/33/36 flood=0/0/0 rx_ok=590 tx_ok=143 rx_crc_or_empty=22805 queue_drop=0 relay_drop=0 relay_rate_limited=0 tx_len_drop=0
[295.344533 4.950025] linkv2 summary phase=periodic now=295360 submit_accepted=100 submit_rejected=0 submit_no_slot=0 submit_faulted=0 custody_transferred=97 local_tx_not_attempted=0 custody_busy_expired=0 custody_rejected=0 retry_exhausted=3 radio_fault_terminal=0 service_fault_terminal=0 final_deliveries=0 final_duplicates=0 scheduler_radio_fault=0 scheduler_service_fault=0 hook_rx_blocked=0 hook_hack_suppressed=0 hook_busy_forced=0 diagnostic_dropped=0 diag_queue=0 delivery_queue=0 delivery_provisional=0 fault_latched=0 link_hack_enqueue_failed=0
[295.395488 0.050955] linkv2 rf phase=periodic now=295360 channels=37,38,39 e_rreq=0/0/0 e_rrep=0/0/0 e_rerr=0/0/0 hello=0/0/0 sync_offer=0/0/0 sync_pull=0/0/0 sync_data=0/0/0 tc_update=0/0/0 e_rrep_ack=0/0/0 data=0/0/0 hack=28/33/36 flood=0/0/0 rx_ok=597 tx_ok=143 rx_crc_or_empty=23186 queue_drop=0 relay_drop=0 relay_rate_limited=0 tx_len_drop=0
[300.345629 4.950141] linkv2 summary phase=periodic now=300361 submit_accepted=100 submit_rejected=0 submit_no_slot=0 submit_faulted=0 custody_transferred=97 local_tx_not_attempted=0 custody_busy_expired=0 custody_rejected=0 retry_exhausted=3 radio_fault_terminal=0 service_fault_terminal=0 final_deliveries=0 final_duplicates=0 scheduler_radio_fault=0 scheduler_service_fault=0 hook_rx_blocked=0 hook_hack_suppressed=0 hook_busy_forced=0 diagnostic_dropped=0 diag_queue=0 delivery_queue=0 delivery_provisional=0 fault_latched=0 link_hack_enqueue_failed=0
[300.396531 0.050902] linkv2 rf phase=periodic now=300361 channels=37,38,39 e_rreq=0/0/0 e_rrep=0/0/0 e_rerr=0/0/0 hello=0/0/0 sync_offer=0/0/0 sync_pull=0/0/0 sync_data=0/0/0 tc_update=0/0/0 e_rrep_ack=0/0/0 data=0/0/0 hack=28/33/36 flood=0/0/0 rx_ok=607 tx_ok=143 rx_crc_or_empty=23601 queue_drop=0 relay_drop=0 relay_rate_limited=0 tx_len_drop=0
[305.346643 4.950113] linkv2 summary phase=periodic now=305362 submit_accepted=100 submit_rejected=0 submit_no_slot=0 submit_faulted=0 custody_transferred=97 local_tx_not_attempted=0 custody_busy_expired=0 custody_rejected=0 retry_exhausted=3 radio_fault_terminal=0 service_fault_terminal=0 final_deliveries=0 final_duplicates=0 scheduler_radio_fault=0 scheduler_service_fault=0 hook_rx_blocked=0 hook_hack_suppressed=0 hook_busy_forced=0 diagnostic_dropped=0 diag_queue=0 delivery_queue=0 delivery_provisional=0 fault_latched=0 link_hack_enqueue_failed=0
[305.396590 0.049947] linkv2 rf phase=periodic now=305362 channels=37,38,39 e_rreq=0/0/0 e_rrep=0/0/0 e_rerr=0/0/0 hello=0/0/0 sync_offer=0/0/0 sync_pull=0/0/0 sync_data=0/0/0 tc_update=0/0/0 e_rrep_ack=0/0/0 data=0/0/0 hack=28/33/36 flood=0/0/0 rx_ok=614 tx_ok=143 rx_crc_or_empty=23982 queue_drop=0 relay_drop=0 relay_rate_limited=0 tx_len_drop=0
