[0.000001 0.000001] linkv2 diag now=61364 kind=4 value=0
[0.014997 0.014996] linkv2 event now=61379 type=3 seq=62 attempts=1 requested_mask=0x07 completed_mask=0x07 hack_status=0 local_reason=255 mesh_reason=255 origin=0x4218 destination=0x4bdc
[2.182010 2.167013]
[2.182052 0.000042]
[2.182061 0.000009] microT-Kernel Version 3.00
[2.185006 0.002945]
[2.185019 0.000012] tron_ble profile=BALANCED target=ble_link_v2_testbed behavior=LINK_V2_HARNESS candidate=ON identity=18:42:de:52:4a:dd identity_source=CONFIGURED_OVERRIDE role=root
[2.199987 0.014969] linkv2 identity field=runtime_ficr adva=18:42:de:52:4a:dd
[2.205020 0.005033] linkv2 identity field=effective_local adva=18:42:de:52:4a:dd
[2.210034 0.005014] linkv2 identity field=scheduler_copy adva=18:42:de:52:4a:dd
[2.215998 0.005964] linkv2 startup poc=link_v2_harness behavior=LINK_V2_HARNESS candidate=ON timer_profile=BALANCED network=1 role=root identity_source=CONFIGURED_OVERRIDE configured_override=18:42:de:52:4a:dd target_uid=9906360200052820cf57b9f988a30e16000000006e052820 inventory_records=2 inventory_full_adva_unique=yes inventory_sid16_unique=yes inventory_sid16_nonreserved=yes inventory_sid8_unique=yes inventory_sid8_nonreserved=yes peer=dc:4b:0a:06:03:f8 initiator=ON interval_ms=1000 transaction_target=100 runtime_ficr=18:42:de:52:4a:dd effective_local=18:42:de:52:4a:dd scheduler_adva=18:42:de:52:4a:dd configured_runtime_equal=yes effective_runtime_equal=yes effective_scheduler_equal=yes sid16=16920 sid8=24 fixed_k=disabled mesh_yield_max_ms=1 mesh_yield_policy=remaining_slack hook.enabled=0 hook.rx_block_adva=NOT_CONFIGURED hook.hack_drop_adva=NOT_CONFIGURED hook.hack_drop_count=0 hook.busy_admission_count=0 hook.collision_peer_adva=NOT_IMPLEMENTED  timer.scheduler_dwell_ms=50 timer.scheduler_relay_spacing_ms=200 timer.scheduler_custody_bypass_max=2 timer.scheduler_poll_max_ms=2 timer.radio_state_timeout_ms=2 timer.radio_tx_event_bound_ms=8 timer.legacy_relay_min_ms=20 timer.legacy_relay_max_ms=120 timer.legacy_dedupe_ms=10000 timer.legacy_ping_interval_ms=2000 timer.legacy_ping_timeout_ms=1500 timer.link_hack_timeout_ms=250 timer.link_max_attempts=3 timer.link_retry_backoff_ms=0 timer.link_tx_scheduler_attempt_bound_ms=30 timer.link_response_window_sum_ms=750 timer.link_no_response_wall_bound_ms=840 timer.link_candidate_resolve_ms=10 timer.link_busy_backoff_ms=500 timer.link_busy_max_responses=3 timer.link_data_deadline_ms=5000 timer.link_data_dedupe_ms=10000 timer.link_flood_dedupe_ms=10000 timer.link_flood_jitter_min_ms=20 timer.link_flood_jitter_max_ms=120 timer.aodv_node_traversal_ms=40 timer.aodv_net_diameter=15 timer.aodv_net_traversal_ms=1200 timer.aodv_path_discovery_ms=2400 timer.aodv_rreq_seen_ms=10000 timer.aodv_rreq_retries=2 timer.aodv_rreq_rate=10 timer.aodv_rerr_rate=10 timer.aodv_active_route_ms=360000 timer.aodv_pending_data_ms=30000 timer.aodv_blacklist_ms=2400 timer.aodv_rrep_dedupe_ms=10000 timer.aodv_rerr_dedupe_ms=10000 timer.aodv_rrep_ack_wait_ms=250 timer.gtt_soft_expiry_ms=150000 timer.gtt_hard_expiry_ms=300000 timer.gtt_departed_ms=600000 timer.gtt_maintenance_ms=25000 timer.hello_change_ms=24000 timer.hello_stable_ms=120000 timer.hello_alpha=0.8 timer.hello_snap_ratio=0.95 timer.hello_dedupe_ms=10000 timer.router_reboot_announce_ms=3000 timer.verification_window_ms=8400 timer.verification_new_cap=4 timer.verification_active_cap=4 timer.mentor_offer_window_ms=2000 timer.mentor_page_timeout_ms=2400 timer.mentor_page_attempts=3 timer.mentor_self_bootstrap_ms=3000 timer.mentor_sync_dedupe_ms=10000 timer.mentor_rssi_weak_magnitude_db=90 timer.mentor_rssi_strong_magnitude_db=30 timer.mentor_rssi_weak_delay_ms=500 timer.mentor_rssi_strong_delay_ms=10 timer.mentor_jitter_min_ms=0 timer.mentor_jitter_max_ms=50 timer.mentor_offer_suppression_ms=10000 timer.metadata_cooldown_ms=5000 timer.tc_uuid_ms=30000 timer.tc_subject_ms=1000 timer.repair_timeout_ms=5300 timer.repair_cooldown_ms=1000 timer.stats_ms=5000 timer.loop_delay_ms=2
[2.494026 0.278028] linkv2 diag now=312 kind=0 value=0
[2.500978 0.006952] linkv2 diag now=312 kind=4 value=0
[2.762024 0.261046] linkv2 event now=580 type=3 seq=1 attempts=2 requested_mask=0x07 completed_mask=0x07 hack_status=1 local_reason=255 mesh_reason=255 origin=0x4218 destination=0x4bdc
[3.495015 0.732991] linkv2 diag now=1312 kind=4 value=0
[4.013057 0.518041] linkv2 event now=1831 type=3 seq=2 attempts=3 requested_mask=0x07 completed_mask=0x07 hack_status=1 local_reason=255 mesh_reason=255 origin=0x4218 destination=0x4bdc
[4.495019 0.481962] linkv2 diag now=2313 kind=4 value=0
[4.510018 0.014999] linkv2 event now=2328 type=3 seq=3 attempts=1 requested_mask=0x07 completed_mask=0x07 hack_status=0 local_reason=255 mesh_reason=255 origin=0x4218 destination=0x4bdc
[5.496037 0.986019] linkv2 diag now=3314 kind=4 value=0
[5.764023 0.267987] linkv2 event now=3582 type=3 seq=4 attempts=2 requested_mask=0x07 completed_mask=0x07 hack_status=0 local_reason=255 mesh_reason=255 origin=0x4218 destination=0x4bdc
[6.496092 0.732069] linkv2 diag now=4314 kind=4 value=0
[6.511024 0.014932] linkv2 event now=4329 type=3 seq=5 attempts=1 requested_mask=0x07 completed_mask=0x07 hack_status=0 local_reason=255 mesh_reason=255 origin=0x4218 destination=0x4bdc
[7.495053 0.984030] linkv2 summary phase=periodic now=5313 submit_accepted=5 submit_rejected=0 submit_no_slot=0 submit_faulted=0 custody_transferred=5 local_tx_not_attempted=0 custody_busy_expired=0 custody_rejected=0 retry_exhausted=0 radio_fault_terminal=0 service_fault_terminal=0 final_deliveries=0 final_duplicates=0 scheduler_radio_fault=0 scheduler_service_fault=0 hook_rx_blocked=0 hook_hack_suppressed=0 hook_busy_forced=0 diagnostic_dropped=0 diag_queue=0 delivery_queue=0 delivery_provisional=0 fault_latched=0 link_hack_enqueue_failed=0
[7.546094 0.051041] linkv2 rf phase=periodic now=5313 channels=37,38,39 e_rreq=0/0/0 e_rrep=0/0/0 e_rerr=0/0/0 hello=0/0/0 sync_offer=0/0/0 sync_pull=0/0/0 sync_data=0/0/0 tc_update=0/0/0 e_rrep_ack=0/0/0 data=0/0/0 hack=1/1/3 flood=0/0/0 rx_ok=15 tx_ok=9 rx_crc_or_empty=350 queue_drop=0 relay_drop=0 relay_rate_limited=0 tx_len_drop=0
[7.579019 0.032924] linkv2 diag now=5315 kind=4 value=0
[8.018030 0.439012] linkv2 event now=5836 type=3 seq=6 attempts=3 requested_mask=0x07 completed_mask=0x07 hack_status=0 local_reason=255 mesh_reason=255 origin=0x4218 destination=0x4bdc
[8.498046 0.480016] linkv2 diag now=6316 kind=4 value=0
[8.511058 0.013012] linkv2 event now=6329 type=3 seq=7 attempts=1 requested_mask=0x07 completed_mask=0x07 hack_status=0 local_reason=255 mesh_reason=255 origin=0x4218 destination=0x4bdc
[9.499074 0.988016] linkv2 diag now=7317 kind=4 value=0
[10.018055 0.518980] linkv2 event now=7836 type=3 seq=8 attempts=3 requested_mask=0x07 completed_mask=0x07 hack_status=1 local_reason=255 mesh_reason=255 origin=0x4218 destination=0x4bdc
[10.500057 0.482002] linkv2 diag now=8318 kind=4 value=0
[10.513037 0.012980] linkv2 event now=8331 type=3 seq=9 attempts=1 requested_mask=0x07 completed_mask=0x07 hack_status=0 local_reason=255 mesh_reason=255 origin=0x4218 destination=0x4bdc
[11.501073 0.988035] linkv2 diag now=9319 kind=4 value=0
[11.514054 0.012981] linkv2 event now=9332 type=3 seq=10 attempts=1 requested_mask=0x07 completed_mask=0x07 hack_status=0 local_reason=255 mesh_reason=255 origin=0x4218 destination=0x4bdc
[12.496088 0.982035] linkv2 summary phase=periodic now=10314 submit_accepted=10 submit_rejected=0 submit_no_slot=0 submit_faulted=0 custody_transferred=10 local_tx_not_attempted=0 custody_busy_expired=0 custody_rejected=0 retry_exhausted=0 radio_fault_terminal=0 service_fault_terminal=0 final_deliveries=0 final_duplicates=0 scheduler_radio_fault=0 scheduler_service_fault=0 hook_rx_blocked=0 hook_hack_suppressed=0 hook_busy_forced=0 diagnostic_dropped=0 diag_queue=0 delivery_queue=0 delivery_provisional=0 fault_latched=0 link_hack_enqueue_failed=0
[12.548041 0.051953] linkv2 rf phase=periodic now=10314 channels=37,38,39 e_rreq=0/0/0 e_rrep=0/0/0 e_rerr=0/0/0 hello=0/0/0 sync_offer=0/0/0 sync_pull=0/0/0 sync_data=0/0/0 tc_update=0/0/0 e_rrep_ack=0/0/0 data=0/0/0 hack=4/2/4 flood=0/0/0 rx_ok=26 tx_ok=18 rx_crc_or_empty=720 queue_drop=0 relay_drop=0 relay_rate_limited=0 tx_len_drop=0
[12.579033 0.030992] linkv2 diag now=10320 kind=4 value=0
[12.584074 0.005041] linkv2 event now=10337 type=3 seq=11 attempts=1 requested_mask=0x07 completed_mask=0x07 hack_status=0 local_reason=255 mesh_reason=255 origin=0x4218 destination=0x4bdc
[13.503078 0.919004] linkv2 diag now=11321 kind=4 value=0
[13.769095 0.266016] linkv2 event now=11587 type=3 seq=12 attempts=2 requested_mask=0x07 completed_mask=0x07 hack_status=0 local_reason=255 mesh_reason=255 origin=0x4218 destination=0x4bdc
[14.503098 0.734003] linkv2 diag now=12321 kind=4 value=0
[14.516095 0.012997] linkv2 event now=12334 type=3 seq=13 attempts=1 requested_mask=0x07 completed_mask=0x07 hack_status=0 local_reason=255 mesh_reason=255 origin=0x4218 destination=0x4bdc
[15.503085 0.986990] linkv2 diag now=13322 kind=4 value=0
[15.519077 0.015992] linkv2 event now=13337 type=3 seq=14 attempts=1 requested_mask=0x07 completed_mask=0x07 hack_status=0 local_reason=255 mesh_reason=255 origin=0x4218 destination=0x4bdc
[16.504106 0.985029] linkv2 diag now=14323 kind=4 value=0
[16.519106 0.015001] linkv2 event now=14338 type=3 seq=15 attempts=1 requested_mask=0x07 completed_mask=0x07 hack_status=0 local_reason=255 mesh_reason=255 origin=0x4218 destination=0x4bdc
[17.495106 0.976000] linkv2 summary phase=periodic now=15314 submit_accepted=15 submit_rejected=0 submit_no_slot=0 submit_faulted=0 custody_transferred=15 local_tx_not_attempted=0 custody_busy_expired=0 custody_rejected=0 retry_exhausted=0 radio_fault_terminal=0 service_fault_terminal=0 final_deliveries=0 final_duplicates=0 scheduler_radio_fault=0 scheduler_service_fault=0 hook_rx_blocked=0 hook_hack_suppressed=0 hook_busy_forced=0 diagnostic_dropped=0 diag_queue=0 delivery_queue=0 delivery_provisional=0 fault_latched=0 link_hack_enqueue_failed=0
[17.547138 0.052032] linkv2 rf phase=periodic now=15314 channels=37,38,39 e_rreq=0/0/0 e_rrep=0/0/0 e_rerr=0/0/0 hello=0/0/0 sync_offer=0/0/0 sync_pull=0/0/0 sync_data=0/0/0 tc_update=0/0/0 e_rrep_ack=0/0/0 data=0/0/0 hack=5/3/7 flood=0/0/0 rx_ok=40 tx_ok=24 rx_crc_or_empty=1120 queue_drop=0 relay_drop=0 relay_rate_limited=0 tx_len_drop=0
[17.579068 0.031930] linkv2 diag now=15324 kind=4 value=0
[17.584067 0.004999] linkv2 event now=15337 type=3 seq=16 attempts=1 requested_mask=0x07 completed_mask=0x07 hack_status=0 local_reason=255 mesh_reason=255 origin=0x4218 destination=0x4bdc
[18.507111 0.923044] linkv2 diag now=16325 kind=4 value=0
[18.522093 0.014982] linkv2 event now=16340 type=3 seq=17 attempts=1 requested_mask=0x07 completed_mask=0x07 hack_status=0 local_reason=255 mesh_reason=255 origin=0x4218 destination=0x4bdc
[19.508116 0.986023] linkv2 diag now=17326 kind=4 value=0
[19.523114 0.014998] linkv2 event now=17341 type=3 seq=18 attempts=1 requested_mask=0x07 completed_mask=0x07 hack_status=0 local_reason=255 mesh_reason=255 origin=0x4218 destination=0x4bdc
[20.508127 0.985012] linkv2 diag now=18327 kind=4 value=0
[21.027146 0.519019] linkv2 event now=18846 type=3 seq=19 attempts=3 requested_mask=0x07 completed_mask=0x07 hack_status=1 local_reason=255 mesh_reason=255 origin=0x4218 destination=0x4bdc
[21.509153 0.482008] linkv2 diag now=19328 kind=4 value=0
[21.777116 0.267963] linkv2 event now=19596 type=3 seq=20 attempts=2 requested_mask=0x07 completed_mask=0x07 hack_status=0 local_reason=255 mesh_reason=255 origin=0x4218 destination=0x4bdc
[22.495150 0.718033] linkv2 summary phase=periodic now=20314 submit_accepted=20 submit_rejected=0 submit_no_slot=0 submit_faulted=0 custody_transferred=20 local_tx_not_attempted=0 custody_busy_expired=0 custody_rejected=0 retry_exhausted=0 radio_fault_terminal=0 service_fault_terminal=0 final_deliveries=0 final_duplicates=0 scheduler_radio_fault=0 scheduler_service_fault=0 hook_rx_blocked=0 hook_hack_suppressed=0 hook_busy_forced=0 diagnostic_dropped=0 diag_queue=0 delivery_queue=0 delivery_provisional=0 fault_latched=0 link_hack_enqueue_failed=0
[22.547140 0.051990] linkv2 rf phase=periodic now=20314 channels=37,38,39 e_rreq=0/0/0 e_rrep=0/0/0 e_rerr=0/0/0 hello=0/0/0 sync_offer=0/0/0 sync_pull=0/0/0 sync_data=0/0/0 tc_update=0/0/0 e_rrep_ack=0/0/0 data=0/0/0 hack=5/6/9 flood=0/0/0 rx_ok=50 tx_ok=32 rx_crc_or_empty=1517 queue_drop=0 relay_drop=0 relay_rate_limited=0 tx_len_drop=0
[22.579115 0.031975] linkv2 diag now=20328 kind=4 value=0
[22.775162 0.196047] linkv2 event now=20594 type=3 seq=21 attempts=2 requested_mask=0x07 completed_mask=0x07 hack_status=1 local_reason=255 mesh_reason=255 origin=0x4218 destination=0x4bdc
[23.509144 0.733982] linkv2 diag now=21328 kind=4 value=0
[23.522122 0.012978] linkv2 event now=21341 type=3 seq=22 attempts=1 requested_mask=0x07 completed_mask=0x07 hack_status=0 local_reason=255 mesh_reason=255 origin=0x4218 destination=0x4bdc
