[15:36:26.988693 0.000000] 
[15:36:26.988778 0.000087] 
[15:36:26.989673 0.000895] microT-Kernel Version 3.00
[15:36:26.991688 0.002016] 
[15:36:26.992666 0.000978] tron_ble profile=BALANCED target=ble_link_v2_testbed behavior=LINK_V2_HARNESS candidate=ON identity=dc:4b:0a:06:03:f8 identity_source=CONFIGURED_OVERRIDE role=leaf
[15:36:27.006686 0.014017] linkv2 identity field=runtime_ficr adva=dc:4b:0a:06:03:f8
[15:36:27.011694 0.005009] linkv2 identity field=effective_local adva=dc:4b:0a:06:03:f8
[15:36:27.017668 0.005973] linkv2 identity field=scheduler_copy adva=dc:4b:0a:06:03:f8
[15:36:27.022698 0.005030] linkv2 startup poc=link_v2_harness behavior=LINK_V2_HARNESS candidate=ON timer_profile=BALANCED network=1 role=leaf identity_source=CONFIGURED_OVERRIDE configured_override=dc:4b:0a:06:03:f8 target_uid=99063602000528205539bee7957c8dea000000006e052820 inventory_records=2 inventory_full_adva_unique=yes inventory_sid16_unique=yes inventory_sid16_nonreserved=yes inventory_sid8_unique=yes inventory_sid8_nonreserved=yes peer=18:42:de:52:4a:dd initiator=OFF interval_ms=1000 transaction_target=0 runtime_ficr=dc:4b:0a:06:03:f8 effective_local=dc:4b:0a:06:03:f8 scheduler_adva=dc:4b:0a:06:03:f8 configured_runtime_equal=yes effective_runtime_equal=yes effective_scheduler_equal=yes sid16=19420 sid8=220 fixed_k=disabled mesh_yield_ms=1 hook.enabled=0 hook.rx_block_adva=NOT_CONFIGURED hook.hack_drop_adva=NOT_CONFIGURED hook.hack_drop_count=0 hook.busy_admission_count=0 hook.collision_peer_adva=NOT_IMPLEMENTED  timer.scheduler_dwell_ms=50 timer.scheduler_relay_spacing_ms=200 timer.scheduler_custody_bypass_max=2 timer.scheduler_poll_max_ms=2 timer.radio_state_timeout_ms=2 timer.radio_tx_event_bound_ms=8 timer.legacy_relay_min_ms=20 timer.legacy_relay_max_ms=120 timer.legacy_dedupe_ms=10000 timer.legacy_ping_interval_ms=2000 timer.legacy_ping_timeout_ms=1500 timer.link_hack_timeout_ms=250 timer.link_max_attempts=3 timer.link_retry_backoff_ms=0 timer.link_tx_scheduler_attempt_bound_ms=30 timer.link_response_window_sum_ms=750 timer.link_no_response_wall_bound_ms=840 timer.link_candidate_resolve_ms=10 timer.link_busy_backoff_ms=500 timer.link_busy_max_responses=3 timer.link_data_deadline_ms=5000 timer.link_data_dedupe_ms=10000 timer.link_flood_dedupe_ms=10000 timer.link_flood_jitter_min_ms=20 timer.link_flood_jitter_max_ms=120 timer.aodv_node_traversal_ms=40 timer.aodv_net_diameter=15 timer.aodv_net_traversal_ms=1200 timer.aodv_path_discovery_ms=2400 timer.aodv_rreq_seen_ms=10000 timer.aodv_rreq_retries=2 timer.aodv_rreq_rate=10 timer.aodv_rerr_rate=10 timer.aodv_active_route_ms=360000 timer.aodv_pending_data_ms=30000 timer.aodv_blacklist_ms=2400 timer.aodv_rrep_dedupe_ms=10000 timer.aodv_rerr_dedupe_ms=10000 timer.aodv_rrep_ack_wait_ms=250 timer.gtt_soft_expiry_ms=150000 timer.gtt_hard_expiry_ms=300000 timer.gtt_departed_ms=600000 timer.gtt_maintenance_ms=25000 timer.hello_change_ms=24000 timer.hello_stable_ms=120000 timer.hello_alpha=0.8 timer.hello_snap_ratio=0.95 timer.hello_dedupe_ms=10000 timer.router_reboot_announce_ms=3000 timer.verification_window_ms=8400 timer.verification_new_cap=4 timer.verification_active_cap=4 timer.mentor_offer_window_ms=2000 timer.mentor_page_timeout_ms=2400 timer.mentor_page_attempts=3 timer.mentor_self_bootstrap_ms=3000 timer.mentor_sync_dedupe_ms=10000 timer.mentor_rssi_weak_magnitude_db=90 timer.mentor_rssi_strong_magnitude_db=30 timer.mentor_rssi_weak_delay_ms=500 timer.mentor_rssi_strong_delay_ms=10 timer.mentor_jitter_min_ms=0 timer.mentor_jitter_max_ms=50 timer.mentor_offer_suppression_ms=10000 timer.metadata_cooldown_ms=5000 timer.tc_uuid_ms=30000 timer.tc_subject_ms=1000 timer.repair_timeout_ms=5300 timer.repair_cooldown_ms=1000 timer.stats_ms=5000 timer.loop_delay_ms=2
[15:36:27.297712 0.275014] linkv2 diag now=308 kind=0 value=0
[15:36:28.201695 0.903983] linkv2 diag now=1212 kind=5 value=0
[15:36:28.207643 0.005949] linkv2 diag now=1212 kind=3 value=1
[15:36:28.212660 0.005017] linkv2 final_delivery now=1212 origin=0x4218 destination=0x4bdc seq=1 app_kind=0x7f app_source=0 app_len=4 peer=18:42:de:52:4a:dd
[15:36:29.950652 1.737992] linkv2 diag now=2961 kind=5 value=0
[15:36:29.957644 0.006992] linkv2 diag now=2961 kind=3 value=3
[15:36:29.962641 0.004997] linkv2 final_delivery now=2961 origin=0x4218 destination=0x4bdc seq=3 app_kind=0x7f app_source=0 app_len=4 peer=18:42:de:52:4a:dd
[15:36:31.201650 1.239009] linkv2 diag now=4213 kind=5 value=0
[15:36:31.208619 0.006970] linkv2 diag now=4213 kind=3 value=4
[15:36:31.213652 0.005033] linkv2 final_delivery now=4213 origin=0x4218 destination=0x4bdc seq=4 app_kind=0x7f app_source=0 app_len=4 peer=18:42:de:52:4a:dd
[15:36:31.951650 0.737997] linkv2 diag now=4962 kind=5 value=0
[15:36:31.958633 0.006983] linkv2 diag now=4962 kind=3 value=5
[15:36:31.963624 0.004992] linkv2 final_delivery now=4962 origin=0x4218 destination=0x4bdc seq=5 app_kind=0x7f app_source=0 app_len=4 peer=18:42:de:52:4a:dd
[15:36:32.297639 0.334014] linkv2 summary phase=periodic now=5309 submit_accepted=0 submit_rejected=0 submit_no_slot=0 submit_faulted=0 custody_transferred=0 local_tx_not_attempted=0 custody_busy_expired=0 custody_rejected=0 retry_exhausted=0 radio_fault_terminal=0 service_fault_terminal=0 final_deliveries=4 final_duplicates=1 scheduler_radio_fault=0 scheduler_service_fault=0 hook_rx_blocked=0 hook_hack_suppressed=0 hook_busy_forced=0 diagnostic_dropped=0 diag_queue=0 delivery_queue=0 delivery_provisional=0 fault_latched=0 link_hack_enqueue_failed=0
[15:36:33.203626 0.905988] linkv2 diag now=6215 kind=5 value=0
[15:36:33.210617 0.006992] linkv2 diag now=6215 kind=3 value=6
[15:36:33.215605 0.004987] linkv2 final_delivery now=6215 origin=0x4218 destination=0x4bdc seq=6 app_kind=0x7f app_source=0 app_len=4 peer=18:42:de:52:4a:dd
[15:36:33.951647 0.736041] linkv2 diag now=6962 kind=5 value=0
[15:36:33.958612 0.006966] linkv2 diag now=6962 kind=3 value=7
[15:36:33.963601 0.004989] linkv2 final_delivery now=6962 origin=0x4218 destination=0x4bdc seq=7 app_kind=0x7f app_source=0 app_len=4 peer=18:42:de:52:4a:dd
[15:36:35.205624 1.242022] linkv2 diag now=8217 kind=5 value=0
[15:36:35.212599 0.006975] linkv2 diag now=8217 kind=3 value=8
[15:36:35.217591 0.004992] linkv2 final_delivery now=8217 origin=0x4218 destination=0x4bdc seq=8 app_kind=0x7f app_source=0 app_len=4 peer=18:42:de:52:4a:dd
[15:36:35.953599 0.736008] linkv2 diag now=8965 kind=5 value=0
[15:36:35.960584 0.006986] linkv2 diag now=8965 kind=3 value=9
[15:36:35.965573 0.004989] linkv2 final_delivery now=8965 origin=0x4218 destination=0x4bdc seq=9 app_kind=0x7f app_source=0 app_len=4 peer=18:42:de:52:4a:dd
[15:36:37.297609 1.332034] linkv2 summary phase=periodic now=10309 submit_accepted=0 submit_rejected=0 submit_no_slot=0 submit_faulted=0 custody_transferred=0 local_tx_not_attempted=0 custody_busy_expired=0 custody_rejected=0 retry_exhausted=0 radio_fault_terminal=0 service_fault_terminal=0 final_deliveries=8 final_duplicates=2 scheduler_radio_fault=0 scheduler_service_fault=0 hook_rx_blocked=0 hook_hack_suppressed=0 hook_busy_forced=0 diagnostic_dropped=0 diag_queue=0 delivery_queue=0 delivery_provisional=0 fault_latched=0 link_hack_enqueue_failed=0
[15:36:38.209601 0.911992] linkv2 diag now=11220 kind=5 value=0
[15:36:38.216557 0.006957] linkv2 diag now=11220 kind=3 value=11
[15:36:38.221562 0.005005] linkv2 final_delivery now=11220 origin=0x4218 destination=0x4bdc seq=11 app_kind=0x7f app_source=0 app_len=4 peer=18:42:de:52:4a:dd
[15:36:38.956564 0.735000] linkv2 diag now=11968 kind=5 value=0
[15:36:38.963609 0.007045] linkv2 diag now=11968 kind=3 value=12
[15:36:38.968558 0.004949] linkv2 final_delivery now=11968 origin=0x4218 destination=0x4bdc seq=12 app_kind=0x7f app_source=0 app_len=4 peer=18:42:de:52:4a:dd
[15:36:39.956556 0.987998] linkv2 diag now=12968 kind=5 value=0
[15:36:39.963601 0.007043] linkv2 diag now=12968 kind=3 value=13
[15:36:39.968560 0.004961] linkv2 final_delivery now=12968 origin=0x4218 destination=0x4bdc seq=13 app_kind=0x7f app_source=0 app_len=4 peer=18:42:de:52:4a:dd
[15:36:41.212616 1.244054] linkv2 diag now=14223 kind=5 value=0
[15:36:41.219581 0.006967] linkv2 diag now=14223 kind=3 value=14
[15:36:41.224535 0.004954] linkv2 final_delivery now=14223 origin=0x4218 destination=0x4bdc seq=14 app_kind=0x7f app_source=0 app_len=4 peer=18:42:de:52:4a:dd
[15:36:41.958543 0.734009] linkv2 diag now=14970 kind=5 value=0
[15:36:41.965523 0.006980] linkv2 diag now=14970 kind=3 value=15
[15:36:41.970525 0.005003] linkv2 final_delivery now=14970 origin=0x4218 destination=0x4bdc seq=15 app_kind=0x7f app_source=0 app_len=4 peer=18:42:de:52:4a:dd
[15:36:42.298555 0.328028] linkv2 summary phase=periodic now=15310 submit_accepted=0 submit_rejected=0 submit_no_slot=0 submit_faulted=0 custody_transferred=0 local_tx_not_attempted=0 custody_busy_expired=0 custody_rejected=0 retry_exhausted=0 radio_fault_terminal=0 service_fault_terminal=0 final_deliveries=13 final_duplicates=5 scheduler_radio_fault=0 scheduler_service_fault=0 hook_rx_blocked=0 hook_hack_suppressed=0 hook_busy_forced=0 diagnostic_dropped=0 diag_queue=0 delivery_queue=0 delivery_provisional=0 fault_latched=0 link_hack_enqueue_failed=0
[15:36:42.958528 0.659973] linkv2 diag now=15970 kind=5 value=0
[15:36:42.965515 0.006988] linkv2 diag now=15970 kind=3 value=16
[15:36:42.970561 0.005046] linkv2 final_delivery now=15970 origin=0x4218 destination=0x4bdc seq=16 app_kind=0x7f app_source=0 app_len=4 peer=18:42:de:52:4a:dd
[15:36:45.962541 2.991978] linkv2 diag now=18973 kind=5 value=0
[15:36:45.969529 0.006989] linkv2 diag now=18973 kind=3 value=19
[15:36:45.974526 0.004998] linkv2 final_delivery now=18973 origin=0x4218 destination=0x4bdc seq=19 app_kind=0x7f app_source=0 app_len=4 peer=18:42:de:52:4a:dd
[15:36:46.962508 0.987982] linkv2 diag now=19974 kind=5 value=0
[15:36:46.969488 0.006981] linkv2 diag now=19974 kind=3 value=20
[15:36:46.974494 0.005006] linkv2 final_delivery now=19974 origin=0x4218 destination=0x4bdc seq=20 app_kind=0x7f app_source=0 app_len=4 peer=18:42:de:52:4a:dd
[15:36:47.298529 0.324034] linkv2 summary phase=periodic now=20310 submit_accepted=0 submit_rejected=0 submit_no_slot=0 submit_faulted=0 custody_transferred=0 local_tx_not_attempted=0 custody_busy_expired=0 custody_rejected=0 retry_exhausted=0 radio_fault_terminal=0 service_fault_terminal=0 final_deliveries=16 final_duplicates=6 scheduler_radio_fault=0 scheduler_service_fault=0 hook_rx_blocked=0 hook_hack_suppressed=0 hook_busy_forced=0 diagnostic_dropped=0 diag_queue=0 delivery_queue=0 delivery_provisional=0 fault_latched=0 link_hack_enqueue_failed=0
[15:36:48.965542 1.667013] linkv2 diag now=21976 kind=5 value=0
[15:36:48.972521 0.006981] linkv2 diag now=21976 kind=3 value=22
[15:36:48.977479 0.004956] linkv2 final_delivery now=21976 origin=0x4218 destination=0x4bdc seq=22 app_kind=0x7f app_source=0 app_len=4 peer=18:42:de:52:4a:dd
[15:36:49.965478 0.987999] linkv2 diag now=22977 kind=5 value=0
[15:36:49.972498 0.007020] linkv2 diag now=22977 kind=3 value=23
[15:36:49.977496 0.004998] linkv2 final_delivery now=22977 origin=0x4218 destination=0x4bdc seq=23 app_kind=0x7f app_source=0 app_len=4 peer=18:42:de:52:4a:dd
[15:36:51.219509 1.242012] linkv2 diag now=24230 kind=5 value=0
[15:36:51.226459 0.006951] linkv2 diag now=24230 kind=3 value=24
[15:36:51.231452 0.004993] linkv2 final_delivery now=24230 origin=0x4218 destination=0x4bdc seq=24 app_kind=0x7f app_source=0 app_len=4 peer=18:42:de:52:4a:dd
[15:36:52.299501 1.068048] linkv2 summary phase=periodic now=25311 submit_accepted=0 submit_rejected=0 submit_no_slot=0 submit_faulted=0 custody_transferred=0 local_tx_not_attempted=0 custody_busy_expired=0 custody_rejected=0 retry_exhausted=0 radio_fault_terminal=0 service_fault_terminal=0 final_deliveries=19 final_duplicates=6 scheduler_radio_fault=0 scheduler_service_fault=0 hook_rx_blocked=0 hook_hack_suppressed=0 hook_busy_forced=0 diagnostic_dropped=0 diag_queue=0 delivery_queue=0 delivery_provisional=0 fault_latched=0 link_hack_enqueue_failed=0
[15:36:52.474472 0.174971] linkv2 diag now=25485 kind=5 value=0
[15:36:52.481461 0.006989] linkv2 diag now=25485 kind=3 value=25
[15:36:52.486483 0.005023] linkv2 final_delivery now=25485 origin=0x4218 destination=0x4bdc seq=25 app_kind=0x7f app_source=0 app_len=4 peer=18:42:de:52:4a:dd
[15:36:53.472463 0.985979] linkv2 diag now=26484 kind=5 value=0
[15:36:53.479449 0.006987] linkv2 diag now=26484 kind=3 value=26
[15:36:53.484432 0.004984] linkv2 final_delivery now=26484 origin=0x4218 destination=0x4bdc seq=26 app_kind=0x7f app_source=0 app_len=4 peer=18:42:de:52:4a:dd
[15:36:54.222490 0.738055] linkv2 diag now=27233 kind=5 value=0
[15:36:54.229452 0.006963] linkv2 diag now=27233 kind=3 value=27
[15:36:54.234428 0.004977] linkv2 final_delivery now=27233 origin=0x4218 destination=0x4bdc seq=27 app_kind=0x7f app_source=0 app_len=4 peer=18:42:de:52:4a:dd
[15:36:55.476454 1.242025] linkv2 diag now=28488 kind=5 value=0
[15:36:55.483434 0.006980] linkv2 diag now=28488 kind=3 value=28
[15:36:55.488442 0.005008] linkv2 final_delivery now=28488 origin=0x4218 destination=0x4bdc seq=28 app_kind=0x7f app_source=0 app_len=4 peer=18:42:de:52:4a:dd
[15:36:55.972446 0.484004] linkv2 diag now=28983 kind=5 value=0
[15:36:55.979464 0.007018] linkv2 diag now=28983 kind=3 value=29
[15:36:55.984448 0.004984] linkv2 final_delivery now=28983 origin=0x4218 destination=0x4bdc seq=29 app_kind=0x7f app_source=0 app_len=4 peer=18:42:de:52:4a:dd
[15:36:57.224443 1.239995] linkv2 diag now=30236 kind=5 value=0
[15:36:57.231422 0.006979] linkv2 diag now=30236 kind=3 value=30
[15:36:57.236449 0.005028] linkv2 final_delivery now=30236 origin=0x4218 destination=0x4bdc seq=30 app_kind=0x7f app_source=0 app_len=4 peer=18:42:de:52:4a:dd
[15:36:57.300448 0.063998] linkv2 summary phase=periodic now=30312 submit_accepted=0 submit_rejected=0 submit_no_slot=0 submit_faulted=0 custody_transferred=0 local_tx_not_attempted=0 custody_busy_expired=0 custody_rejected=0 retry_exhausted=0 radio_fault_terminal=0 service_fault_terminal=0 final_deliveries=25 final_duplicates=6 scheduler_radio_fault=0 scheduler_service_fault=0 hook_rx_blocked=0 hook_hack_suppressed=0 hook_busy_forced=0 diagnostic_dropped=0 diag_queue=0 delivery_queue=0 delivery_provisional=0 fault_latched=0 link_hack_enqueue_failed=0
[15:36:57.972417 0.671969] linkv2 diag now=30983 kind=5 value=0
[15:36:57.979394 0.006979] linkv2 diag now=30983 kind=3 value=31
[15:36:57.984400 0.005005] linkv2 final_delivery now=30983 origin=0x4218 destination=0x4bdc seq=31 app_kind=0x7f app_source=0 app_len=4 peer=18:42:de:52:4a:dd
[15:37:00.226415 2.242014] linkv2 diag now=33238 kind=5 value=0
[15:37:00.233401 0.006986] linkv2 diag now=33238 kind=3 value=33
[15:37:00.237371 0.003971] linkv2 final_delivery now=33238 origin=0x4218 destination=0x4bdc seq=33 app_kind=0x7f app_source=0 app_len=4 peer=18:42:de:52:4a:dd
[15:37:01.227396 0.990024] linkv2 diag now=34239 kind=5 value=0
[15:37:01.234371 0.006975] linkv2 diag now=34239 kind=3 value=34
[15:37:01.240391 0.006019] linkv2 final_delivery now=34239 origin=0x4218 destination=0x4bdc seq=34 app_kind=0x7f app_source=0 app_len=4 peer=18:42:de:52:4a:dd
[15:37:01.976416 0.736026] linkv2 diag now=34988 kind=5 value=0
[15:37:01.983415 0.006997] linkv2 diag now=34988 kind=3 value=35
[15:37:01.987348 0.003936] linkv2 final_delivery now=34988 origin=0x4218 destination=0x4bdc seq=35 app_kind=0x7f app_source=0 app_len=4 peer=18:42:de:52:4a:dd
[15:37:02.299395 0.312046] linkv2 summary phase=periodic now=35312 submit_accepted=0 submit_rejected=0 submit_no_slot=0 submit_faulted=0 custody_transferred=0 local_tx_not_attempted=0 custody_busy_expired=0 custody_rejected=0 retry_exhausted=0 radio_fault_terminal=0 service_fault_terminal=0 final_deliveries=29 final_duplicates=6 scheduler_radio_fault=0 scheduler_service_fault=0 hook_rx_blocked=0 hook_hack_suppressed=0 hook_busy_forced=0 diagnostic_dropped=0 diag_queue=0 delivery_queue=0 delivery_provisional=0 fault_latched=0 link_hack_enqueue_failed=0
[15:37:03.977379 1.677984] linkv2 diag now=36989 kind=5 value=0
[15:37:03.984329 0.006951] linkv2 diag now=36989 kind=3 value=37
[15:37:03.990389 0.006059] linkv2 final_delivery now=36989 origin=0x4218 destination=0x4bdc seq=37 app_kind=0x7f app_source=0 app_len=4 peer=18:42:de:52:4a:dd
[15:37:05.230375 1.239986] linkv2 diag now=38242 kind=5 value=0
[15:37:05.237337 0.006963] linkv2 diag now=38242 kind=3 value=38
[15:37:05.241346 0.004008] linkv2 final_delivery now=38242 origin=0x4218 destination=0x4bdc seq=38 app_kind=0x7f app_source=0 app_len=4 peer=18:42:de:52:4a:dd
[15:37:05.979352 0.738006] linkv2 diag now=38991 kind=5 value=0
[15:37:05.986337 0.006985] linkv2 diag now=38991 kind=3 value=39
[15:37:05.992332 0.005995] linkv2 final_delivery now=38991 origin=0x4218 destination=0x4bdc seq=39 app_kind=0x7f app_source=0 app_len=4 peer=18:42:de:52:4a:dd
[15:37:07.299370 1.307038] linkv2 summary phase=periodic now=40312 submit_accepted=0 submit_rejected=0 submit_no_slot=0 submit_faulted=0 custody_transferred=0 local_tx_not_attempted=0 custody_busy_expired=0 custody_rejected=0 retry_exhausted=0 radio_fault_terminal=0 service_fault_terminal=0 final_deliveries=32 final_duplicates=6 scheduler_radio_fault=0 scheduler_service_fault=0 hook_rx_blocked=0 hook_hack_suppressed=0 hook_busy_forced=0 diagnostic_dropped=0 diag_queue=0 delivery_queue=0 delivery_provisional=0 fault_latched=0 link_hack_enqueue_failed=0
[15:37:08.234358 0.934989] linkv2 diag now=41246 kind=5 value=0
[15:37:08.240320 0.005963] linkv2 diag now=41246 kind=3 value=41
[15:37:08.245312 0.004993] linkv2 final_delivery now=41246 origin=0x4218 destination=0x4bdc seq=41 app_kind=0x7f app_source=0 app_len=4 peer=18:42:de:52:4a:dd
[15:37:09.233347 0.988034] linkv2 diag now=42245 kind=5 value=0
[15:37:09.240326 0.006979] linkv2 diag now=42245 kind=3 value=42
[15:37:09.245298 0.004974] linkv2 final_delivery now=42245 origin=0x4218 destination=0x4bdc seq=42 app_kind=0x7f app_source=0 app_len=4 peer=18:42:de:52:4a:dd
[15:37:09.982357 0.737058] linkv2 diag now=42994 kind=5 value=0
[15:37:09.988299 0.005941] linkv2 diag now=42994 kind=3 value=43
[15:37:09.993298 0.005000] linkv2 final_delivery now=42994 origin=0x4218 destination=0x4bdc seq=43 app_kind=0x7f app_source=0 app_len=4 peer=18:42:de:52:4a:dd
[15:37:10.983322 0.990024] linkv2 diag now=43995 kind=5 value=0
[15:37:10.990275 0.006955] linkv2 diag now=43995 kind=3 value=44
[15:37:10.995295 0.005019] linkv2 final_delivery now=43995 origin=0x4218 destination=0x4bdc seq=44 app_kind=0x7f app_source=0 app_len=4 peer=18:42:de:52:4a:dd
[15:37:11.983338 0.988043] linkv2 diag now=44995 kind=5 value=0
[15:37:11.989277 0.005939] linkv2 diag now=44995 kind=3 value=45
[15:37:11.994277 0.005001] linkv2 final_delivery now=44995 origin=0x4218 destination=0x4bdc seq=45 app_kind=0x7f app_source=0 app_len=4 peer=18:42:de:52:4a:dd
[15:37:12.300333 0.306054] linkv2 summary phase=periodic now=45313 submit_accepted=0 submit_rejected=0 submit_no_slot=0 submit_faulted=0 custody_transferred=0 local_tx_not_attempted=0 custody_busy_expired=0 custody_rejected=0 retry_exhausted=0 radio_fault_terminal=0 service_fault_terminal=0 final_deliveries=37 final_duplicates=7 scheduler_radio_fault=0 scheduler_service_fault=0 hook_rx_blocked=0 hook_hack_suppressed=0 hook_busy_forced=0 diagnostic_dropped=0 diag_queue=0 delivery_queue=0 delivery_provisional=0 fault_latched=0 link_hack_enqueue_failed=0
[15:37:13.490299 1.189966] linkv2 diag now=46502 kind=5 value=0
[15:37:13.497303 0.007004] linkv2 diag now=46502 kind=3 value=46
[15:37:13.502278 0.004976] linkv2 final_delivery now=46502 origin=0x4218 destination=0x4bdc seq=46 app_kind=0x7f app_source=0 app_len=4 peer=18:42:de:52:4a:dd
[15:37:13.985323 0.483045] linkv2 diag now=46997 kind=5 value=0
[15:37:13.991269 0.005947] linkv2 diag now=46997 kind=3 value=47
[15:37:13.996279 0.005008] linkv2 final_delivery now=46997 origin=0x4218 destination=0x4bdc seq=47 app_kind=0x7f app_source=0 app_len=4 peer=18:42:de:52:4a:dd
[15:37:14.985314 0.989035] linkv2 diag now=47997 kind=5 value=0
[15:37:14.991257 0.005943] linkv2 diag now=47997 kind=3 value=48
[15:37:14.996257 0.005002] linkv2 final_delivery now=47997 origin=0x4218 destination=0x4bdc seq=48 app_kind=0x7f app_source=0 app_len=4 peer=18:42:de:52:4a:dd
[15:37:16.492308 1.496048] linkv2 diag now=49504 kind=5 value=0
[15:37:16.498250 0.005943] linkv2 diag now=49504 kind=3 value=49
[15:37:16.503251 0.005002] linkv2 final_delivery now=49504 origin=0x4218 destination=0x4bdc seq=49 app_kind=0x7f app_source=0 app_len=4 peer=18:42:de:52:4a:dd
[15:37:16.987285 0.484033] linkv2 diag now=49999 kind=5 value=0
[15:37:16.994265 0.006981] linkv2 diag now=49999 kind=3 value=50
[15:37:16.999248 0.004983] linkv2 final_delivery now=49999 origin=0x4218 destination=0x4bdc seq=50 app_kind=0x7f app_source=0 app_len=4 peer=18:42:de:52:4a:dd
[15:37:17.300296 0.301047] linkv2 summary phase=periodic now=50313 submit_accepted=0 submit_rejected=0 submit_no_slot=0 submit_faulted=0 custody_transferred=0 local_tx_not_attempted=0 custody_busy_expired=0 custody_rejected=0 retry_exhausted=0 radio_fault_terminal=0 service_fault_terminal=0 final_deliveries=42 final_duplicates=11 scheduler_radio_fault=0 scheduler_service_fault=0 hook_rx_blocked=0 hook_hack_suppressed=0 hook_busy_forced=0 diagnostic_dropped=0 diag_queue=0 delivery_queue=0 delivery_provisional=0 fault_latched=0 link_hack_enqueue_failed=0
[15:37:18.493279 1.192983] linkv2 diag now=51505 kind=5 value=0
[15:37:18.500268 0.006990] linkv2 diag now=51505 kind=3 value=51
[15:37:18.505248 0.004981] linkv2 final_delivery now=51505 origin=0x4218 destination=0x4bdc seq=51 app_kind=0x7f app_source=0 app_len=4 peer=18:42:de:52:4a:dd
[15:37:18.988309 0.483060] linkv2 diag now=52000 kind=5 value=0
[15:37:18.994221 0.005912] linkv2 diag now=52000 kind=3 value=52
[15:37:18.999220 0.005000] linkv2 final_delivery now=52000 origin=0x4218 destination=0x4bdc seq=52 app_kind=0x7f app_source=0 app_len=4 peer=18:42:de:52:4a:dd
[15:37:21.243275 2.244054] linkv2 diag now=54255 kind=5 value=0
[15:37:21.250232 0.006957] linkv2 diag now=54255 kind=3 value=54
[15:37:21.255212 0.004981] linkv2 final_delivery now=54255 origin=0x4218 destination=0x4bdc seq=54 app_kind=0x7f app_source=0 app_len=4 peer=18:42:de:52:4a:dd
[15:37:21.990247 0.735034] linkv2 diag now=55002 kind=5 value=0
[15:37:21.996214 0.005968] linkv2 diag now=55002 kind=3 value=55
[15:37:22.001227 0.005013] linkv2 final_delivery now=55002 origin=0x4218 destination=0x4bdc seq=55 app_kind=0x7f app_source=0 app_len=4 peer=18:42:de:52:4a:dd
[15:37:22.301245 0.300017] linkv2 summary phase=periodic now=55314 submit_accepted=0 submit_rejected=0 submit_no_slot=0 submit_faulted=0 custody_transferred=0 local_tx_not_attempted=0 custody_busy_expired=0 custody_rejected=0 retry_exhausted=0 radio_fault_terminal=0 service_fault_terminal=0 final_deliveries=46 final_duplicates=12 scheduler_radio_fault=0 scheduler_service_fault=0 hook_rx_blocked=0 hook_hack_suppressed=0 hook_busy_forced=0 diagnostic_dropped=0 diag_queue=0 delivery_queue=0 delivery_provisional=0 fault_latched=0 link_hack_enqueue_failed=0
[15:37:22.993272 0.692026] linkv2 diag now=56005 kind=5 value=0
[15:37:22.999204 0.005933] linkv2 diag now=56005 kind=3 value=56
[15:37:23.004236 0.005033] linkv2 final_delivery now=56005 origin=0x4218 destination=0x4bdc seq=56 app_kind=0x7f app_source=0 app_len=4 peer=18:42:de:52:4a:dd
[15:37:24.246219 1.241982] linkv2 diag now=57258 kind=5 value=0
[15:37:24.253217 0.006997] linkv2 diag now=57258 kind=3 value=57
[15:37:24.258206 0.004991] linkv2 final_delivery now=57258 origin=0x4218 destination=0x4bdc seq=57 app_kind=0x7f app_source=0 app_len=4 peer=18:42:de:52:4a:dd
[15:37:25.248231 0.990024] linkv2 diag now=58260 kind=5 value=0
[15:37:25.254204 0.005973] linkv2 diag now=58260 kind=3 value=58
[15:37:25.259202 0.004998] linkv2 final_delivery now=58260 origin=0x4218 destination=0x4bdc seq=58 app_kind=0x7f app_source=0 app_len=4 peer=18:42:de:52:4a:dd
[15:37:25.995218 0.736016] linkv2 diag now=59007 kind=5 value=0
[15:37:26.002258 0.007038] linkv2 diag now=59007 kind=3 value=59
[15:37:26.007214 0.004957] linkv2 final_delivery now=59007 origin=0x4218 destination=0x4bdc seq=59 app_kind=0x7f app_source=0 app_len=4 peer=18:42:de:52:4a:dd
[15:37:27.301196 1.293983] linkv2 summary phase=periodic now=60314 submit_accepted=0 submit_rejected=0 submit_no_slot=0 submit_faulted=0 custody_transferred=0 local_tx_not_attempted=0 custody_busy_expired=0 custody_rejected=0 retry_exhausted=0 radio_fault_terminal=0 service_fault_terminal=0 final_deliveries=50 final_duplicates=16 scheduler_radio_fault=0 scheduler_service_fault=0 hook_rx_blocked=0 hook_hack_suppressed=0 hook_busy_forced=0 diagnostic_dropped=0 diag_queue=0 delivery_queue=0 delivery_provisional=0 fault_latched=0 link_hack_enqueue_failed=0
[15:37:27.996199 0.695003] linkv2 diag now=61008 kind=5 value=0
[15:37:28.003181 0.006983] linkv2 diag now=61008 kind=3 value=61
[15:37:28.008221 0.005040] linkv2 final_delivery now=61008 origin=0x4218 destination=0x4bdc seq=61 app_kind=0x7f app_source=0 app_len=4 peer=18:42:de:52:4a:dd
[15:37:28.998194 0.989973] linkv2 diag now=62011 kind=5 value=0
[15:37:29.005197 0.007003] linkv2 diag now=62011 kind=3 value=62
[15:37:29.010158 0.004962] linkv2 final_delivery now=62011 origin=0x4218 destination=0x4bdc seq=62 app_kind=0x7f app_source=0 app_len=4 peer=18:42:de:52:4a:dd
[15:37:30.250194 1.240035] linkv2 diag now=63263 kind=5 value=0
[15:37:30.257151 0.006958] linkv2 diag now=63263 kind=3 value=63
[15:37:30.262152 0.005001] linkv2 final_delivery now=63263 origin=0x4218 destination=0x4bdc seq=63 app_kind=0x7f app_source=0 app_len=4 peer=18:42:de:52:4a:dd
[15:37:30.998179 0.736026] linkv2 diag now=64011 kind=5 value=0
[15:37:31.005162 0.006984] linkv2 diag now=64011 kind=3 value=64
[15:37:31.010151 0.004989] linkv2 final_delivery now=64011 origin=0x4218 destination=0x4bdc seq=64 app_kind=0x7f app_source=0 app_len=4 peer=18:42:de:52:4a:dd
[15:37:32.302182 1.292030] linkv2 summary phase=periodic now=65315 submit_accepted=0 submit_rejected=0 submit_no_slot=0 submit_faulted=0 custody_transferred=0 local_tx_not_attempted=0 custody_busy_expired=0 custody_rejected=0 retry_exhausted=0 radio_fault_terminal=0 service_fault_terminal=0 final_deliveries=54 final_duplicates=19 scheduler_radio_fault=0 scheduler_service_fault=0 hook_rx_blocked=0 hook_hack_suppressed=0 hook_busy_forced=0 diagnostic_dropped=0 diag_queue=0 delivery_queue=0 delivery_provisional=0 fault_latched=0 link_hack_enqueue_failed=0
[15:37:32.504166 0.201983] linkv2 diag now=65517 kind=5 value=0
[15:37:32.511171 0.007007] linkv2 diag now=65517 kind=3 value=65
[15:37:32.516163 0.004992] linkv2 final_delivery now=65517 origin=0x4218 destination=0x4bdc seq=65 app_kind=0x7f app_source=0 app_len=4 peer=18:42:de:52:4a:dd
[15:37:33.000169 0.484005] linkv2 diag now=66012 kind=5 value=0
[15:37:33.007171 0.007003] linkv2 diag now=66012 kind=3 value=66
[15:37:33.012146 0.004976] linkv2 final_delivery now=66012 origin=0x4218 destination=0x4bdc seq=66 app_kind=0x7f app_source=0 app_len=4 peer=18:42:de:52:4a:dd
[15:37:34.000158 0.988011] linkv2 diag now=67013 kind=5 value=0
[15:37:34.007171 0.007012] linkv2 diag now=67013 kind=3 value=67
[15:37:34.012142 0.004972] linkv2 final_delivery now=67013 origin=0x4218 destination=0x4bdc seq=67 app_kind=0x7f app_source=0 app_len=4 peer=18:42:de:52:4a:dd
[15:37:35.507150 1.495008] linkv2 diag now=68520 kind=5 value=0
[15:37:35.514146 0.006997] linkv2 diag now=68520 kind=3 value=68
[15:37:35.519127 0.004981] linkv2 final_delivery now=68520 origin=0x4218 destination=0x4bdc seq=68 app_kind=0x7f app_source=0 app_len=4 peer=18:42:de:52:4a:dd
[15:37:36.003177 0.484049] linkv2 diag now=69015 kind=5 value=0
[15:37:36.010128 0.006951] linkv2 diag now=69015 kind=3 value=69
[15:37:36.015109 0.004982] linkv2 final_delivery now=69015 origin=0x4218 destination=0x4bdc seq=69 app_kind=0x7f app_source=0 app_len=4 peer=18:42:de:52:4a:dd
[15:37:37.002134 0.987024] linkv2 diag now=70015 kind=5 value=0
[15:37:37.009174 0.007038] linkv2 diag now=70015 kind=3 value=70
[15:37:37.014123 0.004951] linkv2 final_delivery now=70015 origin=0x4218 destination=0x4bdc seq=70 app_kind=0x7f app_source=0 app_len=4 peer=18:42:de:52:4a:dd
[15:37:37.302155 0.288031] linkv2 summary phase=periodic now=70315 submit_accepted=0 submit_rejected=0 submit_no_slot=0 submit_faulted=0 custody_transferred=0 local_tx_not_attempted=0 custody_busy_expired=0 custody_rejected=0 retry_exhausted=0 radio_fault_terminal=0 service_fault_terminal=0 final_deliveries=60 final_duplicates=22 scheduler_radio_fault=0 scheduler_service_fault=0 hook_rx_blocked=0 hook_hack_suppressed=0 hook_busy_forced=0 diagnostic_dropped=0 diag_queue=0 delivery_queue=0 delivery_provisional=0 fault_latched=0 link_hack_enqueue_failed=0
[15:37:38.510133 1.207978] linkv2 diag now=71522 kind=5 value=0
[15:37:38.517083 0.006952] linkv2 diag now=71522 kind=3 value=71
[15:37:38.522133 0.005049] linkv2 final_delivery now=71522 origin=0x4218 destination=0x4bdc seq=71 app_kind=0x7f app_source=0 app_len=4 peer=18:42:de:52:4a:dd
[15:37:40.512133 1.989998] linkv2 diag now=73525 kind=5 value=0
[15:37:40.519099 0.006967] linkv2 diag now=73525 kind=3 value=73
[15:37:40.524098 0.005000] linkv2 final_delivery now=73525 origin=0x4218 destination=0x4bdc seq=73 app_kind=0x7f app_source=0 app_len=4 peer=18:42:de:52:4a:dd
[15:37:41.008122 0.484023] linkv2 diag now=74020 kind=5 value=0
[15:37:41.015130 0.007009] linkv2 diag now=74020 kind=3 value=74
[15:37:41.020115 0.004986] linkv2 final_delivery now=74020 origin=0x4218 destination=0x4bdc seq=74 app_kind=0x7f app_source=0 app_len=4 peer=18:42:de:52:4a:dd
[15:37:42.008098 0.987983] linkv2 diag now=75021 kind=5 value=0
[15:37:42.015063 0.006966] linkv2 diag now=75021 kind=3 value=75
[15:37:42.020124 0.005059] linkv2 final_delivery now=75021 origin=0x4218 destination=0x4bdc seq=75 app_kind=0x7f app_source=0 app_len=4 peer=18:42:de:52:4a:dd
[15:37:42.302125 0.282002] linkv2 summary phase=periodic now=75315 submit_accepted=0 submit_rejected=0 submit_no_slot=0 submit_faulted=0 custody_transferred=0 local_tx_not_attempted=0 custody_busy_expired=0 custody_rejected=0 retry_exhausted=0 radio_fault_terminal=0 service_fault_terminal=0 final_deliveries=64 final_duplicates=23 scheduler_radio_fault=0 scheduler_service_fault=0 hook_rx_blocked=0 hook_hack_suppressed=0 hook_busy_forced=0 diagnostic_dropped=0 diag_queue=0 delivery_queue=0 delivery_provisional=0 fault_latched=0 link_hack_enqueue_failed=0
[15:37:44.011116 1.708990] linkv2 diag now=77024 kind=5 value=0
[15:37:44.018119 0.007004] linkv2 diag now=77024 kind=3 value=77
[15:37:44.023129 0.005011] linkv2 final_delivery now=77024 origin=0x4218 destination=0x4bdc seq=77 app_kind=0x7f app_source=0 app_len=4 peer=18:42:de:52:4a:dd
[15:37:46.519084 2.495954] linkv2 diag now=79531 kind=5 value=0
[15:37:46.526050 0.006967] linkv2 diag now=79531 kind=3 value=79
[15:37:46.531085 0.005034] linkv2 final_delivery now=79531 origin=0x4218 destination=0x4bdc seq=79 app_kind=0x7f app_source=0 app_len=4 peer=18:42:de:52:4a:dd
[15:37:47.265092 0.734007] linkv2 diag now=80278 kind=5 value=0
[15:37:47.272067 0.006975] linkv2 diag now=80278 kind=3 value=80
[15:37:47.277085 0.005018] linkv2 final_delivery now=80278 origin=0x4218 destination=0x4bdc seq=80 app_kind=0x7f app_source=0 app_len=4 peer=18:42:de:52:4a:dd
[15:37:47.303093 0.026008] linkv2 summary phase=periodic now=80316 submit_accepted=0 submit_rejected=0 submit_no_slot=0 submit_faulted=0 custody_transferred=0 local_tx_not_attempted=0 custody_busy_expired=0 custody_rejected=0 retry_exhausted=0 radio_fault_terminal=0 service_fault_terminal=0 final_deliveries=67 final_duplicates=24 scheduler_radio_fault=0 scheduler_service_fault=0 hook_rx_blocked=0 hook_hack_suppressed=0 hook_busy_forced=0 diagnostic_dropped=0 diag_queue=0 delivery_queue=0 delivery_provisional=0 fault_latched=0 link_hack_enqueue_failed=0
[15:37:48.013054 0.709961] linkv2 diag now=81026 kind=5 value=0
[15:37:48.020048 0.006994] linkv2 diag now=81026 kind=3 value=81
[15:37:48.025043 0.004995] linkv2 final_delivery now=81026 origin=0x4218 destination=0x4bdc seq=81 app_kind=0x7f app_source=0 app_len=4 peer=18:42:de:52:4a:dd
[15:37:49.267070 1.242026] linkv2 diag now=82280 kind=5 value=0
[15:37:49.274043 0.006974] linkv2 diag now=82280 kind=3 value=82
[15:37:49.279047 0.005004] linkv2 final_delivery now=82280 origin=0x4218 destination=0x4bdc seq=82 app_kind=0x7f app_source=0 app_len=4 peer=18:42:de:52:4a:dd
[15:37:50.269064 0.990017] linkv2 diag now=83281 kind=5 value=0
[15:37:50.276028 0.006963] linkv2 diag now=83281 kind=3 value=83
[15:37:50.281024 0.004998] linkv2 final_delivery now=83281 origin=0x4218 destination=0x4bdc seq=83 app_kind=0x7f app_source=0 app_len=4 peer=18:42:de:52:4a:dd
[15:37:51.267051 0.986026] linkv2 diag now=84280 kind=5 value=0
[15:37:51.274075 0.007022] linkv2 diag now=84280 kind=3 value=84
[15:37:51.279031 0.004958] linkv2 final_delivery now=84280 origin=0x4218 destination=0x4bdc seq=84 app_kind=0x7f app_source=0 app_len=4 peer=18:42:de:52:4a:dd
[15:37:52.303044 1.024012] linkv2 summary phase=periodic now=85316 submit_accepted=0 submit_rejected=0 submit_no_slot=0 submit_faulted=0 custody_transferred=0 local_tx_not_attempted=0 custody_busy_expired=0 custody_rejected=0 retry_exhausted=0 radio_fault_terminal=0 service_fault_terminal=0 final_deliveries=71 final_duplicates=26 scheduler_radio_fault=0 scheduler_service_fault=0 hook_rx_blocked=0 hook_hack_suppressed=0 hook_busy_forced=0 diagnostic_dropped=0 diag_queue=0 delivery_queue=0 delivery_provisional=0 fault_latched=0 link_hack_enqueue_failed=0
[15:37:53.522021 1.218978] linkv2 diag now=86535 kind=5 value=0
[15:37:53.528998 0.006978] linkv2 diag now=86535 kind=3 value=86
[15:37:53.535042 0.006044] linkv2 final_delivery now=86535 origin=0x4218 destination=0x4bdc seq=86 app_kind=0x7f app_source=0 app_len=4 peer=18:42:de:52:4a:dd
[15:37:54.269052 0.734008] linkv2 diag now=87282 kind=5 value=0
[15:37:54.276024 0.006974] linkv2 diag now=87282 kind=3 value=87
[15:37:54.281997 0.005973] linkv2 final_delivery now=87282 origin=0x4218 destination=0x4bdc seq=87 app_kind=0x7f app_source=0 app_len=4 peer=18:42:de:52:4a:dd
[15:37:55.272022 0.990024] linkv2 diag now=88285 kind=5 value=0
[15:37:55.279023 0.007002] linkv2 diag now=88285 kind=3 value=88
[15:37:55.282989 0.003965] linkv2 final_delivery now=88285 origin=0x4218 destination=0x4bdc seq=88 app_kind=0x7f app_source=0 app_len=4 peer=18:42:de:52:4a:dd
[15:37:56.019043 0.736054] linkv2 diag now=89032 kind=5 value=0
[15:37:56.026001 0.006958] linkv2 diag now=89032 kind=3 value=89
[15:37:56.031987 0.005987] linkv2 final_delivery now=89032 origin=0x4218 destination=0x4bdc seq=89 app_kind=0x7f app_source=0 app_len=4 peer=18:42:de:52:4a:dd
[15:37:57.303022 1.271033] linkv2 summary phase=periodic now=90316 submit_accepted=0 submit_rejected=0 submit_no_slot=0 submit_faulted=0 custody_transferred=0 local_tx_not_attempted=0 custody_busy_expired=0 custody_rejected=0 retry_exhausted=0 radio_fault_terminal=0 service_fault_terminal=0 final_deliveries=75 final_duplicates=27 scheduler_radio_fault=0 scheduler_service_fault=0 hook_rx_blocked=0 hook_hack_suppressed=0 hook_busy_forced=0 diagnostic_dropped=0 diag_queue=0 delivery_queue=0 delivery_provisional=0 fault_latched=0 link_hack_enqueue_failed=0
[15:37:59.021015 1.717993] linkv2 diag now=92034 kind=5 value=0
[15:37:59.027993 0.006979] linkv2 diag now=92034 kind=3 value=92
[15:37:59.031965 0.003973] linkv2 final_delivery now=92034 origin=0x4218 destination=0x4bdc seq=92 app_kind=0x7f app_source=0 app_len=4 peer=18:42:de:52:4a:dd
[15:38:02.302011 3.270044] linkv2 summary phase=periodic now=95316 submit_accepted=0 submit_rejected=0 submit_no_slot=0 submit_faulted=0 custody_transferred=0 local_tx_not_attempted=0 custody_busy_expired=0 custody_rejected=0 retry_exhausted=0 radio_fault_terminal=0 service_fault_terminal=0 final_deliveries=76 final_duplicates=27 scheduler_radio_fault=0 scheduler_service_fault=0 hook_rx_blocked=0 hook_hack_suppressed=0 hook_busy_forced=0 diagnostic_dropped=0 diag_queue=0 delivery_queue=0 delivery_provisional=0 fault_latched=0 link_hack_enqueue_failed=0
[15:38:02.529995 0.227985] linkv2 diag now=95543 kind=5 value=0
[15:38:02.536963 0.006969] linkv2 diag now=95543 kind=3 value=95
[15:38:02.541950 0.004987] linkv2 final_delivery now=95543 origin=0x4218 destination=0x4bdc seq=95 app_kind=0x7f app_source=0 app_len=4 peer=18:42:de:52:4a:dd
[15:38:03.025007 0.483056] linkv2 diag now=96038 kind=5 value=0
[15:38:03.031956 0.006950] linkv2 diag now=96038 kind=3 value=96
[15:38:03.035933 0.003977] linkv2 final_delivery now=96038 origin=0x4218 destination=0x4bdc seq=96 app_kind=0x7f app_source=0 app_len=4 peer=18:42:de:52:4a:dd
[15:38:04.531986 1.496051] linkv2 diag now=97545 kind=5 value=0
[15:38:04.538982 0.006997] linkv2 diag now=97545 kind=3 value=97
[15:38:04.543940 0.004958] linkv2 final_delivery now=97545 origin=0x4218 destination=0x4bdc seq=97 app_kind=0x7f app_source=0 app_len=4 peer=18:42:de:52:4a:dd
[15:38:05.278975 0.735034] linkv2 diag now=98292 kind=5 value=0
[15:38:05.284922 0.005949] linkv2 diag now=98292 kind=3 value=98
[15:38:05.289936 0.005015] linkv2 final_delivery now=98292 origin=0x4218 destination=0x4bdc seq=98 app_kind=0x7f app_source=0 app_len=4 peer=18:42:de:52:4a:dd
[15:38:06.533993 1.244055] linkv2 diag now=99547 kind=5 value=0
[15:38:06.540935 0.006943] linkv2 diag now=99547 kind=3 value=99
[15:38:06.545921 0.004986] linkv2 final_delivery now=99547 origin=0x4218 destination=0x4bdc seq=99 app_kind=0x7f app_source=0 app_len=4 peer=18:42:de:52:4a:dd
[15:38:07.026950 0.481029] linkv2 diag now=100040 kind=5 value=0
[15:38:07.032929 0.005979] linkv2 diag now=100040 kind=3 value=100
[15:38:07.037918 0.004990] linkv2 final_delivery now=100040 origin=0x4218 destination=0x4bdc seq=100 app_kind=0x7f app_source=0 app_len=4 peer=18:42:de:52:4a:dd
[15:38:07.301958 0.264038] linkv2 summary phase=periodic now=100316 submit_accepted=0 submit_rejected=0 submit_no_slot=0 submit_faulted=0 custody_transferred=0 local_tx_not_attempted=0 custody_busy_expired=0 custody_rejected=0 retry_exhausted=0 radio_fault_terminal=0 service_fault_terminal=0 final_deliveries=82 final_duplicates=27 scheduler_radio_fault=0 scheduler_service_fault=0 hook_rx_blocked=0 hook_hack_suppressed=0 hook_busy_forced=0 diagnostic_dropped=0 diag_queue=0 delivery_queue=0 delivery_provisional=0 fault_latched=0 link_hack_enqueue_failed=0
[15:38:12.301944 4.999987] linkv2 summary phase=periodic now=105316 submit_accepted=0 submit_rejected=0 submit_no_slot=0 submit_faulted=0 custody_transferred=0 local_tx_not_attempted=0 custody_busy_expired=0 custody_rejected=0 retry_exhausted=0 radio_fault_terminal=0 service_fault_terminal=0 final_deliveries=82 final_duplicates=28 scheduler_radio_fault=0 scheduler_service_fault=0 hook_rx_blocked=0 hook_hack_suppressed=0 hook_busy_forced=0 diagnostic_dropped=0 diag_queue=0 delivery_queue=0 delivery_provisional=0 fault_latched=0 link_hack_enqueue_failed=0
[15:38:17.302894 5.000950] linkv2 summary phase=periodic now=110317 submit_accepted=0 submit_rejected=0 submit_no_slot=0 submit_faulted=0 custody_transferred=0 local_tx_not_attempted=0 custody_busy_expired=0 custody_rejected=0 retry_exhausted=0 radio_fault_terminal=0 service_fault_terminal=0 final_deliveries=82 final_duplicates=28 scheduler_radio_fault=0 scheduler_service_fault=0 hook_rx_blocked=0 hook_hack_suppressed=0 hook_busy_forced=0 diagnostic_dropped=0 diag_queue=0 delivery_queue=0 delivery_provisional=0 fault_latched=0 link_hack_enqueue_failed=0
[15:38:22.303883 5.000989] linkv2 summary phase=periodic now=115318 submit_accepted=0 submit_rejected=0 submit_no_slot=0 submit_faulted=0 custody_transferred=0 local_tx_not_attempted=0 custody_busy_expired=0 custody_rejected=0 retry_exhausted=0 radio_fault_terminal=0 service_fault_terminal=0 final_deliveries=82 final_duplicates=28 scheduler_radio_fault=0 scheduler_service_fault=0 hook_rx_blocked=0 hook_hack_suppressed=0 hook_busy_forced=0 diagnostic_dropped=0 diag_queue=0 delivery_queue=0 delivery_provisional=0 fault_latched=0 link_hack_enqueue_failed=0
[15:38:27.303863 4.999979] linkv2 summary phase=periodic now=120318 submit_accepted=0 submit_rejected=0 submit_no_slot=0 submit_faulted=0 custody_transferred=0 local_tx_not_attempted=0 custody_busy_expired=0 custody_rejected=0 retry_exhausted=0 radio_fault_terminal=0 service_fault_terminal=0 final_deliveries=82 final_duplicates=28 scheduler_radio_fault=0 scheduler_service_fault=0 hook_rx_blocked=0 hook_hack_suppressed=0 hook_busy_forced=0 diagnostic_dropped=0 diag_queue=0 delivery_queue=0 delivery_provisional=0 fault_latched=0 link_hack_enqueue_failed=0
[15:38:32.304853 5.000991] linkv2 summary phase=periodic now=125319 submit_accepted=0 submit_rejected=0 submit_no_slot=0 submit_faulted=0 custody_transferred=0 local_tx_not_attempted=0 custody_busy_expired=0 custody_rejected=0 retry_exhausted=0 radio_fault_terminal=0 service_fault_terminal=0 final_deliveries=82 final_duplicates=28 scheduler_radio_fault=0 scheduler_service_fault=0 hook_rx_blocked=0 hook_hack_suppressed=0 hook_busy_forced=0 diagnostic_dropped=0 diag_queue=0 delivery_queue=0 delivery_provisional=0 fault_latched=0 link_hack_enqueue_failed=0
[15:38:37.304826 4.999973] linkv2 summary phase=periodic now=130319 submit_accepted=0 submit_rejected=0 submit_no_slot=0 submit_faulted=0 custody_transferred=0 local_tx_not_attempted=0 custody_busy_expired=0 custody_rejected=0 retry_exhausted=0 radio_fault_terminal=0 service_fault_terminal=0 final_deliveries=82 final_duplicates=28 scheduler_radio_fault=0 scheduler_service_fault=0 hook_rx_blocked=0 hook_hack_suppressed=0 hook_busy_forced=0 diagnostic_dropped=0 diag_queue=0 delivery_queue=0 delivery_provisional=0 fault_latched=0 link_hack_enqueue_failed=0
[15:38:42.304797 4.999971] linkv2 summary phase=periodic now=135319 submit_accepted=0 submit_rejected=0 submit_no_slot=0 submit_faulted=0 custody_transferred=0 local_tx_not_attempted=0 custody_busy_expired=0 custody_rejected=0 retry_exhausted=0 radio_fault_terminal=0 service_fault_terminal=0 final_deliveries=82 final_duplicates=28 scheduler_radio_fault=0 scheduler_service_fault=0 hook_rx_blocked=0 hook_hack_suppressed=0 hook_busy_forced=0 diagnostic_dropped=0 diag_queue=0 delivery_queue=0 delivery_provisional=0 fault_latched=0 link_hack_enqueue_failed=0
[15:38:47.303796 4.998997] linkv2 summary phase=periodic now=140319 submit_accepted=0 submit_rejected=0 submit_no_slot=0 submit_faulted=0 custody_transferred=0 local_tx_not_attempted=0 custody_busy_expired=0 custody_rejected=0 retry_exhausted=0 radio_fault_terminal=0 service_fault_terminal=0 final_deliveries=82 final_duplicates=28 scheduler_radio_fault=0 scheduler_service_fault=0 hook_rx_blocked=0 hook_hack_suppressed=0 hook_busy_forced=0 diagnostic_dropped=0 diag_queue=0 delivery_queue=0 delivery_provisional=0 fault_latched=0 link_hack_enqueue_failed=0
[15:38:52.303769 4.999974] linkv2 summary phase=periodic now=145319 submit_accepted=0 submit_rejected=0 submit_no_slot=0 submit_faulted=0 custody_transferred=0 local_tx_not_attempted=0 custody_busy_expired=0 custody_rejected=0 retry_exhausted=0 radio_fault_terminal=0 service_fault_terminal=0 final_deliveries=82 final_duplicates=28 scheduler_radio_fault=0 scheduler_service_fault=0 hook_rx_blocked=0 hook_hack_suppressed=0 hook_busy_forced=0 diagnostic_dropped=0 diag_queue=0 delivery_queue=0 delivery_provisional=0 fault_latched=0 link_hack_enqueue_failed=0
[15:38:57.303719 4.999951] linkv2 summary phase=periodic now=150319 submit_accepted=0 submit_rejected=0 submit_no_slot=0 submit_faulted=0 custody_transferred=0 local_tx_not_attempted=0 custody_busy_expired=0 custody_rejected=0 retry_exhausted=0 radio_fault_terminal=0 service_fault_terminal=0 final_deliveries=82 final_duplicates=28 scheduler_radio_fault=0 scheduler_service_fault=0 hook_rx_blocked=0 hook_hack_suppressed=0 hook_busy_forced=0 diagnostic_dropped=0 diag_queue=0 delivery_queue=0 delivery_provisional=0 fault_latched=0 link_hack_enqueue_failed=0
[15:39:02.303709 4.999990] linkv2 summary phase=periodic now=155319 submit_accepted=0 submit_rejected=0 submit_no_slot=0 submit_faulted=0 custody_transferred=0 local_tx_not_attempted=0 custody_busy_expired=0 custody_rejected=0 retry_exhausted=0 radio_fault_terminal=0 service_fault_terminal=0 final_deliveries=82 final_duplicates=28 scheduler_radio_fault=0 scheduler_service_fault=0 hook_rx_blocked=0 hook_hack_suppressed=0 hook_busy_forced=0 diagnostic_dropped=0 diag_queue=0 delivery_queue=0 delivery_provisional=0 fault_latched=0 link_hack_enqueue_failed=0
[15:39:07.304704 5.000995] linkv2 summary phase=periodic now=160320 submit_accepted=0 submit_rejected=0 submit_no_slot=0 submit_faulted=0 custody_transferred=0 local_tx_not_attempted=0 custody_busy_expired=0 custody_rejected=0 retry_exhausted=0 radio_fault_terminal=0 service_fault_terminal=0 final_deliveries=82 final_duplicates=28 scheduler_radio_fault=0 scheduler_service_fault=0 hook_rx_blocked=0 hook_hack_suppressed=0 hook_busy_forced=0 diagnostic_dropped=0 diag_queue=0 delivery_queue=0 delivery_provisional=0 fault_latched=0 link_hack_enqueue_failed=0
[15:39:12.304666 4.999963] linkv2 summary phase=periodic now=165320 submit_accepted=0 submit_rejected=0 submit_no_slot=0 submit_faulted=0 custody_transferred=0 local_tx_not_attempted=0 custody_busy_expired=0 custody_rejected=0 retry_exhausted=0 radio_fault_terminal=0 service_fault_terminal=0 final_deliveries=82 final_duplicates=28 scheduler_radio_fault=0 scheduler_service_fault=0 hook_rx_blocked=0 hook_hack_suppressed=0 hook_busy_forced=0 diagnostic_dropped=0 diag_queue=0 delivery_queue=0 delivery_provisional=0 fault_latched=0 link_hack_enqueue_failed=0
[15:39:17.304651 4.999985] linkv2 summary phase=periodic now=170320 submit_accepted=0 submit_rejected=0 submit_no_slot=0 submit_faulted=0 custody_transferred=0 local_tx_not_attempted=0 custody_busy_expired=0 custody_rejected=0 retry_exhausted=0 radio_fault_terminal=0 service_fault_terminal=0 final_deliveries=82 final_duplicates=28 scheduler_radio_fault=0 scheduler_service_fault=0 hook_rx_blocked=0 hook_hack_suppressed=0 hook_busy_forced=0 diagnostic_dropped=0 diag_queue=0 delivery_queue=0 delivery_provisional=0 fault_latched=0 link_hack_enqueue_failed=0
[15:39:22.304661 5.000010] linkv2 summary phase=periodic now=175320 submit_accepted=0 submit_rejected=0 submit_no_slot=0 submit_faulted=0 custody_transferred=0 local_tx_not_attempted=0 custody_busy_expired=0 custody_rejected=0 retry_exhausted=0 radio_fault_terminal=0 service_fault_terminal=0 final_deliveries=82 final_duplicates=28 scheduler_radio_fault=0 scheduler_service_fault=0 hook_rx_blocked=0 hook_hack_suppressed=0 hook_busy_forced=0 diagnostic_dropped=0 diag_queue=0 delivery_queue=0 delivery_provisional=0 fault_latched=0 link_hack_enqueue_failed=0
[15:39:27.304659 4.999997] linkv2 summary phase=periodic now=180320 submit_accepted=0 submit_rejected=0 submit_no_slot=0 submit_faulted=0 custody_transferred=0 local_tx_not_attempted=0 custody_busy_expired=0 custody_rejected=0 retry_exhausted=0 radio_fault_terminal=0 service_fault_terminal=0 final_deliveries=82 final_duplicates=28 scheduler_radio_fault=0 scheduler_service_fault=0 hook_rx_blocked=0 hook_hack_suppressed=0 hook_busy_forced=0 diagnostic_dropped=0 diag_queue=0 delivery_queue=0 delivery_provisional=0 fault_latched=0 link_hack_enqueue_failed=0
[15:39:32.304594 4.999935] linkv2 summary phase=periodic now=185320 submit_accepted=0 submit_rejected=0 submit_no_slot=0 submit_faulted=0 custody_transferred=0 local_tx_not_attempted=0 custody_busy_expired=0 custody_rejected=0 retry_exhausted=0 radio_fault_terminal=0 service_fault_terminal=0 final_deliveries=82 final_duplicates=28 scheduler_radio_fault=0 scheduler_service_fault=0 hook_rx_blocked=0 hook_hack_suppressed=0 hook_busy_forced=0 diagnostic_dropped=0 diag_queue=0 delivery_queue=0 delivery_provisional=0 fault_latched=0 link_hack_enqueue_failed=0
[15:39:37.304582 4.999988] linkv2 summary phase=periodic now=190320 submit_accepted=0 submit_rejected=0 submit_no_slot=0 submit_faulted=0 custody_transferred=0 local_tx_not_attempted=0 custody_busy_expired=0 custody_rejected=0 retry_exhausted=0 radio_fault_terminal=0 service_fault_terminal=0 final_deliveries=82 final_duplicates=28 scheduler_radio_fault=0 scheduler_service_fault=0 hook_rx_blocked=0 hook_hack_suppressed=0 hook_busy_forced=0 diagnostic_dropped=0 diag_queue=0 delivery_queue=0 delivery_provisional=0 fault_latched=0 link_hack_enqueue_failed=0
[15:39:42.304563 4.999981] linkv2 summary phase=periodic now=195321 submit_accepted=0 submit_rejected=0 submit_no_slot=0 submit_faulted=0 custody_transferred=0 local_tx_not_attempted=0 custody_busy_expired=0 custody_rejected=0 retry_exhausted=0 radio_fault_terminal=0 service_fault_terminal=0 final_deliveries=82 final_duplicates=28 scheduler_radio_fault=0 scheduler_service_fault=0 hook_rx_blocked=0 hook_hack_suppressed=0 hook_busy_forced=0 diagnostic_dropped=0 diag_queue=0 delivery_queue=0 delivery_provisional=0 fault_latched=0 link_hack_enqueue_failed=0
[15:39:47.304556 4.999993] linkv2 summary phase=periodic now=200321 submit_accepted=0 submit_rejected=0 submit_no_slot=0 submit_faulted=0 custody_transferred=0 local_tx_not_attempted=0 custody_busy_expired=0 custody_rejected=0 retry_exhausted=0 radio_fault_terminal=0 service_fault_terminal=0 final_deliveries=82 final_duplicates=28 scheduler_radio_fault=0 scheduler_service_fault=0 hook_rx_blocked=0 hook_hack_suppressed=0 hook_busy_forced=0 diagnostic_dropped=0 diag_queue=0 delivery_queue=0 delivery_provisional=0 fault_latched=0 link_hack_enqueue_failed=0
[15:39:52.304543 4.999987] linkv2 summary phase=periodic now=205321 submit_accepted=0 submit_rejected=0 submit_no_slot=0 submit_faulted=0 custody_transferred=0 local_tx_not_attempted=0 custody_busy_expired=0 custody_rejected=0 retry_exhausted=0 radio_fault_terminal=0 service_fault_terminal=0 final_deliveries=82 final_duplicates=28 scheduler_radio_fault=0 scheduler_service_fault=0 hook_rx_blocked=0 hook_hack_suppressed=0 hook_busy_forced=0 diagnostic_dropped=0 diag_queue=0 delivery_queue=0 delivery_provisional=0 fault_latched=0 link_hack_enqueue_failed=0
[15:39:57.304565 5.000022] linkv2 summary phase=periodic now=210321 submit_accepted=0 submit_rejected=0 submit_no_slot=0 submit_faulted=0 custody_transferred=0 local_tx_not_attempted=0 custody_busy_expired=0 custody_rejected=0 retry_exhausted=0 radio_fault_terminal=0 service_fault_terminal=0 final_deliveries=82 final_duplicates=28 scheduler_radio_fault=0 scheduler_service_fault=0 hook_rx_blocked=0 hook_hack_suppressed=0 hook_busy_forced=0 diagnostic_dropped=0 diag_queue=0 delivery_queue=0 delivery_provisional=0 fault_latched=0 link_hack_enqueue_failed=0
[15:40:02.304527 4.999961] linkv2 summary phase=periodic now=215321 submit_accepted=0 submit_rejected=0 submit_no_slot=0 submit_faulted=0 custody_transferred=0 local_tx_not_attempted=0 custody_busy_expired=0 custody_rejected=0 retry_exhausted=0 radio_fault_terminal=0 service_fault_terminal=0 final_deliveries=82 final_duplicates=28 scheduler_radio_fault=0 scheduler_service_fault=0 hook_rx_blocked=0 hook_hack_suppressed=0 hook_busy_forced=0 diagnostic_dropped=0 diag_queue=0 delivery_queue=0 delivery_provisional=0 fault_latched=0 link_hack_enqueue_failed=0
[15:40:07.304530 5.000004] linkv2 summary phase=periodic now=220321 submit_accepted=0 submit_rejected=0 submit_no_slot=0 submit_faulted=0 custody_transferred=0 local_tx_not_attempted=0 custody_busy_expired=0 custody_rejected=0 retry_exhausted=0 radio_fault_terminal=0 service_fault_terminal=0 final_deliveries=82 final_duplicates=28 scheduler_radio_fault=0 scheduler_service_fault=0 hook_rx_blocked=0 hook_hack_suppressed=0 hook_busy_forced=0 diagnostic_dropped=0 diag_queue=0 delivery_queue=0 delivery_provisional=0 fault_latched=0 link_hack_enqueue_failed=0
[15:40:12.304519 4.999989] linkv2 summary phase=periodic now=225321 submit_accepted=0 submit_rejected=0 submit_no_slot=0 submit_faulted=0 custody_transferred=0 local_tx_not_attempted=0 custody_busy_expired=0 custody_rejected=0 retry_exhausted=0 radio_fault_terminal=0 service_fault_terminal=0 final_deliveries=82 final_duplicates=28 scheduler_radio_fault=0 scheduler_service_fault=0 hook_rx_blocked=0 hook_hack_suppressed=0 hook_busy_forced=0 diagnostic_dropped=0 diag_queue=0 delivery_queue=0 delivery_provisional=0 fault_latched=0 link_hack_enqueue_failed=0
[15:40:17.304510 4.999991] linkv2 summary phase=periodic now=230321 submit_accepted=0 submit_rejected=0 submit_no_slot=0 submit_faulted=0 custody_transferred=0 local_tx_not_attempted=0 custody_busy_expired=0 custody_rejected=0 retry_exhausted=0 radio_fault_terminal=0 service_fault_terminal=0 final_deliveries=82 final_duplicates=28 scheduler_radio_fault=0 scheduler_service_fault=0 hook_rx_blocked=0 hook_hack_suppressed=0 hook_busy_forced=0 diagnostic_dropped=0 diag_queue=0 delivery_queue=0 delivery_provisional=0 fault_latched=0 link_hack_enqueue_failed=0
[15:40:22.304570 5.000057] linkv2 summary phase=periodic now=235321 submit_accepted=0 submit_rejected=0 submit_no_slot=0 submit_faulted=0 custody_transferred=0 local_tx_not_attempted=0 custody_busy_expired=0 custody_rejected=0 retry_exhausted=0 radio_fault_terminal=0 service_fault_terminal=0 final_deliveries=82 final_duplicates=28 scheduler_radio_fault=0 scheduler_service_fault=0 hook_rx_blocked=0 hook_hack_suppressed=0 hook_busy_forced=0 diagnostic_dropped=0 diag_queue=0 delivery_queue=0 delivery_provisional=0 fault_latched=0 link_hack_enqueue_failed=0
[15:40:27.304473 4.999906] linkv2 summary phase=periodic now=240321 submit_accepted=0 submit_rejected=0 submit_no_slot=0 submit_faulted=0 custody_transferred=0 local_tx_not_attempted=0 custody_busy_expired=0 custody_rejected=0 retry_exhausted=0 radio_fault_terminal=0 service_fault_terminal=0 final_deliveries=82 final_duplicates=28 scheduler_radio_fault=0 scheduler_service_fault=0 hook_rx_blocked=0 hook_hack_suppressed=0 hook_busy_forced=0 diagnostic_dropped=0 diag_queue=0 delivery_queue=0 delivery_provisional=0 fault_latched=0 link_hack_enqueue_failed=0
[15:40:32.305475 5.001003] linkv2 summary phase=periodic now=245322 submit_accepted=0 submit_rejected=0 submit_no_slot=0 submit_faulted=0 custody_transferred=0 local_tx_not_attempted=0 custody_busy_expired=0 custody_rejected=0 retry_exhausted=0 radio_fault_terminal=0 service_fault_terminal=0 final_deliveries=82 final_duplicates=28 scheduler_radio_fault=0 scheduler_service_fault=0 hook_rx_blocked=0 hook_hack_suppressed=0 hook_busy_forced=0 diagnostic_dropped=0 diag_queue=0 delivery_queue=0 delivery_provisional=0 fault_latched=0 link_hack_enqueue_failed=0
[15:40:37.305471 4.999995] linkv2 summary phase=periodic now=250322 submit_accepted=0 submit_rejected=0 submit_no_slot=0 submit_faulted=0 custody_transferred=0 local_tx_not_attempted=0 custody_busy_expired=0 custody_rejected=0 retry_exhausted=0 radio_fault_terminal=0 service_fault_terminal=0 final_deliveries=82 final_duplicates=28 scheduler_radio_fault=0 scheduler_service_fault=0 hook_rx_blocked=0 hook_hack_suppressed=0 hook_busy_forced=0 diagnostic_dropped=0 diag_queue=0 delivery_queue=0 delivery_provisional=0 fault_latched=0 link_hack_enqueue_failed=0
[15:40:42.304440 4.998970] linkv2 summary phase=periodic now=255322 submit_accepted=0 submit_rejected=0 submit_no_slot=0 submit_faulted=0 custody_transferred=0 local_tx_not_attempted=0 custody_busy_expired=0 custody_rejected=0 retry_exhausted=0 radio_fault_terminal=0 service_fault_terminal=0 final_deliveries=82 final_duplicates=28 scheduler_radio_fault=0 scheduler_service_fault=0 hook_rx_blocked=0 hook_hack_suppressed=0 hook_busy_forced=0 diagnostic_dropped=0 diag_queue=0 delivery_queue=0 delivery_provisional=0 fault_latched=0 link_hack_enqueue_failed=0
[15:40:47.304451 5.000011] linkv2 summary phase=periodic now=260322 submit_accepted=0 submit_rejected=0 submit_no_slot=0 submit_faulted=0 custody_transferred=0 local_tx_not_attempted=0 custody_busy_expired=0 custody_rejected=0 retry_exhausted=0 radio_fault_terminal=0 service_fault_terminal=0 final_deliveries=82 final_duplicates=28 scheduler_radio_fault=0 scheduler_service_fault=0 hook_rx_blocked=0 hook_hack_suppressed=0 hook_busy_forced=0 diagnostic_dropped=0 diag_queue=0 delivery_queue=0 delivery_provisional=0 fault_latched=0 link_hack_enqueue_failed=0
[15:40:52.305451 5.000999] linkv2 summary phase=periodic now=265323 submit_accepted=0 submit_rejected=0 submit_no_slot=0 submit_faulted=0 custody_transferred=0 local_tx_not_attempted=0 custody_busy_expired=0 custody_rejected=0 retry_exhausted=0 radio_fault_terminal=0 service_fault_terminal=0 final_deliveries=82 final_duplicates=28 scheduler_radio_fault=0 scheduler_service_fault=0 hook_rx_blocked=0 hook_hack_suppressed=0 hook_busy_forced=0 diagnostic_dropped=0 diag_queue=0 delivery_queue=0 delivery_provisional=0 fault_latched=0 link_hack_enqueue_failed=0
[15:40:57.305443 4.999992] linkv2 summary phase=periodic now=270323 submit_accepted=0 submit_rejected=0 submit_no_slot=0 submit_faulted=0 custody_transferred=0 local_tx_not_attempted=0 custody_busy_expired=0 custody_rejected=0 retry_exhausted=0 radio_fault_terminal=0 service_fault_terminal=0 final_deliveries=82 final_duplicates=28 scheduler_radio_fault=0 scheduler_service_fault=0 hook_rx_blocked=0 hook_hack_suppressed=0 hook_busy_forced=0 diagnostic_dropped=0 diag_queue=0 delivery_queue=0 delivery_provisional=0 fault_latched=0 link_hack_enqueue_failed=0
[15:41:02.306439 5.000995] linkv2 summary phase=periodic now=275324 submit_accepted=0 submit_rejected=0 submit_no_slot=0 submit_faulted=0 custody_transferred=0 local_tx_not_attempted=0 custody_busy_expired=0 custody_rejected=0 retry_exhausted=0 radio_fault_terminal=0 service_fault_terminal=0 final_deliveries=82 final_duplicates=28 scheduler_radio_fault=0 scheduler_service_fault=0 hook_rx_blocked=0 hook_hack_suppressed=0 hook_busy_forced=0 diagnostic_dropped=0 diag_queue=0 delivery_queue=0 delivery_provisional=0 fault_latched=0 link_hack_enqueue_failed=0
[15:41:07.307441 5.001003] linkv2 summary phase=periodic now=280325 submit_accepted=0 submit_rejected=0 submit_no_slot=0 submit_faulted=0 custody_transferred=0 local_tx_not_attempted=0 custody_busy_expired=0 custody_rejected=0 retry_exhausted=0 radio_fault_terminal=0 service_fault_terminal=0 final_deliveries=82 final_duplicates=28 scheduler_radio_fault=0 scheduler_service_fault=0 hook_rx_blocked=0 hook_hack_suppressed=0 hook_busy_forced=0 diagnostic_dropped=0 diag_queue=0 delivery_queue=0 delivery_provisional=0 fault_latched=0 link_hack_enqueue_failed=0
[15:41:12.307478 5.000037] linkv2 summary phase=periodic now=285325 submit_accepted=0 submit_rejected=0 submit_no_slot=0 submit_faulted=0 custody_transferred=0 local_tx_not_attempted=0 custody_busy_expired=0 custody_rejected=0 retry_exhausted=0 radio_fault_terminal=0 service_fault_terminal=0 final_deliveries=82 final_duplicates=28 scheduler_radio_fault=0 scheduler_service_fault=0 hook_rx_blocked=0 hook_hack_suppressed=0 hook_busy_forced=0 diagnostic_dropped=0 diag_queue=0 delivery_queue=0 delivery_provisional=0 fault_latched=0 link_hack_enqueue_failed=0
[15:41:17.308445 5.000967] linkv2 summary phase=periodic now=290326 submit_accepted=0 submit_rejected=0 submit_no_slot=0 submit_faulted=0 custody_transferred=0 local_tx_not_attempted=0 custody_busy_expired=0 custody_rejected=0 retry_exhausted=0 radio_fault_terminal=0 service_fault_terminal=0 final_deliveries=82 final_duplicates=28 scheduler_radio_fault=0 scheduler_service_fault=0 hook_rx_blocked=0 hook_hack_suppressed=0 hook_busy_forced=0 diagnostic_dropped=0 diag_queue=0 delivery_queue=0 delivery_provisional=0 fault_latched=0 link_hack_enqueue_failed=0
[15:41:22.308434 4.999988] linkv2 summary phase=periodic now=295326 submit_accepted=0 submit_rejected=0 submit_no_slot=0 submit_faulted=0 custody_transferred=0 local_tx_not_attempted=0 custody_busy_expired=0 custody_rejected=0 retry_exhausted=0 radio_fault_terminal=0 service_fault_terminal=0 final_deliveries=82 final_duplicates=28 scheduler_radio_fault=0 scheduler_service_fault=0 hook_rx_blocked=0 hook_hack_suppressed=0 hook_busy_forced=0 diagnostic_dropped=0 diag_queue=0 delivery_queue=0 delivery_provisional=0 fault_latched=0 link_hack_enqueue_failed=0
[15:41:27.308454 5.000021] linkv2 summary phase=periodic now=300326 submit_accepted=0 submit_rejected=0 submit_no_slot=0 submit_faulted=0 custody_transferred=0 local_tx_not_attempted=0 custody_busy_expired=0 custody_rejected=0 retry_exhausted=0 radio_fault_terminal=0 service_fault_terminal=0 final_deliveries=82 final_duplicates=28 scheduler_radio_fault=0 scheduler_service_fault=0 hook_rx_blocked=0 hook_hack_suppressed=0 hook_busy_forced=0 diagnostic_dropped=0 diag_queue=0 delivery_queue=0 delivery_provisional=0 fault_latched=0 link_hack_enqueue_failed=0
