[0.000000 0.000000] linkv2 event now=69640 type=3 seq=70 attempts=2 requested_mask=0x07 completed_mask=0x07 hack_status=0 local_reason=255 mesh_reason=255 origin=0x4218 destination=0x4bdc
[0.680049 0.680048] linkv2 summary phase=periodic now=70320 submit_accepted=70 submit_rejected=0 submit_no_slot=0 submit_faulted=0 custody_transferred=69 local_tx_not_attempted=0 custody_busy_expired=0 custody_rejected=0 retry_exhausted=1 radio_fault_terminal=0 service_fault_terminal=0 final_deliveries=0 final_duplicates=0 scheduler_radio_fault=0 scheduler_service_fault=0 hook_rx_blocked=0 hook_hack_suppressed=0 hook_busy_forced=0 diagnostic_dropped=0 diag_queue=0 delivery_queue=0 delivery_provisional=0 fault_latched=0 link_hack_enqueue_failed=0
[0.730024 0.049975] linkv2 rf phase=periodic now=70320 channels=37,38,39 e_rreq=0/0/0 e_rrep=0/0/0 e_rerr=0/0/0 hello=0/0/0 sync_offer=0/0/0 sync_pull=0/0/0 sync_data=0/0/0 tc_update=0/0/0 e_rrep_ack=0/0/0 data=0/0/0 hack=27/23/19 flood=0/0/0 rx_ok=183 tx_ok=84 rx_crc_or_empty=4139 queue_drop=0 relay_drop=0 relay_rate_limited=0 tx_len_drop=0
[0.764996 0.034972] linkv2 diag now=70372 kind=4 value=0
[0.769996 0.005001] linkv2 event now=70387 type=3 seq=71 attempts=1 requested_mask=0x07 completed_mask=0x07 hack_status=0 local_reason=255 mesh_reason=255 origin=0x4218 destination=0x4bdc
[1.733044 0.963047] linkv2 diag now=71373 kind=4 value=0
[1.999046 0.266003]
[1.999079 0.000033]
[1.999091 0.000011] microT-Kernel Version 3.00
[2.002008 0.002917]
[2.002017 0.000009] tron_ble profile=BALANCED target=ble_link_v2_testbed behavior=LINK_V2_HARNESS candidate=ON identity=18:42:de:52:4a:dd identity_source=CONFIGURED_OVERRIDE role=root
[2.016999 0.014982] linkv2 identity field=runtime_ficr adva=18:42:de:52:4a:dd
[2.022018 0.005020] linkv2 identity field=effective_local adva=18:42:de:52:4a:dd
[2.027045 0.005026] linkv2 identity field=scheduler_copy adva=18:42:de:52:4a:dd
[2.033014 0.005969] linkv2 startup poc=link_v2_harness behavior=LINK_V2_HARNESS candidate=ON timer_profile=BALANCED network=1 role=root identity_source=CONFIGURED_OVERRIDE configured_override=18:42:de:52:4a:dd target_uid=9906360200052820cf57b9f988a30e16000000006e052820 inventory_records=2 inventory_full_adva_unique=yes inventory_sid16_unique=yes inventory_sid16_nonreserved=yes inventory_sid8_unique=yes inventory_sid8_nonreserved=yes peer=dc:4b:0a:06:03:f8 initiator=ON interval_ms=1000 transaction_target=100 runtime_ficr=18:42:de:52:4a:dd effective_local=18:42:de:52:4a:dd scheduler_adva=18:42:de:52:4a:dd configured_runtime_equal=yes effective_runtime_equal=yes effective_scheduler_equal=yes sid16=16920 sid8=24 fixed_k=disabled mesh_yield_max_ms=1 mesh_yield_policy=remaining_slack hook.enabled=0 hook.rx_block_adva=NOT_CONFIGURED hook.hack_drop_adva=NOT_CONFIGURED hook.hack_drop_count=0 hook.busy_admission_count=0 hook.collision_peer_adva=NOT_IMPLEMENTED  timer.scheduler_dwell_ms=50 timer.scheduler_relay_spacing_ms=200 timer.scheduler_custody_bypass_max=2 timer.scheduler_poll_max_ms=2 timer.radio_state_timeout_ms=2 timer.radio_tx_event_bound_ms=8 timer.legacy_relay_min_ms=20 timer.legacy_relay_max_ms=120 timer.legacy_dedupe_ms=10000 timer.legacy_ping_interval_ms=2000 timer.legacy_ping_timeout_ms=1500 timer.link_hack_timeout_ms=250 timer.link_max_attempts=3 timer.link_retry_backoff_ms=0 timer.link_tx_scheduler_attempt_bound_ms=30 timer.link_response_window_sum_ms=750 timer.link_no_response_wall_bound_ms=840 timer.link_candidate_resolve_ms=10 timer.link_busy_backoff_ms=500 timer.link_busy_max_responses=3 timer.link_data_deadline_ms=5000 timer.link_data_dedupe_ms=10000 timer.link_flood_dedupe_ms=10000 timer.link_flood_jitter_min_ms=20 timer.link_flood_jitter_max_ms=120 timer.aodv_node_traversal_ms=40 timer.aodv_net_diameter=15 timer.aodv_net_traversal_ms=1200 timer.aodv_path_discovery_ms=2400 timer.aodv_rreq_seen_ms=10000 timer.aodv_rreq_retries=2 timer.aodv_rreq_rate=10 timer.aodv_rerr_rate=10 timer.aodv_active_route_ms=360000 timer.aodv_pending_data_ms=30000 timer.aodv_blacklist_ms=2400 timer.aodv_rrep_dedupe_ms=10000 timer.aodv_rerr_dedupe_ms=10000 timer.aodv_rrep_ack_wait_ms=250 timer.gtt_soft_expiry_ms=150000 timer.gtt_hard_expiry_ms=300000 timer.gtt_departed_ms=600000 timer.gtt_maintenance_ms=25000 timer.hello_change_ms=24000 timer.hello_stable_ms=120000 timer.hello_alpha=0.8 timer.hello_snap_ratio=0.95 timer.hello_dedupe_ms=10000 timer.router_reboot_announce_ms=3000 timer.verification_window_ms=8400 timer.verification_new_cap=4 timer.verification_active_cap=4 timer.mentor_offer_window_ms=2000 timer.mentor_page_timeout_ms=2400 timer.mentor_page_attempts=3 timer.mentor_self_bootstrap_ms=3000 timer.mentor_sync_dedupe_ms=10000 timer.mentor_rssi_weak_magnitude_db=90 timer.mentor_rssi_strong_magnitude_db=30 timer.mentor_rssi_weak_delay_ms=500 timer.mentor_rssi_strong_delay_ms=10 timer.mentor_jitter_min_ms=0 timer.mentor_jitter_max_ms=50 timer.mentor_offer_suppression_ms=10000 timer.metadata_cooldown_ms=5000 timer.tc_uuid_ms=30000 timer.tc_subject_ms=1000 timer.repair_timeout_ms=5300 timer.repair_cooldown_ms=1000 timer.stats_ms=5000 timer.loop_delay_ms=2
[2.311063 0.278049] linkv2 diag now=312 kind=0 value=0
[2.318003 0.006940] linkv2 diag now=312 kind=4 value=0
[2.327020 0.009017] linkv2 event now=327 type=3 seq=1 attempts=1 requested_mask=0x07 completed_mask=0x07 hack_status=0 local_reason=255 mesh_reason=255 origin=0x4218 destination=0x4bdc
[3.312162 0.985143] linkv2 diag now=1313 kind=4 value=0
[3.325050 0.012888] linkv2 event now=1326 type=3 seq=2 attempts=1 requested_mask=0x07 completed_mask=0x07 hack_status=0 local_reason=255 mesh_reason=255 origin=0x4218 destination=0x4bdc
[4.313096 0.988046] linkv2 diag now=2314 kind=4 value=0
[4.832072 0.518975] linkv2 event now=2833 type=3 seq=3 attempts=3 requested_mask=0x07 completed_mask=0x07 hack_status=0 local_reason=255 mesh_reason=255 origin=0x4218 destination=0x4bdc
[5.314106 0.482034] linkv2 diag now=3315 kind=4 value=0
[5.327105 0.012999] linkv2 event now=3328 type=3 seq=4 attempts=1 requested_mask=0x07 completed_mask=0x07 hack_status=0 local_reason=255 mesh_reason=255 origin=0x4218 destination=0x4bdc
[6.315066 0.987961] linkv2 diag now=4316 kind=4 value=0
[6.328038 0.012972] linkv2 event now=4329 type=3 seq=5 attempts=1 requested_mask=0x07 completed_mask=0x07 hack_status=0 local_reason=255 mesh_reason=255 origin=0x4218 destination=0x4bdc
[7.310077 0.982039] linkv2 summary phase=periodic now=5312 submit_accepted=5 submit_rejected=0 submit_no_slot=0 submit_faulted=0 custody_transferred=5 local_tx_not_attempted=0 custody_busy_expired=0 custody_rejected=0 retry_exhausted=0 radio_fault_terminal=0 service_fault_terminal=0 final_deliveries=0 final_duplicates=0 scheduler_radio_fault=0 scheduler_service_fault=0 hook_rx_blocked=0 hook_hack_suppressed=0 hook_busy_forced=0 diagnostic_dropped=0 diag_queue=0 delivery_queue=0 delivery_provisional=0 fault_latched=0 link_hack_enqueue_failed=0
[7.363042 0.052964] linkv2 rf phase=periodic now=5312 channels=37,38,39 e_rreq=0/0/0 e_rrep=0/0/0 e_rerr=0/0/0 hello=0/0/0 sync_offer=0/0/0 sync_pull=0/0/0 sync_data=0/0/0 tc_update=0/0/0 e_rrep_ack=0/0/0 data=0/0/0 hack=2/0/3 flood=0/0/0 rx_ok=14 tx_ok=7 rx_crc_or_empty=292 queue_drop=0 relay_drop=0 relay_rate_limited=0 tx_len_drop=0
[7.395042 0.032001] linkv2 diag now=5317 kind=4 value=0
[7.399036 0.003994] linkv2 event now=5332 type=3 seq=6 attempts=1 requested_mask=0x07 completed_mask=0x07 hack_status=0 local_reason=255 mesh_reason=255 origin=0x4218 destination=0x4bdc
[8.317102 0.918066] linkv2 diag now=6318 kind=4 value=0
[8.330058 0.012956] linkv2 event now=6331 type=3 seq=7 attempts=1 requested_mask=0x07 completed_mask=0x07 hack_status=0 local_reason=255 mesh_reason=255 origin=0x4218 destination=0x4bdc
[9.318105 0.988047] linkv2 diag now=7319 kind=4 value=0
[9.331063 0.012959] linkv2 event now=7332 type=3 seq=8 attempts=1 requested_mask=0x07 completed_mask=0x07 hack_status=0 local_reason=255 mesh_reason=255 origin=0x4218 destination=0x4bdc
[10.319110 0.988047] linkv2 diag now=8320 kind=4 value=0
[10.334079 0.014969] linkv2 event now=8335 type=3 seq=9 attempts=1 requested_mask=0x07 completed_mask=0x07 hack_status=0 local_reason=255 mesh_reason=255 origin=0x4218 destination=0x4bdc
[11.320090 0.986010] linkv2 diag now=9321 kind=4 value=0
[11.333141 0.013052] linkv2 event now=9334 type=3 seq=10 attempts=1 requested_mask=0x07 completed_mask=0x07 hack_status=0 local_reason=255 mesh_reason=255 origin=0x4218 destination=0x4bdc
[12.310215 0.977074] linkv2 summary phase=periodic now=10312 submit_accepted=10 submit_rejected=0 submit_no_slot=0 submit_faulted=0 custody_transferred=10 local_tx_not_attempted=0 custody_busy_expired=0 custody_rejected=0 retry_exhausted=0 radio_fault_terminal=0 service_fault_terminal=0 final_deliveries=0 final_duplicates=0 scheduler_radio_fault=0 scheduler_service_fault=0 hook_rx_blocked=0 hook_hack_suppressed=0 hook_busy_forced=0 diagnostic_dropped=0 diag_queue=0 delivery_queue=0 delivery_provisional=0 fault_latched=0 link_hack_enqueue_failed=0
[12.362143 0.051928] linkv2 rf phase=periodic now=10312 channels=37,38,39 e_rreq=0/0/0 e_rrep=0/0/0 e_rerr=0/0/0 hello=0/0/0 sync_offer=0/0/0 sync_pull=0/0/0 sync_data=0/0/0 tc_update=0/0/0 e_rrep_ack=0/0/0 data=0/0/0 hack=4/2/4 flood=0/0/0 rx_ok=29 tx_ok=12 rx_crc_or_empty=580 queue_drop=0 relay_drop=0 relay_rate_limited=0 tx_len_drop=0
[12.394109 0.031965] linkv2 diag now=10322 kind=4 value=0
[12.399098 0.004989] linkv2 event now=10335 type=3 seq=11 attempts=1 requested_mask=0x07 completed_mask=0x07 hack_status=0 local_reason=255 mesh_reason=255 origin=0x4218 destination=0x4bdc
[13.322111 0.923014] linkv2 diag now=11323 kind=4 value=0
[13.337090 0.014979] linkv2 event now=11338 type=3 seq=12 attempts=1 requested_mask=0x07 completed_mask=0x07 hack_status=0 local_reason=255 mesh_reason=255 origin=0x4218 destination=0x4bdc
[14.323125 0.986035] linkv2 diag now=12324 kind=4 value=0
[14.336104 0.012979] linkv2 event now=12337 type=3 seq=13 attempts=1 requested_mask=0x07 completed_mask=0x07 hack_status=0 local_reason=255 mesh_reason=255 origin=0x4218 destination=0x4bdc
[15.323126 0.987022] linkv2 diag now=13325 kind=4 value=0
[15.336078 0.012952] linkv2 event now=13338 type=3 seq=14 attempts=1 requested_mask=0x07 completed_mask=0x07 hack_status=0 local_reason=255 mesh_reason=255 origin=0x4218 destination=0x4bdc
[16.324138 0.988060] linkv2 diag now=14326 kind=4 value=0
[16.339126 0.014988] linkv2 event now=14341 type=3 seq=15 attempts=1 requested_mask=0x07 completed_mask=0x07 hack_status=0 local_reason=255 mesh_reason=255 origin=0x4218 destination=0x4bdc
[17.311150 0.972023] linkv2 summary phase=periodic now=15313 submit_accepted=15 submit_rejected=0 submit_no_slot=0 submit_faulted=0 custody_transferred=15 local_tx_not_attempted=0 custody_busy_expired=0 custody_rejected=0 retry_exhausted=0 radio_fault_terminal=0 service_fault_terminal=0 final_deliveries=0 final_duplicates=0 scheduler_radio_fault=0 scheduler_service_fault=0 hook_rx_blocked=0 hook_hack_suppressed=0 hook_busy_forced=0 diagnostic_dropped=0 diag_queue=0 delivery_queue=0 delivery_provisional=0 fault_latched=0 link_hack_enqueue_failed=0
[17.363157 0.052007] linkv2 rf phase=periodic now=15313 channels=37,38,39 e_rreq=0/0/0 e_rrep=0/0/0 e_rerr=0/0/0 hello=0/0/0 sync_offer=0/0/0 sync_pull=0/0/0 sync_data=0/0/0 tc_update=0/0/0 e_rrep_ack=0/0/0 data=0/0/0 hack=5/4/6 flood=0/0/0 rx_ok=42 tx_ok=17 rx_crc_or_empty=888 queue_drop=0 relay_drop=0 relay_rate_limited=0 tx_len_drop=0
[17.395140 0.031984] linkv2 diag now=15327 kind=4 value=0
[17.591151 0.196011] linkv2 event now=15593 type=3 seq=16 attempts=2 requested_mask=0x07 completed_mask=0x07 hack_status=1 local_reason=255 mesh_reason=255 origin=0x4218 destination=0x4bdc
[18.325146 0.733995] linkv2 diag now=16327 kind=4 value=0
[18.338120 0.012974] linkv2 event now=16340 type=3 seq=17 attempts=1 requested_mask=0x07 completed_mask=0x07 hack_status=0 local_reason=255 mesh_reason=255 origin=0x4218 destination=0x4bdc
[19.326160 0.988040] linkv2 diag now=17328 kind=4 value=0
[19.339119 0.012959] linkv2 event now=17341 type=3 seq=18 attempts=1 requested_mask=0x07 completed_mask=0x07 hack_status=0 local_reason=255 mesh_reason=255 origin=0x4218 destination=0x4bdc
[20.327143 0.988024] linkv2 diag now=18329 kind=4 value=0
[20.340129 0.012985] linkv2 event now=18342 type=3 seq=19 attempts=1 requested_mask=0x07 completed_mask=0x07 hack_status=0 local_reason=255 mesh_reason=255 origin=0x4218 destination=0x4bdc
[21.328175 0.988046] linkv2 diag now=19330 kind=4 value=0
[21.594166 0.265990] linkv2 event now=19596 type=3 seq=20 attempts=2 requested_mask=0x07 completed_mask=0x07 hack_status=1 local_reason=255 mesh_reason=255 origin=0x4218 destination=0x4bdc
[22.312171 0.718006] linkv2 summary phase=periodic now=20314 submit_accepted=20 submit_rejected=0 submit_no_slot=0 submit_faulted=0 custody_transferred=20 local_tx_not_attempted=0 custody_busy_expired=0 custody_rejected=0 retry_exhausted=0 radio_fault_terminal=0 service_fault_terminal=0 final_deliveries=0 final_duplicates=0 scheduler_radio_fault=0 scheduler_service_fault=0 hook_rx_blocked=0 hook_hack_suppressed=0 hook_busy_forced=0 diagnostic_dropped=0 diag_queue=0 delivery_queue=0 delivery_provisional=0 fault_latched=0 link_hack_enqueue_failed=0
[22.364168 0.051996] linkv2 rf phase=periodic now=20314 channels=37,38,39 e_rreq=0/0/0 e_rrep=0/0/0 e_rerr=0/0/0 hello=0/0/0 sync_offer=0/0/0 sync_pull=0/0/0 sync_data=0/0/0 tc_update=0/0/0 e_rrep_ack=0/0/0 data=0/0/0 hack=6/6/8 flood=0/0/0 rx_ok=55 tx_ok=24 rx_crc_or_empty=1192 queue_drop=0 relay_drop=0 relay_rate_limited=0 tx_len_drop=0
[22.396134 0.031966] linkv2 diag now=20330 kind=4 value=0
[22.401139 0.005004] linkv2 event now=20343 type=3 seq=21 attempts=1 requested_mask=0x07 completed_mask=0x07 hack_status=0 local_reason=255 mesh_reason=255 origin=0x4218 destination=0x4bdc
[23.330206 0.929067] linkv2 diag now=21331 kind=4 value=0
[23.850183 0.519977] linkv2 event now=21852 type=3 seq=22 attempts=3 requested_mask=0x07 completed_mask=0x07 hack_status=1 local_reason=255 mesh_reason=255 origin=0x4218 destination=0x4bdc
[24.330266 0.480083] linkv2 diag now=22332 kind=4 value=0
[24.598259 0.267993] linkv2 event now=22600 type=3 seq=23 attempts=2 requested_mask=0x07 completed_mask=0x07 hack_status=1 local_reason=255 mesh_reason=255 origin=0x4218 destination=0x4bdc
