[0.000000 0.000000] linkv2 summary phase=periodic now=380379 submit_accepted=100 submit_rejected=0 submit_no_slot=0 submit_faulted=0 custody_transferred=100 local_tx_not_attempted=0 custody_busy_expired=0 custody_rejected=0 retry_exhausted=0 radio_fault_terminal=0 service_fault_terminal=0 final_deliveries=0 final_duplicates=0 scheduler_radio_fault=0 scheduler_service_fault=0 hook_rx_blocked=0 hook_hack_suppressed=0 hook_busy_forced=0 diagnostic_dropped=0 diag_queue=0 delivery_queue=0 delivery_provisional=0 fault_latched=0 link_hack_enqueue_failed=0
[0.050017 0.050016] linkv2 rf phase=periodic now=380379 channels=37,38,39 e_rreq=0/0/0 e_rrep=0/0/0 e_rerr=0/0/0 hello=0/0/0 sync_offer=0/0/0 sync_pull=0/0/0 sync_data=0/0/0 tc_update=0/0/0 e_rrep_ack=0/0/0 data=0/0/0 hack=28/38/34 flood=0/0/0 rx_ok=1052 tx_ok=123 rx_crc_or_empty=24443 queue_drop=0 relay_drop=0 relay_rate_limited=0 tx_len_drop=0
[1.021023 0.971006]
[1.021059 0.000036]
[1.021068 0.000009] microT-Kernel Version 3.00
[1.023033 0.001966]
[1.023969 0.000936] tron_ble profile=BALANCED target=ble_link_v2_testbed behavior=LINK_V2_HARNESS candidate=ON identity=18:42:de:52:4a:dd identity_source=CONFIGURED_OVERRIDE role=root
[1.038032 0.014062] linkv2 identity field=runtime_ficr adva=18:42:de:52:4a:dd
[1.043072 0.005040] linkv2 identity field=effective_local adva=18:42:de:52:4a:dd
[1.049012 0.005940] linkv2 identity field=scheduler_copy adva=18:42:de:52:4a:dd
[1.054072 0.005060] linkv2 startup poc=link_v2_harness behavior=LINK_V2_HARNESS candidate=ON timer_profile=BALANCED network=1 role=root identity_source=CONFIGURED_OVERRIDE configured_override=18:42:de:52:4a:dd target_uid=9906360200052820cf57b9f988a30e16000000006e052820 inventory_records=2 inventory_full_adva_unique=yes inventory_sid16_unique=yes inventory_sid16_nonreserved=yes inventory_sid8_unique=yes inventory_sid8_nonreserved=yes peer=dc:4b:0a:06:03:f8 initiator=ON interval_ms=1000 transaction_target=100 runtime_ficr=18:42:de:52:4a:dd effective_local=18:42:de:52:4a:dd scheduler_adva=18:42:de:52:4a:dd configured_runtime_equal=yes effective_runtime_equal=yes effective_scheduler_equal=yes sid16=16920 sid8=24 fixed_k=disabled mesh_yield_max_ms=1 mesh_yield_policy=remaining_slack hook.enabled=0 hook.rx_block_adva=NOT_CONFIGURED hook.hack_drop_adva=NOT_CONFIGURED hook.hack_drop_count=0 hook.busy_admission_count=0 hook.collision_peer_adva=NOT_IMPLEMENTED  timer.scheduler_dwell_ms=50 timer.scheduler_relay_spacing_ms=200 timer.scheduler_custody_bypass_max=2 timer.scheduler_poll_max_ms=2 timer.radio_state_timeout_ms=2 timer.radio_tx_event_bound_ms=8 timer.legacy_relay_min_ms=20 timer.legacy_relay_max_ms=120 timer.legacy_dedupe_ms=10000 timer.legacy_ping_interval_ms=2000 timer.legacy_ping_timeout_ms=1500 timer.link_hack_timeout_ms=250 timer.link_max_attempts=3 timer.link_retry_backoff_ms=0 timer.link_tx_scheduler_attempt_bound_ms=30 timer.link_response_window_sum_ms=750 timer.link_no_response_wall_bound_ms=840 timer.link_candidate_resolve_ms=10 timer.link_busy_backoff_ms=500 timer.link_busy_max_responses=3 timer.link_data_deadline_ms=5000 timer.link_data_dedupe_ms=10000 timer.link_flood_dedupe_ms=10000 timer.link_flood_jitter_min_ms=20 timer.link_flood_jitter_max_ms=120 timer.aodv_node_traversal_ms=40 timer.aodv_net_diameter=15 timer.aodv_net_traversal_ms=1200 timer.aodv_path_discovery_ms=2400 timer.aodv_rreq_seen_ms=10000 timer.aodv_rreq_retries=2 timer.aodv_rreq_rate=10 timer.aodv_rerr_rate=10 timer.aodv_active_route_ms=360000 timer.aodv_pending_data_ms=30000 timer.aodv_blacklist_ms=2400 timer.aodv_rrep_dedupe_ms=10000 timer.aodv_rerr_dedupe_ms=10000 timer.aodv_rrep_ack_wait_ms=250 timer.gtt_soft_expiry_ms=150000 timer.gtt_hard_expiry_ms=300000 timer.gtt_departed_ms=600000 timer.gtt_maintenance_ms=25000 timer.hello_change_ms=24000 timer.hello_stable_ms=120000 timer.hello_alpha=0.8 timer.hello_snap_ratio=0.95 timer.hello_dedupe_ms=10000 timer.router_reboot_announce_ms=3000 timer.verification_window_ms=8400 timer.verification_new_cap=4 timer.verification_active_cap=4 timer.mentor_offer_window_ms=2000 timer.mentor_page_timeout_ms=2400 timer.mentor_page_attempts=3 timer.mentor_self_bootstrap_ms=3000 timer.mentor_sync_dedupe_ms=10000 timer.mentor_rssi_weak_magnitude_db=90 timer.mentor_rssi_strong_magnitude_db=30 timer.mentor_rssi_weak_delay_ms=500 timer.mentor_rssi_strong_delay_ms=10 timer.mentor_jitter_min_ms=0 timer.mentor_jitter_max_ms=50 timer.mentor_offer_suppression_ms=10000 timer.metadata_cooldown_ms=5000 timer.tc_uuid_ms=30000 timer.tc_subject_ms=1000 timer.repair_timeout_ms=5300 timer.repair_cooldown_ms=1000 timer.stats_ms=5000 timer.loop_delay_ms=2
[1.332958 0.278886] linkv2 diag now=312 kind=0 value=0
[1.340040 0.007082] linkv2 diag now=312 kind=4 value=0
[2.092021 0.751981] linkv2 event now=1071 type=7 seq=1 attempts=3 requested_mask=0x07 completed_mask=0x07 hack_status=255 local_reason=0 mesh_reason=0 origin=0x4218 destination=0x4bdc
[2.334010 0.241989] linkv2 diag now=1313 kind=4 value=0
[2.348982 0.014972] linkv2 event now=1328 type=3 seq=2 attempts=1 requested_mask=0x07 completed_mask=0x07 hack_status=0 local_reason=255 mesh_reason=255 origin=0x4218 destination=0x4bdc
[3.335097 0.986115] linkv2 diag now=2314 kind=4 value=0
[3.601002 0.265905] linkv2 event now=2580 type=3 seq=3 attempts=2 requested_mask=0x07 completed_mask=0x07 hack_status=1 local_reason=255 mesh_reason=255 origin=0x4218 destination=0x4bdc
[4.335144 0.734142] linkv2 diag now=3314 kind=4 value=0
[4.347986 0.012842] linkv2 event now=3327 type=3 seq=4 attempts=1 requested_mask=0x07 completed_mask=0x07 hack_status=0 local_reason=255 mesh_reason=255 origin=0x4218 destination=0x4bdc
[5.335043 0.987057] linkv2 diag now=4315 kind=4 value=0
[5.351007 0.015964] linkv2 event now=4330 type=3 seq=5 attempts=1 requested_mask=0x07 completed_mask=0x07 hack_status=0 local_reason=255 mesh_reason=255 origin=0x4218 destination=0x4bdc
[6.333029 0.982022] linkv2 summary phase=periodic now=5313 submit_accepted=5 submit_rejected=0 submit_no_slot=0 submit_faulted=0 custody_transferred=4 local_tx_not_attempted=0 custody_busy_expired=0 custody_rejected=0 retry_exhausted=1 radio_fault_terminal=0 service_fault_terminal=0 final_deliveries=0 final_duplicates=0 scheduler_radio_fault=0 scheduler_service_fault=0 hook_rx_blocked=0 hook_hack_suppressed=0 hook_busy_forced=0 diagnostic_dropped=0 diag_queue=0 delivery_queue=0 delivery_provisional=0 fault_latched=0 link_hack_enqueue_failed=0
[6.385028 0.051999] linkv2 rf phase=periodic now=5313 channels=37,38,39 e_rreq=0/0/0 e_rrep=0/0/0 e_rerr=0/0/0 hello=0/0/0 sync_offer=0/0/0 sync_pull=0/0/0 sync_data=0/0/0 tc_update=0/0/0 e_rrep_ack=0/0/0 data=0/0/0 hack=2/0/2 flood=0/0/0 rx_ok=13 tx_ok=8 rx_crc_or_empty=276 queue_drop=0 relay_drop=0 relay_rate_limited=0 tx_len_drop=0
[6.416987 0.031959] linkv2 diag now=5316 kind=4 value=0
[6.422006 0.005020] linkv2 event now=5329 type=3 seq=6 attempts=1 requested_mask=0x07 completed_mask=0x07 hack_status=0 local_reason=255 mesh_reason=255 origin=0x4218 destination=0x4bdc
[7.337033 0.915026] linkv2 diag now=6317 kind=4 value=0
[7.350025 0.012993] linkv2 event now=6330 type=3 seq=7 attempts=1 requested_mask=0x07 completed_mask=0x07 hack_status=0 local_reason=255 mesh_reason=255 origin=0x4218 destination=0x4bdc
[8.339053 0.989028] linkv2 diag now=7318 kind=4 value=0
[8.354026 0.014974] linkv2 event now=7333 type=3 seq=8 attempts=1 requested_mask=0x07 completed_mask=0x07 hack_status=0 local_reason=255 mesh_reason=255 origin=0x4218 destination=0x4bdc
[9.339052 0.985026] linkv2 diag now=8319 kind=4 value=0
[9.354024 0.014972] linkv2 event now=8334 type=3 seq=9 attempts=1 requested_mask=0x07 completed_mask=0x07 hack_status=0 local_reason=255 mesh_reason=255 origin=0x4218 destination=0x4bdc
[10.340060 0.986036] linkv2 diag now=9320 kind=4 value=0
[10.353028 0.012969] linkv2 event now=9333 type=3 seq=10 attempts=1 requested_mask=0x07 completed_mask=0x07 hack_status=0 local_reason=255 mesh_reason=255 origin=0x4218 destination=0x4bdc
[11.333072 0.980044] linkv2 summary phase=periodic now=10313 submit_accepted=10 submit_rejected=0 submit_no_slot=0 submit_faulted=0 custody_transferred=9 local_tx_not_attempted=0 custody_busy_expired=0 custody_rejected=0 retry_exhausted=1 radio_fault_terminal=0 service_fault_terminal=0 final_deliveries=0 final_duplicates=0 scheduler_radio_fault=0 scheduler_service_fault=0 hook_rx_blocked=0 hook_hack_suppressed=0 hook_busy_forced=0 diagnostic_dropped=0 diag_queue=0 delivery_queue=0 delivery_provisional=0 fault_latched=0 link_hack_enqueue_failed=0
[11.385072 0.052000] linkv2 rf phase=periodic now=10313 channels=37,38,39 e_rreq=0/0/0 e_rrep=0/0/0 e_rerr=0/0/0 hello=0/0/0 sync_offer=0/0/0 sync_pull=0/0/0 sync_data=0/0/0 tc_update=0/0/0 e_rrep_ack=0/0/0 data=0/0/0 hack=4/2/3 flood=0/0/0 rx_ok=26 tx_ok=13 rx_crc_or_empty=582 queue_drop=0 relay_drop=0 relay_rate_limited=0 tx_len_drop=0
[11.417015 0.031943] linkv2 diag now=10321 kind=4 value=0
[11.422039 0.005024] linkv2 event now=10336 type=3 seq=11 attempts=1 requested_mask=0x07 completed_mask=0x07 hack_status=0 local_reason=255 mesh_reason=255 origin=0x4218 destination=0x4bdc
[12.343085 0.921046] linkv2 diag now=11322 kind=4 value=0
[12.608078 0.264993] linkv2 event now=11588 type=3 seq=12 attempts=2 requested_mask=0x07 completed_mask=0x07 hack_status=1 local_reason=255 mesh_reason=255 origin=0x4218 destination=0x4bdc
[13.342088 0.734010] linkv2 diag now=12322 kind=4 value=0
[13.355131 0.013043] linkv2 event now=12335 type=3 seq=13 attempts=1 requested_mask=0x07 completed_mask=0x07 hack_status=0 local_reason=255 mesh_reason=255 origin=0x4218 destination=0x4bdc
[14.343092 0.987961] linkv2 diag now=13323 kind=4 value=0
[14.358105 0.015013] linkv2 event now=13338 type=3 seq=14 attempts=1 requested_mask=0x07 completed_mask=0x07 hack_status=0 local_reason=255 mesh_reason=255 origin=0x4218 destination=0x4bdc
[15.344091 0.985986] linkv2 diag now=14324 kind=4 value=0
[15.359075 0.014984] linkv2 event now=14339 type=3 seq=15 attempts=1 requested_mask=0x07 completed_mask=0x07 hack_status=0 local_reason=255 mesh_reason=255 origin=0x4218 destination=0x4bdc
[16.333124 0.974050] linkv2 summary phase=periodic now=15313 submit_accepted=15 submit_rejected=0 submit_no_slot=0 submit_faulted=0 custody_transferred=14 local_tx_not_attempted=0 custody_busy_expired=0 custody_rejected=0 retry_exhausted=1 radio_fault_terminal=0 service_fault_terminal=0 final_deliveries=0 final_duplicates=0 scheduler_radio_fault=0 scheduler_service_fault=0 hook_rx_blocked=0 hook_hack_suppressed=0 hook_busy_forced=0 diagnostic_dropped=0 diag_queue=0 delivery_queue=0 delivery_provisional=0 fault_latched=0 link_hack_enqueue_failed=0
[16.385100 0.051975] linkv2 rf phase=periodic now=15313 channels=37,38,39 e_rreq=0/0/0 e_rrep=0/0/0 e_rerr=0/0/0 hello=0/0/0 sync_offer=0/0/0 sync_pull=0/0/0 sync_data=0/0/0 tc_update=0/0/0 e_rrep_ack=0/0/0 data=0/0/0 hack=6/3/5 flood=0/0/0 rx_ok=40 tx_ok=19 rx_crc_or_empty=860 queue_drop=0 relay_drop=0 relay_rate_limited=0 tx_len_drop=0
[16.417061 0.031961] linkv2 diag now=15325 kind=4 value=0
[16.422078 0.005018] linkv2 event now=15338 type=3 seq=16 attempts=1 requested_mask=0x07 completed_mask=0x07 hack_status=0 local_reason=255 mesh_reason=255 origin=0x4218 destination=0x4bdc
[17.347119 0.925040] linkv2 diag now=16326 kind=4 value=0
[17.362119 0.015000] linkv2 event now=16341 type=3 seq=17 attempts=1 requested_mask=0x07 completed_mask=0x07 hack_status=0 local_reason=255 mesh_reason=255 origin=0x4218 destination=0x4bdc
[18.347193 0.985073] linkv2 diag now=17327 kind=4 value=0
[18.362088 0.014896] linkv2 event now=17342 type=3 seq=18 attempts=1 requested_mask=0x07 completed_mask=0x07 hack_status=0 local_reason=255 mesh_reason=255 origin=0x4218 destination=0x4bdc
[19.348192 0.986103] linkv2 diag now=18328 kind=4 value=0
[19.361112 0.012920] linkv2 event now=18341 type=3 seq=19 attempts=1 requested_mask=0x07 completed_mask=0x07 hack_status=0 local_reason=255 mesh_reason=255 origin=0x4218 destination=0x4bdc
[20.349154 0.988042] linkv2 diag now=19329 kind=4 value=0
[20.364104 0.014951] linkv2 event now=19344 type=3 seq=20 attempts=1 requested_mask=0x07 completed_mask=0x07 hack_status=0 local_reason=255 mesh_reason=255 origin=0x4218 destination=0x4bdc
[21.333144 0.969040] linkv2 summary phase=periodic now=20314 submit_accepted=20 submit_rejected=0 submit_no_slot=0 submit_faulted=0 custody_transferred=19 local_tx_not_attempted=0 custody_busy_expired=0 custody_rejected=0 retry_exhausted=1 radio_fault_terminal=0 service_fault_terminal=0 final_deliveries=0 final_duplicates=0 scheduler_radio_fault=0 scheduler_service_fault=0 hook_rx_blocked=0 hook_hack_suppressed=0 hook_busy_forced=0 diagnostic_dropped=0 diag_queue=0 delivery_queue=0 delivery_provisional=0 fault_latched=0 link_hack_enqueue_failed=0
[21.385174 0.052030] linkv2 rf phase=periodic now=20314 channels=37,38,39 e_rreq=0/0/0 e_rrep=0/0/0 e_rerr=0/0/0 hello=0/0/0 sync_offer=0/0/0 sync_pull=0/0/0 sync_data=0/0/0 tc_update=0/0/0 e_rrep_ack=0/0/0 data=0/0/0 hack=8/4/7 flood=0/0/0 rx_ok=53 tx_ok=24 rx_crc_or_empty=1163 queue_drop=0 relay_drop=0 relay_rate_limited=0 tx_len_drop=0
[21.417089 0.031914] linkv2 diag now=20330 kind=4 value=0
[21.616197 0.199109] linkv2 event now=20596 type=3 seq=21 attempts=2 requested_mask=0x07 completed_mask=0x07 hack_status=1 local_reason=255 mesh_reason=255 origin=0x4218 destination=0x4bdc
[22.350144 0.733947] linkv2 diag now=21330 kind=4 value=0
[22.363152 0.013008] linkv2 event now=21343 type=3 seq=22 attempts=1 requested_mask=0x07 completed_mask=0x07 hack_status=0 local_reason=255 mesh_reason=255 origin=0x4218 destination=0x4bdc
[23.351165 0.988012] linkv2 diag now=22331 kind=4 value=0
[23.366117 0.014952] linkv2 event now=22346 type=3 seq=23 attempts=1 requested_mask=0x07 completed_mask=0x07 hack_status=0 local_reason=255 mesh_reason=255 origin=0x4218 destination=0x4bdc
[24.351175 0.985058] linkv2 diag now=23332 kind=4 value=0
[24.618136 0.266962] linkv2 event now=23598 type=3 seq=24 attempts=2 requested_mask=0x07 completed_mask=0x07 hack_status=0 local_reason=255 mesh_reason=255 origin=0x4218 destination=0x4bdc
[25.351144 0.733007] linkv2 diag now=24332 kind=4 value=0
[25.366132 0.014988] linkv2 event now=24347 type=3 seq=25 attempts=1 requested_mask=0x07 completed_mask=0x07 hack_status=0 local_reason=255 mesh_reason=255 origin=0x4218 destination=0x4bdc
[26.334188 0.968056] linkv2 summary phase=periodic now=25315 submit_accepted=25 submit_rejected=0 submit_no_slot=0 submit_faulted=0 custody_transferred=24 local_tx_not_attempted=0 custody_busy_expired=0 custody_rejected=0 retry_exhausted=1 radio_fault_terminal=0 service_fault_terminal=0 final_deliveries=0 final_duplicates=0 scheduler_radio_fault=0 scheduler_service_fault=0 hook_rx_blocked=0 hook_hack_suppressed=0 hook_busy_forced=0 diagnostic_dropped=0 diag_queue=0 delivery_queue=0 delivery_provisional=0 fault_latched=0 link_hack_enqueue_failed=0
[26.386224 0.052036] linkv2 rf phase=periodic now=25315 channels=37,38,39 e_rreq=0/0/0 e_rrep=0/0/0 e_rerr=0/0/0 hello=0/0/0 sync_offer=0/0/0 sync_pull=0/0/0 sync_data=0/0/0 tc_update=0/0/0 e_rrep_ack=0/0/0 data=0/0/0 hack=12/4/8 flood=0/0/0 rx_ok=70 tx_ok=31 rx_crc_or_empty=1438 queue_drop=0 relay_drop=0 relay_rate_limited=0 tx_len_drop=0
[26.418133 0.031909] linkv2 diag now=25333 kind=4 value=0
[26.423134 0.005001] linkv2 event now=25346 type=3 seq=26 attempts=1 requested_mask=0x07 completed_mask=0x07 hack_status=0 local_reason=255 mesh_reason=255 origin=0x4218 destination=0x4bdc
[27.354176 0.931042] linkv2 diag now=26334 kind=4 value=0
[27.367146 0.012970] linkv2 event now=26347 type=3 seq=27 attempts=1 requested_mask=0x07 completed_mask=0x07 hack_status=0 local_reason=255 mesh_reason=255 origin=0x4218 destination=0x4bdc
[28.354198 0.987053] linkv2 diag now=27335 kind=4 value=0
[28.367144 0.012945] linkv2 event now=27348 type=3 seq=28 attempts=1 requested_mask=0x07 completed_mask=0x07 hack_status=0 local_reason=255 mesh_reason=255 origin=0x4218 destination=0x4bdc
[29.355199 0.988055] linkv2 diag now=28336 kind=4 value=0
[29.370173 0.014974] linkv2 event now=28351 type=3 seq=29 attempts=1 requested_mask=0x07 completed_mask=0x07 hack_status=0 local_reason=255 mesh_reason=255 origin=0x4218 destination=0x4bdc
[30.356181 0.986008] linkv2 diag now=29337 kind=4 value=0
[30.369151 0.012969] linkv2 event now=29350 type=3 seq=30 attempts=1 requested_mask=0x07 completed_mask=0x07 hack_status=0 local_reason=255 mesh_reason=255 origin=0x4218 destination=0x4bdc
[31.335180 0.966029] linkv2 summary phase=periodic now=30316 submit_accepted=30 submit_rejected=0 submit_no_slot=0 submit_faulted=0 custody_transferred=29 local_tx_not_attempted=0 custody_busy_expired=0 custody_rejected=0 retry_exhausted=1 radio_fault_terminal=0 service_fault_terminal=0 final_deliveries=0 final_duplicates=0 scheduler_radio_fault=0 scheduler_service_fault=0 hook_rx_blocked=0 hook_hack_suppressed=0 hook_busy_forced=0 diagnostic_dropped=0 diag_queue=0 delivery_queue=0 delivery_provisional=0 fault_latched=0 link_hack_enqueue_failed=0
[31.387214 0.052034] linkv2 rf phase=periodic now=30316 channels=37,38,39 e_rreq=0/0/0 e_rrep=0/0/0 e_rerr=0/0/0 hello=0/0/0 sync_offer=0/0/0 sync_pull=0/0/0 sync_data=0/0/0 tc_update=0/0/0 e_rrep_ack=0/0/0 data=0/0/0 hack=13/6/10 flood=0/0/0 rx_ok=80 tx_ok=36 rx_crc_or_empty=1726 queue_drop=0 relay_drop=0 relay_rate_limited=0 tx_len_drop=0
[31.419163 0.031949] linkv2 diag now=30338 kind=4 value=0
[31.424165 0.005002] linkv2 event now=30351 type=3 seq=31 attempts=1 requested_mask=0x07 completed_mask=0x07 hack_status=0 local_reason=255 mesh_reason=255 origin=0x4218 destination=0x4bdc
[32.359216 0.935051] linkv2 diag now=31339 kind=4 value=0
[32.374184 0.014968] linkv2 event now=31354 type=3 seq=32 attempts=1 requested_mask=0x07 completed_mask=0x07 hack_status=0 local_reason=255 mesh_reason=255 origin=0x4218 destination=0x4bdc
[33.360226 0.986042] linkv2 diag now=32340 kind=4 value=0
[33.373196 0.012970] linkv2 event now=32353 type=3 seq=33 attempts=1 requested_mask=0x07 completed_mask=0x07 hack_status=0 local_reason=255 mesh_reason=255 origin=0x4218 destination=0x4bdc
