[0.000000 0.000000] linkv2 diag now=11322 kind=4 value=0
[0.012984 0.012984] linkv2 event now=11335 type=3 seq=12 attempts=1 requested_mask=0x07 completed_mask=0x07 hack_status=0 local_reason=255 mesh_reason=255 origin=0x4218 destination=0x4bdc
[1.000018 0.987034] linkv2 diag now=12323 kind=4 value=0
[1.013001 0.012982] linkv2 event now=12336 type=3 seq=13 attempts=1 requested_mask=0x07 completed_mask=0x07 hack_status=0 local_reason=255 mesh_reason=255 origin=0x4218 destination=0x4bdc
[2.001055 0.988055] linkv2 diag now=13324 kind=4 value=0
[2.016014 0.014958] linkv2 event now=13339 type=3 seq=14 attempts=1 requested_mask=0x07 completed_mask=0x07 hack_status=0 local_reason=255 mesh_reason=255 origin=0x4218 destination=0x4bdc
[2.123023 0.107009]
[2.123056 0.000033]
[2.124007 0.000951] microT-Kernel Version 3.00
[2.126037 0.002030]
[2.127005 0.000968] tron_ble profile=BALANCED target=ble_link_v2_testbed behavior=LINK_V2_HARNESS candidate=ON identity=18:42:de:52:4a:dd identity_source=CONFIGURED_OVERRIDE role=root
[2.141012 0.014007] linkv2 identity field=runtime_ficr adva=18:42:de:52:4a:dd
[2.146026 0.005014] linkv2 identity field=effective_local adva=18:42:de:52:4a:dd
[2.151998 0.005972] linkv2 identity field=scheduler_copy adva=18:42:de:52:4a:dd
[2.157027 0.005029] linkv2 startup poc=link_v2_harness behavior=LINK_V2_HARNESS candidate=ON timer_profile=BALANCED network=1 role=root identity_source=CONFIGURED_OVERRIDE configured_override=18:42:de:52:4a:dd target_uid=9906360200052820cf57b9f988a30e16000000006e052820 inventory_records=2 inventory_full_adva_unique=yes inventory_sid16_unique=yes inventory_sid16_nonreserved=yes inventory_sid8_unique=yes inventory_sid8_nonreserved=yes peer=dc:4b:0a:06:03:f8 initiator=ON interval_ms=1000 transaction_target=100 runtime_ficr=18:42:de:52:4a:dd effective_local=18:42:de:52:4a:dd scheduler_adva=18:42:de:52:4a:dd configured_runtime_equal=yes effective_runtime_equal=yes effective_scheduler_equal=yes sid16=16920 sid8=24 fixed_k=disabled mesh_yield_max_ms=1 mesh_yield_policy=remaining_slack hook.enabled=0 hook.rx_block_adva=NOT_CONFIGURED hook.hack_drop_adva=NOT_CONFIGURED hook.hack_drop_count=0 hook.busy_admission_count=0 hook.collision_peer_adva=NOT_IMPLEMENTED  timer.scheduler_dwell_ms=50 timer.scheduler_relay_spacing_ms=200 timer.scheduler_custody_bypass_max=2 timer.scheduler_poll_max_ms=2 timer.radio_state_timeout_ms=2 timer.radio_tx_event_bound_ms=8 timer.legacy_relay_min_ms=20 timer.legacy_relay_max_ms=120 timer.legacy_dedupe_ms=10000 timer.legacy_ping_interval_ms=2000 timer.legacy_ping_timeout_ms=1500 timer.link_hack_timeout_ms=250 timer.link_max_attempts=3 timer.link_retry_backoff_ms=0 timer.link_tx_scheduler_attempt_bound_ms=30 timer.link_response_window_sum_ms=750 timer.link_no_response_wall_bound_ms=840 timer.link_candidate_resolve_ms=10 timer.link_busy_backoff_ms=500 timer.link_busy_max_responses=3 timer.link_data_deadline_ms=5000 timer.link_data_dedupe_ms=10000 timer.link_flood_dedupe_ms=10000 timer.link_flood_jitter_min_ms=20 timer.link_flood_jitter_max_ms=120 timer.aodv_node_traversal_ms=40 timer.aodv_net_diameter=15 timer.aodv_net_traversal_ms=1200 timer.aodv_path_discovery_ms=2400 timer.aodv_rreq_seen_ms=10000 timer.aodv_rreq_retries=2 timer.aodv_rreq_rate=10 timer.aodv_rerr_rate=10 timer.aodv_active_route_ms=360000 timer.aodv_pending_data_ms=30000 timer.aodv_blacklist_ms=2400 timer.aodv_rrep_dedupe_ms=10000 timer.aodv_rerr_dedupe_ms=10000 timer.aodv_rrep_ack_wait_ms=250 timer.gtt_soft_expiry_ms=150000 timer.gtt_hard_expiry_ms=300000 timer.gtt_departed_ms=600000 timer.gtt_maintenance_ms=25000 timer.hello_change_ms=24000 timer.hello_stable_ms=120000 timer.hello_alpha=0.8 timer.hello_snap_ratio=0.95 timer.hello_dedupe_ms=10000 timer.router_reboot_announce_ms=3000 timer.verification_window_ms=8400 timer.verification_new_cap=4 timer.verification_active_cap=4 timer.mentor_offer_window_ms=2000 timer.mentor_page_timeout_ms=2400 timer.mentor_page_attempts=3 timer.mentor_self_bootstrap_ms=3000 timer.mentor_sync_dedupe_ms=10000 timer.mentor_rssi_weak_magnitude_db=90 timer.mentor_rssi_strong_magnitude_db=30 timer.mentor_rssi_weak_delay_ms=500 timer.mentor_rssi_strong_delay_ms=10 timer.mentor_jitter_min_ms=0 timer.mentor_jitter_max_ms=50 timer.mentor_offer_suppression_ms=10000 timer.metadata_cooldown_ms=5000 timer.tc_uuid_ms=30000 timer.tc_subject_ms=1000 timer.repair_timeout_ms=5300 timer.repair_cooldown_ms=1000 timer.stats_ms=5000 timer.loop_delay_ms=2
[2.435994 0.278967] linkv2 diag now=312 kind=0 value=0
[2.441987 0.005993] linkv2 diag now=312 kind=4 value=0
[2.450983 0.008995] linkv2 event now=327 type=3 seq=1 attempts=1 requested_mask=0x07 completed_mask=0x07 hack_status=0 local_reason=255 mesh_reason=255 origin=0x4218 destination=0x4bdc
[3.436034 0.985051] linkv2 diag now=1313 kind=4 value=0
[3.448999 0.012965] linkv2 event now=1326 type=3 seq=2 attempts=1 requested_mask=0x07 completed_mask=0x07 hack_status=0 local_reason=255 mesh_reason=255 origin=0x4218 destination=0x4bdc
[4.437032 0.988033] linkv2 diag now=2314 kind=4 value=0
[4.450033 0.013001] linkv2 event now=2327 type=3 seq=3 attempts=1 requested_mask=0x07 completed_mask=0x07 hack_status=0 local_reason=255 mesh_reason=255 origin=0x4218 destination=0x4bdc
[5.438051 0.988018] linkv2 diag now=3315 kind=4 value=0
[5.453029 0.014978] linkv2 event now=3330 type=3 seq=4 attempts=1 requested_mask=0x07 completed_mask=0x07 hack_status=0 local_reason=255 mesh_reason=255 origin=0x4218 destination=0x4bdc
[6.439065 0.986036] linkv2 diag now=4316 kind=4 value=0
[6.958076 0.519011] linkv2 event now=4835 type=3 seq=5 attempts=3 requested_mask=0x07 completed_mask=0x07 hack_status=1 local_reason=255 mesh_reason=255 origin=0x4218 destination=0x4bdc
[7.435105 0.477029] linkv2 summary phase=periodic now=5312 submit_accepted=5 submit_rejected=0 submit_no_slot=0 submit_faulted=0 custody_transferred=5 local_tx_not_attempted=0 custody_busy_expired=0 custody_rejected=0 retry_exhausted=0 radio_fault_terminal=0 service_fault_terminal=0 final_deliveries=0 final_duplicates=0 scheduler_radio_fault=0 scheduler_service_fault=0 hook_rx_blocked=0 hook_hack_suppressed=0 hook_busy_forced=0 diagnostic_dropped=0 diag_queue=0 delivery_queue=0 delivery_provisional=0 fault_latched=0 link_hack_enqueue_failed=0
[7.486108 0.051003] linkv2 rf phase=periodic now=5312 channels=37,38,39 e_rreq=0/0/0 e_rrep=0/0/0 e_rerr=0/0/0 hello=0/0/0 sync_offer=0/0/0 sync_pull=0/0/0 sync_data=0/0/0 tc_update=0/0/0 e_rrep_ack=0/0/0 data=0/0/0 hack=3/1/1 flood=0/0/0 rx_ok=14 tx_ok=7 rx_crc_or_empty=310 queue_drop=0 relay_drop=0 relay_rate_limited=0 tx_len_drop=0
[7.518042 0.031934] linkv2 diag now=5317 kind=4 value=0
[7.708059 0.190017] linkv2 event now=5585 type=3 seq=6 attempts=2 requested_mask=0x07 completed_mask=0x07 hack_status=0 local_reason=255 mesh_reason=255 origin=0x4218 destination=0x4bdc
[8.440059 0.732000] linkv2 diag now=6317 kind=4 value=0
[8.453061 0.013002] linkv2 event now=6330 type=3 seq=7 attempts=1 requested_mask=0x07 completed_mask=0x07 hack_status=0 local_reason=255 mesh_reason=255 origin=0x4218 destination=0x4bdc
[9.441066 0.988005] linkv2 diag now=7318 kind=4 value=0
[9.456067 0.015001] linkv2 event now=7333 type=3 seq=8 attempts=1 requested_mask=0x07 completed_mask=0x07 hack_status=0 local_reason=255 mesh_reason=255 origin=0x4218 destination=0x4bdc
[10.442083 0.986016] linkv2 diag now=8319 kind=4 value=0
[11.201094 0.759011] linkv2 event now=9078 type=7 seq=9 attempts=3 requested_mask=0x07 completed_mask=0x07 hack_status=255 local_reason=0 mesh_reason=0 origin=0x4218 destination=0x4bdc
[11.444130 0.243036] linkv2 diag now=9320 kind=4 value=0
[11.457085 0.012955] linkv2 event now=9333 type=3 seq=10 attempts=1 requested_mask=0x07 completed_mask=0x07 hack_status=0 local_reason=255 mesh_reason=255 origin=0x4218 destination=0x4bdc
[12.436120 0.979035] linkv2 summary phase=periodic now=10313 submit_accepted=10 submit_rejected=0 submit_no_slot=0 submit_faulted=0 custody_transferred=9 local_tx_not_attempted=0 custody_busy_expired=0 custody_rejected=0 retry_exhausted=1 radio_fault_terminal=0 service_fault_terminal=0 final_deliveries=0 final_duplicates=0 scheduler_radio_fault=0 scheduler_service_fault=0 hook_rx_blocked=0 hook_hack_suppressed=0 hook_busy_forced=0 diagnostic_dropped=0 diag_queue=0 delivery_queue=0 delivery_provisional=0 fault_latched=0 link_hack_enqueue_failed=0
[12.488104 0.051984] linkv2 rf phase=periodic now=10313 channels=37,38,39 e_rreq=0/0/0 e_rrep=0/0/0 e_rerr=0/0/0 hello=0/0/0 sync_offer=0/0/0 sync_pull=0/0/0 sync_data=0/0/0 tc_update=0/0/0 e_rrep_ack=0/0/0 data=0/0/0 hack=6/1/2 flood=0/0/0 rx_ok=26 tx_ok=15 rx_crc_or_empty=610 queue_drop=0 relay_drop=0 relay_rate_limited=0 tx_len_drop=0
[12.520088 0.031984] linkv2 diag now=10321 kind=4 value=0
[12.525072 0.004984] linkv2 event now=10336 type=3 seq=11 attempts=1 requested_mask=0x07 completed_mask=0x07 hack_status=0 local_reason=255 mesh_reason=255 origin=0x4218 destination=0x4bdc
[13.445106 0.920034] linkv2 diag now=11322 kind=4 value=0
[13.711142 0.266036] linkv2 event now=11588 type=3 seq=12 attempts=2 requested_mask=0x07 completed_mask=0x07 hack_status=1 local_reason=255 mesh_reason=255 origin=0x4218 destination=0x4bdc
[14.445120 0.733979] linkv2 diag now=12322 kind=4 value=0
[14.711109 0.265988] linkv2 event now=12588 type=3 seq=13 attempts=2 requested_mask=0x07 completed_mask=0x07 hack_status=0 local_reason=255 mesh_reason=255 origin=0x4218 destination=0x4bdc
[15.445137 0.734028] linkv2 diag now=13322 kind=4 value=0
[15.458102 0.012966] linkv2 event now=13335 type=3 seq=14 attempts=1 requested_mask=0x07 completed_mask=0x07 hack_status=0 local_reason=255 mesh_reason=255 origin=0x4218 destination=0x4bdc
[16.446140 0.988037] linkv2 diag now=14323 kind=4 value=0
[16.461131 0.014991] linkv2 event now=14338 type=3 seq=15 attempts=1 requested_mask=0x07 completed_mask=0x07 hack_status=0 local_reason=255 mesh_reason=255 origin=0x4218 destination=0x4bdc
[17.436181 0.975050] linkv2 summary phase=periodic now=15314 submit_accepted=15 submit_rejected=0 submit_no_slot=0 submit_faulted=0 custody_transferred=14 local_tx_not_attempted=0 custody_busy_expired=0 custody_rejected=0 retry_exhausted=1 radio_fault_terminal=0 service_fault_terminal=0 final_deliveries=0 final_duplicates=0 scheduler_radio_fault=0 scheduler_service_fault=0 hook_rx_blocked=0 hook_hack_suppressed=0 hook_busy_forced=0 diagnostic_dropped=0 diag_queue=0 delivery_queue=0 delivery_provisional=0 fault_latched=0 link_hack_enqueue_failed=0
[17.488185 0.052004] linkv2 rf phase=periodic now=15314 channels=37,38,39 e_rreq=0/0/0 e_rrep=0/0/0 e_rerr=0/0/0 hello=0/0/0 sync_offer=0/0/0 sync_pull=0/0/0 sync_data=0/0/0 tc_update=0/0/0 e_rrep_ack=0/0/0 data=0/0/0 hack=7/2/5 flood=0/0/0 rx_ok=39 tx_ok=22 rx_crc_or_empty=891 queue_drop=0 relay_drop=0 relay_rate_limited=0 tx_len_drop=0
[17.520115 0.031929] linkv2 diag now=15324 kind=4 value=0
[17.525100 0.004985] linkv2 event now=15339 type=3 seq=16 attempts=1 requested_mask=0x07 completed_mask=0x07 hack_status=0 local_reason=255 mesh_reason=255 origin=0x4218 destination=0x4bdc
[18.448156 0.923056] linkv2 diag now=16325 kind=4 value=0
[18.461161 0.013005] linkv2 event now=16338 type=3 seq=17 attempts=1 requested_mask=0x07 completed_mask=0x07 hack_status=0 local_reason=255 mesh_reason=255 origin=0x4218 destination=0x4bdc
[19.449135 0.987974] linkv2 diag now=17326 kind=4 value=0
[19.464118 0.014982] linkv2 event now=17341 type=3 seq=18 attempts=1 requested_mask=0x07 completed_mask=0x07 hack_status=0 local_reason=255 mesh_reason=255 origin=0x4218 destination=0x4bdc
[20.449189 0.985071] linkv2 diag now=18327 kind=4 value=0
[20.464150 0.014961] linkv2 event now=18342 type=3 seq=19 attempts=1 requested_mask=0x07 completed_mask=0x07 hack_status=0 local_reason=255 mesh_reason=255 origin=0x4218 destination=0x4bdc
[21.450198 0.986048] linkv2 diag now=19328 kind=4 value=0
[21.463129 0.012931] linkv2 event now=19341 type=3 seq=20 attempts=1 requested_mask=0x07 completed_mask=0x07 hack_status=0 local_reason=255 mesh_reason=255 origin=0x4218 destination=0x4bdc
[22.437197 0.974068] linkv2 summary phase=periodic now=20315 submit_accepted=20 submit_rejected=0 submit_no_slot=0 submit_faulted=0 custody_transferred=19 local_tx_not_attempted=0 custody_busy_expired=0 custody_rejected=0 retry_exhausted=1 radio_fault_terminal=0 service_fault_terminal=0 final_deliveries=0 final_duplicates=0 scheduler_radio_fault=0 scheduler_service_fault=0 hook_rx_blocked=0 hook_hack_suppressed=0 hook_busy_forced=0 diagnostic_dropped=0 diag_queue=0 delivery_queue=0 delivery_provisional=0 fault_latched=0 link_hack_enqueue_failed=0
[22.489235 0.052038] linkv2 rf phase=periodic now=20315 channels=37,38,39 e_rreq=0/0/0 e_rrep=0/0/0 e_rerr=0/0/0 hello=0/0/0 sync_offer=0/0/0 sync_pull=0/0/0 sync_data=0/0/0 tc_update=0/0/0 e_rrep_ack=0/0/0 data=0/0/0 hack=9/3/7 flood=0/0/0 rx_ok=52 tx_ok=27 rx_crc_or_empty=1186 queue_drop=0 relay_drop=0 relay_rate_limited=0 tx_len_drop=0
[22.521140 0.031904] linkv2 diag now=20329 kind=4 value=0
[22.526145 0.005005] linkv2 event now=20344 type=3 seq=21 attempts=1 requested_mask=0x07 completed_mask=0x07 hack_status=0 local_reason=255 mesh_reason=255 origin=0x4218 destination=0x4bdc
[23.453224 0.927080] linkv2 diag now=21330 kind=4 value=0
[23.468168 0.014944] linkv2 event now=21345 type=3 seq=22 attempts=1 requested_mask=0x07 completed_mask=0x07 hack_status=0 local_reason=255 mesh_reason=255 origin=0x4218 destination=0x4bdc
[24.453873 0.985705] linkv2 diag now=22331 kind=4 value=0
[24.721197 0.267324] linkv2 event now=22599 type=3 seq=23 attempts=2 requested_mask=0x07 completed_mask=0x07 hack_status=1 local_reason=255 mesh_reason=255 origin=0x4218 destination=0x4bdc
[25.453226 0.732029] linkv2 diag now=23331 kind=4 value=0
[25.468199 0.014973] linkv2 event now=23346 type=3 seq=24 attempts=1 requested_mask=0x07 completed_mask=0x07 hack_status=0 local_reason=255 mesh_reason=255 origin=0x4218 destination=0x4bdc
[26.454217 0.986018] linkv2 diag now=24332 kind=4 value=0
[26.467234 0.013017] linkv2 event now=24345 type=3 seq=25 attempts=1 requested_mask=0x07 completed_mask=0x07 hack_status=0 local_reason=255 mesh_reason=255 origin=0x4218 destination=0x4bdc
[27.437242 0.970008] linkv2 summary phase=periodic now=25315 submit_accepted=25 submit_rejected=0 submit_no_slot=0 submit_faulted=0 custody_transferred=24 local_tx_not_attempted=0 custody_busy_expired=0 custody_rejected=0 retry_exhausted=1 radio_fault_terminal=0 service_fault_terminal=0 final_deliveries=0 final_duplicates=0 scheduler_radio_fault=0 scheduler_service_fault=0 hook_rx_blocked=0 hook_hack_suppressed=0 hook_busy_forced=0 diagnostic_dropped=0 diag_queue=0 delivery_queue=0 delivery_provisional=0 fault_latched=0 link_hack_enqueue_failed=0
[27.489244 0.052002] linkv2 rf phase=periodic now=25315 channels=37,38,39 e_rreq=0/0/0 e_rrep=0/0/0 e_rerr=0/0/0 hello=0/0/0 sync_offer=0/0/0 sync_pull=0/0/0 sync_data=0/0/0 tc_update=0/0/0 e_rrep_ack=0/0/0 data=0/0/0 hack=10/6/8 flood=0/0/0 rx_ok=67 tx_ok=33 rx_crc_or_empty=1465 queue_drop=0 relay_drop=0 relay_rate_limited=0 tx_len_drop=0
[27.521206 0.031962] linkv2 diag now=25333 kind=4 value=0
[27.526552 0.005345] linkv2 event now=25346 type=3 seq=26 attempts=1 requested_mask=0x07 completed_mask=0x07 hack_status=0 local_reason=255 mesh_reason=255 origin=0x4218 destination=0x4bdc
[28.457544 0.930992] linkv2 diag now=26334 kind=4 value=0
[28.471223 0.013679] linkv2 event now=26349 type=3 seq=27 attempts=1 requested_mask=0x07 completed_mask=0x07 hack_status=0 local_reason=255 mesh_reason=255 origin=0x4218 destination=0x4bdc
[29.457240 0.986017] linkv2 diag now=27335 kind=4 value=0
[29.470209 0.012970] linkv2 event now=27348 type=3 seq=28 attempts=1 requested_mask=0x07 completed_mask=0x07 hack_status=0 local_reason=255 mesh_reason=255 origin=0x4218 destination=0x4bdc
[30.458257 0.988048] linkv2 diag now=28336 kind=4 value=0
[30.471228 0.012971] linkv2 event now=28349 type=3 seq=29 attempts=1 requested_mask=0x07 completed_mask=0x07 hack_status=0 local_reason=255 mesh_reason=255 origin=0x4218 destination=0x4bdc
[31.459258 0.988030] linkv2 diag now=29337 kind=4 value=0
[31.474235 0.014977] linkv2 event now=29352 type=3 seq=30 attempts=1 requested_mask=0x07 completed_mask=0x07 hack_status=0 local_reason=255 mesh_reason=255 origin=0x4218 destination=0x4bdc
[32.438259 0.964024] linkv2 summary phase=periodic now=30316 submit_accepted=30 submit_rejected=0 submit_no_slot=0 submit_faulted=0 custody_transferred=29 local_tx_not_attempted=0 custody_busy_expired=0 custody_rejected=0 retry_exhausted=1 radio_fault_terminal=0 service_fault_terminal=0 final_deliveries=0 final_duplicates=0 scheduler_radio_fault=0 scheduler_service_fault=0 hook_rx_blocked=0 hook_hack_suppressed=0 hook_busy_forced=0 diagnostic_dropped=0 diag_queue=0 delivery_queue=0 delivery_provisional=0 fault_latched=0 link_hack_enqueue_failed=0
[32.490230 0.051971] linkv2 rf phase=periodic now=30316 channels=37,38,39 e_rreq=0/0/0 e_rrep=0/0/0 e_rerr=0/0/0 hello=0/0/0 sync_offer=0/0/0 sync_pull=0/0/0 sync_data=0/0/0 tc_update=0/0/0 e_rrep_ack=0/0/0 data=0/0/0 hack=10/10/9 flood=0/0/0 rx_ok=80 tx_ok=38 rx_crc_or_empty=1755 queue_drop=0 relay_drop=0 relay_rate_limited=0 tx_len_drop=0
[32.521224 0.030994] linkv2 diag now=30338 kind=4 value=0
[32.527259 0.006036] linkv2 event now=30351 type=3 seq=31 attempts=1 requested_mask=0x07 completed_mask=0x07 hack_status=0 local_reason=255 mesh_reason=255 origin=0x4218 destination=0x4bdc
[33.461255 0.933996] linkv2 diag now=31339 kind=4 value=0
[33.729270 0.268015] linkv2 event now=31607 type=3 seq=32 attempts=2 requested_mask=0x07 completed_mask=0x07 hack_status=0 local_reason=255 mesh_reason=255 origin=0x4218 destination=0x4bdc
[34.461263 0.731994] linkv2 diag now=32339 kind=4 value=0
[34.980299 0.519036] linkv2 event now=32858 type=3 seq=33 attempts=3 requested_mask=0x07 completed_mask=0x07 hack_status=1 local_reason=255 mesh_reason=255 origin=0x4218 destination=0x4bdc
[35.462266 0.481967] linkv2 diag now=33340 kind=4 value=0
[35.475271 0.013004] linkv2 event now=33353 type=3 seq=34 attempts=1 requested_mask=0x07 completed_mask=0x07 hack_status=0 local_reason=255 mesh_reason=255 origin=0x4218 destination=0x4bdc
[36.462286 0.987015] linkv2 diag now=34341 kind=4 value=0
[36.476255 0.013969] linkv2 event now=34354 type=3 seq=35 attempts=1 requested_mask=0x07 completed_mask=0x07 hack_status=0 local_reason=255 mesh_reason=255 origin=0x4218 destination=0x4bdc
[37.437323 0.961068] linkv2 summary phase=periodic now=35316 submit_accepted=35 submit_rejected=0 submit_no_slot=0 submit_faulted=0 custody_transferred=34 local_tx_not_attempted=0 custody_busy_expired=0 custody_rejected=0 retry_exhausted=1 radio_fault_terminal=0 service_fault_terminal=0 final_deliveries=0 final_duplicates=0 scheduler_radio_fault=0 scheduler_service_fault=0 hook_rx_blocked=0 hook_hack_suppressed=0 hook_busy_forced=0 diagnostic_dropped=0 diag_queue=0 delivery_queue=0 delivery_provisional=0 fault_latched=0 link_hack_enqueue_failed=0
[37.489328 0.052005] linkv2 rf phase=periodic now=35316 channels=37,38,39 e_rreq=0/0/0 e_rrep=0/0/0 e_rerr=0/0/0 hello=0/0/0 sync_offer=0/0/0 sync_pull=0/0/0 sync_data=0/0/0 tc_update=0/0/0 e_rrep_ack=0/0/0 data=0/0/0 hack=10/12/12 flood=0/0/0 rx_ok=95 tx_ok=46 rx_crc_or_empty=2032 queue_drop=0 relay_drop=0 relay_rate_limited=0 tx_len_drop=0
[37.522280 0.032952] linkv2 diag now=35342 kind=4 value=0
[37.527231 0.004951] linkv2 event now=35357 type=3 seq=36 attempts=1 requested_mask=0x07 completed_mask=0x07 hack_status=0 local_reason=255 mesh_reason=255 origin=0x4218 destination=0x4bdc
[38.465322 0.938091] linkv2 diag now=36343 kind=4 value=0
[38.480276 0.014954] linkv2 event now=36358 type=3 seq=37 attempts=1 requested_mask=0x07 completed_mask=0x07 hack_status=0 local_reason=255 mesh_reason=255 origin=0x4218 destination=0x4bdc
[39.466306 0.986031] linkv2 diag now=37344 kind=4 value=0
[39.479290 0.012983] linkv2 event now=37357 type=3 seq=38 attempts=1 requested_mask=0x07 completed_mask=0x07 hack_status=0 local_reason=255 mesh_reason=255 origin=0x4218 destination=0x4bdc
[40.466373 0.987084] linkv2 diag now=38345 kind=4 value=0
[40.734308 0.267934] linkv2 event now=38613 type=3 seq=39 attempts=2 requested_mask=0x07 completed_mask=0x07 hack_status=0 local_reason=255 mesh_reason=255 origin=0x4218 destination=0x4bdc
[41.466312 0.732005] linkv2 diag now=39345 kind=4 value=0
[41.481281 0.014969] linkv2 event now=39360 type=3 seq=40 attempts=1 requested_mask=0x07 completed_mask=0x07 hack_status=0 local_reason=255 mesh_reason=255 origin=0x4218 destination=0x4bdc
[42.437315 0.956034] linkv2 summary phase=periodic now=40316 submit_accepted=40 submit_rejected=0 submit_no_slot=0 submit_faulted=0 custody_transferred=39 local_tx_not_attempted=0 custody_busy_expired=0 custody_rejected=0 retry_exhausted=1 radio_fault_terminal=0 service_fault_terminal=0 final_deliveries=0 final_duplicates=0 scheduler_radio_fault=0 scheduler_service_fault=0 hook_rx_blocked=0 hook_hack_suppressed=0 hook_busy_forced=0 diagnostic_dropped=0 diag_queue=0 delivery_queue=0 delivery_provisional=0 fault_latched=0 link_hack_enqueue_failed=0
[42.489346 0.052031] linkv2 rf phase=periodic now=40316 channels=37,38,39 e_rreq=0/0/0 e_rrep=0/0/0 e_rerr=0/0/0 hello=0/0/0 sync_offer=0/0/0 sync_pull=0/0/0 sync_data=0/0/0 tc_update=0/0/0 e_rrep_ack=0/0/0 data=0/0/0 hack=11/13/15 flood=0/0/0 rx_ok=107 tx_ok=52 rx_crc_or_empty=2300 queue_drop=0 relay_drop=0 relay_rate_limited=0 tx_len_drop=0
[42.522298 0.032952] linkv2 diag now=40346 kind=4 value=0
[42.527297 0.004999] linkv2 event now=40359 type=3 seq=41 attempts=1 requested_mask=0x07 completed_mask=0x07 hack_status=0 local_reason=255 mesh_reason=255 origin=0x4218 destination=0x4bdc
[43.468333 0.941036] linkv2 diag now=41347 kind=4 value=0
[43.483332 0.015000] linkv2 event now=41362 type=3 seq=42 attempts=1 requested_mask=0x07 completed_mask=0x07 hack_status=0 local_reason=255 mesh_reason=255 origin=0x4218 destination=0x4bdc
[44.469323 0.985991] linkv2 diag now=42348 kind=4 value=0
[44.735321 0.265998] linkv2 event now=42614 type=3 seq=43 attempts=2 requested_mask=0x07 completed_mask=0x07 hack_status=0 local_reason=255 mesh_reason=255 origin=0x4218 destination=0x4bdc
[45.469363 0.734041] linkv2 diag now=43348 kind=4 value=0
[45.482355 0.012992] linkv2 event now=43361 type=3 seq=44 attempts=1 requested_mask=0x07 completed_mask=0x07 hack_status=0 local_reason=255 mesh_reason=255 origin=0x4218 destination=0x4bdc
[46.470381 0.988026] linkv2 diag now=44349 kind=4 value=0
[46.483401 0.013021] linkv2 event now=44362 type=3 seq=45 attempts=1 requested_mask=0x07 completed_mask=0x07 hack_status=0 local_reason=255 mesh_reason=255 origin=0x4218 destination=0x4bdc
[47.437412 0.954011] linkv2 summary phase=periodic now=45316 submit_accepted=45 submit_rejected=0 submit_no_slot=0 submit_faulted=0 custody_transferred=44 local_tx_not_attempted=0 custody_busy_expired=0 custody_rejected=0 retry_exhausted=1 radio_fault_terminal=0 service_fault_terminal=0 final_deliveries=0 final_duplicates=0 scheduler_radio_fault=0 scheduler_service_fault=0 hook_rx_blocked=0 hook_hack_suppressed=0 hook_busy_forced=0 diagnostic_dropped=0 diag_queue=0 delivery_queue=0 delivery_provisional=0 fault_latched=0 link_hack_enqueue_failed=0
[47.489341 0.051929] linkv2 rf phase=periodic now=45316 channels=37,38,39 e_rreq=0/0/0 e_rrep=0/0/0 e_rerr=0/0/0 hello=0/0/0 sync_offer=0/0/0 sync_pull=0/0/0 sync_data=0/0/0 tc_update=0/0/0 e_rrep_ack=0/0/0 data=0/0/0 hack=13/16/15 flood=0/0/0 rx_ok=120 tx_ok=58 rx_crc_or_empty=2582 queue_drop=0 relay_drop=0 relay_rate_limited=0 tx_len_drop=0
[47.522326 0.032985] linkv2 diag now=45350 kind=4 value=0
[47.527316 0.004990] linkv2 event now=45365 type=3 seq=46 attempts=1 requested_mask=0x07 completed_mask=0x07 hack_status=0 local_reason=255 mesh_reason=255 origin=0x4218 destination=0x4bdc
[48.472395 0.945080] linkv2 diag now=46351 kind=4 value=0
[48.485393 0.012997] linkv2 event now=46364 type=3 seq=47 attempts=1 requested_mask=0x07 completed_mask=0x07 hack_status=0 local_reason=255 mesh_reason=255 origin=0x4218 destination=0x4bdc
[49.473397 0.988005] linkv2 diag now=47352 kind=4 value=0
[49.486373 0.012975] linkv2 event now=47365 type=3 seq=48 attempts=1 requested_mask=0x07 completed_mask=0x07 hack_status=0 local_reason=255 mesh_reason=255 origin=0x4218 destination=0x4bdc
[50.474389 0.988016] linkv2 diag now=48353 kind=4 value=0
[50.489366 0.014976] linkv2 event now=48368 type=3 seq=49 attempts=1 requested_mask=0x07 completed_mask=0x07 hack_status=0 local_reason=255 mesh_reason=255 origin=0x4218 destination=0x4bdc
[51.475391 0.986025] linkv2 diag now=49354 kind=4 value=0
[51.741406 0.266015] linkv2 event now=49620 type=3 seq=50 attempts=2 requested_mask=0x07 completed_mask=0x07 hack_status=1 local_reason=255 mesh_reason=255 origin=0x4218 destination=0x4bdc
[52.436399 0.694993] linkv2 summary phase=periodic now=50316 submit_accepted=50 submit_rejected=0 submit_no_slot=0 submit_faulted=0 custody_transferred=49 local_tx_not_attempted=0 custody_busy_expired=0 custody_rejected=0 retry_exhausted=1 radio_fault_terminal=0 service_fault_terminal=0 final_deliveries=0 final_duplicates=0 scheduler_radio_fault=0 scheduler_service_fault=0 hook_rx_blocked=0 hook_hack_suppressed=0 hook_busy_forced=0 diagnostic_dropped=0 diag_queue=0 delivery_queue=0 delivery_provisional=0 fault_latched=0 link_hack_enqueue_failed=0
[52.488473 0.052074] linkv2 rf phase=periodic now=50316 channels=37,38,39 e_rreq=0/0/0 e_rrep=0/0/0 e_rerr=0/0/0 hello=0/0/0 sync_offer=0/0/0 sync_pull=0/0/0 sync_data=0/0/0 tc_update=0/0/0 e_rrep_ack=0/0/0 data=0/0/0 hack=15/17/17 flood=0/0/0 rx_ok=133 tx_ok=64 rx_crc_or_empty=2863 queue_drop=0 relay_drop=0 relay_rate_limited=0 tx_len_drop=0
[52.520373 0.031899] linkv2 diag now=50354 kind=4 value=0
[52.741408 0.221035] linkv2 event now=50620 type=3 seq=51 attempts=2 requested_mask=0x07 completed_mask=0x07 hack_status=0 local_reason=255 mesh_reason=255 origin=0x4218 destination=0x4bdc
[53.475442 0.734034] linkv2 diag now=51354 kind=4 value=0
[53.490416 0.014974] linkv2 event now=51369 type=3 seq=52 attempts=1 requested_mask=0x07 completed_mask=0x07 hack_status=0 local_reason=255 mesh_reason=255 origin=0x4218 destination=0x4bdc
[54.475476 0.985060] linkv2 diag now=52355 kind=4 value=0
[54.489396 0.013920] linkv2 event now=52368 type=3 seq=53 attempts=1 requested_mask=0x07 completed_mask=0x07 hack_status=0 local_reason=255 mesh_reason=255 origin=0x4218 destination=0x4bdc
[55.476500 0.987104] linkv2 diag now=53356 kind=4 value=0
[55.745420 0.268920] linkv2 event now=53624 type=3 seq=54 attempts=2 requested_mask=0x07 completed_mask=0x07 hack_status=0 local_reason=255 mesh_reason=255 origin=0x4218 destination=0x4bdc
[56.476427 0.731007] linkv2 diag now=54356 kind=4 value=0
[56.491410 0.014983] linkv2 event now=54371 type=3 seq=55 attempts=1 requested_mask=0x07 completed_mask=0x07 hack_status=0 local_reason=255 mesh_reason=255 origin=0x4218 destination=0x4bdc
[57.437464 0.946054] linkv2 summary phase=periodic now=55317 submit_accepted=55 submit_rejected=0 submit_no_slot=0 submit_faulted=0 custody_transferred=54 local_tx_not_attempted=0 custody_busy_expired=0 custody_rejected=0 retry_exhausted=1 radio_fault_terminal=0 service_fault_terminal=0 final_deliveries=0 final_duplicates=0 scheduler_radio_fault=0 scheduler_service_fault=0 hook_rx_blocked=0 hook_hack_suppressed=0 hook_busy_forced=0 diagnostic_dropped=0 diag_queue=0 delivery_queue=0 delivery_provisional=0 fault_latched=0 link_hack_enqueue_failed=0
[57.489430 0.051966] linkv2 rf phase=periodic now=55317 channels=37,38,39 e_rreq=0/0/0 e_rrep=0/0/0 e_rerr=0/0/0 hello=0/0/0 sync_offer=0/0/0 sync_pull=0/0/0 sync_data=0/0/0 tc_update=0/0/0 e_rrep_ack=0/0/0 data=0/0/0 hack=15/18/21 flood=0/0/0 rx_ok=147 tx_ok=71 rx_crc_or_empty=3156 queue_drop=0 relay_drop=0 relay_rate_limited=0 tx_len_drop=0
[57.522441 0.033011] linkv2 diag now=55357 kind=4 value=0
[57.527386 0.004944] linkv2 event now=55372 type=3 seq=56 attempts=1 requested_mask=0x07 completed_mask=0x07 hack_status=0 local_reason=255 mesh_reason=255 origin=0x4218 destination=0x4bdc
[58.478500 0.951115] linkv2 diag now=56358 kind=4 value=0
[58.491441 0.012941] linkv2 event now=56371 type=3 seq=57 attempts=1 requested_mask=0x07 completed_mask=0x07 hack_status=0 local_reason=255 mesh_reason=255 origin=0x4218 destination=0x4bdc
[59.479450 0.988008] linkv2 diag now=57359 kind=4 value=0
[59.494444 0.014994] linkv2 event now=57374 type=3 seq=58 attempts=1 requested_mask=0x07 completed_mask=0x07 hack_status=0 local_reason=255 mesh_reason=255 origin=0x4218 destination=0x4bdc
[60.480469 0.986025] linkv2 diag now=58360 kind=4 value=0
[60.495445 0.014975] linkv2 event now=58375 type=3 seq=59 attempts=1 requested_mask=0x07 completed_mask=0x07 hack_status=0 local_reason=255 mesh_reason=255 origin=0x4218 destination=0x4bdc
[61.481463 0.986019] linkv2 diag now=59361 kind=4 value=0
[61.494463 0.013000] linkv2 event now=59374 type=3 seq=60 attempts=1 requested_mask=0x07 completed_mask=0x07 hack_status=0 local_reason=255 mesh_reason=255 origin=0x4218 destination=0x4bdc
[62.438471 0.944008] linkv2 summary phase=periodic now=60318 submit_accepted=60 submit_rejected=0 submit_no_slot=0 submit_faulted=0 custody_transferred=59 local_tx_not_attempted=0 custody_busy_expired=0 custody_rejected=0 retry_exhausted=1 radio_fault_terminal=0 service_fault_terminal=0 final_deliveries=0 final_duplicates=0 scheduler_radio_fault=0 scheduler_service_fault=0 hook_rx_blocked=0 hook_hack_suppressed=0 hook_busy_forced=0 diagnostic_dropped=0 diag_queue=0 delivery_queue=0 delivery_provisional=0 fault_latched=0 link_hack_enqueue_failed=0
[62.490467 0.051996] linkv2 rf phase=periodic now=60318 channels=37,38,39 e_rreq=0/0/0 e_rrep=0/0/0 e_rerr=0/0/0 hello=0/0/0 sync_offer=0/0/0 sync_pull=0/0/0 sync_data=0/0/0 tc_update=0/0/0 e_rrep_ack=0/0/0 data=0/0/0 hack=17/20/22 flood=0/0/0 rx_ok=160 tx_ok=76 rx_crc_or_empty=3466 queue_drop=0 relay_drop=0 relay_rate_limited=0 tx_len_drop=0
[62.523433 0.032966] linkv2 diag now=60362 kind=4 value=0
[62.528450 0.005017] linkv2 event now=60377 type=3 seq=61 attempts=1 requested_mask=0x07 completed_mask=0x07 hack_status=0 local_reason=255 mesh_reason=255 origin=0x4218 destination=0x4bdc
[63.484493 0.956043] linkv2 diag now=61363 kind=4 value=0
[63.749495 0.265001] linkv2 event now=61629 type=3 seq=62 attempts=2 requested_mask=0x07 completed_mask=0x07 hack_status=1 local_reason=255 mesh_reason=255 origin=0x4218 destination=0x4bdc
[64.483480 0.733985] linkv2 diag now=62363 kind=4 value=0
[64.496467 0.012987] linkv2 event now=62376 type=3 seq=63 attempts=1 requested_mask=0x07 completed_mask=0x07 hack_status=0 local_reason=255 mesh_reason=255 origin=0x4218 destination=0x4bdc
