[15:36:27.634701 0.000001] 
[15:36:27.635671 0.000971] 
[15:36:27.635689 0.000019] microT-Kernel Version 3.00
[15:36:27.637698 0.002007] 
[15:36:27.638654 0.000957] tron_ble profile=BALANCED target=ble_link_v2_testbed behavior=LINK_V2_HARNESS candidate=ON identity=18:42:de:52:4a:dd identity_source=CONFIGURED_OVERRIDE role=root
[15:36:27.652703 0.014048] linkv2 identity field=runtime_ficr adva=18:42:de:52:4a:dd
[15:36:27.657738 0.005035] linkv2 identity field=effective_local adva=18:42:de:52:4a:dd
[15:36:27.663691 0.005953] linkv2 identity field=scheduler_copy adva=18:42:de:52:4a:dd
[15:36:27.668708 0.005018] linkv2 startup poc=link_v2_harness behavior=LINK_V2_HARNESS candidate=ON timer_profile=BALANCED network=1 role=root identity_source=CONFIGURED_OVERRIDE configured_override=18:42:de:52:4a:dd target_uid=9906360200052820cf57b9f988a30e16000000006e052820 inventory_records=2 inventory_full_adva_unique=yes inventory_sid16_unique=yes inventory_sid16_nonreserved=yes inventory_sid8_unique=yes inventory_sid8_nonreserved=yes peer=dc:4b:0a:06:03:f8 initiator=ON interval_ms=1000 transaction_target=100 runtime_ficr=18:42:de:52:4a:dd effective_local=18:42:de:52:4a:dd scheduler_adva=18:42:de:52:4a:dd configured_runtime_equal=yes effective_runtime_equal=yes effective_scheduler_equal=yes sid16=16920 sid8=24 fixed_k=disabled mesh_yield_ms=1 hook.enabled=0 hook.rx_block_adva=NOT_CONFIGURED hook.hack_drop_adva=NOT_CONFIGURED hook.hack_drop_count=0 hook.busy_admission_count=0 hook.collision_peer_adva=NOT_IMPLEMENTED  timer.scheduler_dwell_ms=50 timer.scheduler_relay_spacing_ms=200 timer.scheduler_custody_bypass_max=2 timer.scheduler_poll_max_ms=2 timer.radio_state_timeout_ms=2 timer.radio_tx_event_bound_ms=8 timer.legacy_relay_min_ms=20 timer.legacy_relay_max_ms=120 timer.legacy_dedupe_ms=10000 timer.legacy_ping_interval_ms=2000 timer.legacy_ping_timeout_ms=1500 timer.link_hack_timeout_ms=250 timer.link_max_attempts=3 timer.link_retry_backoff_ms=0 timer.link_tx_scheduler_attempt_bound_ms=30 timer.link_response_window_sum_ms=750 timer.link_no_response_wall_bound_ms=840 timer.link_candidate_resolve_ms=10 timer.link_busy_backoff_ms=500 timer.link_busy_max_responses=3 timer.link_data_deadline_ms=5000 timer.link_data_dedupe_ms=10000 timer.link_flood_dedupe_ms=10000 timer.link_flood_jitter_min_ms=20 timer.link_flood_jitter_max_ms=120 timer.aodv_node_traversal_ms=40 timer.aodv_net_diameter=15 timer.aodv_net_traversal_ms=1200 timer.aodv_path_discovery_ms=2400 timer.aodv_rreq_seen_ms=10000 timer.aodv_rreq_retries=2 timer.aodv_rreq_rate=10 timer.aodv_rerr_rate=10 timer.aodv_active_route_ms=360000 timer.aodv_pending_data_ms=30000 timer.aodv_blacklist_ms=2400 timer.aodv_rrep_dedupe_ms=10000 timer.aodv_rerr_dedupe_ms=10000 timer.aodv_rrep_ack_wait_ms=250 timer.gtt_soft_expiry_ms=150000 timer.gtt_hard_expiry_ms=300000 timer.gtt_departed_ms=600000 timer.gtt_maintenance_ms=25000 timer.hello_change_ms=24000 timer.hello_stable_ms=120000 timer.hello_alpha=0.8 timer.hello_snap_ratio=0.95 timer.hello_dedupe_ms=10000 timer.router_reboot_announce_ms=3000 timer.verification_window_ms=8400 timer.verification_new_cap=4 timer.verification_active_cap=4 timer.mentor_offer_window_ms=2000 timer.mentor_page_timeout_ms=2400 timer.mentor_page_attempts=3 timer.mentor_self_bootstrap_ms=3000 timer.mentor_sync_dedupe_ms=10000 timer.mentor_rssi_weak_magnitude_db=90 timer.mentor_rssi_strong_magnitude_db=30 timer.mentor_rssi_weak_delay_ms=500 timer.mentor_rssi_strong_delay_ms=10 timer.mentor_jitter_min_ms=0 timer.mentor_jitter_max_ms=50 timer.mentor_offer_suppression_ms=10000 timer.metadata_cooldown_ms=5000 timer.tc_uuid_ms=30000 timer.tc_subject_ms=1000 timer.repair_timeout_ms=5300 timer.repair_cooldown_ms=1000 timer.stats_ms=5000 timer.loop_delay_ms=2
[15:36:27.943669 0.274961] linkv2 diag now=308 kind=0 value=0
[15:36:27.950655 0.006987] linkv2 diag now=309 kind=4 value=0
[15:36:28.702683 0.752027] linkv2 event now=1068 type=7 seq=1 attempts=3 requested_mask=0x07 completed_mask=0x07 hack_status=255 local_reason=0 mesh_reason=0 origin=0x4218 destination=0x4bdc
[15:36:28.945698 0.243014] linkv2 diag now=1310 kind=4 value=0
[15:36:29.703678 0.757981] linkv2 event now=2069 type=7 seq=2 attempts=3 requested_mask=0x07 completed_mask=0x07 hack_status=255 local_reason=0 mesh_reason=0 origin=0x4218 destination=0x4bdc
[15:36:29.946672 0.242994] linkv2 diag now=2311 kind=4 value=0
[15:36:30.205663 0.258991] linkv2 event now=2571 type=3 seq=3 attempts=2 requested_mask=0x07 completed_mask=0x07 hack_status=1 local_reason=255 mesh_reason=255 origin=0x4218 destination=0x4bdc
[15:36:30.945655 0.739992] linkv2 diag now=3311 kind=4 value=0
[15:36:31.205632 0.259978] linkv2 event now=3571 type=3 seq=4 attempts=2 requested_mask=0x07 completed_mask=0x07 hack_status=0 local_reason=255 mesh_reason=255 origin=0x4218 destination=0x4bdc
[15:36:31.945646 0.740013] linkv2 diag now=4311 kind=4 value=0
[15:36:32.704637 0.758991] linkv2 event now=5070 type=7 seq=5 attempts=3 requested_mask=0x07 completed_mask=0x07 hack_status=255 local_reason=0 mesh_reason=0 origin=0x4218 destination=0x4bdc
[15:36:32.944646 0.240009] linkv2 summary phase=periodic now=5310 submit_accepted=5 submit_rejected=0 submit_no_slot=0 submit_faulted=0 custody_transferred=2 local_tx_not_attempted=0 custody_busy_expired=0 custody_rejected=0 retry_exhausted=3 radio_fault_terminal=0 service_fault_terminal=0 final_deliveries=0 final_duplicates=0 scheduler_radio_fault=0 scheduler_service_fault=0 hook_rx_blocked=0 hook_hack_suppressed=0 hook_busy_forced=0 diagnostic_dropped=0 diag_queue=0 delivery_queue=0 delivery_provisional=0 fault_latched=0 link_hack_enqueue_failed=0
[15:36:32.998621 0.053976] linkv2 diag now=5312 kind=4 value=0
[15:36:33.705634 0.707013] linkv2 event now=6071 type=7 seq=6 attempts=3 requested_mask=0x07 completed_mask=0x07 hack_status=255 local_reason=0 mesh_reason=0 origin=0x4218 destination=0x4bdc
[15:36:33.948631 0.242996] linkv2 diag now=6313 kind=4 value=0
[15:36:33.955634 0.007004] linkv2 event now=6320 type=3 seq=7 attempts=1 requested_mask=0x07 completed_mask=0x07 hack_status=0 local_reason=255 mesh_reason=255 origin=0x4218 destination=0x4bdc
[15:36:34.949626 0.993990] linkv2 diag now=7314 kind=4 value=0
[15:36:35.707620 0.757994] linkv2 event now=8073 type=7 seq=8 attempts=3 requested_mask=0x07 completed_mask=0x07 hack_status=255 local_reason=0 mesh_reason=0 origin=0x4218 destination=0x4bdc
[15:36:35.950616 0.242997] linkv2 diag now=8315 kind=4 value=0
[15:36:36.708620 0.758004] linkv2 event now=9074 type=7 seq=9 attempts=3 requested_mask=0x07 completed_mask=0x07 hack_status=255 local_reason=0 mesh_reason=0 origin=0x4218 destination=0x4bdc
[15:36:36.951604 0.242985] linkv2 diag now=9316 kind=4 value=0
[15:36:37.709600 0.757996] linkv2 event now=10075 type=7 seq=10 attempts=3 requested_mask=0x07 completed_mask=0x07 hack_status=255 local_reason=0 mesh_reason=0 origin=0x4218 destination=0x4bdc
[15:36:37.944592 0.234991] linkv2 summary phase=periodic now=10310 submit_accepted=10 submit_rejected=0 submit_no_slot=0 submit_faulted=0 custody_transferred=3 local_tx_not_attempted=0 custody_busy_expired=0 custody_rejected=0 retry_exhausted=7 radio_fault_terminal=0 service_fault_terminal=0 final_deliveries=0 final_duplicates=0 scheduler_radio_fault=0 scheduler_service_fault=0 hook_rx_blocked=0 hook_hack_suppressed=0 hook_busy_forced=0 diagnostic_dropped=0 diag_queue=0 delivery_queue=0 delivery_provisional=0 fault_latched=0 link_hack_enqueue_failed=0
[15:36:37.998571 0.053979] linkv2 diag now=10317 kind=4 value=0
[15:36:38.466598 0.468027] linkv2 event now=10832 type=3 seq=11 attempts=3 requested_mask=0x07 completed_mask=0x07 hack_status=1 local_reason=255 mesh_reason=255 origin=0x4218 destination=0x4bdc
[15:36:38.952600 0.486002] linkv2 diag now=11318 kind=4 value=0
[15:36:39.711605 0.759004] linkv2 event now=12077 type=7 seq=12 attempts=3 requested_mask=0x07 completed_mask=0x07 hack_status=255 local_reason=0 mesh_reason=0 origin=0x4218 destination=0x4bdc
[15:36:39.953585 0.241981] linkv2 diag now=12319 kind=4 value=0
[15:36:40.712604 0.759017] linkv2 event now=13078 type=7 seq=13 attempts=3 requested_mask=0x07 completed_mask=0x07 hack_status=255 local_reason=0 mesh_reason=0 origin=0x4218 destination=0x4bdc
[15:36:40.954584 0.241981] linkv2 diag now=13320 kind=4 value=0
[15:36:41.214576 0.259993] linkv2 event now=13580 type=3 seq=14 attempts=2 requested_mask=0x07 completed_mask=0x07 hack_status=0 local_reason=255 mesh_reason=255 origin=0x4218 destination=0x4bdc
[15:36:41.954601 0.740024] linkv2 diag now=14320 kind=4 value=0
[15:36:42.216569 0.261969] linkv2 event now=14582 type=3 seq=15 attempts=2 requested_mask=0x07 completed_mask=0x07 hack_status=1 local_reason=255 mesh_reason=255 origin=0x4218 destination=0x4bdc
[15:36:42.944558 0.727988] linkv2 summary phase=periodic now=15310 submit_accepted=15 submit_rejected=0 submit_no_slot=0 submit_faulted=0 custody_transferred=6 local_tx_not_attempted=0 custody_busy_expired=0 custody_rejected=0 retry_exhausted=9 radio_fault_terminal=0 service_fault_terminal=0 final_deliveries=0 final_duplicates=0 scheduler_radio_fault=0 scheduler_service_fault=0 hook_rx_blocked=0 hook_hack_suppressed=0 hook_busy_forced=0 diagnostic_dropped=0 diag_queue=0 delivery_queue=0 delivery_provisional=0 fault_latched=0 link_hack_enqueue_failed=0
[15:36:42.997515 0.052957] linkv2 diag now=15320 kind=4 value=0
[15:36:43.003536 0.006021] linkv2 event now=15329 type=3 seq=16 attempts=1 requested_mask=0x07 completed_mask=0x07 hack_status=0 local_reason=255 mesh_reason=255 origin=0x4218 destination=0x4bdc
[15:36:43.955542 0.952006] linkv2 diag now=16321 kind=4 value=0
[15:36:44.713548 0.758006] linkv2 event now=17080 type=7 seq=17 attempts=3 requested_mask=0x07 completed_mask=0x07 hack_status=255 local_reason=0 mesh_reason=0 origin=0x4218 destination=0x4bdc
[15:36:44.956534 0.242983] linkv2 diag now=17322 kind=4 value=0
[15:36:45.714548 0.758017] linkv2 event now=18081 type=7 seq=18 attempts=3 requested_mask=0x07 completed_mask=0x07 hack_status=255 local_reason=0 mesh_reason=0 origin=0x4218 destination=0x4bdc
[15:36:45.957539 0.242990] linkv2 diag now=18323 kind=4 value=0
[15:36:45.966539 0.009001] linkv2 event now=18332 type=3 seq=19 attempts=1 requested_mask=0x07 completed_mask=0x07 hack_status=0 local_reason=255 mesh_reason=255 origin=0x4218 destination=0x4bdc
[15:36:46.957529 0.990989] linkv2 diag now=19324 kind=4 value=0
[15:36:47.716518 0.758989] linkv2 event now=20083 type=7 seq=20 attempts=3 requested_mask=0x07 completed_mask=0x07 hack_status=255 local_reason=0 mesh_reason=0 origin=0x4218 destination=0x4bdc
[15:36:47.944531 0.228012] linkv2 summary phase=periodic now=20311 submit_accepted=20 submit_rejected=0 submit_no_slot=0 submit_faulted=0 custody_transferred=8 local_tx_not_attempted=0 custody_busy_expired=0 custody_rejected=0 retry_exhausted=12 radio_fault_terminal=0 service_fault_terminal=0 final_deliveries=0 final_duplicates=0 scheduler_radio_fault=0 scheduler_service_fault=0 hook_rx_blocked=0 hook_hack_suppressed=0 hook_busy_forced=0 diagnostic_dropped=0 diag_queue=0 delivery_queue=0 delivery_provisional=0 fault_latched=0 link_hack_enqueue_failed=0
[15:36:47.998481 0.053951] linkv2 diag now=20325 kind=4 value=0
[15:36:48.717504 0.719023] linkv2 event now=21084 type=7 seq=21 attempts=3 requested_mask=0x07 completed_mask=0x07 hack_status=255 local_reason=0 mesh_reason=0 origin=0x4218 destination=0x4bdc
[15:36:48.960492 0.242988] linkv2 diag now=21326 kind=4 value=0
[15:36:48.969462 0.008971] linkv2 event now=21335 type=3 seq=22 attempts=1 requested_mask=0x07 completed_mask=0x07 hack_status=0 local_reason=255 mesh_reason=255 origin=0x4218 destination=0x4bdc
[15:36:49.961489 0.992025] linkv2 diag now=22327 kind=4 value=0
[15:36:49.970549 0.009061] linkv2 event now=22336 type=3 seq=23 attempts=1 requested_mask=0x07 completed_mask=0x07 hack_status=0 local_reason=255 mesh_reason=255 origin=0x4218 destination=0x4bdc
[15:36:50.962512 0.991962] linkv2 diag now=23328 kind=4 value=0
[15:36:51.720487 0.757975] linkv2 event now=24087 type=7 seq=24 attempts=3 requested_mask=0x07 completed_mask=0x07 hack_status=255 local_reason=0 mesh_reason=0 origin=0x4218 destination=0x4bdc
[15:36:51.962478 0.241990] linkv2 diag now=24329 kind=4 value=0
[15:36:52.721479 0.759002] linkv2 event now=25088 type=7 seq=25 attempts=3 requested_mask=0x07 completed_mask=0x07 hack_status=255 local_reason=0 mesh_reason=0 origin=0x4218 destination=0x4bdc
[15:36:52.945489 0.224010] linkv2 summary phase=periodic now=25312 submit_accepted=25 submit_rejected=0 submit_no_slot=0 submit_faulted=0 custody_transferred=10 local_tx_not_attempted=0 custody_busy_expired=0 custody_rejected=0 retry_exhausted=15 radio_fault_terminal=0 service_fault_terminal=0 final_deliveries=0 final_duplicates=0 scheduler_radio_fault=0 scheduler_service_fault=0 hook_rx_blocked=0 hook_hack_suppressed=0 hook_busy_forced=0 diagnostic_dropped=0 diag_queue=0 delivery_queue=0 delivery_provisional=0 fault_latched=0 link_hack_enqueue_failed=0
[15:36:52.999469 0.053979] linkv2 diag now=25330 kind=4 value=0
[15:36:53.722463 0.722995] linkv2 event now=26089 type=7 seq=26 attempts=3 requested_mask=0x07 completed_mask=0x07 hack_status=255 local_reason=0 mesh_reason=0 origin=0x4218 destination=0x4bdc
[15:36:53.964457 0.241994] linkv2 diag now=26331 kind=4 value=0
[15:36:54.723468 0.759011] linkv2 event now=27090 type=7 seq=27 attempts=3 requested_mask=0x07 completed_mask=0x07 hack_status=255 local_reason=0 mesh_reason=0 origin=0x4218 destination=0x4bdc
[15:36:54.965461 0.241993] linkv2 diag now=27332 kind=4 value=0
[15:36:55.724454 0.758993] linkv2 event now=28091 type=7 seq=28 attempts=3 requested_mask=0x07 completed_mask=0x07 hack_status=255 local_reason=0 mesh_reason=0 origin=0x4218 destination=0x4bdc
[15:36:55.966453 0.242000] linkv2 diag now=28333 kind=4 value=0
[15:36:55.975431 0.008978] linkv2 event now=28342 type=3 seq=29 attempts=1 requested_mask=0x07 completed_mask=0x07 hack_status=0 local_reason=255 mesh_reason=255 origin=0x4218 destination=0x4bdc
[15:36:56.967451 0.992020] linkv2 diag now=29334 kind=4 value=0
[15:36:57.726430 0.758979] linkv2 event now=30093 type=7 seq=30 attempts=3 requested_mask=0x07 completed_mask=0x07 hack_status=255 local_reason=0 mesh_reason=0 origin=0x4218 destination=0x4bdc
[15:36:57.945455 0.219024] linkv2 summary phase=periodic now=30312 submit_accepted=30 submit_rejected=0 submit_no_slot=0 submit_faulted=0 custody_transferred=11 local_tx_not_attempted=0 custody_busy_expired=0 custody_rejected=0 retry_exhausted=19 radio_fault_terminal=0 service_fault_terminal=0 final_deliveries=0 final_duplicates=0 scheduler_radio_fault=0 scheduler_service_fault=0 hook_rx_blocked=0 hook_hack_suppressed=0 hook_busy_forced=0 diagnostic_dropped=0 diag_queue=0 delivery_queue=0 delivery_provisional=0 fault_latched=0 link_hack_enqueue_failed=0
[15:36:57.999396 0.053942] linkv2 diag now=30335 kind=4 value=0
[15:36:58.727425 0.728028] linkv2 event now=31094 type=7 seq=31 attempts=3 requested_mask=0x07 completed_mask=0x07 hack_status=255 local_reason=0 mesh_reason=0 origin=0x4218 destination=0x4bdc
[15:36:58.970428 0.243003] linkv2 diag now=31336 kind=4 value=0
[15:36:59.728445 0.758018] linkv2 event now=32095 type=7 seq=32 attempts=3 requested_mask=0x07 completed_mask=0x07 hack_status=255 local_reason=0 mesh_reason=0 origin=0x4218 destination=0x4bdc
[15:36:59.971426 0.242980] linkv2 diag now=32337 kind=4 value=0
[15:37:00.230450 0.259025] linkv2 event now=32597 type=3 seq=33 attempts=2 requested_mask=0x07 completed_mask=0x07 hack_status=0 local_reason=255 mesh_reason=255 origin=0x4218 destination=0x4bdc
[15:37:00.970411 0.739961] linkv2 diag now=33337 kind=4 value=0
[15:37:01.729418 0.759007] linkv2 event now=34096 type=7 seq=34 attempts=3 requested_mask=0x07 completed_mask=0x07 hack_status=255 local_reason=0 mesh_reason=0 origin=0x4218 destination=0x4bdc
[15:37:01.971401 0.241983] linkv2 diag now=34338 kind=4 value=0
[15:37:01.980363 0.008963] linkv2 event now=34347 type=3 seq=35 attempts=1 requested_mask=0x07 completed_mask=0x07 hack_status=0 local_reason=255 mesh_reason=255 origin=0x4218 destination=0x4bdc
[15:37:02.946387 0.966022] linkv2 summary phase=periodic now=35313 submit_accepted=35 submit_rejected=0 submit_no_slot=0 submit_faulted=0 custody_transferred=13 local_tx_not_attempted=0 custody_busy_expired=0 custody_rejected=0 retry_exhausted=22 radio_fault_terminal=0 service_fault_terminal=0 final_deliveries=0 final_duplicates=0 scheduler_radio_fault=0 scheduler_service_fault=0 hook_rx_blocked=0 hook_hack_suppressed=0 hook_busy_forced=0 diagnostic_dropped=0 diag_queue=0 delivery_queue=0 delivery_provisional=0 fault_latched=0 link_hack_enqueue_failed=0
[15:37:03.001370 0.054982] linkv2 diag now=35339 kind=4 value=0
[15:37:03.731379 0.730009] linkv2 event now=36098 type=7 seq=36 attempts=3 requested_mask=0x07 completed_mask=0x07 hack_status=255 local_reason=0 mesh_reason=0 origin=0x4218 destination=0x4bdc
[15:37:03.973395 0.242016] linkv2 diag now=36340 kind=4 value=0
[15:37:03.982346 0.008951] linkv2 event now=36349 type=3 seq=37 attempts=1 requested_mask=0x07 completed_mask=0x07 hack_status=0 local_reason=255 mesh_reason=255 origin=0x4218 destination=0x4bdc
[15:37:04.974373 0.992027] linkv2 diag now=37341 kind=4 value=0
[15:37:05.732364 0.757992] linkv2 event now=38100 type=7 seq=38 attempts=3 requested_mask=0x07 completed_mask=0x07 hack_status=255 local_reason=0 mesh_reason=0 origin=0x4218 destination=0x4bdc
[15:37:05.975374 0.243009] linkv2 diag now=38342 kind=4 value=0
[15:37:05.984347 0.008975] linkv2 event now=38351 type=3 seq=39 attempts=1 requested_mask=0x07 completed_mask=0x07 hack_status=0 local_reason=255 mesh_reason=255 origin=0x4218 destination=0x4bdc
[15:37:06.975360 0.991012] linkv2 diag now=39343 kind=4 value=0
[15:37:07.734356 0.758996] linkv2 event now=40102 type=7 seq=40 attempts=3 requested_mask=0x07 completed_mask=0x07 hack_status=255 local_reason=0 mesh_reason=0 origin=0x4218 destination=0x4bdc
[15:37:07.946369 0.212013] linkv2 summary phase=periodic now=40314 submit_accepted=40 submit_rejected=0 submit_no_slot=0 submit_faulted=0 custody_transferred=15 local_tx_not_attempted=0 custody_busy_expired=0 custody_rejected=0 retry_exhausted=25 radio_fault_terminal=0 service_fault_terminal=0 final_deliveries=0 final_duplicates=0 scheduler_radio_fault=0 scheduler_service_fault=0 hook_rx_blocked=0 hook_hack_suppressed=0 hook_busy_forced=0 diagnostic_dropped=0 diag_queue=0 delivery_queue=0 delivery_provisional=0 fault_latched=0 link_hack_enqueue_failed=0
[15:37:08.000312 0.053943] linkv2 diag now=40344 kind=4 value=0
[15:37:08.238448 0.238134] linkv2 event now=40606 type=3 seq=41 attempts=2 requested_mask=0x07 completed_mask=0x07 hack_status=0 local_reason=255 mesh_reason=255 origin=0x4218 destination=0x4bdc
[15:37:08.976340 0.737894] linkv2 diag now=41344 kind=4 value=0
[15:37:09.735326 0.758986] linkv2 event now=42103 type=7 seq=42 attempts=3 requested_mask=0x07 completed_mask=0x07 hack_status=255 local_reason=0 mesh_reason=0 origin=0x4218 destination=0x4bdc
[15:37:09.977345 0.242019] linkv2 diag now=42345 kind=4 value=0
[15:37:10.736330 0.758985] linkv2 event now=43104 type=7 seq=43 attempts=3 requested_mask=0x07 completed_mask=0x07 hack_status=255 local_reason=0 mesh_reason=0 origin=0x4218 destination=0x4bdc
[15:37:10.979343 0.243013] linkv2 diag now=43346 kind=4 value=0
[15:37:11.240335 0.260993] linkv2 event now=43608 type=3 seq=44 attempts=2 requested_mask=0x07 completed_mask=0x07 hack_status=1 local_reason=255 mesh_reason=255 origin=0x4218 destination=0x4bdc
[15:37:11.978332 0.737996] linkv2 diag now=44346 kind=4 value=0
[15:37:11.987304 0.008972] linkv2 event now=44355 type=3 seq=45 attempts=1 requested_mask=0x07 completed_mask=0x07 hack_status=0 local_reason=255 mesh_reason=255 origin=0x4218 destination=0x4bdc
[15:37:12.947305 0.960002] linkv2 summary phase=periodic now=45315 submit_accepted=45 submit_rejected=0 submit_no_slot=0 submit_faulted=0 custody_transferred=18 local_tx_not_attempted=0 custody_busy_expired=0 custody_rejected=0 retry_exhausted=27 radio_fault_terminal=0 service_fault_terminal=0 final_deliveries=0 final_duplicates=0 scheduler_radio_fault=0 scheduler_service_fault=0 hook_rx_blocked=0 hook_hack_suppressed=0 hook_busy_forced=0 diagnostic_dropped=0 diag_queue=0 delivery_queue=0 delivery_provisional=0 fault_latched=0 link_hack_enqueue_failed=0
[15:37:13.001302 0.053996] linkv2 diag now=45347 kind=4 value=0
[15:37:13.738311 0.737009] linkv2 event now=46106 type=7 seq=46 attempts=3 requested_mask=0x07 completed_mask=0x07 hack_status=255 local_reason=0 mesh_reason=0 origin=0x4218 destination=0x4bdc
[15:37:13.980311 0.242000] linkv2 diag now=46348 kind=4 value=0
[15:37:14.242308 0.261997] linkv2 event now=46610 type=3 seq=47 attempts=2 requested_mask=0x07 completed_mask=0x07 hack_status=1 local_reason=255 mesh_reason=255 origin=0x4218 destination=0x4bdc
[15:37:14.980322 0.738014] linkv2 diag now=47348 kind=4 value=0
[15:37:15.739290 0.758968] linkv2 event now=48107 type=7 seq=48 attempts=3 requested_mask=0x07 completed_mask=0x07 hack_status=255 local_reason=0 mesh_reason=0 origin=0x4218 destination=0x4bdc
[15:37:15.981284 0.241994] linkv2 diag now=48349 kind=4 value=0
[15:37:16.740277 0.758993] linkv2 event now=49108 type=7 seq=49 attempts=3 requested_mask=0x07 completed_mask=0x07 hack_status=255 local_reason=0 mesh_reason=0 origin=0x4218 destination=0x4bdc
[15:37:16.983296 0.243019] linkv2 diag now=49350 kind=4 value=0
[15:37:17.741277 0.757981] linkv2 event now=50109 type=7 seq=50 attempts=3 requested_mask=0x07 completed_mask=0x07 hack_status=255 local_reason=0 mesh_reason=0 origin=0x4218 destination=0x4bdc
[15:37:17.947265 0.205987] linkv2 summary phase=periodic now=50315 submit_accepted=50 submit_rejected=0 submit_no_slot=0 submit_faulted=0 custody_transferred=19 local_tx_not_attempted=0 custody_busy_expired=0 custody_rejected=0 retry_exhausted=31 radio_fault_terminal=0 service_fault_terminal=0 final_deliveries=0 final_duplicates=0 scheduler_radio_fault=0 scheduler_service_fault=0 hook_rx_blocked=0 hook_hack_suppressed=0 hook_busy_forced=0 diagnostic_dropped=0 diag_queue=0 delivery_queue=0 delivery_provisional=0 fault_latched=0 link_hack_enqueue_failed=0
[15:37:18.003241 0.055977] linkv2 diag now=50351 kind=4 value=0
[15:37:18.496258 0.493018] linkv2 event now=50864 type=3 seq=51 attempts=3 requested_mask=0x07 completed_mask=0x07 hack_status=0 local_reason=255 mesh_reason=255 origin=0x4218 destination=0x4bdc
[15:37:18.984284 0.488024] linkv2 diag now=51352 kind=4 value=0
[15:37:18.991230 0.006947] linkv2 event now=51359 type=3 seq=52 attempts=1 requested_mask=0x07 completed_mask=0x07 hack_status=0 local_reason=255 mesh_reason=255 origin=0x4218 destination=0x4bdc
[15:37:19.985276 0.994045] linkv2 diag now=52353 kind=4 value=0
[15:37:20.744269 0.758993] linkv2 event now=53112 type=7 seq=53 attempts=3 requested_mask=0x07 completed_mask=0x07 hack_status=255 local_reason=0 mesh_reason=0 origin=0x4218 destination=0x4bdc
[15:37:20.986257 0.241988] linkv2 diag now=53354 kind=4 value=0
[15:37:21.745249 0.758992] linkv2 event now=54113 type=7 seq=54 attempts=3 requested_mask=0x07 completed_mask=0x07 hack_status=255 local_reason=0 mesh_reason=0 origin=0x4218 destination=0x4bdc
[15:37:21.987252 0.242003] linkv2 diag now=54355 kind=4 value=0
[15:37:22.502256 0.515004] linkv2 event now=54870 type=3 seq=55 attempts=3 requested_mask=0x07 completed_mask=0x07 hack_status=1 local_reason=255 mesh_reason=255 origin=0x4218 destination=0x4bdc
[15:37:22.948256 0.445999] linkv2 summary phase=periodic now=55316 submit_accepted=55 submit_rejected=0 submit_no_slot=0 submit_faulted=0 custody_transferred=22 local_tx_not_attempted=0 custody_busy_expired=0 custody_rejected=0 retry_exhausted=33 radio_fault_terminal=0 service_fault_terminal=0 final_deliveries=0 final_duplicates=0 scheduler_radio_fault=0 scheduler_service_fault=0 hook_rx_blocked=0 hook_hack_suppressed=0 hook_busy_forced=0 diagnostic_dropped=0 diag_queue=0 delivery_queue=0 delivery_provisional=0 fault_latched=0 link_hack_enqueue_failed=0
[15:37:23.001206 0.052951] linkv2 diag now=55356 kind=4 value=0
[15:37:23.746232 0.745026] linkv2 event now=56115 type=7 seq=56 attempts=3 requested_mask=0x07 completed_mask=0x07 hack_status=255 local_reason=0 mesh_reason=0 origin=0x4218 destination=0x4bdc
[15:37:23.989246 0.243013] linkv2 diag now=56357 kind=4 value=0
[15:37:24.747229 0.757984] linkv2 event now=57116 type=7 seq=57 attempts=3 requested_mask=0x07 completed_mask=0x07 hack_status=255 local_reason=0 mesh_reason=0 origin=0x4218 destination=0x4bdc
[15:37:24.990251 0.243022] linkv2 diag now=57358 kind=4 value=0
[15:37:25.748219 0.757968] linkv2 event now=58117 type=7 seq=58 attempts=3 requested_mask=0x07 completed_mask=0x07 hack_status=255 local_reason=0 mesh_reason=0 origin=0x4218 destination=0x4bdc
[15:37:25.990216 0.241998] linkv2 diag now=58359 kind=4 value=0
[15:37:26.503290 0.513073] linkv2 event now=58872 type=3 seq=59 attempts=3 requested_mask=0x07 completed_mask=0x07 hack_status=1 local_reason=255 mesh_reason=255 origin=0x4218 destination=0x4bdc
[15:37:26.991214 0.487924] linkv2 diag now=59360 kind=4 value=0
[15:37:27.750195 0.758981] linkv2 event now=60119 type=7 seq=60 attempts=3 requested_mask=0x07 completed_mask=0x07 hack_status=255 local_reason=0 mesh_reason=0 origin=0x4218 destination=0x4bdc
[15:37:27.948207 0.198012] linkv2 summary phase=periodic now=60317 submit_accepted=60 submit_rejected=0 submit_no_slot=0 submit_faulted=0 custody_transferred=23 local_tx_not_attempted=0 custody_busy_expired=0 custody_rejected=0 retry_exhausted=37 radio_fault_terminal=0 service_fault_terminal=0 final_deliveries=0 final_duplicates=0 scheduler_radio_fault=0 scheduler_service_fault=0 hook_rx_blocked=0 hook_hack_suppressed=0 hook_busy_forced=0 diagnostic_dropped=0 diag_queue=0 delivery_queue=0 delivery_provisional=0 fault_latched=0 link_hack_enqueue_failed=0
[15:37:28.002158 0.053952] linkv2 diag now=60361 kind=4 value=0
[15:37:28.007224 0.005065] linkv2 event now=60368 type=3 seq=61 attempts=1 requested_mask=0x07 completed_mask=0x07 hack_status=0 local_reason=255 mesh_reason=255 origin=0x4218 destination=0x4bdc
[15:37:28.993196 0.985972] linkv2 diag now=61362 kind=4 value=0
[15:37:29.255191 0.261994] linkv2 event now=61624 type=3 seq=62 attempts=2 requested_mask=0x07 completed_mask=0x07 hack_status=1 local_reason=255 mesh_reason=255 origin=0x4218 destination=0x4bdc
[15:37:29.993201 0.738010] linkv2 diag now=62362 kind=4 value=0
[15:37:30.752209 0.759008] linkv2 event now=63121 type=7 seq=63 attempts=3 requested_mask=0x07 completed_mask=0x07 hack_status=255 local_reason=0 mesh_reason=0 origin=0x4218 destination=0x4bdc
[15:37:30.995197 0.242988] linkv2 diag now=63363 kind=4 value=0
[15:37:31.254172 0.258975] linkv2 event now=63623 type=3 seq=64 attempts=2 requested_mask=0x07 completed_mask=0x07 hack_status=1 local_reason=255 mesh_reason=255 origin=0x4218 destination=0x4bdc
[15:37:31.994185 0.740014] linkv2 diag now=64363 kind=4 value=0
[15:37:32.507182 0.512997] linkv2 event now=64876 type=3 seq=65 attempts=3 requested_mask=0x07 completed_mask=0x07 hack_status=0 local_reason=255 mesh_reason=255 origin=0x4218 destination=0x4bdc
[15:37:32.949175 0.441993] linkv2 summary phase=periodic now=65318 submit_accepted=65 submit_rejected=0 submit_no_slot=0 submit_faulted=0 custody_transferred=27 local_tx_not_attempted=0 custody_busy_expired=0 custody_rejected=0 retry_exhausted=38 radio_fault_terminal=0 service_fault_terminal=0 final_deliveries=0 final_duplicates=0 scheduler_radio_fault=0 scheduler_service_fault=0 hook_rx_blocked=0 hook_hack_suppressed=0 hook_busy_forced=0 diagnostic_dropped=0 diag_queue=0 delivery_queue=0 delivery_provisional=0 fault_latched=0 link_hack_enqueue_failed=0
[15:37:33.003164 0.053989] linkv2 diag now=65364 kind=4 value=0
[15:37:33.008170 0.005006] linkv2 event now=65373 type=3 seq=66 attempts=1 requested_mask=0x07 completed_mask=0x07 hack_status=0 local_reason=255 mesh_reason=255 origin=0x4218 destination=0x4bdc
[15:37:33.996181 0.988009] linkv2 diag now=66365 kind=4 value=0
[15:37:34.511167 0.514987] linkv2 event now=66880 type=3 seq=67 attempts=3 requested_mask=0x07 completed_mask=0x07 hack_status=1 local_reason=255 mesh_reason=255 origin=0x4218 destination=0x4bdc
[15:37:34.997176 0.486009] linkv2 diag now=67366 kind=4 value=0
[15:37:35.512135 0.514960] linkv2 event now=67881 type=3 seq=68 attempts=3 requested_mask=0x07 completed_mask=0x07 hack_status=0 local_reason=255 mesh_reason=255 origin=0x4218 destination=0x4bdc
[15:37:35.998186 0.486050] linkv2 diag now=68367 kind=4 value=0
[15:37:36.513142 0.514956] linkv2 event now=68882 type=3 seq=69 attempts=3 requested_mask=0x07 completed_mask=0x07 hack_status=1 local_reason=255 mesh_reason=255 origin=0x4218 destination=0x4bdc
[15:37:36.999167 0.486024] linkv2 diag now=69368 kind=4 value=0
[15:37:37.006127 0.006961] linkv2 event now=69375 type=3 seq=70 attempts=1 requested_mask=0x07 completed_mask=0x07 hack_status=0 local_reason=255 mesh_reason=255 origin=0x4218 destination=0x4bdc
[15:37:37.950161 0.944033] linkv2 summary phase=periodic now=70319 submit_accepted=70 submit_rejected=0 submit_no_slot=0 submit_faulted=0 custody_transferred=32 local_tx_not_attempted=0 custody_busy_expired=0 custody_rejected=0 retry_exhausted=38 radio_fault_terminal=0 service_fault_terminal=0 final_deliveries=0 final_duplicates=0 scheduler_radio_fault=0 scheduler_service_fault=0 hook_rx_blocked=0 hook_hack_suppressed=0 hook_busy_forced=0 diagnostic_dropped=0 diag_queue=0 delivery_queue=0 delivery_provisional=0 fault_latched=0 link_hack_enqueue_failed=0
[15:37:38.003104 0.052944] linkv2 diag now=70369 kind=4 value=0
[15:37:38.513148 0.510044] linkv2 event now=70882 type=3 seq=71 attempts=3 requested_mask=0x07 completed_mask=0x07 hack_status=0 local_reason=255 mesh_reason=255 origin=0x4218 destination=0x4bdc
[15:37:39.001145 0.487997] linkv2 diag now=71370 kind=4 value=0
[15:37:39.760133 0.758988] linkv2 event now=72129 type=7 seq=72 attempts=3 requested_mask=0x07 completed_mask=0x07 hack_status=255 local_reason=0 mesh_reason=0 origin=0x4218 destination=0x4bdc
[15:37:40.002122 0.241989] linkv2 diag now=72371 kind=4 value=0
[15:37:40.761130 0.759008] linkv2 event now=73130 type=7 seq=73 attempts=3 requested_mask=0x07 completed_mask=0x07 hack_status=255 local_reason=0 mesh_reason=0 origin=0x4218 destination=0x4bdc
[15:37:41.003128 0.241998] linkv2 diag now=73372 kind=4 value=0
[15:37:41.012097 0.008969] linkv2 event now=73381 type=3 seq=74 attempts=1 requested_mask=0x07 completed_mask=0x07 hack_status=0 local_reason=255 mesh_reason=255 origin=0x4218 destination=0x4bdc
[15:37:42.004112 0.992015] linkv2 diag now=74373 kind=4 value=0
[15:37:42.519121 0.515009] linkv2 event now=74888 type=3 seq=75 attempts=3 requested_mask=0x07 completed_mask=0x07 hack_status=1 local_reason=255 mesh_reason=255 origin=0x4218 destination=0x4bdc
[15:37:42.951117 0.431996] linkv2 summary phase=periodic now=75320 submit_accepted=75 submit_rejected=0 submit_no_slot=0 submit_faulted=0 custody_transferred=35 local_tx_not_attempted=0 custody_busy_expired=0 custody_rejected=0 retry_exhausted=40 radio_fault_terminal=0 service_fault_terminal=0 final_deliveries=0 final_duplicates=0 scheduler_radio_fault=0 scheduler_service_fault=0 hook_rx_blocked=0 hook_hack_suppressed=0 hook_busy_forced=0 diagnostic_dropped=0 diag_queue=0 delivery_queue=0 delivery_provisional=0 fault_latched=0 link_hack_enqueue_failed=0
[15:37:43.005091 0.053974] linkv2 diag now=75374 kind=4 value=0
[15:37:43.764110 0.759020] linkv2 event now=76133 type=7 seq=76 attempts=3 requested_mask=0x07 completed_mask=0x07 hack_status=255 local_reason=0 mesh_reason=0 origin=0x4218 destination=0x4bdc
[15:37:44.006190 0.242079] linkv2 diag now=76375 kind=4 value=0
[15:37:44.764173 0.757981] linkv2 event now=77134 type=7 seq=77 attempts=3 requested_mask=0x07 completed_mask=0x07 hack_status=255 local_reason=0 mesh_reason=0 origin=0x4218 destination=0x4bdc
[15:37:45.007771 0.243597] linkv2 diag now=77376 kind=4 value=0
[15:37:45.765260 0.757477] linkv2 event now=78135 type=7 seq=78 attempts=3 requested_mask=0x07 completed_mask=0x07 hack_status=255 local_reason=0 mesh_reason=0 origin=0x4218 destination=0x4bdc
[15:37:46.007121 0.241875] linkv2 diag now=78377 kind=4 value=0
[15:37:46.522070 0.514951] linkv2 event now=78892 type=3 seq=79 attempts=3 requested_mask=0x07 completed_mask=0x07 hack_status=0 local_reason=255 mesh_reason=255 origin=0x4218 destination=0x4bdc
[15:37:47.008093 0.486022] linkv2 diag now=79378 kind=4 value=0
[15:37:47.767068 0.758976] linkv2 event now=80137 type=7 seq=80 attempts=3 requested_mask=0x07 completed_mask=0x07 hack_status=255 local_reason=0 mesh_reason=0 origin=0x4218 destination=0x4bdc
[15:37:47.951073 0.184005] linkv2 summary phase=periodic now=80321 submit_accepted=80 submit_rejected=0 submit_no_slot=0 submit_faulted=0 custody_transferred=36 local_tx_not_attempted=0 custody_busy_expired=0 custody_rejected=0 retry_exhausted=44 radio_fault_terminal=0 service_fault_terminal=0 final_deliveries=0 final_duplicates=0 scheduler_radio_fault=0 scheduler_service_fault=0 hook_rx_blocked=0 hook_hack_suppressed=0 hook_busy_forced=0 diagnostic_dropped=0 diag_queue=0 delivery_queue=0 delivery_provisional=0 fault_latched=0 link_hack_enqueue_failed=0
[15:37:48.010064 0.058991] linkv2 diag now=80379 kind=4 value=0
[15:37:48.269061 0.258997] linkv2 event now=80639 type=3 seq=81 attempts=2 requested_mask=0x07 completed_mask=0x07 hack_status=1 local_reason=255 mesh_reason=255 origin=0x4218 destination=0x4bdc
[15:37:49.009056 0.739995] linkv2 diag now=81379 kind=4 value=0
[15:37:49.768091 0.759035] linkv2 event now=82138 type=7 seq=82 attempts=3 requested_mask=0x07 completed_mask=0x07 hack_status=255 local_reason=0 mesh_reason=0 origin=0x4218 destination=0x4bdc
[15:37:50.010058 0.241966] linkv2 diag now=82380 kind=4 value=0
[15:37:50.272038 0.261982] linkv2 event now=82642 type=3 seq=83 attempts=2 requested_mask=0x07 completed_mask=0x07 hack_status=0 local_reason=255 mesh_reason=255 origin=0x4218 destination=0x4bdc
[15:37:51.010091 0.738053] linkv2 diag now=83380 kind=4 value=0
[15:37:51.769081 0.758990] linkv2 event now=84139 type=7 seq=84 attempts=3 requested_mask=0x07 completed_mask=0x07 hack_status=255 local_reason=0 mesh_reason=0 origin=0x4218 destination=0x4bdc
[15:37:52.012059 0.242978] linkv2 diag now=84381 kind=4 value=0
[15:37:52.770050 0.757990] linkv2 event now=85140 type=7 seq=85 attempts=3 requested_mask=0x07 completed_mask=0x07 hack_status=255 local_reason=0 mesh_reason=0 origin=0x4218 destination=0x4bdc
[15:37:52.951074 0.181024] linkv2 summary phase=periodic now=85321 submit_accepted=85 submit_rejected=0 submit_no_slot=0 submit_faulted=0 custody_transferred=38 local_tx_not_attempted=0 custody_busy_expired=0 custody_rejected=0 retry_exhausted=47 radio_fault_terminal=0 service_fault_terminal=0 final_deliveries=0 final_duplicates=0 scheduler_radio_fault=0 scheduler_service_fault=0 hook_rx_blocked=0 hook_hack_suppressed=0 hook_busy_forced=0 diagnostic_dropped=0 diag_queue=0 delivery_queue=0 delivery_provisional=0 fault_latched=0 link_hack_enqueue_failed=0
[15:37:53.013053 0.061979] linkv2 diag now=85382 kind=4 value=0
[15:37:53.525043 0.511991] linkv2 event now=85895 type=3 seq=86 attempts=3 requested_mask=0x07 completed_mask=0x07 hack_status=0 local_reason=255 mesh_reason=255 origin=0x4218 destination=0x4bdc
[15:37:54.013039 0.487996] linkv2 diag now=86383 kind=4 value=0
[15:37:54.772034 0.758995] linkv2 event now=87142 type=7 seq=87 attempts=3 requested_mask=0x07 completed_mask=0x07 hack_status=255 local_reason=0 mesh_reason=0 origin=0x4218 destination=0x4bdc
[15:37:55.014030 0.241996] linkv2 diag now=87384 kind=4 value=0
[15:37:55.276009 0.261979] linkv2 event now=87646 type=3 seq=88 attempts=2 requested_mask=0x07 completed_mask=0x07 hack_status=0 local_reason=255 mesh_reason=255 origin=0x4218 destination=0x4bdc
[15:37:56.014027 0.738018] linkv2 diag now=88384 kind=4 value=0
[15:37:56.773053 0.759025] linkv2 event now=89143 type=7 seq=89 attempts=3 requested_mask=0x07 completed_mask=0x07 hack_status=255 local_reason=0 mesh_reason=0 origin=0x4218 destination=0x4bdc
[15:37:57.016031 0.242978] linkv2 diag now=89385 kind=4 value=0
[15:37:57.774024 0.757993] linkv2 event now=90144 type=7 seq=90 attempts=3 requested_mask=0x07 completed_mask=0x07 hack_status=255 local_reason=0 mesh_reason=0 origin=0x4218 destination=0x4bdc
[15:37:57.951039 0.177016] linkv2 summary phase=periodic now=90321 submit_accepted=90 submit_rejected=0 submit_no_slot=0 submit_faulted=0 custody_transferred=40 local_tx_not_attempted=0 custody_busy_expired=0 custody_rejected=0 retry_exhausted=50 radio_fault_terminal=0 service_fault_terminal=0 final_deliveries=0 final_duplicates=0 scheduler_radio_fault=0 scheduler_service_fault=0 hook_rx_blocked=0 hook_hack_suppressed=0 hook_busy_forced=0 diagnostic_dropped=0 diag_queue=0 delivery_queue=0 delivery_provisional=0 fault_latched=0 link_hack_enqueue_failed=0
[15:37:58.017007 0.065967] linkv2 diag now=90386 kind=4 value=0
[15:37:58.775011 0.758004] linkv2 event now=91145 type=7 seq=91 attempts=3 requested_mask=0x07 completed_mask=0x07 hack_status=255 local_reason=0 mesh_reason=0 origin=0x4218 destination=0x4bdc
[15:37:59.017032 0.242022] linkv2 diag now=91387 kind=4 value=0
[15:37:59.026001 0.008970] linkv2 event now=91396 type=3 seq=92 attempts=1 requested_mask=0x07 completed_mask=0x07 hack_status=0 local_reason=255 mesh_reason=255 origin=0x4218 destination=0x4bdc
[15:38:00.018029 0.992028] linkv2 diag now=92388 kind=4 value=0
[15:38:00.776995 0.758965] linkv2 event now=93147 type=7 seq=93 attempts=3 requested_mask=0x07 completed_mask=0x07 hack_status=255 local_reason=0 mesh_reason=0 origin=0x4218 destination=0x4bdc
[15:38:01.018995 0.242000] linkv2 diag now=93389 kind=4 value=0
[15:38:01.778079 0.759080] linkv2 event now=94148 type=7 seq=94 attempts=3 requested_mask=0x07 completed_mask=0x07 hack_status=255 local_reason=0 mesh_reason=0 origin=0x4218 destination=0x4bdc
[15:38:02.019987 0.241912] linkv2 diag now=94390 kind=4 value=0
[15:38:02.777979 0.757992] linkv2 event now=95149 type=7 seq=95 attempts=3 requested_mask=0x07 completed_mask=0x07 hack_status=255 local_reason=0 mesh_reason=0 origin=0x4218 destination=0x4bdc
[15:38:02.950976 0.172997] linkv2 summary phase=periodic now=95321 submit_accepted=95 submit_rejected=0 submit_no_slot=0 submit_faulted=0 custody_transferred=41 local_tx_not_attempted=0 custody_busy_expired=0 custody_rejected=0 retry_exhausted=54 radio_fault_terminal=0 service_fault_terminal=0 final_deliveries=0 final_duplicates=0 scheduler_radio_fault=0 scheduler_service_fault=0 hook_rx_blocked=0 hook_hack_suppressed=0 hook_busy_forced=0 diagnostic_dropped=0 diag_queue=0 delivery_queue=0 delivery_provisional=0 fault_latched=0 link_hack_enqueue_failed=0
[15:38:03.020959 0.069983] linkv2 diag now=95391 kind=4 value=0
[15:38:03.778981 0.758021] linkv2 event now=96150 type=7 seq=96 attempts=3 requested_mask=0x07 completed_mask=0x07 hack_status=255 local_reason=0 mesh_reason=0 origin=0x4218 destination=0x4bdc
[15:38:04.020986 0.242006] linkv2 diag now=96392 kind=4 value=0
[15:38:04.779992 0.759006] linkv2 event now=97151 type=7 seq=97 attempts=3 requested_mask=0x07 completed_mask=0x07 hack_status=255 local_reason=0 mesh_reason=0 origin=0x4218 destination=0x4bdc
[15:38:05.021969 0.241977] linkv2 diag now=97393 kind=4 value=0
[15:38:05.281951 0.259982] linkv2 event now=97653 type=3 seq=98 attempts=2 requested_mask=0x07 completed_mask=0x07 hack_status=0 local_reason=255 mesh_reason=255 origin=0x4218 destination=0x4bdc
[15:38:06.021965 0.740015] linkv2 diag now=98393 kind=4 value=0
[15:38:06.536968 0.515002] linkv2 event now=98908 type=3 seq=99 attempts=3 requested_mask=0x07 completed_mask=0x07 hack_status=0 local_reason=255 mesh_reason=255 origin=0x4218 destination=0x4bdc
[15:38:07.022984 0.486016] linkv2 diag now=99394 kind=4 value=0
[15:38:07.781946 0.758962] linkv2 event now=100153 type=7 seq=100 attempts=3 requested_mask=0x07 completed_mask=0x07 hack_status=255 local_reason=0 mesh_reason=0 origin=0x4218 destination=0x4bdc
[15:38:07.949956 0.168010] linkv2 summary phase=periodic now=100321 submit_accepted=100 submit_rejected=0 submit_no_slot=0 submit_faulted=0 custody_transferred=43 local_tx_not_attempted=0 custody_busy_expired=0 custody_rejected=0 retry_exhausted=57 radio_fault_terminal=0 service_fault_terminal=0 final_deliveries=0 final_duplicates=0 scheduler_radio_fault=0 scheduler_service_fault=0 hook_rx_blocked=0 hook_hack_suppressed=0 hook_busy_forced=0 diagnostic_dropped=0 diag_queue=0 delivery_queue=0 delivery_provisional=0 fault_latched=0 link_hack_enqueue_failed=0
[15:38:12.949962 5.000005] linkv2 summary phase=periodic now=105321 submit_accepted=100 submit_rejected=0 submit_no_slot=0 submit_faulted=0 custody_transferred=43 local_tx_not_attempted=0 custody_busy_expired=0 custody_rejected=0 retry_exhausted=57 radio_fault_terminal=0 service_fault_terminal=0 final_deliveries=0 final_duplicates=0 scheduler_radio_fault=0 scheduler_service_fault=0 hook_rx_blocked=0 hook_hack_suppressed=0 hook_busy_forced=0 diagnostic_dropped=0 diag_queue=0 delivery_queue=0 delivery_provisional=0 fault_latched=0 link_hack_enqueue_failed=0
[15:38:17.950904 5.000942] linkv2 summary phase=periodic now=110322 submit_accepted=100 submit_rejected=0 submit_no_slot=0 submit_faulted=0 custody_transferred=43 local_tx_not_attempted=0 custody_busy_expired=0 custody_rejected=0 retry_exhausted=57 radio_fault_terminal=0 service_fault_terminal=0 final_deliveries=0 final_duplicates=0 scheduler_radio_fault=0 scheduler_service_fault=0 hook_rx_blocked=0 hook_hack_suppressed=0 hook_busy_forced=0 diagnostic_dropped=0 diag_queue=0 delivery_queue=0 delivery_provisional=0 fault_latched=0 link_hack_enqueue_failed=0
[15:38:22.950905 5.000001] linkv2 summary phase=periodic now=115323 submit_accepted=100 submit_rejected=0 submit_no_slot=0 submit_faulted=0 custody_transferred=43 local_tx_not_attempted=0 custody_busy_expired=0 custody_rejected=0 retry_exhausted=57 radio_fault_terminal=0 service_fault_terminal=0 final_deliveries=0 final_duplicates=0 scheduler_radio_fault=0 scheduler_service_fault=0 hook_rx_blocked=0 hook_hack_suppressed=0 hook_busy_forced=0 diagnostic_dropped=0 diag_queue=0 delivery_queue=0 delivery_provisional=0 fault_latched=0 link_hack_enqueue_failed=0
[15:38:27.951850 5.000945] linkv2 summary phase=periodic now=120324 submit_accepted=100 submit_rejected=0 submit_no_slot=0 submit_faulted=0 custody_transferred=43 local_tx_not_attempted=0 custody_busy_expired=0 custody_rejected=0 retry_exhausted=57 radio_fault_terminal=0 service_fault_terminal=0 final_deliveries=0 final_duplicates=0 scheduler_radio_fault=0 scheduler_service_fault=0 hook_rx_blocked=0 hook_hack_suppressed=0 hook_busy_forced=0 diagnostic_dropped=0 diag_queue=0 delivery_queue=0 delivery_provisional=0 fault_latched=0 link_hack_enqueue_failed=0
[15:38:32.952842 5.000992] linkv2 summary phase=periodic now=125325 submit_accepted=100 submit_rejected=0 submit_no_slot=0 submit_faulted=0 custody_transferred=43 local_tx_not_attempted=0 custody_busy_expired=0 custody_rejected=0 retry_exhausted=57 radio_fault_terminal=0 service_fault_terminal=0 final_deliveries=0 final_duplicates=0 scheduler_radio_fault=0 scheduler_service_fault=0 hook_rx_blocked=0 hook_hack_suppressed=0 hook_busy_forced=0 diagnostic_dropped=0 diag_queue=0 delivery_queue=0 delivery_provisional=0 fault_latched=0 link_hack_enqueue_failed=0
[15:38:37.952803 4.999961] linkv2 summary phase=periodic now=130326 submit_accepted=100 submit_rejected=0 submit_no_slot=0 submit_faulted=0 custody_transferred=43 local_tx_not_attempted=0 custody_busy_expired=0 custody_rejected=0 retry_exhausted=57 radio_fault_terminal=0 service_fault_terminal=0 final_deliveries=0 final_duplicates=0 scheduler_radio_fault=0 scheduler_service_fault=0 hook_rx_blocked=0 hook_hack_suppressed=0 hook_busy_forced=0 diagnostic_dropped=0 diag_queue=0 delivery_queue=0 delivery_provisional=0 fault_latched=0 link_hack_enqueue_failed=0
[15:38:42.953806 5.001002] linkv2 summary phase=periodic now=135327 submit_accepted=100 submit_rejected=0 submit_no_slot=0 submit_faulted=0 custody_transferred=43 local_tx_not_attempted=0 custody_busy_expired=0 custody_rejected=0 retry_exhausted=57 radio_fault_terminal=0 service_fault_terminal=0 final_deliveries=0 final_duplicates=0 scheduler_radio_fault=0 scheduler_service_fault=0 hook_rx_blocked=0 hook_hack_suppressed=0 hook_busy_forced=0 diagnostic_dropped=0 diag_queue=0 delivery_queue=0 delivery_provisional=0 fault_latched=0 link_hack_enqueue_failed=0
[15:38:47.954764 5.000959] linkv2 summary phase=periodic now=140328 submit_accepted=100 submit_rejected=0 submit_no_slot=0 submit_faulted=0 custody_transferred=43 local_tx_not_attempted=0 custody_busy_expired=0 custody_rejected=0 retry_exhausted=57 radio_fault_terminal=0 service_fault_terminal=0 final_deliveries=0 final_duplicates=0 scheduler_radio_fault=0 scheduler_service_fault=0 hook_rx_blocked=0 hook_hack_suppressed=0 hook_busy_forced=0 diagnostic_dropped=0 diag_queue=0 delivery_queue=0 delivery_provisional=0 fault_latched=0 link_hack_enqueue_failed=0
[15:38:52.955757 5.000993] linkv2 summary phase=periodic now=145329 submit_accepted=100 submit_rejected=0 submit_no_slot=0 submit_faulted=0 custody_transferred=43 local_tx_not_attempted=0 custody_busy_expired=0 custody_rejected=0 retry_exhausted=57 radio_fault_terminal=0 service_fault_terminal=0 final_deliveries=0 final_duplicates=0 scheduler_radio_fault=0 scheduler_service_fault=0 hook_rx_blocked=0 hook_hack_suppressed=0 hook_busy_forced=0 diagnostic_dropped=0 diag_queue=0 delivery_queue=0 delivery_provisional=0 fault_latched=0 link_hack_enqueue_failed=0
[15:38:57.955724 4.999967] linkv2 summary phase=periodic now=150330 submit_accepted=100 submit_rejected=0 submit_no_slot=0 submit_faulted=0 custody_transferred=43 local_tx_not_attempted=0 custody_busy_expired=0 custody_rejected=0 retry_exhausted=57 radio_fault_terminal=0 service_fault_terminal=0 final_deliveries=0 final_duplicates=0 scheduler_radio_fault=0 scheduler_service_fault=0 hook_rx_blocked=0 hook_hack_suppressed=0 hook_busy_forced=0 diagnostic_dropped=0 diag_queue=0 delivery_queue=0 delivery_provisional=0 fault_latched=0 link_hack_enqueue_failed=0
[15:39:02.955726 5.000002] linkv2 summary phase=periodic now=155330 submit_accepted=100 submit_rejected=0 submit_no_slot=0 submit_faulted=0 custody_transferred=43 local_tx_not_attempted=0 custody_busy_expired=0 custody_rejected=0 retry_exhausted=57 radio_fault_terminal=0 service_fault_terminal=0 final_deliveries=0 final_duplicates=0 scheduler_radio_fault=0 scheduler_service_fault=0 hook_rx_blocked=0 hook_hack_suppressed=0 hook_busy_forced=0 diagnostic_dropped=0 diag_queue=0 delivery_queue=0 delivery_provisional=0 fault_latched=0 link_hack_enqueue_failed=0
[15:39:07.955701 4.999975] linkv2 summary phase=periodic now=160330 submit_accepted=100 submit_rejected=0 submit_no_slot=0 submit_faulted=0 custody_transferred=43 local_tx_not_attempted=0 custody_busy_expired=0 custody_rejected=0 retry_exhausted=57 radio_fault_terminal=0 service_fault_terminal=0 final_deliveries=0 final_duplicates=0 scheduler_radio_fault=0 scheduler_service_fault=0 hook_rx_blocked=0 hook_hack_suppressed=0 hook_busy_forced=0 diagnostic_dropped=0 diag_queue=0 delivery_queue=0 delivery_provisional=0 fault_latched=0 link_hack_enqueue_failed=0
[15:39:12.956696 5.000994] linkv2 summary phase=periodic now=165331 submit_accepted=100 submit_rejected=0 submit_no_slot=0 submit_faulted=0 custody_transferred=43 local_tx_not_attempted=0 custody_busy_expired=0 custody_rejected=0 retry_exhausted=57 radio_fault_terminal=0 service_fault_terminal=0 final_deliveries=0 final_duplicates=0 scheduler_radio_fault=0 scheduler_service_fault=0 hook_rx_blocked=0 hook_hack_suppressed=0 hook_busy_forced=0 diagnostic_dropped=0 diag_queue=0 delivery_queue=0 delivery_provisional=0 fault_latched=0 link_hack_enqueue_failed=0
[15:39:17.956656 4.999960] linkv2 summary phase=periodic now=170332 submit_accepted=100 submit_rejected=0 submit_no_slot=0 submit_faulted=0 custody_transferred=43 local_tx_not_attempted=0 custody_busy_expired=0 custody_rejected=0 retry_exhausted=57 radio_fault_terminal=0 service_fault_terminal=0 final_deliveries=0 final_duplicates=0 scheduler_radio_fault=0 scheduler_service_fault=0 hook_rx_blocked=0 hook_hack_suppressed=0 hook_busy_forced=0 diagnostic_dropped=0 diag_queue=0 delivery_queue=0 delivery_provisional=0 fault_latched=0 link_hack_enqueue_failed=0
[15:39:22.956639 4.999984] linkv2 summary phase=periodic now=175332 submit_accepted=100 submit_rejected=0 submit_no_slot=0 submit_faulted=0 custody_transferred=43 local_tx_not_attempted=0 custody_busy_expired=0 custody_rejected=0 retry_exhausted=57 radio_fault_terminal=0 service_fault_terminal=0 final_deliveries=0 final_duplicates=0 scheduler_radio_fault=0 scheduler_service_fault=0 hook_rx_blocked=0 hook_hack_suppressed=0 hook_busy_forced=0 diagnostic_dropped=0 diag_queue=0 delivery_queue=0 delivery_provisional=0 fault_latched=0 link_hack_enqueue_failed=0
[15:39:27.957640 5.001000] linkv2 summary phase=periodic now=180333 submit_accepted=100 submit_rejected=0 submit_no_slot=0 submit_faulted=0 custody_transferred=43 local_tx_not_attempted=0 custody_busy_expired=0 custody_rejected=0 retry_exhausted=57 radio_fault_terminal=0 service_fault_terminal=0 final_deliveries=0 final_duplicates=0 scheduler_radio_fault=0 scheduler_service_fault=0 hook_rx_blocked=0 hook_hack_suppressed=0 hook_busy_forced=0 diagnostic_dropped=0 diag_queue=0 delivery_queue=0 delivery_provisional=0 fault_latched=0 link_hack_enqueue_failed=0
[15:39:32.958601 5.000962] linkv2 summary phase=periodic now=185334 submit_accepted=100 submit_rejected=0 submit_no_slot=0 submit_faulted=0 custody_transferred=43 local_tx_not_attempted=0 custody_busy_expired=0 custody_rejected=0 retry_exhausted=57 radio_fault_terminal=0 service_fault_terminal=0 final_deliveries=0 final_duplicates=0 scheduler_radio_fault=0 scheduler_service_fault=0 hook_rx_blocked=0 hook_hack_suppressed=0 hook_busy_forced=0 diagnostic_dropped=0 diag_queue=0 delivery_queue=0 delivery_provisional=0 fault_latched=0 link_hack_enqueue_failed=0
[15:39:37.959587 5.000985] linkv2 summary phase=periodic now=190335 submit_accepted=100 submit_rejected=0 submit_no_slot=0 submit_faulted=0 custody_transferred=43 local_tx_not_attempted=0 custody_busy_expired=0 custody_rejected=0 retry_exhausted=57 radio_fault_terminal=0 service_fault_terminal=0 final_deliveries=0 final_duplicates=0 scheduler_radio_fault=0 scheduler_service_fault=0 hook_rx_blocked=0 hook_hack_suppressed=0 hook_busy_forced=0 diagnostic_dropped=0 diag_queue=0 delivery_queue=0 delivery_provisional=0 fault_latched=0 link_hack_enqueue_failed=0
[15:39:42.959574 4.999986] linkv2 summary phase=periodic now=195336 submit_accepted=100 submit_rejected=0 submit_no_slot=0 submit_faulted=0 custody_transferred=43 local_tx_not_attempted=0 custody_busy_expired=0 custody_rejected=0 retry_exhausted=57 radio_fault_terminal=0 service_fault_terminal=0 final_deliveries=0 final_duplicates=0 scheduler_radio_fault=0 scheduler_service_fault=0 hook_rx_blocked=0 hook_hack_suppressed=0 hook_busy_forced=0 diagnostic_dropped=0 diag_queue=0 delivery_queue=0 delivery_provisional=0 fault_latched=0 link_hack_enqueue_failed=0
[15:39:47.960567 5.000994] linkv2 summary phase=periodic now=200337 submit_accepted=100 submit_rejected=0 submit_no_slot=0 submit_faulted=0 custody_transferred=43 local_tx_not_attempted=0 custody_busy_expired=0 custody_rejected=0 retry_exhausted=57 radio_fault_terminal=0 service_fault_terminal=0 final_deliveries=0 final_duplicates=0 scheduler_radio_fault=0 scheduler_service_fault=0 hook_rx_blocked=0 hook_hack_suppressed=0 hook_busy_forced=0 diagnostic_dropped=0 diag_queue=0 delivery_queue=0 delivery_provisional=0 fault_latched=0 link_hack_enqueue_failed=0
[15:39:52.961560 5.000993] linkv2 summary phase=periodic now=205338 submit_accepted=100 submit_rejected=0 submit_no_slot=0 submit_faulted=0 custody_transferred=43 local_tx_not_attempted=0 custody_busy_expired=0 custody_rejected=0 retry_exhausted=57 radio_fault_terminal=0 service_fault_terminal=0 final_deliveries=0 final_duplicates=0 scheduler_radio_fault=0 scheduler_service_fault=0 hook_rx_blocked=0 hook_hack_suppressed=0 hook_busy_forced=0 diagnostic_dropped=0 diag_queue=0 delivery_queue=0 delivery_provisional=0 fault_latched=0 link_hack_enqueue_failed=0
[15:39:57.961533 4.999973] linkv2 summary phase=periodic now=210339 submit_accepted=100 submit_rejected=0 submit_no_slot=0 submit_faulted=0 custody_transferred=43 local_tx_not_attempted=0 custody_busy_expired=0 custody_rejected=0 retry_exhausted=57 radio_fault_terminal=0 service_fault_terminal=0 final_deliveries=0 final_duplicates=0 scheduler_radio_fault=0 scheduler_service_fault=0 hook_rx_blocked=0 hook_hack_suppressed=0 hook_busy_forced=0 diagnostic_dropped=0 diag_queue=0 delivery_queue=0 delivery_provisional=0 fault_latched=0 link_hack_enqueue_failed=0
[15:40:02.962524 5.000991] linkv2 summary phase=periodic now=215340 submit_accepted=100 submit_rejected=0 submit_no_slot=0 submit_faulted=0 custody_transferred=43 local_tx_not_attempted=0 custody_busy_expired=0 custody_rejected=0 retry_exhausted=57 radio_fault_terminal=0 service_fault_terminal=0 final_deliveries=0 final_duplicates=0 scheduler_radio_fault=0 scheduler_service_fault=0 hook_rx_blocked=0 hook_hack_suppressed=0 hook_busy_forced=0 diagnostic_dropped=0 diag_queue=0 delivery_queue=0 delivery_provisional=0 fault_latched=0 link_hack_enqueue_failed=0
[15:40:07.963521 5.000997] linkv2 summary phase=periodic now=220341 submit_accepted=100 submit_rejected=0 submit_no_slot=0 submit_faulted=0 custody_transferred=43 local_tx_not_attempted=0 custody_busy_expired=0 custody_rejected=0 retry_exhausted=57 radio_fault_terminal=0 service_fault_terminal=0 final_deliveries=0 final_duplicates=0 scheduler_radio_fault=0 scheduler_service_fault=0 hook_rx_blocked=0 hook_hack_suppressed=0 hook_busy_forced=0 diagnostic_dropped=0 diag_queue=0 delivery_queue=0 delivery_provisional=0 fault_latched=0 link_hack_enqueue_failed=0
[15:40:12.964513 5.000991] linkv2 summary phase=periodic now=225342 submit_accepted=100 submit_rejected=0 submit_no_slot=0 submit_faulted=0 custody_transferred=43 local_tx_not_attempted=0 custody_busy_expired=0 custody_rejected=0 retry_exhausted=57 radio_fault_terminal=0 service_fault_terminal=0 final_deliveries=0 final_duplicates=0 scheduler_radio_fault=0 scheduler_service_fault=0 hook_rx_blocked=0 hook_hack_suppressed=0 hook_busy_forced=0 diagnostic_dropped=0 diag_queue=0 delivery_queue=0 delivery_provisional=0 fault_latched=0 link_hack_enqueue_failed=0
[15:40:17.965514 5.001002] linkv2 summary phase=periodic now=230343 submit_accepted=100 submit_rejected=0 submit_no_slot=0 submit_faulted=0 custody_transferred=43 local_tx_not_attempted=0 custody_busy_expired=0 custody_rejected=0 retry_exhausted=57 radio_fault_terminal=0 service_fault_terminal=0 final_deliveries=0 final_duplicates=0 scheduler_radio_fault=0 scheduler_service_fault=0 hook_rx_blocked=0 hook_hack_suppressed=0 hook_busy_forced=0 diagnostic_dropped=0 diag_queue=0 delivery_queue=0 delivery_provisional=0 fault_latched=0 link_hack_enqueue_failed=0
[15:40:22.965484 4.999970] linkv2 summary phase=periodic now=235344 submit_accepted=100 submit_rejected=0 submit_no_slot=0 submit_faulted=0 custody_transferred=43 local_tx_not_attempted=0 custody_busy_expired=0 custody_rejected=0 retry_exhausted=57 radio_fault_terminal=0 service_fault_terminal=0 final_deliveries=0 final_duplicates=0 scheduler_radio_fault=0 scheduler_service_fault=0 hook_rx_blocked=0 hook_hack_suppressed=0 hook_busy_forced=0 diagnostic_dropped=0 diag_queue=0 delivery_queue=0 delivery_provisional=0 fault_latched=0 link_hack_enqueue_failed=0
[15:40:27.966475 5.000991] linkv2 summary phase=periodic now=240345 submit_accepted=100 submit_rejected=0 submit_no_slot=0 submit_faulted=0 custody_transferred=43 local_tx_not_attempted=0 custody_busy_expired=0 custody_rejected=0 retry_exhausted=57 radio_fault_terminal=0 service_fault_terminal=0 final_deliveries=0 final_duplicates=0 scheduler_radio_fault=0 scheduler_service_fault=0 hook_rx_blocked=0 hook_hack_suppressed=0 hook_busy_forced=0 diagnostic_dropped=0 diag_queue=0 delivery_queue=0 delivery_provisional=0 fault_latched=0 link_hack_enqueue_failed=0
[15:40:32.967483 5.001009] linkv2 summary phase=periodic now=245346 submit_accepted=100 submit_rejected=0 submit_no_slot=0 submit_faulted=0 custody_transferred=43 local_tx_not_attempted=0 custody_busy_expired=0 custody_rejected=0 retry_exhausted=57 radio_fault_terminal=0 service_fault_terminal=0 final_deliveries=0 final_duplicates=0 scheduler_radio_fault=0 scheduler_service_fault=0 hook_rx_blocked=0 hook_hack_suppressed=0 hook_busy_forced=0 diagnostic_dropped=0 diag_queue=0 delivery_queue=0 delivery_provisional=0 fault_latched=0 link_hack_enqueue_failed=0
[15:40:37.966468 4.998985] linkv2 summary phase=periodic now=250346 submit_accepted=100 submit_rejected=0 submit_no_slot=0 submit_faulted=0 custody_transferred=43 local_tx_not_attempted=0 custody_busy_expired=0 custody_rejected=0 retry_exhausted=57 radio_fault_terminal=0 service_fault_terminal=0 final_deliveries=0 final_duplicates=0 scheduler_radio_fault=0 scheduler_service_fault=0 hook_rx_blocked=0 hook_hack_suppressed=0 hook_busy_forced=0 diagnostic_dropped=0 diag_queue=0 delivery_queue=0 delivery_provisional=0 fault_latched=0 link_hack_enqueue_failed=0
[15:40:42.967458 5.000990] linkv2 summary phase=periodic now=255347 submit_accepted=100 submit_rejected=0 submit_no_slot=0 submit_faulted=0 custody_transferred=43 local_tx_not_attempted=0 custody_busy_expired=0 custody_rejected=0 retry_exhausted=57 radio_fault_terminal=0 service_fault_terminal=0 final_deliveries=0 final_duplicates=0 scheduler_radio_fault=0 scheduler_service_fault=0 hook_rx_blocked=0 hook_hack_suppressed=0 hook_busy_forced=0 diagnostic_dropped=0 diag_queue=0 delivery_queue=0 delivery_provisional=0 fault_latched=0 link_hack_enqueue_failed=0
[15:40:47.968475 5.001016] linkv2 summary phase=periodic now=260348 submit_accepted=100 submit_rejected=0 submit_no_slot=0 submit_faulted=0 custody_transferred=43 local_tx_not_attempted=0 custody_busy_expired=0 custody_rejected=0 retry_exhausted=57 radio_fault_terminal=0 service_fault_terminal=0 final_deliveries=0 final_duplicates=0 scheduler_radio_fault=0 scheduler_service_fault=0 hook_rx_blocked=0 hook_hack_suppressed=0 hook_busy_forced=0 diagnostic_dropped=0 diag_queue=0 delivery_queue=0 delivery_provisional=0 fault_latched=0 link_hack_enqueue_failed=0
[15:40:52.969448 5.000973] linkv2 summary phase=periodic now=265349 submit_accepted=100 submit_rejected=0 submit_no_slot=0 submit_faulted=0 custody_transferred=43 local_tx_not_attempted=0 custody_busy_expired=0 custody_rejected=0 retry_exhausted=57 radio_fault_terminal=0 service_fault_terminal=0 final_deliveries=0 final_duplicates=0 scheduler_radio_fault=0 scheduler_service_fault=0 hook_rx_blocked=0 hook_hack_suppressed=0 hook_busy_forced=0 diagnostic_dropped=0 diag_queue=0 delivery_queue=0 delivery_provisional=0 fault_latched=0 link_hack_enqueue_failed=0
[15:40:57.968479 4.999031] linkv2 summary phase=periodic now=270349 submit_accepted=100 submit_rejected=0 submit_no_slot=0 submit_faulted=0 custody_transferred=43 local_tx_not_attempted=0 custody_busy_expired=0 custody_rejected=0 retry_exhausted=57 radio_fault_terminal=0 service_fault_terminal=0 final_deliveries=0 final_duplicates=0 scheduler_radio_fault=0 scheduler_service_fault=0 hook_rx_blocked=0 hook_hack_suppressed=0 hook_busy_forced=0 diagnostic_dropped=0 diag_queue=0 delivery_queue=0 delivery_provisional=0 fault_latched=0 link_hack_enqueue_failed=0
[15:41:02.969448 5.000970] linkv2 summary phase=periodic now=275350 submit_accepted=100 submit_rejected=0 submit_no_slot=0 submit_faulted=0 custody_transferred=43 local_tx_not_attempted=0 custody_busy_expired=0 custody_rejected=0 retry_exhausted=57 radio_fault_terminal=0 service_fault_terminal=0 final_deliveries=0 final_duplicates=0 scheduler_radio_fault=0 scheduler_service_fault=0 hook_rx_blocked=0 hook_hack_suppressed=0 hook_busy_forced=0 diagnostic_dropped=0 diag_queue=0 delivery_queue=0 delivery_provisional=0 fault_latched=0 link_hack_enqueue_failed=0
[15:41:07.970437 5.000990] linkv2 summary phase=periodic now=280351 submit_accepted=100 submit_rejected=0 submit_no_slot=0 submit_faulted=0 custody_transferred=43 local_tx_not_attempted=0 custody_busy_expired=0 custody_rejected=0 retry_exhausted=57 radio_fault_terminal=0 service_fault_terminal=0 final_deliveries=0 final_duplicates=0 scheduler_radio_fault=0 scheduler_service_fault=0 hook_rx_blocked=0 hook_hack_suppressed=0 hook_busy_forced=0 diagnostic_dropped=0 diag_queue=0 delivery_queue=0 delivery_provisional=0 fault_latched=0 link_hack_enqueue_failed=0
[15:41:12.970461 5.000022] linkv2 summary phase=periodic now=285352 submit_accepted=100 submit_rejected=0 submit_no_slot=0 submit_faulted=0 custody_transferred=43 local_tx_not_attempted=0 custody_busy_expired=0 custody_rejected=0 retry_exhausted=57 radio_fault_terminal=0 service_fault_terminal=0 final_deliveries=0 final_duplicates=0 scheduler_radio_fault=0 scheduler_service_fault=0 hook_rx_blocked=0 hook_hack_suppressed=0 hook_busy_forced=0 diagnostic_dropped=0 diag_queue=0 delivery_queue=0 delivery_provisional=0 fault_latched=0 link_hack_enqueue_failed=0
[15:41:17.971429 5.000970] linkv2 summary phase=periodic now=290353 submit_accepted=100 submit_rejected=0 submit_no_slot=0 submit_faulted=0 custody_transferred=43 local_tx_not_attempted=0 custody_busy_expired=0 custody_rejected=0 retry_exhausted=57 radio_fault_terminal=0 service_fault_terminal=0 final_deliveries=0 final_duplicates=0 scheduler_radio_fault=0 scheduler_service_fault=0 hook_rx_blocked=0 hook_hack_suppressed=0 hook_busy_forced=0 diagnostic_dropped=0 diag_queue=0 delivery_queue=0 delivery_provisional=0 fault_latched=0 link_hack_enqueue_failed=0
[15:41:22.972440 5.001011] linkv2 summary phase=periodic now=295354 submit_accepted=100 submit_rejected=0 submit_no_slot=0 submit_faulted=0 custody_transferred=43 local_tx_not_attempted=0 custody_busy_expired=0 custody_rejected=0 retry_exhausted=57 radio_fault_terminal=0 service_fault_terminal=0 final_deliveries=0 final_duplicates=0 scheduler_radio_fault=0 scheduler_service_fault=0 hook_rx_blocked=0 hook_hack_suppressed=0 hook_busy_forced=0 diagnostic_dropped=0 diag_queue=0 delivery_queue=0 delivery_provisional=0 fault_latched=0 link_hack_enqueue_failed=0
[15:41:27.972442 5.000002] linkv2 summary phase=periodic now=300354 submit_accepted=100 submit_rejected=0 submit_no_slot=0 submit_faulted=0 custody_transferred=43 local_tx_not_attempted=0 custody_busy_expired=0 custody_rejected=0 retry_exhausted=57 radio_fault_terminal=0 service_fault_terminal=0 final_deliveries=0 final_duplicates=0 scheduler_radio_fault=0 scheduler_service_fault=0 hook_rx_blocked=0 hook_hack_suppressed=0 hook_busy_forced=0 diagnostic_dropped=0 diag_queue=0 delivery_queue=0 delivery_provisional=0 fault_latched=0 link_hack_enqueue_failed=0
